TIGON_RUN_META system=ub workload=tpcc run_id=tpcc_001 host_id=0 repetition= mode=one-sided query=payment transport=ubq partitions=2 workers=1 keys= rw_ratio= zipf= cross_ratio= neworder_dist=100 payment_dist=100 warmup_seconds=5 run_seconds=15 total_seconds=20 logging=off
I20260924 10:17:03.172294 1748083 UBMemory.cpp:138] UB memory initialized: local_region=0 regions=2 mode=one-sided bytes_per_region=2147483648
I20260924 10:17:03.172365 1748083 Database.h:170] creating hash tables for database...
I20260924 10:17:03.175191 1748083 Database.h:150] warehouse initialization finished in 2 milliseconds.
I20260924 10:17:03.175554 1748083 Database.h:150] district initialization finished in 0 milliseconds.
I20260924 10:17:03.282176 1748083 Database.h:150] customer initialization finished in 106 milliseconds.
I20260924 10:17:03.304350 1748083 Database.h:150] customer_name_idx initialization finished in 22 milliseconds.
I20260924 10:17:03.320617 1748083 Database.h:150] history initialization finished in 16 milliseconds.
I20260924 10:17:04.083630 1748083 Database.h:150] new_order initialization finished in 763 milliseconds.
I20260924 10:17:04.096129 1748083 Database.h:150] order initialization finished in 12 milliseconds.
I20260924 10:17:11.920259 1748083 Database.h:150] order_cust initialization finished in 7824 milliseconds.
I20260924 10:20:31.396238 1748083 Database.h:150] order_line initialization finished in 199475 milliseconds.
I20260924 10:20:31.468731 1748083 Database.h:150] item initialization finished in 72 milliseconds.
I20260924 10:20:31.674314 1748083 Database.h:150] stock initialization finished in 205 milliseconds.
I20260924 10:20:31.735109 1748083 Database.h:760] TPC-C consistency check passed!
I20260924 10:20:31.735858 1748083 Coordinator.h:459] Coordinator 0 initializes UB inbox with 4096 entries of 8192 bytes
I20260924 10:20:31.735916 1748083 Coordinator.h:100] WAL Group Commiting off. Log to file _non_group_commit.txt using Blackhole Logger
I20260924 10:20:31.735924 1748083 Coordinator.h:104] Coordinator initializes 1 workers.
I20260924 10:20:31.736253 1749501 Coordinator.h:505] Listener 0 on coordinator 0 listening on 76.53.137.98:10010 tcp_no_delay 1 tcp_quick_ack 0
I20260924 10:20:31.736429 1748083 Coordinator.h:551] Coordinator 0 failed to connect 1(76.53.137.99:10010)'s listener 0, retry in 5 seconds.
I20260924 10:20:34.280215 1749501 Socket.h:69] Disabling nagle
I20260924 10:20:34.280247 1749501 Coordinator.h:520] Listener accepted connection from coordinator 1
I20260924 10:20:34.280252 1749501 Coordinator.h:523] Listener 0 on coordinator 0 exits.
I20260924 10:20:36.738685 1748083 Socket.h:69] Disabling nagle
I20260924 10:20:36.738729 1748083 Coordinator.h:560] Coordinator 0 connected to 1
I20260924 10:20:36.738763 1748083 Coordinator.h:572] Coordinator 0 connected to all peers.
I20260924 10:20:36.738772 1748083 Dispatcher.h:41] IncomingDispatcher 0 coord_id 0
I20260924 10:20:36.738780 1748083 Dispatcher.h:234] OutgoingDispatcher 0 coord_id 0
I20260924 10:20:36.738865 1748083 Coordinator.h:669] pinned thread to core 0
I20260924 10:20:36.738976 1749536 Dispatcher.h:63] Incoming Dispatcher started, numCoordinators = 2, numWorkers = 1, group id = 0, coordinator = 0
I20260924 10:20:36.739042 1748083 Coordinator.h:669] pinned thread to core 1
I20260924 10:20:36.739059 1748083 Coordinator.h:219] Coordinator starts to run 2 workers.
I20260924 10:20:36.739213 1748083 Coordinator.h:669] pinned thread to core 2
I20260924 10:20:36.739527 1749539 Manager.h:228] Manager(worker id = 1) on the coordinator node started.
I20260924 10:20:36.739946 1749538 Executor.h:79] Executor 0 starts.
I20260924 10:20:36.744454 1749537 Dispatcher.h:246] Outgoing Dispatcher started, numCoordinators = 2, numWorkers = 2, group id = 0
I20260924 10:20:37.739581 1748083 Coordinator.h:310] commit: 7915 abort: 0 (0/0/0), persistence latency 0, txn latency 0, queued lock latency 0, lock latency 0, active_txns 0, n_failed_read_lock 0, n_failed_write_lock 0, n_failed_cmd_not_ready 0, n_failed_no_cmd 0, network size: 0, avg network size: 0, si_in_serializable: 0 0 %, local: 0 %, local_access: 15830, local_cxl_access: 0 (0%), remote_access: 7916, remote_access_with_req: 0 (0%), data_move_in: 0, data_move_out: 0
I20260924 10:20:38.739701 1748083 Coordinator.h:310] commit: 8152 abort: 0 (0/0/0), persistence latency 0, txn latency 0, queued lock latency 0, lock latency 0, active_txns 0, n_failed_read_lock 0, n_failed_write_lock 0, n_failed_cmd_not_ready 0, n_failed_no_cmd 0, network size: 0, avg network size: 0, si_in_serializable: 0 0 %, local: 0 %, local_access: 16304, local_cxl_access: 0 (0%), remote_access: 8151, remote_access_with_req: 0 (0%), data_move_in: 0, data_move_out: 0
I20260924 10:20:39.739960 1748083 Coordinator.h:310] commit: 9519 abort: 0 (0/0/0), persistence latency 0, txn latency 0, queued lock latency 0, lock latency 0, active_txns 0, n_failed_read_lock 0, n_failed_write_lock 0, n_failed_cmd_not_ready 0, n_failed_no_cmd 0, network size: 0, avg network size: 0, si_in_serializable: 0 0 %, local: 0 %, local_access: 19038, local_cxl_access: 0 (0%), remote_access: 9519, remote_access_with_req: 0 (0%), data_move_in: 0, data_move_out: 0
I20260924 10:20:40.740252 1748083 Coordinator.h:310] commit: 8340 abort: 0 (0/0/0), persistence latency 0, txn latency 0, queued lock latency 0, lock latency 0, active_txns 0, n_failed_read_lock 0, n_failed_write_lock 0, n_failed_cmd_not_ready 0, n_failed_no_cmd 0, network size: 0, avg network size: 0, si_in_serializable: 0 0 %, local: 0 %, local_access: 16680, local_cxl_access: 0 (0%), remote_access: 8341, remote_access_with_req: 0 (0%), data_move_in: 0, data_move_out: 0
I20260924 10:20:41.740366 1748083 Coordinator.h:310] commit: 9761 abort: 0 (0/0/0), persistence latency 0, txn latency 0, queued lock latency 0, lock latency 0, active_txns 0, n_failed_read_lock 0, n_failed_write_lock 0, n_failed_cmd_not_ready 0, n_failed_no_cmd 0, network size: 0, avg network size: 0, si_in_serializable: 0 0 %, local: 0 %, local_access: 19522, local_cxl_access: 0 (0%), remote_access: 9761, remote_access_with_req: 0 (0%), data_move_in: 0, data_move_out: 0
I20260924 10:20:42.740482 1748083 Coordinator.h:310] commit: 9439 abort: 0 (0/0/0), persistence latency 0, txn latency 0, queued lock latency 0, lock latency 0, active_txns 0, n_failed_read_lock 0, n_failed_write_lock 0, n_failed_cmd_not_ready 0, n_failed_no_cmd 0, network size: 0, avg network size: 0, si_in_serializable: 0 0 %, local: 0 %, local_access: 18878, local_cxl_access: 0 (0%), remote_access: 9439, remote_access_with_req: 0 (0%), data_move_in: 0, data_move_out: 0
I20260924 10:20:43.741132 1748083 Coordinator.h:310] commit: 11216 abort: 0 (0/0/0), persistence latency 0, txn latency 0, queued lock latency 0, lock latency 0, active_txns 0, n_failed_read_lock 0, n_failed_write_lock 0, n_failed_cmd_not_ready 0, n_failed_no_cmd 0, network size: 0, avg network size: 0, si_in_serializable: 0 0 %, local: 0 %, local_access: 22432, local_cxl_access: 0 (0%), remote_access: 11216, remote_access_with_req: 0 (0%), data_move_in: 0, data_move_out: 0
I20260924 10:20:44.741670 1748083 Coordinator.h:310] commit: 14652 abort: 0 (0/0/0), persistence latency 0, txn latency 0, queued lock latency 0, lock latency 0, active_txns 0, n_failed_read_lock 0, n_failed_write_lock 0, n_failed_cmd_not_ready 0, n_failed_no_cmd 0, network size: 0, avg network size: 0, si_in_serializable: 0 0 %, local: 0 %, local_access: 29304, local_cxl_access: 0 (0%), remote_access: 14652, remote_access_with_req: 0 (0%), data_move_in: 0, data_move_out: 0
I20260924 10:20:45.741834 1748083 Coordinator.h:310] commit: 11092 abort: 0 (0/0/0), persistence latency 0, txn latency 0, queued lock latency 0, lock latency 0, active_txns 0, n_failed_read_lock 0, n_failed_write_lock 0, n_failed_cmd_not_ready 0, n_failed_no_cmd 0, network size: 0, avg network size: 0, si_in_serializable: 0 0 %, local: 0 %, local_access: 22184, local_cxl_access: 0 (0%), remote_access: 11091, remote_access_with_req: 0 (0%), data_move_in: 0, data_move_out: 0
I20260924 10:20:46.741954 1748083 Coordinator.h:310] commit: 5375 abort: 0 (0/0/0), persistence latency 0, txn latency 0, queued lock latency 0, lock latency 0, active_txns 0, n_failed_read_lock 0, n_failed_write_lock 0, n_failed_cmd_not_ready 0, n_failed_no_cmd 0, network size: 0, avg network size: 0, si_in_serializable: 0 0 %, local: 0 %, local_access: 10750, local_cxl_access: 0 (0%), remote_access: 5375, remote_access_with_req: 0 (0%), data_move_in: 0, data_move_out: 0
I20260924 10:20:47.742388 1748083 Coordinator.h:310] commit: 5271 abort: 0 (0/0/0), persistence latency 0, txn latency 0, queued lock latency 0, lock latency 0, active_txns 0, n_failed_read_lock 0, n_failed_write_lock 0, n_failed_cmd_not_ready 0, n_failed_no_cmd 0, network size: 0, avg network size: 0, si_in_serializable: 0 0 %, local: 0 %, local_access: 10542, local_cxl_access: 0 (0%), remote_access: 5271, remote_access_with_req: 0 (0%), data_move_in: 0, data_move_out: 0
I20260924 10:20:48.742539 1748083 Coordinator.h:310] commit: 5396 abort: 0 (0/0/0), persistence latency 0, txn latency 0, queued lock latency 0, lock latency 0, active_txns 0, n_failed_read_lock 0, n_failed_write_lock 0, n_failed_cmd_not_ready 0, n_failed_no_cmd 0, network size: 0, avg network size: 0, si_in_serializable: 0 0 %, local: 0 %, local_access: 10792, local_cxl_access: 0 (0%), remote_access: 5396, remote_access_with_req: 0 (0%), data_move_in: 0, data_move_out: 0
I20260924 10:20:49.742686 1748083 Coordinator.h:310] commit: 5350 abort: 0 (0/0/0), persistence latency 0, txn latency 0, queued lock latency 0, lock latency 0, active_txns 0, n_failed_read_lock 0, n_failed_write_lock 0, n_failed_cmd_not_ready 0, n_failed_no_cmd 0, network size: 0, avg network size: 0, si_in_serializable: 0 0 %, local: 0 %, local_access: 10700, local_cxl_access: 0 (0%), remote_access: 5350, remote_access_with_req: 0 (0%), data_move_in: 0, data_move_out: 0
I20260924 10:20:50.742926 1748083 Coordinator.h:310] commit: 5368 abort: 0 (0/0/0), persistence latency 0, txn latency 0, queued lock latency 0, lock latency 0, active_txns 0, n_failed_read_lock 0, n_failed_write_lock 0, n_failed_cmd_not_ready 0, n_failed_no_cmd 0, network size: 0, avg network size: 0, si_in_serializable: 0 0 %, local: 0 %, local_access: 10736, local_cxl_access: 0 (0%), remote_access: 5368, remote_access_with_req: 0 (0%), data_move_in: 0, data_move_out: 0
I20260924 10:20:51.743184 1748083 Coordinator.h:310] commit: 5338 abort: 0 (0/0/0), persistence latency 0, txn latency 0, queued lock latency 0, lock latency 0, active_txns 0, n_failed_read_lock 0, n_failed_write_lock 0, n_failed_cmd_not_ready 0, n_failed_no_cmd 0, network size: 0, avg network size: 0, si_in_serializable: 0 0 %, local: 0 %, local_access: 10676, local_cxl_access: 0 (0%), remote_access: 5338, remote_access_with_req: 0 (0%), data_move_in: 0, data_move_out: 0
I20260924 10:20:52.743428 1748083 Coordinator.h:310] commit: 5355 abort: 0 (0/0/0), persistence latency 0, txn latency 0, queued lock latency 0, lock latency 0, active_txns 0, n_failed_read_lock 0, n_failed_write_lock 0, n_failed_cmd_not_ready 0, n_failed_no_cmd 0, network size: 0, avg network size: 0, si_in_serializable: 0 0 %, local: 0 %, local_access: 10710, local_cxl_access: 0 (0%), remote_access: 5355, remote_access_with_req: 0 (0%), data_move_in: 0, data_move_out: 0
I20260924 10:20:53.743537 1748083 Coordinator.h:310] commit: 5401 abort: 0 (0/0/0), persistence latency 0, txn latency 0, queued lock latency 0, lock latency 0, active_txns 0, n_failed_read_lock 0, n_failed_write_lock 0, n_failed_cmd_not_ready 0, n_failed_no_cmd 0, network size: 0, avg network size: 0, si_in_serializable: 0 0 %, local: 0 %, local_access: 10802, local_cxl_access: 0 (0%), remote_access: 5401, remote_access_with_req: 0 (0%), data_move_in: 0, data_move_out: 0
I20260924 10:20:54.743777 1748083 Coordinator.h:310] commit: 5413 abort: 0 (0/0/0), persistence latency 0, txn latency 0, queued lock latency 0, lock latency 0, active_txns 0, n_failed_read_lock 0, n_failed_write_lock 0, n_failed_cmd_not_ready 0, n_failed_no_cmd 0, network size: 0, avg network size: 0, si_in_serializable: 0 0 %, local: 0 %, local_access: 10826, local_cxl_access: 0 (0%), remote_access: 5413, remote_access_with_req: 0 (0%), data_move_in: 0, data_move_out: 0
I20260924 10:20:55.744048 1748083 Coordinator.h:310] commit: 5343 abort: 0 (0/0/0), persistence latency 0, txn latency 0, queued lock latency 0, lock latency 0, active_txns 0, n_failed_read_lock 0, n_failed_write_lock 0, n_failed_cmd_not_ready 0, n_failed_no_cmd 0, network size: 0, avg network size: 0, si_in_serializable: 0 0 %, local: 0 %, local_access: 10686, local_cxl_access: 0 (0%), remote_access: 5343, remote_access_with_req: 0 (0%), data_move_in: 0, data_move_out: 0
I20260924 10:20:56.744295 1748083 Coordinator.h:310] commit: 5399 abort: 0 (0/0/0), persistence latency 0, txn latency 0, queued lock latency 0, lock latency 0, active_txns 0, n_failed_read_lock 0, n_failed_write_lock 0, n_failed_cmd_not_ready 0, n_failed_no_cmd 0, network size: 0, avg network size: 0, si_in_serializable: 0 0 %, local: 0 %, local_access: 10798, local_cxl_access: 0 (0%), remote_access: 5399, remote_access_with_req: 0 (0%), data_move_in: 0, data_move_out: 0
I20260924 10:20:56.744338 1748083 Coordinator.h:348] average commit: 7027.2 abort: 0 (0/0/0), abort_rate: 0, network size: 0, avg network size: 0, si_in_serializable: 0 0 %, local: 0 %, local_access: 210816, local_cxl_access: 0 (0%), remote_access: 105407, remote_access_with_req: 0 (0%), data_move_in: 0, data_move_out: 0
I20260924 10:20:56.744347 1748083 Executor.h:236] Worker 0 latency: 48 us (50%) 56 us (75%) 211 us (95%) 4062 us (99%). dist txn latency: 48 us (50%) 56 us (75%) 211 us (95%) 4069 us (99%)  avg 149 us . local txn latency: 0 us (50%) 0 us (75%) 0 us (95%) 0 us (99%)  avg 0 us. txn commit latency: 47 us (50%) 55 us (75%) 222 us (95%) 4069 us (99%) avg 148 us.
 LOCAL txn stall 0 us,  local_work 0 us,  remote_work 0 us,  commit_work 0 us,  commit_prepare 0 us,  commit_persistence 0 us,  commit_write_back 0 us,  commit_replication 0 us,  commit_release_lock 0 us 
 DIST txn stall 0 us,  local_work 243 us,  remote_work 0 us,  commit_work 15 us,  commit_prepare 3 us,  commit_persistence 0 us,  commit_write_back 6 us,  commit_replication 0 us,  commit_release_lock 2 us 
I20260924 10:20:56.745891 1748083 Executor.h:267] message stats, type: 0 count: 0 total size: 0
I20260924 10:20:56.745903 1748083 Executor.h:267] message stats, type: 1 count: 0 total size: 0
I20260924 10:20:56.745906 1748083 Executor.h:267] message stats, type: 2 count: 0 total size: 0
I20260924 10:20:56.745910 1748083 Executor.h:267] message stats, type: 3 count: 0 total size: 0
I20260924 10:20:56.745914 1748083 Executor.h:267] message stats, type: 4 count: 0 total size: 0
I20260924 10:20:56.745918 1748083 Executor.h:267] message stats, type: 5 count: 0 total size: 0
I20260924 10:20:56.745921 1748083 Executor.h:267] message stats, type: 6 count: 0 total size: 0
I20260924 10:20:56.745924 1748083 Executor.h:267] message stats, type: 7 count: 0 total size: 0
I20260924 10:20:56.745929 1748083 Executor.h:267] message stats, type: 8 count: 0 total size: 0
I20260924 10:20:56.745931 1748083 Executor.h:267] message stats, type: 9 count: 0 total size: 0
I20260924 10:20:56.745935 1748083 Executor.h:267] message stats, type: 10 count: 0 total size: 0
I20260924 10:20:56.745939 1748083 Executor.h:267] message stats, type: 11 count: 0 total size: 0
I20260924 10:20:56.764613 1749538 Executor.h:231] Executor 0 exits.
I20260924 10:20:56.764614 1749539 Manager.h:230] Manager(worker id = 1) on the coordinator node exits.
I20260924 10:20:56.769250 1748083 CXLMemory.h:227] local CXL memory usage: size_index_usage: 0 size_metadata_usage: 0 size_data_usage: 0 size_transport_usage: 0 size_misc_usage: 0 total_size_hw_cc_usage: 0 total_usage: 0
I20260924 10:20:56.769383 1748083 Coordinator.h:639] Global Stats: total_commit: 21475.5 total_size_index_usage: 0 total_size_metadata_usage: 0 total_size_data_usage: 0 total_size_transport_usage: 0 total_size_misc_usage: 0 total_hw_cc_usage: 0 total_usage: 0
I20260924 10:20:57.769598 1749537 Dispatcher.h:292] Outgoing Dispatcher exits, network size: 132. msg_send_latency(50th) 0 msg_send_latency(75th) 0 msg_send_latency(95th) 0 msg_send_latency(99th) 0 msg_send_latency(avg) 0 msg_gen_to_sent_latency(50th) 0 msg_gen_to_sent_latency(75th) 0 msg_gen_to_sent_latency(95th) 0 msg_gen_to_sent_latency(99th) 0 msg_gen_to_queue_latency(50th) 0 msg_gen_to_queue_latency(75th) 0 msg_gen_to_queue_latency(95th) 0 msg_gen_to_queue_latency(99th) 0 msg_disp_ltc(50th) 0 msg_disp_ltc(75th) 0 msg_disp_ltc(95th) 0 msg_disp_ltc(99th) 0 msg_disp_ltc(100th) 0 send_ltc(50th) 0 send_ltc(75th) 0 send_ltc(95th) 0 send_ltc(99th) 0 send_ltc(100th) 0 send_ltc(avg) 0 sendto_cnt 2 network_size 132 network_msg_cnt 2 network_msg_group_size avg 0 50th 0 internal_network_size 0 internal_network_msg_cnt 0
I20260924 10:20:57.769651 1749536 Dispatcher.h:160] Incoming Dispatcher exits, network size: 252. socket_message_recv_latency(50th) 364 socket_message_recv_latency(75th) 364 socket_message_recv_latency(95th) 364 socket_message_recv_latency(99th) 364 internal_message_recv_latency(50th) 0 socket_message_recv_cnt 1 socket_read_syscall 0 internal_message_recv_cnt 0
I20260924 10:20:57.935137 1748083 Coordinator.h:158] round_trip_latency 35 (50th) 37 (75th) 240 (95th) 240 (99th) 
I20260924 10:21:00.100291 1748083 Coordinator.h:420] Coordinator exits.
TIGON_RUN_END run_id=tpcc_001 host_id=0 status=ok exit_code=0
