TIGON_RUN_META system=ub workload=ycsb run_id=cmp_50_y_rw50_c50_r1 host_id=1 repetition=1 mode=one-sided query=rmw transport=ubq partitions=2 workers=3 keys=300000 rw_ratio=50 zipf=0.7 cross_ratio=50 neworder_dist= payment_dist= warmup_seconds=30 run_seconds=30 total_seconds=60 logging=off
I20260924 12:53:44.866325 1840651 bench_ycsb.cpp:68] RW_RATIO = 50, ZIPF_THETA = 0.7, CROSS_RATIO = 50
I20260924 12:53:44.866582 1840651 bench_ycsb.cpp:69] checkpoint 0 to 
I20260924 12:53:44.866588 1840651 bench_ycsb.cpp:70] cross_part_num 2
I20260924 12:53:44.866592 1840651 bench_ycsb.cpp:71] lotus_sp_parallel_exec_commit 0
I20260924 12:53:44.866597 1840651 bench_ycsb.cpp:72] granules_per_partition 1
I20260924 12:53:44.866602 1840651 bench_ycsb.cpp:73] keysPerGranule 300000
[2026-09-24 12:53:45.432 +08:00][ERROR][1840651][281473773064224][shm_ipc_command.cpp:183] IpcCallShmMap response error : 800
[2026-09-24 12:53:45.432 +08:00][ERROR][1840651][281473773064224][RackMemShm.cpp:322] Failed to mmap, name=u52c23178_one-sided_rmw_ubq_0, mapSize=2147483648, ret=800
[2026-09-24 12:53:45.432 +08:00][ERROR][1840651][281473773064224][mxmem_shmem.cpp:473] Failed to mmap shared memory, ret=800
[2026-09-24 12:53:45.536 +08:00][ERROR][1840651][281473773064224][shm_ipc_command.cpp:183] IpcCallShmMap response error : 800
[2026-09-24 12:53:45.536 +08:00][ERROR][1840651][281473773064224][RackMemShm.cpp:322] Failed to mmap, name=u52c23178_one-sided_rmw_ubq_0, mapSize=2147483648, ret=800
[2026-09-24 12:53:45.536 +08:00][ERROR][1840651][281473773064224][mxmem_shmem.cpp:473] Failed to mmap shared memory, ret=800
[2026-09-24 12:53:45.640 +08:00][ERROR][1840651][281473773064224][shm_ipc_command.cpp:183] IpcCallShmMap response error : 800
[2026-09-24 12:53:45.640 +08:00][ERROR][1840651][281473773064224][RackMemShm.cpp:322] Failed to mmap, name=u52c23178_one-sided_rmw_ubq_0, mapSize=2147483648, ret=800
[2026-09-24 12:53:45.640 +08:00][ERROR][1840651][281473773064224][mxmem_shmem.cpp:473] Failed to mmap shared memory, ret=800
[2026-09-24 12:53:45.743 +08:00][ERROR][1840651][281473773064224][shm_ipc_command.cpp:183] IpcCallShmMap response error : 800
[2026-09-24 12:53:45.743 +08:00][ERROR][1840651][281473773064224][RackMemShm.cpp:322] Failed to mmap, name=u52c23178_one-sided_rmw_ubq_0, mapSize=2147483648, ret=800
[2026-09-24 12:53:45.743 +08:00][ERROR][1840651][281473773064224][mxmem_shmem.cpp:473] Failed to mmap shared memory, ret=800
[2026-09-24 12:53:45.852 +08:00][ERROR][1840651][281473773064224][shm_ipc_command.cpp:183] IpcCallShmMap response error : 800
[2026-09-24 12:53:45.852 +08:00][ERROR][1840651][281473773064224][RackMemShm.cpp:322] Failed to mmap, name=u52c23178_one-sided_rmw_ubq_0, mapSize=2147483648, ret=800
[2026-09-24 12:53:45.852 +08:00][ERROR][1840651][281473773064224][mxmem_shmem.cpp:473] Failed to mmap shared memory, ret=800
[2026-09-24 12:53:45.955 +08:00][ERROR][1840651][281473773064224][shm_ipc_command.cpp:183] IpcCallShmMap response error : 800
[2026-09-24 12:53:45.955 +08:00][ERROR][1840651][281473773064224][RackMemShm.cpp:322] Failed to mmap, name=u52c23178_one-sided_rmw_ubq_0, mapSize=2147483648, ret=800
[2026-09-24 12:53:45.955 +08:00][ERROR][1840651][281473773064224][mxmem_shmem.cpp:473] Failed to mmap shared memory, ret=800
I20260924 12:53:46.124053 1840651 UBMemory.cpp:138] UB memory initialized: local_region=1 regions=2 mode=one-sided bytes_per_region=2147483648
I20260924 12:53:48.587302 1840651 Database.h:82] ycsb initialization finished in 2463 milliseconds.
I20260924 12:53:48.587970 1840651 Coordinator.h:459] Coordinator 1 initializes UB inbox with 4096 entries of 8192 bytes
I20260924 12:53:48.588022 1840651 Coordinator.h:100] WAL Group Commiting off. Log to file _non_group_commit.txt using Blackhole Logger
I20260924 12:53:48.588030 1840651 Coordinator.h:104] Coordinator initializes 3 workers.
I20260924 12:53:48.588541 1840679 Coordinator.h:505] Listener 0 on coordinator 1 listening on 76.53.137.99:10010 tcp_no_delay 1 tcp_quick_ack 0
I20260924 12:53:48.589442 1840651 Socket.h:69] Disabling nagle
I20260924 12:53:48.589466 1840651 Coordinator.h:560] Coordinator 1 connected to 0
I20260924 12:53:53.579579 1840679 Socket.h:69] Disabling nagle
I20260924 12:53:53.579612 1840679 Coordinator.h:520] Listener accepted connection from coordinator 0
I20260924 12:53:53.579617 1840679 Coordinator.h:523] Listener 0 on coordinator 1 exits.
I20260924 12:53:53.581349 1840651 Coordinator.h:572] Coordinator 1 connected to all peers.
I20260924 12:53:53.581384 1840651 Dispatcher.h:41] IncomingDispatcher 0 coord_id 1
I20260924 12:53:53.581404 1840651 Dispatcher.h:234] OutgoingDispatcher 0 coord_id 1
I20260924 12:53:53.581476 1840651 Coordinator.h:669] pinned thread to core 0
I20260924 12:53:53.581522 1840651 Coordinator.h:669] pinned thread to core 1
I20260924 12:53:53.581534 1840651 Coordinator.h:219] Coordinator starts to run 4 workers.
I20260924 12:53:53.581568 1840651 Coordinator.h:669] pinned thread to core 2
I20260924 12:53:53.581789 1840692 Dispatcher.h:63] Incoming Dispatcher started, numCoordinators = 2, numWorkers = 3, group id = 0, coordinator = 1
I20260924 12:53:53.581789 1840693 Dispatcher.h:246] Outgoing Dispatcher started, numCoordinators = 2, numWorkers = 4, group id = 0
I20260924 12:53:53.582104 1840694 Executor.h:79] Executor 0 starts.
I20260924 12:53:53.582479 1840651 Coordinator.h:669] pinned thread to core 3
I20260924 12:53:53.582544 1840695 Executor.h:79] Executor 1 starts.
I20260924 12:53:53.583761 1840651 Coordinator.h:669] pinned thread to core 4
I20260924 12:53:53.583868 1840696 Executor.h:79] Executor 2 starts.
I20260924 12:53:53.583896 1840697 Manager.h:232] Manager(worker id = 3) on the non-coordinator node started.
I20260924 12:53:54.583913 1840651 Coordinator.h:310] commit: 12253 abort: 288 (0/288/0), persistence latency 0, txn latency 0, queued lock latency 0, lock latency 0, active_txns 0, n_failed_read_lock 0, n_failed_write_lock 0, n_failed_cmd_not_ready 0, n_failed_no_cmd 0, network size: 0, avg network size: 0, si_in_serializable: 0 0 %, local: 0 %, local_access: 92833, local_cxl_access: 0 (0%), remote_access: 31112, remote_access_with_req: 0 (0%), data_move_in: 0, data_move_out: 0
I20260924 12:53:55.584142 1840651 Coordinator.h:310] commit: 12310 abort: 288 (0/288/0), persistence latency 0, txn latency 0, queued lock latency 0, lock latency 0, active_txns 0, n_failed_read_lock 0, n_failed_write_lock 0, n_failed_cmd_not_ready 0, n_failed_no_cmd 0, network size: 0, avg network size: 0, si_in_serializable: 0 0 %, local: 0 %, local_access: 92761, local_cxl_access: 0 (0%), remote_access: 31813, remote_access_with_req: 0 (0%), data_move_in: 0, data_move_out: 0
I20260924 12:53:56.584368 1840651 Coordinator.h:310] commit: 12449 abort: 256 (0/256/0), persistence latency 0, txn latency 0, queued lock latency 0, lock latency 0, active_txns 0, n_failed_read_lock 0, n_failed_write_lock 0, n_failed_cmd_not_ready 0, n_failed_no_cmd 0, network size: 0, avg network size: 0, si_in_serializable: 0 0 %, local: 0 %, local_access: 94427, local_cxl_access: 0 (0%), remote_access: 31424, remote_access_with_req: 0 (0%), data_move_in: 0, data_move_out: 0
I20260924 12:53:57.584589 1840651 Coordinator.h:310] commit: 12560 abort: 293 (0/293/0), persistence latency 0, txn latency 0, queued lock latency 0, lock latency 0, active_txns 0, n_failed_read_lock 0, n_failed_write_lock 0, n_failed_cmd_not_ready 0, n_failed_no_cmd 0, network size: 0, avg network size: 0, si_in_serializable: 0 0 %, local: 0 %, local_access: 95400, local_cxl_access: 0 (0%), remote_access: 31602, remote_access_with_req: 0 (0%), data_move_in: 0, data_move_out: 0
I20260924 12:53:58.584686 1840651 Coordinator.h:310] commit: 12484 abort: 275 (0/275/0), persistence latency 0, txn latency 0, queued lock latency 0, lock latency 0, active_txns 0, n_failed_read_lock 0, n_failed_write_lock 0, n_failed_cmd_not_ready 0, n_failed_no_cmd 0, network size: 0, avg network size: 0, si_in_serializable: 0 0 %, local: 0 %, local_access: 94845, local_cxl_access: 0 (0%), remote_access: 31349, remote_access_with_req: 0 (0%), data_move_in: 0, data_move_out: 0
I20260924 12:53:59.584908 1840651 Coordinator.h:310] commit: 12501 abort: 223 (0/223/0), persistence latency 0, txn latency 0, queued lock latency 0, lock latency 0, active_txns 0, n_failed_read_lock 0, n_failed_write_lock 0, n_failed_cmd_not_ready 0, n_failed_no_cmd 0, network size: 0, avg network size: 0, si_in_serializable: 0 0 %, local: 0 %, local_access: 94309, local_cxl_access: 0 (0%), remote_access: 31746, remote_access_with_req: 0 (0%), data_move_in: 0, data_move_out: 0
I20260924 12:54:00.585124 1840651 Coordinator.h:310] commit: 12467 abort: 426 (0/426/0), persistence latency 0, txn latency 0, queued lock latency 0, lock latency 0, active_txns 0, n_failed_read_lock 0, n_failed_write_lock 0, n_failed_cmd_not_ready 0, n_failed_no_cmd 0, network size: 0, avg network size: 0, si_in_serializable: 0 0 %, local: 0 %, local_access: 95030, local_cxl_access: 0 (0%), remote_access: 31580, remote_access_with_req: 0 (0%), data_move_in: 0, data_move_out: 0
I20260924 12:54:01.585386 1840651 Coordinator.h:310] commit: 12422 abort: 281 (0/281/0), persistence latency 0, txn latency 0, queued lock latency 0, lock latency 0, active_txns 0, n_failed_read_lock 0, n_failed_write_lock 0, n_failed_cmd_not_ready 0, n_failed_no_cmd 0, network size: 0, avg network size: 0, si_in_serializable: 0 0 %, local: 0 %, local_access: 93590, local_cxl_access: 0 (0%), remote_access: 31915, remote_access_with_req: 0 (0%), data_move_in: 0, data_move_out: 0
I20260924 12:54:02.586005 1840651 Coordinator.h:310] commit: 12544 abort: 265 (0/265/0), persistence latency 0, txn latency 0, queued lock latency 0, lock latency 0, active_txns 0, n_failed_read_lock 0, n_failed_write_lock 0, n_failed_cmd_not_ready 0, n_failed_no_cmd 0, network size: 0, avg network size: 0, si_in_serializable: 0 0 %, local: 0 %, local_access: 95142, local_cxl_access: 0 (0%), remote_access: 31628, remote_access_with_req: 0 (0%), data_move_in: 0, data_move_out: 0
I20260924 12:54:03.587569 1840651 Coordinator.h:310] commit: 12405 abort: 246 (0/246/0), persistence latency 0, txn latency 0, queued lock latency 0, lock latency 0, active_txns 0, n_failed_read_lock 0, n_failed_write_lock 0, n_failed_cmd_not_ready 0, n_failed_no_cmd 0, network size: 0, avg network size: 0, si_in_serializable: 0 0 %, local: 0 %, local_access: 93444, local_cxl_access: 0 (0%), remote_access: 31858, remote_access_with_req: 0 (0%), data_move_in: 0, data_move_out: 0
I20260924 12:54:04.587684 1840651 Coordinator.h:310] commit: 12382 abort: 285 (0/285/0), persistence latency 0, txn latency 0, queued lock latency 0, lock latency 0, active_txns 0, n_failed_read_lock 0, n_failed_write_lock 0, n_failed_cmd_not_ready 0, n_failed_no_cmd 0, network size: 0, avg network size: 0, si_in_serializable: 0 0 %, local: 0 %, local_access: 93899, local_cxl_access: 0 (0%), remote_access: 31504, remote_access_with_req: 0 (0%), data_move_in: 0, data_move_out: 0
I20260924 12:54:05.587815 1840651 Coordinator.h:310] commit: 12542 abort: 362 (0/362/0), persistence latency 0, txn latency 0, queued lock latency 0, lock latency 0, active_txns 0, n_failed_read_lock 0, n_failed_write_lock 0, n_failed_cmd_not_ready 0, n_failed_no_cmd 0, network size: 0, avg network size: 0, si_in_serializable: 0 0 %, local: 0 %, local_access: 95318, local_cxl_access: 0 (0%), remote_access: 31614, remote_access_with_req: 0 (0%), data_move_in: 0, data_move_out: 0
I20260924 12:54:06.588047 1840651 Coordinator.h:310] commit: 12454 abort: 403 (0/403/0), persistence latency 0, txn latency 0, queued lock latency 0, lock latency 0, active_txns 0, n_failed_read_lock 0, n_failed_write_lock 0, n_failed_cmd_not_ready 0, n_failed_no_cmd 0, network size: 0, avg network size: 0, si_in_serializable: 0 0 %, local: 0 %, local_access: 94852, local_cxl_access: 0 (0%), remote_access: 31410, remote_access_with_req: 0 (0%), data_move_in: 0, data_move_out: 0
I20260924 12:54:07.588171 1840651 Coordinator.h:310] commit: 12544 abort: 303 (0/303/0), persistence latency 0, txn latency 0, queued lock latency 0, lock latency 0, active_txns 0, n_failed_read_lock 0, n_failed_write_lock 0, n_failed_cmd_not_ready 0, n_failed_no_cmd 0, network size: 0, avg network size: 0, si_in_serializable: 0 0 %, local: 0 %, local_access: 95315, local_cxl_access: 0 (0%), remote_access: 31628, remote_access_with_req: 0 (0%), data_move_in: 0, data_move_out: 0
I20260924 12:54:08.588299 1840651 Coordinator.h:310] commit: 12407 abort: 265 (0/265/0), persistence latency 0, txn latency 0, queued lock latency 0, lock latency 0, active_txns 0, n_failed_read_lock 0, n_failed_write_lock 0, n_failed_cmd_not_ready 0, n_failed_no_cmd 0, network size: 0, avg network size: 0, si_in_serializable: 0 0 %, local: 0 %, local_access: 93945, local_cxl_access: 0 (0%), remote_access: 31481, remote_access_with_req: 0 (0%), data_move_in: 0, data_move_out: 0
I20260924 12:54:09.588413 1840651 Coordinator.h:310] commit: 12522 abort: 318 (0/318/0), persistence latency 0, txn latency 0, queued lock latency 0, lock latency 0, active_txns 0, n_failed_read_lock 0, n_failed_write_lock 0, n_failed_cmd_not_ready 0, n_failed_no_cmd 0, network size: 0, avg network size: 0, si_in_serializable: 0 0 %, local: 0 %, local_access: 95247, local_cxl_access: 0 (0%), remote_access: 31621, remote_access_with_req: 0 (0%), data_move_in: 0, data_move_out: 0
I20260924 12:54:10.588629 1840651 Coordinator.h:310] commit: 12483 abort: 269 (0/269/0), persistence latency 0, txn latency 0, queued lock latency 0, lock latency 0, active_txns 0, n_failed_read_lock 0, n_failed_write_lock 0, n_failed_cmd_not_ready 0, n_failed_no_cmd 0, network size: 0, avg network size: 0, si_in_serializable: 0 0 %, local: 0 %, local_access: 94814, local_cxl_access: 0 (0%), remote_access: 31430, remote_access_with_req: 0 (0%), data_move_in: 0, data_move_out: 0
I20260924 12:54:11.588724 1840651 Coordinator.h:310] commit: 12611 abort: 393 (0/393/0), persistence latency 0, txn latency 0, queued lock latency 0, lock latency 0, active_txns 0, n_failed_read_lock 0, n_failed_write_lock 0, n_failed_cmd_not_ready 0, n_failed_no_cmd 0, network size: 0, avg network size: 0, si_in_serializable: 0 0 %, local: 0 %, local_access: 96237, local_cxl_access: 0 (0%), remote_access: 31604, remote_access_with_req: 0 (0%), data_move_in: 0, data_move_out: 0
I20260924 12:54:12.588946 1840651 Coordinator.h:310] commit: 12460 abort: 247 (0/247/0), persistence latency 0, txn latency 0, queued lock latency 0, lock latency 0, active_txns 0, n_failed_read_lock 0, n_failed_write_lock 0, n_failed_cmd_not_ready 0, n_failed_no_cmd 0, network size: 0, avg network size: 0, si_in_serializable: 0 0 %, local: 0 %, local_access: 94215, local_cxl_access: 0 (0%), remote_access: 31593, remote_access_with_req: 0 (0%), data_move_in: 0, data_move_out: 0
I20260924 12:54:13.589169 1840651 Coordinator.h:310] commit: 12501 abort: 261 (0/261/0), persistence latency 0, txn latency 0, queued lock latency 0, lock latency 0, active_txns 0, n_failed_read_lock 0, n_failed_write_lock 0, n_failed_cmd_not_ready 0, n_failed_no_cmd 0, network size: 0, avg network size: 0, si_in_serializable: 0 0 %, local: 0 %, local_access: 94614, local_cxl_access: 0 (0%), remote_access: 31705, remote_access_with_req: 0 (0%), data_move_in: 0, data_move_out: 0
I20260924 12:54:14.589267 1840651 Coordinator.h:310] commit: 12516 abort: 334 (0/334/0), persistence latency 0, txn latency 0, queued lock latency 0, lock latency 0, active_txns 0, n_failed_read_lock 0, n_failed_write_lock 0, n_failed_cmd_not_ready 0, n_failed_no_cmd 0, network size: 0, avg network size: 0, si_in_serializable: 0 0 %, local: 0 %, local_access: 95401, local_cxl_access: 0 (0%), remote_access: 31512, remote_access_with_req: 0 (0%), data_move_in: 0, data_move_out: 0
I20260924 12:54:15.589486 1840651 Coordinator.h:310] commit: 12600 abort: 537 (0/537/0), persistence latency 0, txn latency 0, queued lock latency 0, lock latency 0, active_txns 0, n_failed_read_lock 0, n_failed_write_lock 0, n_failed_cmd_not_ready 0, n_failed_no_cmd 0, network size: 0, avg network size: 0, si_in_serializable: 0 0 %, local: 0 %, local_access: 97760, local_cxl_access: 0 (0%), remote_access: 31636, remote_access_with_req: 0 (0%), data_move_in: 0, data_move_out: 0
I20260924 12:54:16.591102 1840651 Coordinator.h:310] commit: 12564 abort: 770 (0/770/0), persistence latency 0, txn latency 0, queued lock latency 0, lock latency 0, active_txns 0, n_failed_read_lock 0, n_failed_write_lock 0, n_failed_cmd_not_ready 0, n_failed_no_cmd 0, network size: 0, avg network size: 0, si_in_serializable: 0 0 %, local: 0 %, local_access: 98781, local_cxl_access: 0 (0%), remote_access: 31618, remote_access_with_req: 0 (0%), data_move_in: 0, data_move_out: 0
I20260924 12:54:17.591197 1840651 Coordinator.h:310] commit: 12519 abort: 279 (0/279/0), persistence latency 0, txn latency 0, queued lock latency 0, lock latency 0, active_txns 0, n_failed_read_lock 0, n_failed_write_lock 0, n_failed_cmd_not_ready 0, n_failed_no_cmd 0, network size: 0, avg network size: 0, si_in_serializable: 0 0 %, local: 0 %, local_access: 94683, local_cxl_access: 0 (0%), remote_access: 31771, remote_access_with_req: 0 (0%), data_move_in: 0, data_move_out: 0
I20260924 12:54:18.591291 1840651 Coordinator.h:310] commit: 12294 abort: 211 (0/211/0), persistence latency 0, txn latency 0, queued lock latency 0, lock latency 0, active_txns 0, n_failed_read_lock 0, n_failed_write_lock 0, n_failed_cmd_not_ready 0, n_failed_no_cmd 0, network size: 0, avg network size: 0, si_in_serializable: 0 0 %, local: 0 %, local_access: 92559, local_cxl_access: 0 (0%), remote_access: 31485, remote_access_with_req: 0 (0%), data_move_in: 0, data_move_out: 0
I20260924 12:54:19.591387 1840651 Coordinator.h:310] commit: 12466 abort: 279 (0/279/0), persistence latency 0, txn latency 0, queued lock latency 0, lock latency 0, active_txns 0, n_failed_read_lock 0, n_failed_write_lock 0, n_failed_cmd_not_ready 0, n_failed_no_cmd 0, network size: 0, avg network size: 0, si_in_serializable: 0 0 %, local: 0 %, local_access: 94099, local_cxl_access: 0 (0%), remote_access: 31867, remote_access_with_req: 0 (0%), data_move_in: 0, data_move_out: 0
I20260924 12:54:20.591488 1840651 Coordinator.h:310] commit: 12625 abort: 419 (0/419/0), persistence latency 0, txn latency 0, queued lock latency 0, lock latency 0, active_txns 0, n_failed_read_lock 0, n_failed_write_lock 0, n_failed_cmd_not_ready 0, n_failed_no_cmd 0, network size: 0, avg network size: 0, si_in_serializable: 0 0 %, local: 0 %, local_access: 96226, local_cxl_access: 0 (0%), remote_access: 31555, remote_access_with_req: 0 (0%), data_move_in: 0, data_move_out: 0
I20260924 12:54:21.591720 1840651 Coordinator.h:310] commit: 12416 abort: 338 (0/338/0), persistence latency 0, txn latency 0, queued lock latency 0, lock latency 0, active_txns 0, n_failed_read_lock 0, n_failed_write_lock 0, n_failed_cmd_not_ready 0, n_failed_no_cmd 0, network size: 0, avg network size: 0, si_in_serializable: 0 0 %, local: 0 %, local_access: 93867, local_cxl_access: 0 (0%), remote_access: 31697, remote_access_with_req: 0 (0%), data_move_in: 0, data_move_out: 0
I20260924 12:54:22.591815 1840651 Coordinator.h:310] commit: 12511 abort: 283 (0/283/0), persistence latency 0, txn latency 0, queued lock latency 0, lock latency 0, active_txns 0, n_failed_read_lock 0, n_failed_write_lock 0, n_failed_cmd_not_ready 0, n_failed_no_cmd 0, network size: 0, avg network size: 0, si_in_serializable: 0 0 %, local: 0 %, local_access: 94879, local_cxl_access: 0 (0%), remote_access: 31465, remote_access_with_req: 0 (0%), data_move_in: 0, data_move_out: 0
I20260924 12:54:23.592039 1840651 Coordinator.h:310] commit: 12524 abort: 296 (0/296/0), persistence latency 0, txn latency 0, queued lock latency 0, lock latency 0, active_txns 0, n_failed_read_lock 0, n_failed_write_lock 0, n_failed_cmd_not_ready 0, n_failed_no_cmd 0, network size: 0, avg network size: 0, si_in_serializable: 0 0 %, local: 0 %, local_access: 95157, local_cxl_access: 0 (0%), remote_access: 31719, remote_access_with_req: 0 (0%), data_move_in: 0, data_move_out: 0
I20260924 12:54:24.592265 1840651 Coordinator.h:310] commit: 12598 abort: 282 (0/282/0), persistence latency 0, txn latency 0, queued lock latency 0, lock latency 0, active_txns 0, n_failed_read_lock 0, n_failed_write_lock 0, n_failed_cmd_not_ready 0, n_failed_no_cmd 0, network size: 0, avg network size: 0, si_in_serializable: 0 0 %, local: 0 %, local_access: 95888, local_cxl_access: 0 (0%), remote_access: 31523, remote_access_with_req: 0 (0%), data_move_in: 0, data_move_out: 0
I20260924 12:54:25.592377 1840651 Coordinator.h:310] commit: 12663 abort: 252 (0/252/0), persistence latency 0, txn latency 0, queued lock latency 0, lock latency 0, active_txns 0, n_failed_read_lock 0, n_failed_write_lock 0, n_failed_cmd_not_ready 0, n_failed_no_cmd 0, network size: 0, avg network size: 0, si_in_serializable: 0 0 %, local: 0 %, local_access: 96291, local_cxl_access: 0 (0%), remote_access: 31571, remote_access_with_req: 0 (0%), data_move_in: 0, data_move_out: 0
I20260924 12:54:26.592492 1840651 Coordinator.h:310] commit: 12600 abort: 261 (0/261/0), persistence latency 0, txn latency 0, queued lock latency 0, lock latency 0, active_txns 0, n_failed_read_lock 0, n_failed_write_lock 0, n_failed_cmd_not_ready 0, n_failed_no_cmd 0, network size: 0, avg network size: 0, si_in_serializable: 0 0 %, local: 0 %, local_access: 95818, local_cxl_access: 0 (0%), remote_access: 31555, remote_access_with_req: 0 (0%), data_move_in: 0, data_move_out: 0
I20260924 12:54:27.592603 1840651 Coordinator.h:310] commit: 12462 abort: 275 (0/275/0), persistence latency 0, txn latency 0, queued lock latency 0, lock latency 0, active_txns 0, n_failed_read_lock 0, n_failed_write_lock 0, n_failed_cmd_not_ready 0, n_failed_no_cmd 0, network size: 0, avg network size: 0, si_in_serializable: 0 0 %, local: 0 %, local_access: 94315, local_cxl_access: 0 (0%), remote_access: 31619, remote_access_with_req: 0 (0%), data_move_in: 0, data_move_out: 0
I20260924 12:54:28.592697 1840651 Coordinator.h:310] commit: 12603 abort: 301 (0/301/0), persistence latency 0, txn latency 0, queued lock latency 0, lock latency 0, active_txns 0, n_failed_read_lock 0, n_failed_write_lock 0, n_failed_cmd_not_ready 0, n_failed_no_cmd 0, network size: 0, avg network size: 0, si_in_serializable: 0 0 %, local: 0 %, local_access: 96276, local_cxl_access: 0 (0%), remote_access: 31231, remote_access_with_req: 0 (0%), data_move_in: 0, data_move_out: 0
I20260924 12:54:29.592921 1840651 Coordinator.h:310] commit: 12452 abort: 260 (0/260/0), persistence latency 0, txn latency 0, queued lock latency 0, lock latency 0, active_txns 0, n_failed_read_lock 0, n_failed_write_lock 0, n_failed_cmd_not_ready 0, n_failed_no_cmd 0, network size: 0, avg network size: 0, si_in_serializable: 0 0 %, local: 0 %, local_access: 94022, local_cxl_access: 0 (0%), remote_access: 31880, remote_access_with_req: 0 (0%), data_move_in: 0, data_move_out: 0
I20260924 12:54:30.593137 1840651 Coordinator.h:310] commit: 12591 abort: 327 (0/327/0), persistence latency 0, txn latency 0, queued lock latency 0, lock latency 0, active_txns 0, n_failed_read_lock 0, n_failed_write_lock 0, n_failed_cmd_not_ready 0, n_failed_no_cmd 0, network size: 0, avg network size: 0, si_in_serializable: 0 0 %, local: 0 %, local_access: 95966, local_cxl_access: 0 (0%), remote_access: 31399, remote_access_with_req: 0 (0%), data_move_in: 0, data_move_out: 0
I20260924 12:54:31.593231 1840651 Coordinator.h:310] commit: 12443 abort: 262 (0/262/0), persistence latency 0, txn latency 0, queued lock latency 0, lock latency 0, active_txns 0, n_failed_read_lock 0, n_failed_write_lock 0, n_failed_cmd_not_ready 0, n_failed_no_cmd 0, network size: 0, avg network size: 0, si_in_serializable: 0 0 %, local: 0 %, local_access: 93751, local_cxl_access: 0 (0%), remote_access: 31913, remote_access_with_req: 0 (0%), data_move_in: 0, data_move_out: 0
I20260924 12:54:32.593451 1840651 Coordinator.h:310] commit: 12407 abort: 247 (0/247/0), persistence latency 0, txn latency 0, queued lock latency 0, lock latency 0, active_txns 0, n_failed_read_lock 0, n_failed_write_lock 0, n_failed_cmd_not_ready 0, n_failed_no_cmd 0, network size: 0, avg network size: 0, si_in_serializable: 0 0 %, local: 0 %, local_access: 93664, local_cxl_access: 0 (0%), remote_access: 31515, remote_access_with_req: 0 (0%), data_move_in: 0, data_move_out: 0
I20260924 12:54:33.595000 1840651 Coordinator.h:310] commit: 12460 abort: 287 (0/287/0), persistence latency 0, txn latency 0, queued lock latency 0, lock latency 0, active_txns 0, n_failed_read_lock 0, n_failed_write_lock 0, n_failed_cmd_not_ready 0, n_failed_no_cmd 0, network size: 0, avg network size: 0, si_in_serializable: 0 0 %, local: 0 %, local_access: 94250, local_cxl_access: 0 (0%), remote_access: 31791, remote_access_with_req: 0 (0%), data_move_in: 0, data_move_out: 0
I20260924 12:54:34.595108 1840651 Coordinator.h:310] commit: 12418 abort: 216 (0/216/0), persistence latency 0, txn latency 0, queued lock latency 0, lock latency 0, active_txns 0, n_failed_read_lock 0, n_failed_write_lock 0, n_failed_cmd_not_ready 0, n_failed_no_cmd 0, network size: 0, avg network size: 0, si_in_serializable: 0 0 %, local: 0 %, local_access: 93623, local_cxl_access: 0 (0%), remote_access: 31641, remote_access_with_req: 0 (0%), data_move_in: 0, data_move_out: 0
I20260924 12:54:35.595206 1840651 Coordinator.h:310] commit: 12461 abort: 336 (0/336/0), persistence latency 0, txn latency 0, queued lock latency 0, lock latency 0, active_txns 0, n_failed_read_lock 0, n_failed_write_lock 0, n_failed_cmd_not_ready 0, n_failed_no_cmd 0, network size: 0, avg network size: 0, si_in_serializable: 0 0 %, local: 0 %, local_access: 94652, local_cxl_access: 0 (0%), remote_access: 31668, remote_access_with_req: 0 (0%), data_move_in: 0, data_move_out: 0
I20260924 12:54:36.595350 1840651 Coordinator.h:310] commit: 12559 abort: 221 (0/221/0), persistence latency 0, txn latency 0, queued lock latency 0, lock latency 0, active_txns 0, n_failed_read_lock 0, n_failed_write_lock 0, n_failed_cmd_not_ready 0, n_failed_no_cmd 0, network size: 0, avg network size: 0, si_in_serializable: 0 0 %, local: 0 %, local_access: 95174, local_cxl_access: 0 (0%), remote_access: 31581, remote_access_with_req: 0 (0%), data_move_in: 0, data_move_out: 0
I20260924 12:54:37.595444 1840651 Coordinator.h:310] commit: 12637 abort: 247 (0/247/0), persistence latency 0, txn latency 0, queued lock latency 0, lock latency 0, active_txns 0, n_failed_read_lock 0, n_failed_write_lock 0, n_failed_cmd_not_ready 0, n_failed_no_cmd 0, network size: 0, avg network size: 0, si_in_serializable: 0 0 %, local: 0 %, local_access: 95907, local_cxl_access: 0 (0%), remote_access: 31629, remote_access_with_req: 0 (0%), data_move_in: 0, data_move_out: 0
I20260924 12:54:38.595676 1840651 Coordinator.h:310] commit: 12409 abort: 322 (0/322/0), persistence latency 0, txn latency 0, queued lock latency 0, lock latency 0, active_txns 0, n_failed_read_lock 0, n_failed_write_lock 0, n_failed_cmd_not_ready 0, n_failed_no_cmd 0, network size: 0, avg network size: 0, si_in_serializable: 0 0 %, local: 0 %, local_access: 94050, local_cxl_access: 0 (0%), remote_access: 31497, remote_access_with_req: 0 (0%), data_move_in: 0, data_move_out: 0
I20260924 12:54:39.595772 1840651 Coordinator.h:310] commit: 12564 abort: 415 (0/415/0), persistence latency 0, txn latency 0, queued lock latency 0, lock latency 0, active_txns 0, n_failed_read_lock 0, n_failed_write_lock 0, n_failed_cmd_not_ready 0, n_failed_no_cmd 0, network size: 0, avg network size: 0, si_in_serializable: 0 0 %, local: 0 %, local_access: 95874, local_cxl_access: 0 (0%), remote_access: 31601, remote_access_with_req: 0 (0%), data_move_in: 0, data_move_out: 0
I20260924 12:54:40.595994 1840651 Coordinator.h:310] commit: 12511 abort: 227 (0/227/0), persistence latency 0, txn latency 0, queued lock latency 0, lock latency 0, active_txns 0, n_failed_read_lock 0, n_failed_write_lock 0, n_failed_cmd_not_ready 0, n_failed_no_cmd 0, network size: 0, avg network size: 0, si_in_serializable: 0 0 %, local: 0 %, local_access: 94626, local_cxl_access: 0 (0%), remote_access: 31616, remote_access_with_req: 0 (0%), data_move_in: 0, data_move_out: 0
I20260924 12:54:41.596215 1840651 Coordinator.h:310] commit: 12639 abort: 328 (0/328/0), persistence latency 0, txn latency 0, queued lock latency 0, lock latency 0, active_txns 0, n_failed_read_lock 0, n_failed_write_lock 0, n_failed_cmd_not_ready 0, n_failed_no_cmd 0, network size: 0, avg network size: 0, si_in_serializable: 0 0 %, local: 0 %, local_access: 96271, local_cxl_access: 0 (0%), remote_access: 31563, remote_access_with_req: 0 (0%), data_move_in: 0, data_move_out: 0
I20260924 12:54:42.596436 1840651 Coordinator.h:310] commit: 12523 abort: 243 (0/243/0), persistence latency 0, txn latency 0, queued lock latency 0, lock latency 0, active_txns 0, n_failed_read_lock 0, n_failed_write_lock 0, n_failed_cmd_not_ready 0, n_failed_no_cmd 0, network size: 0, avg network size: 0, si_in_serializable: 0 0 %, local: 0 %, local_access: 95005, local_cxl_access: 0 (0%), remote_access: 31485, remote_access_with_req: 0 (0%), data_move_in: 0, data_move_out: 0
I20260924 12:54:43.596658 1840651 Coordinator.h:310] commit: 12723 abort: 394 (0/394/0), persistence latency 0, txn latency 0, queued lock latency 0, lock latency 0, active_txns 0, n_failed_read_lock 0, n_failed_write_lock 0, n_failed_cmd_not_ready 0, n_failed_no_cmd 0, network size: 0, avg network size: 0, si_in_serializable: 0 0 %, local: 0 %, local_access: 97368, local_cxl_access: 0 (0%), remote_access: 31517, remote_access_with_req: 0 (0%), data_move_in: 0, data_move_out: 0
I20260924 12:54:44.596886 1840651 Coordinator.h:310] commit: 12435 abort: 325 (0/325/0), persistence latency 0, txn latency 0, queued lock latency 0, lock latency 0, active_txns 0, n_failed_read_lock 0, n_failed_write_lock 0, n_failed_cmd_not_ready 0, n_failed_no_cmd 0, network size: 0, avg network size: 0, si_in_serializable: 0 0 %, local: 0 %, local_access: 94451, local_cxl_access: 0 (0%), remote_access: 31481, remote_access_with_req: 0 (0%), data_move_in: 0, data_move_out: 0
I20260924 12:54:45.597110 1840651 Coordinator.h:310] commit: 12583 abort: 258 (0/258/0), persistence latency 0, txn latency 0, queued lock latency 0, lock latency 0, active_txns 0, n_failed_read_lock 0, n_failed_write_lock 0, n_failed_cmd_not_ready 0, n_failed_no_cmd 0, network size: 0, avg network size: 0, si_in_serializable: 0 0 %, local: 0 %, local_access: 95251, local_cxl_access: 0 (0%), remote_access: 31826, remote_access_with_req: 0 (0%), data_move_in: 0, data_move_out: 0
I20260924 12:54:46.597328 1840651 Coordinator.h:310] commit: 12493 abort: 253 (0/253/0), persistence latency 0, txn latency 0, queued lock latency 0, lock latency 0, active_txns 0, n_failed_read_lock 0, n_failed_write_lock 0, n_failed_cmd_not_ready 0, n_failed_no_cmd 0, network size: 0, avg network size: 0, si_in_serializable: 0 0 %, local: 0 %, local_access: 94576, local_cxl_access: 0 (0%), remote_access: 31481, remote_access_with_req: 0 (0%), data_move_in: 0, data_move_out: 0
I20260924 12:54:47.597635 1840651 Coordinator.h:310] commit: 12493 abort: 413 (0/413/0), persistence latency 0, txn latency 0, queued lock latency 0, lock latency 0, active_txns 0, n_failed_read_lock 0, n_failed_write_lock 0, n_failed_cmd_not_ready 0, n_failed_no_cmd 0, network size: 0, avg network size: 0, si_in_serializable: 0 0 %, local: 0 %, local_access: 95319, local_cxl_access: 0 (0%), remote_access: 31694, remote_access_with_req: 0 (0%), data_move_in: 0, data_move_out: 0
I20260924 12:54:48.598940 1840651 Coordinator.h:310] commit: 12444 abort: 344 (0/344/0), persistence latency 0, txn latency 0, queued lock latency 0, lock latency 0, active_txns 0, n_failed_read_lock 0, n_failed_write_lock 0, n_failed_cmd_not_ready 0, n_failed_no_cmd 0, network size: 0, avg network size: 0, si_in_serializable: 0 0 %, local: 0 %, local_access: 94521, local_cxl_access: 0 (0%), remote_access: 31556, remote_access_with_req: 0 (0%), data_move_in: 0, data_move_out: 0
I20260924 12:54:49.599036 1840651 Coordinator.h:310] commit: 12598 abort: 326 (0/326/0), persistence latency 0, txn latency 0, queued lock latency 0, lock latency 0, active_txns 0, n_failed_read_lock 0, n_failed_write_lock 0, n_failed_cmd_not_ready 0, n_failed_no_cmd 0, network size: 0, avg network size: 0, si_in_serializable: 0 0 %, local: 0 %, local_access: 96045, local_cxl_access: 0 (0%), remote_access: 31702, remote_access_with_req: 0 (0%), data_move_in: 0, data_move_out: 0
I20260924 12:54:50.599135 1840651 Coordinator.h:310] commit: 12482 abort: 258 (0/258/0), persistence latency 0, txn latency 0, queued lock latency 0, lock latency 0, active_txns 0, n_failed_read_lock 0, n_failed_write_lock 0, n_failed_cmd_not_ready 0, n_failed_no_cmd 0, network size: 0, avg network size: 0, si_in_serializable: 0 0 %, local: 0 %, local_access: 94540, local_cxl_access: 0 (0%), remote_access: 31718, remote_access_with_req: 0 (0%), data_move_in: 0, data_move_out: 0
I20260924 12:54:51.599231 1840651 Coordinator.h:310] commit: 12528 abort: 285 (0/285/0), persistence latency 0, txn latency 0, queued lock latency 0, lock latency 0, active_txns 0, n_failed_read_lock 0, n_failed_write_lock 0, n_failed_cmd_not_ready 0, n_failed_no_cmd 0, network size: 0, avg network size: 0, si_in_serializable: 0 0 %, local: 0 %, local_access: 95113, local_cxl_access: 0 (0%), remote_access: 31687, remote_access_with_req: 0 (0%), data_move_in: 0, data_move_out: 0
I20260924 12:54:52.599323 1840651 Coordinator.h:310] commit: 12360 abort: 287 (0/287/0), persistence latency 0, txn latency 0, queued lock latency 0, lock latency 0, active_txns 0, n_failed_read_lock 0, n_failed_write_lock 0, n_failed_cmd_not_ready 0, n_failed_no_cmd 0, network size: 0, avg network size: 0, si_in_serializable: 0 0 %, local: 0 %, local_access: 93450, local_cxl_access: 0 (0%), remote_access: 31529, remote_access_with_req: 0 (0%), data_move_in: 0, data_move_out: 0
I20260924 12:54:53.599419 1840651 Coordinator.h:310] commit: 12713 abort: 258 (0/258/0), persistence latency 0, txn latency 0, queued lock latency 0, lock latency 0, active_txns 0, n_failed_read_lock 0, n_failed_write_lock 0, n_failed_cmd_not_ready 0, n_failed_no_cmd 0, network size: 0, avg network size: 0, si_in_serializable: 0 0 %, local: 0 %, local_access: 96762, local_cxl_access: 0 (0%), remote_access: 31618, remote_access_with_req: 0 (0%), data_move_in: 0, data_move_out: 0
I20260924 12:54:53.599448 1840651 Coordinator.h:348] average commit: 12528.4 abort: 290.333 (0/290.333/0), abort_rate: 0.0226491, network size: 0, avg network size: 0, si_in_serializable: 0 0 %, local: 0 %, local_access: 2852819, local_cxl_access: 0 (0%), remote_access: 948087, remote_access_with_req: 0 (0%), data_move_in: 0, data_move_out: 0
I20260924 12:54:53.599473 1840651 Executor.h:236] Worker 0 latency: 260 us (50%) 310 us (75%) 835 us (95%) 1187 us (99%). dist txn latency: 309 us (50%) 347 us (75%) 1094 us (95%) 1222 us (99%)  avg 405 us . local txn latency: 61 us (50%) 100 us (75%) 170 us (95%) 241 us (99%)  avg 79 us. txn commit latency: 267 us (50%) 311 us (75%) 867 us (95%) 1196 us (99%) avg 247 us.
 LOCAL txn stall 0 us,  local_work 66 us,  remote_work 0 us,  commit_work 4 us,  commit_prepare 3 us,  commit_persistence 0 us,  commit_write_back 0 us,  commit_replication 0 us,  commit_release_lock 0 us 
 DIST txn stall 0 us,  local_work 382 us,  remote_work 0 us,  commit_work 17 us,  commit_prepare 3 us,  commit_persistence 0 us,  commit_write_back 4 us,  commit_replication 0 us,  commit_release_lock 7 us 
I20260924 12:54:53.601182 1840651 Executor.h:267] message stats, type: 0 count: 0 total size: 0
I20260924 12:54:53.601187 1840651 Executor.h:267] message stats, type: 1 count: 0 total size: 0
I20260924 12:54:53.601191 1840651 Executor.h:267] message stats, type: 2 count: 0 total size: 0
I20260924 12:54:53.601194 1840651 Executor.h:267] message stats, type: 3 count: 0 total size: 0
I20260924 12:54:53.601198 1840651 Executor.h:267] message stats, type: 4 count: 0 total size: 0
I20260924 12:54:53.601202 1840651 Executor.h:267] message stats, type: 5 count: 0 total size: 0
I20260924 12:54:53.601205 1840651 Executor.h:267] message stats, type: 6 count: 0 total size: 0
I20260924 12:54:53.601209 1840651 Executor.h:267] message stats, type: 7 count: 0 total size: 0
I20260924 12:54:53.601213 1840651 Executor.h:267] message stats, type: 8 count: 0 total size: 0
I20260924 12:54:53.601217 1840651 Executor.h:267] message stats, type: 9 count: 0 total size: 0
I20260924 12:54:53.601220 1840651 Executor.h:267] message stats, type: 10 count: 0 total size: 0
I20260924 12:54:53.601223 1840651 Executor.h:267] message stats, type: 11 count: 0 total size: 0
I20260924 12:54:53.604146 1840696 Executor.h:231] Executor 2 exits.
I20260924 12:54:53.604147 1840694 Executor.h:231] Executor 0 exits.
I20260924 12:54:53.604151 1840697 Manager.h:234] Manager(worker id = 3) on the non-coordinator node exits.
I20260924 12:54:53.604147 1840695 Executor.h:231] Executor 1 exits.
I20260924 12:54:53.604597 1840651 Executor.h:236] Worker 1 latency: 261 us (50%) 310 us (75%) 885 us (95%) 1190 us (99%). dist txn latency: 310 us (50%) 349 us (75%) 1093 us (95%) 1232 us (99%)  avg 407 us . local txn latency: 60 us (50%) 95 us (75%) 167 us (95%) 232 us (99%)  avg 77 us. txn commit latency: 260 us (50%) 310 us (75%) 859 us (95%) 1190 us (99%) avg 242 us.
 LOCAL txn stall 0 us,  local_work 67 us,  remote_work 0 us,  commit_work 4 us,  commit_prepare 3 us,  commit_persistence 0 us,  commit_write_back 0 us,  commit_replication 0 us,  commit_release_lock 0 us 
 DIST txn stall 0 us,  local_work 382 us,  remote_work 0 us,  commit_work 17 us,  commit_prepare 2 us,  commit_persistence 0 us,  commit_write_back 4 us,  commit_replication 0 us,  commit_release_lock 8 us 
I20260924 12:54:53.606619 1840651 Executor.h:236] Worker 2 latency: 202 us (50%) 298 us (75%) 865 us (95%) 1169 us (99%). dist txn latency: 299 us (50%) 355 us (75%) 1085 us (95%) 1208 us (99%)  avg 401 us . local txn latency: 51 us (50%) 79 us (75%) 164 us (95%) 212 us (99%)  avg 68 us. txn commit latency: 192 us (50%) 297 us (75%) 834 us (95%) 1172 us (99%) avg 230 us.
 LOCAL txn stall 0 us,  local_work 59 us,  remote_work 0 us,  commit_work 3 us,  commit_prepare 2 us,  commit_persistence 0 us,  commit_write_back 0 us,  commit_replication 0 us,  commit_release_lock 0 us 
 DIST txn stall 0 us,  local_work 377 us,  remote_work 0 us,  commit_work 15 us,  commit_prepare 2 us,  commit_persistence 0 us,  commit_write_back 4 us,  commit_replication 0 us,  commit_release_lock 7 us 
I20260924 12:54:53.608322 1840651 CXLMemory.h:227] local CXL memory usage: size_index_usage: 0 size_metadata_usage: 0 size_data_usage: 0 size_transport_usage: 0 size_misc_usage: 0 total_size_hw_cc_usage: 0 total_usage: 0
I20260924 12:54:53.608429 1840693 Dispatcher.h:261] Handling coordinator message took 69
I20260924 12:54:54.608560 1840692 Dispatcher.h:160] Incoming Dispatcher exits, network size: 132. socket_message_recv_latency(50th) 0 socket_message_recv_latency(75th) 0 socket_message_recv_latency(95th) 0 socket_message_recv_latency(99th) 0 internal_message_recv_latency(50th) 0 socket_message_recv_cnt 0 socket_read_syscall 0 internal_message_recv_cnt 0
I20260924 12:54:54.608560 1840693 Dispatcher.h:292] Outgoing Dispatcher exits, network size: 252. msg_send_latency(50th) 0 msg_send_latency(75th) 0 msg_send_latency(95th) 0 msg_send_latency(99th) 0 msg_send_latency(avg) 0 msg_gen_to_sent_latency(50th) 0 msg_gen_to_sent_latency(75th) 0 msg_gen_to_sent_latency(95th) 0 msg_gen_to_sent_latency(99th) 0 msg_gen_to_queue_latency(50th) 0 msg_gen_to_queue_latency(75th) 0 msg_gen_to_queue_latency(95th) 0 msg_gen_to_queue_latency(99th) 0 msg_disp_ltc(50th) 0 msg_disp_ltc(75th) 0 msg_disp_ltc(95th) 0 msg_disp_ltc(99th) 0 msg_disp_ltc(100th) 0 send_ltc(50th) 0 send_ltc(75th) 0 send_ltc(95th) 0 send_ltc(99th) 0 send_ltc(100th) 0 send_ltc(avg) 0 sendto_cnt 3 network_size 252 network_msg_cnt 2 network_msg_group_size avg 0 50th 0 internal_network_size 0 internal_network_msg_cnt 0
I20260924 12:54:56.980604 1840651 Coordinator.h:420] Coordinator exits.
TIGON_RUN_END run_id=cmp_50_y_rw50_c50_r1 host_id=1 status=ok exit_code=0
