TIGON_RUN_META system=ub workload=ycsb run_id=cmp_50_y_rw50_c100_r2 host_id=1 repetition=2 mode=one-sided query=rmw transport=ubq partitions=2 workers=3 keys=300000 rw_ratio=50 zipf=0.7 cross_ratio=100 neworder_dist= payment_dist= warmup_seconds=30 run_seconds=30 total_seconds=60 logging=off
I20260924 13:02:10.733098 1844089 bench_ycsb.cpp:68] RW_RATIO = 50, ZIPF_THETA = 0.7, CROSS_RATIO = 100
I20260924 13:02:10.733196 1844089 bench_ycsb.cpp:69] checkpoint 0 to 
I20260924 13:02:10.733201 1844089 bench_ycsb.cpp:70] cross_part_num 2
I20260924 13:02:10.733206 1844089 bench_ycsb.cpp:71] lotus_sp_parallel_exec_commit 0
I20260924 13:02:10.733208 1844089 bench_ycsb.cpp:72] granules_per_partition 1
I20260924 13:02:10.733212 1844089 bench_ycsb.cpp:73] keysPerGranule 300000
[2026-09-24 13:02:11.284 +08:00][ERROR][1844089][281473796395040][shm_ipc_command.cpp:183] IpcCallShmMap response error : 800
[2026-09-24 13:02:11.284 +08:00][ERROR][1844089][281473796395040][RackMemShm.cpp:322] Failed to mmap, name=udd92dea9_one-sided_rmw_ubq_0, mapSize=2147483648, ret=800
[2026-09-24 13:02:11.284 +08:00][ERROR][1844089][281473796395040][mxmem_shmem.cpp:473] Failed to mmap shared memory, ret=800
[2026-09-24 13:02:11.388 +08:00][ERROR][1844089][281473796395040][shm_ipc_command.cpp:183] IpcCallShmMap response error : 800
[2026-09-24 13:02:11.388 +08:00][ERROR][1844089][281473796395040][RackMemShm.cpp:322] Failed to mmap, name=udd92dea9_one-sided_rmw_ubq_0, mapSize=2147483648, ret=800
[2026-09-24 13:02:11.388 +08:00][ERROR][1844089][281473796395040][mxmem_shmem.cpp:473] Failed to mmap shared memory, ret=800
[2026-09-24 13:02:11.490 +08:00][ERROR][1844089][281473796395040][shm_ipc_command.cpp:183] IpcCallShmMap response error : 800
[2026-09-24 13:02:11.490 +08:00][ERROR][1844089][281473796395040][RackMemShm.cpp:322] Failed to mmap, name=udd92dea9_one-sided_rmw_ubq_0, mapSize=2147483648, ret=800
[2026-09-24 13:02:11.490 +08:00][ERROR][1844089][281473796395040][mxmem_shmem.cpp:473] Failed to mmap shared memory, ret=800
[2026-09-24 13:02:11.595 +08:00][ERROR][1844089][281473796395040][shm_ipc_command.cpp:183] IpcCallShmMap response error : 800
[2026-09-24 13:02:11.595 +08:00][ERROR][1844089][281473796395040][RackMemShm.cpp:322] Failed to mmap, name=udd92dea9_one-sided_rmw_ubq_0, mapSize=2147483648, ret=800
[2026-09-24 13:02:11.595 +08:00][ERROR][1844089][281473796395040][mxmem_shmem.cpp:473] Failed to mmap shared memory, ret=800
[2026-09-24 13:02:11.697 +08:00][ERROR][1844089][281473796395040][shm_ipc_command.cpp:183] IpcCallShmMap response error : 800
[2026-09-24 13:02:11.697 +08:00][ERROR][1844089][281473796395040][RackMemShm.cpp:322] Failed to mmap, name=udd92dea9_one-sided_rmw_ubq_0, mapSize=2147483648, ret=800
[2026-09-24 13:02:11.697 +08:00][ERROR][1844089][281473796395040][mxmem_shmem.cpp:473] Failed to mmap shared memory, ret=800
I20260924 13:02:11.891215 1844089 UBMemory.cpp:138] UB memory initialized: local_region=1 regions=2 mode=one-sided bytes_per_region=2147483648
I20260924 13:02:14.292796 1844089 Database.h:82] ycsb initialization finished in 2401 milliseconds.
I20260924 13:02:14.293444 1844089 Coordinator.h:459] Coordinator 1 initializes UB inbox with 4096 entries of 8192 bytes
I20260924 13:02:14.293507 1844089 Coordinator.h:100] WAL Group Commiting off. Log to file _non_group_commit.txt using Blackhole Logger
I20260924 13:02:14.293517 1844089 Coordinator.h:104] Coordinator initializes 3 workers.
I20260924 13:02:14.295456 1844122 Coordinator.h:505] Listener 0 on coordinator 1 listening on 76.53.137.99:10010 tcp_no_delay 1 tcp_quick_ack 0
I20260924 13:02:14.296084 1844089 Coordinator.h:551] Coordinator 1 failed to connect 0(76.53.137.98:10010)'s listener 0, retry in 5 seconds.
I20260924 13:02:14.453071 1844122 Socket.h:69] Disabling nagle
I20260924 13:02:14.453096 1844122 Coordinator.h:520] Listener accepted connection from coordinator 0
I20260924 13:02:14.453101 1844122 Coordinator.h:523] Listener 0 on coordinator 1 exits.
I20260924 13:02:19.296674 1844089 Socket.h:69] Disabling nagle
I20260924 13:02:19.296710 1844089 Coordinator.h:560] Coordinator 1 connected to 0
I20260924 13:02:19.296741 1844089 Coordinator.h:572] Coordinator 1 connected to all peers.
I20260924 13:02:19.296751 1844089 Dispatcher.h:41] IncomingDispatcher 0 coord_id 1
I20260924 13:02:19.296768 1844089 Dispatcher.h:234] OutgoingDispatcher 0 coord_id 1
I20260924 13:02:19.296837 1844089 Coordinator.h:669] pinned thread to core 0
I20260924 13:02:19.296871 1844156 Dispatcher.h:63] Incoming Dispatcher started, numCoordinators = 2, numWorkers = 3, group id = 0, coordinator = 1
I20260924 13:02:19.296893 1844089 Coordinator.h:669] pinned thread to core 1
I20260924 13:02:19.296970 1844089 Coordinator.h:219] Coordinator starts to run 4 workers.
I20260924 13:02:19.296979 1844157 Dispatcher.h:246] Outgoing Dispatcher started, numCoordinators = 2, numWorkers = 4, group id = 0
I20260924 13:02:19.297003 1844089 Coordinator.h:669] pinned thread to core 2
I20260924 13:02:19.297020 1844158 Executor.h:79] Executor 0 starts.
I20260924 13:02:19.297266 1844089 Coordinator.h:669] pinned thread to core 3
I20260924 13:02:19.297283 1844159 Executor.h:79] Executor 1 starts.
I20260924 13:02:19.297474 1844089 Coordinator.h:669] pinned thread to core 4
I20260924 13:02:19.297482 1844160 Executor.h:79] Executor 2 starts.
I20260924 13:02:19.299057 1844161 Manager.h:232] Manager(worker id = 3) on the non-coordinator node started.
I20260924 13:02:20.298933 1844089 Coordinator.h:310] commit: 7961 abort: 125 (0/125/0), persistence latency 0, txn latency 0, queued lock latency 0, lock latency 0, active_txns 0, n_failed_read_lock 0, n_failed_write_lock 0, n_failed_cmd_not_ready 0, n_failed_no_cmd 0, network size: 0, avg network size: 0, si_in_serializable: 0 0 %, local: 0 %, local_access: 40040, local_cxl_access: 0 (0%), remote_access: 40114, remote_access_with_req: 0 (0%), data_move_in: 0, data_move_out: 0
I20260924 13:02:21.299036 1844089 Coordinator.h:310] commit: 7998 abort: 118 (0/118/0), persistence latency 0, txn latency 0, queued lock latency 0, lock latency 0, active_txns 0, n_failed_read_lock 0, n_failed_write_lock 0, n_failed_cmd_not_ready 0, n_failed_no_cmd 0, network size: 0, avg network size: 0, si_in_serializable: 0 0 %, local: 0 %, local_access: 40233, local_cxl_access: 0 (0%), remote_access: 40302, remote_access_with_req: 0 (0%), data_move_in: 0, data_move_out: 0
I20260924 13:02:22.299135 1844089 Coordinator.h:310] commit: 7998 abort: 112 (0/112/0), persistence latency 0, txn latency 0, queued lock latency 0, lock latency 0, active_txns 0, n_failed_read_lock 0, n_failed_write_lock 0, n_failed_cmd_not_ready 0, n_failed_no_cmd 0, network size: 0, avg network size: 0, si_in_serializable: 0 0 %, local: 0 %, local_access: 40243, local_cxl_access: 0 (0%), remote_access: 40305, remote_access_with_req: 0 (0%), data_move_in: 0, data_move_out: 0
I20260924 13:02:23.299229 1844089 Coordinator.h:310] commit: 7989 abort: 127 (0/127/0), persistence latency 0, txn latency 0, queued lock latency 0, lock latency 0, active_txns 0, n_failed_read_lock 0, n_failed_write_lock 0, n_failed_cmd_not_ready 0, n_failed_no_cmd 0, network size: 0, avg network size: 0, si_in_serializable: 0 0 %, local: 0 %, local_access: 40205, local_cxl_access: 0 (0%), remote_access: 40287, remote_access_with_req: 0 (0%), data_move_in: 0, data_move_out: 0
I20260924 13:02:24.299337 1844089 Coordinator.h:310] commit: 7986 abort: 127 (0/127/0), persistence latency 0, txn latency 0, queued lock latency 0, lock latency 0, active_txns 0, n_failed_read_lock 0, n_failed_write_lock 0, n_failed_cmd_not_ready 0, n_failed_no_cmd 0, network size: 0, avg network size: 0, si_in_serializable: 0 0 %, local: 0 %, local_access: 40172, local_cxl_access: 0 (0%), remote_access: 40249, remote_access_with_req: 0 (0%), data_move_in: 0, data_move_out: 0
I20260924 13:02:25.299435 1844089 Coordinator.h:310] commit: 8014 abort: 112 (0/112/0), persistence latency 0, txn latency 0, queued lock latency 0, lock latency 0, active_txns 0, n_failed_read_lock 0, n_failed_write_lock 0, n_failed_cmd_not_ready 0, n_failed_no_cmd 0, network size: 0, avg network size: 0, si_in_serializable: 0 0 %, local: 0 %, local_access: 40288, local_cxl_access: 0 (0%), remote_access: 40346, remote_access_with_req: 0 (0%), data_move_in: 0, data_move_out: 0
I20260924 13:02:26.299562 1844089 Coordinator.h:310] commit: 8020 abort: 107 (0/107/0), persistence latency 0, txn latency 0, queued lock latency 0, lock latency 0, active_txns 0, n_failed_read_lock 0, n_failed_write_lock 0, n_failed_cmd_not_ready 0, n_failed_no_cmd 0, network size: 0, avg network size: 0, si_in_serializable: 0 0 %, local: 0 %, local_access: 40313, local_cxl_access: 0 (0%), remote_access: 40381, remote_access_with_req: 0 (0%), data_move_in: 0, data_move_out: 0
I20260924 13:02:27.299657 1844089 Coordinator.h:310] commit: 8012 abort: 136 (0/136/0), persistence latency 0, txn latency 0, queued lock latency 0, lock latency 0, active_txns 0, n_failed_read_lock 0, n_failed_write_lock 0, n_failed_cmd_not_ready 0, n_failed_no_cmd 0, network size: 0, avg network size: 0, si_in_serializable: 0 0 %, local: 0 %, local_access: 40326, local_cxl_access: 0 (0%), remote_access: 40390, remote_access_with_req: 0 (0%), data_move_in: 0, data_move_out: 0
I20260924 13:02:28.299880 1844089 Coordinator.h:310] commit: 7983 abort: 150 (0/150/0), persistence latency 0, txn latency 0, queued lock latency 0, lock latency 0, active_txns 0, n_failed_read_lock 0, n_failed_write_lock 0, n_failed_cmd_not_ready 0, n_failed_no_cmd 0, network size: 0, avg network size: 0, si_in_serializable: 0 0 %, local: 0 %, local_access: 40215, local_cxl_access: 0 (0%), remote_access: 40313, remote_access_with_req: 0 (0%), data_move_in: 0, data_move_out: 0
I20260924 13:02:29.299998 1844089 Coordinator.h:310] commit: 8017 abort: 111 (0/111/0), persistence latency 0, txn latency 0, queued lock latency 0, lock latency 0, active_txns 0, n_failed_read_lock 0, n_failed_write_lock 0, n_failed_cmd_not_ready 0, n_failed_no_cmd 0, network size: 0, avg network size: 0, si_in_serializable: 0 0 %, local: 0 %, local_access: 40306, local_cxl_access: 0 (0%), remote_access: 40363, remote_access_with_req: 0 (0%), data_move_in: 0, data_move_out: 0
I20260924 13:02:30.300218 1844089 Coordinator.h:310] commit: 7959 abort: 136 (0/136/0), persistence latency 0, txn latency 0, queued lock latency 0, lock latency 0, active_txns 0, n_failed_read_lock 0, n_failed_write_lock 0, n_failed_cmd_not_ready 0, n_failed_no_cmd 0, network size: 0, avg network size: 0, si_in_serializable: 0 0 %, local: 0 %, local_access: 40065, local_cxl_access: 0 (0%), remote_access: 40129, remote_access_with_req: 0 (0%), data_move_in: 0, data_move_out: 0
I20260924 13:02:31.300439 1844089 Coordinator.h:310] commit: 7969 abort: 123 (0/123/0), persistence latency 0, txn latency 0, queued lock latency 0, lock latency 0, active_txns 0, n_failed_read_lock 0, n_failed_write_lock 0, n_failed_cmd_not_ready 0, n_failed_no_cmd 0, network size: 0, avg network size: 0, si_in_serializable: 0 0 %, local: 0 %, local_access: 40100, local_cxl_access: 0 (0%), remote_access: 40161, remote_access_with_req: 0 (0%), data_move_in: 0, data_move_out: 0
I20260924 13:02:32.300660 1844089 Coordinator.h:310] commit: 7954 abort: 126 (0/126/0), persistence latency 0, txn latency 0, queued lock latency 0, lock latency 0, active_txns 0, n_failed_read_lock 0, n_failed_write_lock 0, n_failed_cmd_not_ready 0, n_failed_no_cmd 0, network size: 0, avg network size: 0, si_in_serializable: 0 0 %, local: 0 %, local_access: 40028, local_cxl_access: 0 (0%), remote_access: 40106, remote_access_with_req: 0 (0%), data_move_in: 0, data_move_out: 0
I20260924 13:02:33.300879 1844089 Coordinator.h:310] commit: 7963 abort: 133 (0/133/0), persistence latency 0, txn latency 0, queued lock latency 0, lock latency 0, active_txns 0, n_failed_read_lock 0, n_failed_write_lock 0, n_failed_cmd_not_ready 0, n_failed_no_cmd 0, network size: 0, avg network size: 0, si_in_serializable: 0 0 %, local: 0 %, local_access: 40096, local_cxl_access: 0 (0%), remote_access: 40165, remote_access_with_req: 0 (0%), data_move_in: 0, data_move_out: 0
I20260924 13:02:34.301097 1844089 Coordinator.h:310] commit: 7985 abort: 114 (0/114/0), persistence latency 0, txn latency 0, queued lock latency 0, lock latency 0, active_txns 0, n_failed_read_lock 0, n_failed_write_lock 0, n_failed_cmd_not_ready 0, n_failed_no_cmd 0, network size: 0, avg network size: 0, si_in_serializable: 0 0 %, local: 0 %, local_access: 40167, local_cxl_access: 0 (0%), remote_access: 40235, remote_access_with_req: 0 (0%), data_move_in: 0, data_move_out: 0
I20260924 13:02:35.301316 1844089 Coordinator.h:310] commit: 7990 abort: 153 (0/153/0), persistence latency 0, txn latency 0, queued lock latency 0, lock latency 0, active_txns 0, n_failed_read_lock 0, n_failed_write_lock 0, n_failed_cmd_not_ready 0, n_failed_no_cmd 0, network size: 0, avg network size: 0, si_in_serializable: 0 0 %, local: 0 %, local_access: 40259, local_cxl_access: 0 (0%), remote_access: 40349, remote_access_with_req: 0 (0%), data_move_in: 0, data_move_out: 0
I20260924 13:02:36.301610 1844089 Coordinator.h:310] commit: 8034 abort: 125 (0/125/0), persistence latency 0, txn latency 0, queued lock latency 0, lock latency 0, active_txns 0, n_failed_read_lock 0, n_failed_write_lock 0, n_failed_cmd_not_ready 0, n_failed_no_cmd 0, network size: 0, avg network size: 0, si_in_serializable: 0 0 %, local: 0 %, local_access: 40422, local_cxl_access: 0 (0%), remote_access: 40484, remote_access_with_req: 0 (0%), data_move_in: 0, data_move_out: 0
I20260924 13:02:37.302747 1844089 Coordinator.h:310] commit: 8023 abort: 145 (0/145/0), persistence latency 0, txn latency 0, queued lock latency 0, lock latency 0, active_txns 0, n_failed_read_lock 0, n_failed_write_lock 0, n_failed_cmd_not_ready 0, n_failed_no_cmd 0, network size: 0, avg network size: 0, si_in_serializable: 0 0 %, local: 0 %, local_access: 40406, local_cxl_access: 0 (0%), remote_access: 40482, remote_access_with_req: 0 (0%), data_move_in: 0, data_move_out: 0
I20260924 13:02:38.302841 1844089 Coordinator.h:310] commit: 8013 abort: 147 (0/147/0), persistence latency 0, txn latency 0, queued lock latency 0, lock latency 0, active_txns 0, n_failed_read_lock 0, n_failed_write_lock 0, n_failed_cmd_not_ready 0, n_failed_no_cmd 0, network size: 0, avg network size: 0, si_in_serializable: 0 0 %, local: 0 %, local_access: 40378, local_cxl_access: 0 (0%), remote_access: 40447, remote_access_with_req: 0 (0%), data_move_in: 0, data_move_out: 0
I20260924 13:02:39.302933 1844089 Coordinator.h:310] commit: 8050 abort: 135 (0/135/0), persistence latency 0, txn latency 0, queued lock latency 0, lock latency 0, active_txns 0, n_failed_read_lock 0, n_failed_write_lock 0, n_failed_cmd_not_ready 0, n_failed_no_cmd 0, network size: 0, avg network size: 0, si_in_serializable: 0 0 %, local: 0 %, local_access: 40519, local_cxl_access: 0 (0%), remote_access: 40598, remote_access_with_req: 0 (0%), data_move_in: 0, data_move_out: 0
I20260924 13:02:40.303324 1844089 Coordinator.h:310] commit: 8052 abort: 125 (0/125/0), persistence latency 0, txn latency 0, queued lock latency 0, lock latency 0, active_txns 0, n_failed_read_lock 0, n_failed_write_lock 0, n_failed_cmd_not_ready 0, n_failed_no_cmd 0, network size: 0, avg network size: 0, si_in_serializable: 0 0 %, local: 0 %, local_access: 40526, local_cxl_access: 0 (0%), remote_access: 40579, remote_access_with_req: 0 (0%), data_move_in: 0, data_move_out: 0
I20260924 13:02:41.303417 1844089 Coordinator.h:310] commit: 8042 abort: 124 (0/124/0), persistence latency 0, txn latency 0, queued lock latency 0, lock latency 0, active_txns 0, n_failed_read_lock 0, n_failed_write_lock 0, n_failed_cmd_not_ready 0, n_failed_no_cmd 0, network size: 0, avg network size: 0, si_in_serializable: 0 0 %, local: 0 %, local_access: 40447, local_cxl_access: 0 (0%), remote_access: 40520, remote_access_with_req: 0 (0%), data_move_in: 0, data_move_out: 0
I20260924 13:02:42.303511 1844089 Coordinator.h:310] commit: 8043 abort: 128 (0/128/0), persistence latency 0, txn latency 0, queued lock latency 0, lock latency 0, active_txns 0, n_failed_read_lock 0, n_failed_write_lock 0, n_failed_cmd_not_ready 0, n_failed_no_cmd 0, network size: 0, avg network size: 0, si_in_serializable: 0 0 %, local: 0 %, local_access: 40511, local_cxl_access: 0 (0%), remote_access: 40584, remote_access_with_req: 0 (0%), data_move_in: 0, data_move_out: 0
I20260924 13:02:43.303733 1844089 Coordinator.h:310] commit: 8073 abort: 118 (0/118/0), persistence latency 0, txn latency 0, queued lock latency 0, lock latency 0, active_txns 0, n_failed_read_lock 0, n_failed_write_lock 0, n_failed_cmd_not_ready 0, n_failed_no_cmd 0, network size: 0, avg network size: 0, si_in_serializable: 0 0 %, local: 0 %, local_access: 40615, local_cxl_access: 0 (0%), remote_access: 40680, remote_access_with_req: 0 (0%), data_move_in: 0, data_move_out: 0
I20260924 13:02:44.303855 1844089 Coordinator.h:310] commit: 8022 abort: 138 (0/138/0), persistence latency 0, txn latency 0, queued lock latency 0, lock latency 0, active_txns 0, n_failed_read_lock 0, n_failed_write_lock 0, n_failed_cmd_not_ready 0, n_failed_no_cmd 0, network size: 0, avg network size: 0, si_in_serializable: 0 0 %, local: 0 %, local_access: 40410, local_cxl_access: 0 (0%), remote_access: 40485, remote_access_with_req: 0 (0%), data_move_in: 0, data_move_out: 0
I20260924 13:02:45.303982 1844089 Coordinator.h:310] commit: 8066 abort: 126 (0/126/0), persistence latency 0, txn latency 0, queued lock latency 0, lock latency 0, active_txns 0, n_failed_read_lock 0, n_failed_write_lock 0, n_failed_cmd_not_ready 0, n_failed_no_cmd 0, network size: 0, avg network size: 0, si_in_serializable: 0 0 %, local: 0 %, local_access: 40576, local_cxl_access: 0 (0%), remote_access: 40646, remote_access_with_req: 0 (0%), data_move_in: 0, data_move_out: 0
I20260924 13:02:46.304097 1844089 Coordinator.h:310] commit: 8024 abort: 155 (0/155/0), persistence latency 0, txn latency 0, queued lock latency 0, lock latency 0, active_txns 0, n_failed_read_lock 0, n_failed_write_lock 0, n_failed_cmd_not_ready 0, n_failed_no_cmd 0, network size: 0, avg network size: 0, si_in_serializable: 0 0 %, local: 0 %, local_access: 40442, local_cxl_access: 0 (0%), remote_access: 40535, remote_access_with_req: 0 (0%), data_move_in: 0, data_move_out: 0
I20260924 13:02:47.304317 1844089 Coordinator.h:310] commit: 8079 abort: 120 (0/120/0), persistence latency 0, txn latency 0, queued lock latency 0, lock latency 0, active_txns 0, n_failed_read_lock 0, n_failed_write_lock 0, n_failed_cmd_not_ready 0, n_failed_no_cmd 0, network size: 0, avg network size: 0, si_in_serializable: 0 0 %, local: 0 %, local_access: 40637, local_cxl_access: 0 (0%), remote_access: 40703, remote_access_with_req: 0 (0%), data_move_in: 0, data_move_out: 0
I20260924 13:02:48.304538 1844089 Coordinator.h:310] commit: 8034 abort: 125 (0/125/0), persistence latency 0, txn latency 0, queued lock latency 0, lock latency 0, active_txns 0, n_failed_read_lock 0, n_failed_write_lock 0, n_failed_cmd_not_ready 0, n_failed_no_cmd 0, network size: 0, avg network size: 0, si_in_serializable: 0 0 %, local: 0 %, local_access: 40452, local_cxl_access: 0 (0%), remote_access: 40526, remote_access_with_req: 0 (0%), data_move_in: 0, data_move_out: 0
I20260924 13:02:49.304755 1844089 Coordinator.h:310] commit: 8032 abort: 119 (0/119/0), persistence latency 0, txn latency 0, queued lock latency 0, lock latency 0, active_txns 0, n_failed_read_lock 0, n_failed_write_lock 0, n_failed_cmd_not_ready 0, n_failed_no_cmd 0, network size: 0, avg network size: 0, si_in_serializable: 0 0 %, local: 0 %, local_access: 40439, local_cxl_access: 0 (0%), remote_access: 40511, remote_access_with_req: 0 (0%), data_move_in: 0, data_move_out: 0
I20260924 13:02:50.304850 1844089 Coordinator.h:310] commit: 8055 abort: 117 (0/117/0), persistence latency 0, txn latency 0, queued lock latency 0, lock latency 0, active_txns 0, n_failed_read_lock 0, n_failed_write_lock 0, n_failed_cmd_not_ready 0, n_failed_no_cmd 0, network size: 0, avg network size: 0, si_in_serializable: 0 0 %, local: 0 %, local_access: 40551, local_cxl_access: 0 (0%), remote_access: 40606, remote_access_with_req: 0 (0%), data_move_in: 0, data_move_out: 0
I20260924 13:02:51.305068 1844089 Coordinator.h:310] commit: 8058 abort: 128 (0/128/0), persistence latency 0, txn latency 0, queued lock latency 0, lock latency 0, active_txns 0, n_failed_read_lock 0, n_failed_write_lock 0, n_failed_cmd_not_ready 0, n_failed_no_cmd 0, network size: 0, avg network size: 0, si_in_serializable: 0 0 %, local: 0 %, local_access: 40548, local_cxl_access: 0 (0%), remote_access: 40628, remote_access_with_req: 0 (0%), data_move_in: 0, data_move_out: 0
I20260924 13:02:52.305282 1844089 Coordinator.h:310] commit: 8041 abort: 152 (0/152/0), persistence latency 0, txn latency 0, queued lock latency 0, lock latency 0, active_txns 0, n_failed_read_lock 0, n_failed_write_lock 0, n_failed_cmd_not_ready 0, n_failed_no_cmd 0, network size: 0, avg network size: 0, si_in_serializable: 0 0 %, local: 0 %, local_access: 40472, local_cxl_access: 0 (0%), remote_access: 40560, remote_access_with_req: 0 (0%), data_move_in: 0, data_move_out: 0
I20260924 13:02:53.305507 1844089 Coordinator.h:310] commit: 8046 abort: 131 (0/131/0), persistence latency 0, txn latency 0, queued lock latency 0, lock latency 0, active_txns 0, n_failed_read_lock 0, n_failed_write_lock 0, n_failed_cmd_not_ready 0, n_failed_no_cmd 0, network size: 0, avg network size: 0, si_in_serializable: 0 0 %, local: 0 %, local_access: 40502, local_cxl_access: 0 (0%), remote_access: 40571, remote_access_with_req: 0 (0%), data_move_in: 0, data_move_out: 0
I20260924 13:02:54.306913 1844089 Coordinator.h:310] commit: 8056 abort: 134 (0/134/0), persistence latency 0, txn latency 0, queued lock latency 0, lock latency 0, active_txns 0, n_failed_read_lock 0, n_failed_write_lock 0, n_failed_cmd_not_ready 0, n_failed_no_cmd 0, network size: 0, avg network size: 0, si_in_serializable: 0 0 %, local: 0 %, local_access: 40555, local_cxl_access: 0 (0%), remote_access: 40633, remote_access_with_req: 0 (0%), data_move_in: 0, data_move_out: 0
I20260924 13:02:55.307081 1844089 Coordinator.h:310] commit: 8051 abort: 143 (0/143/0), persistence latency 0, txn latency 0, queued lock latency 0, lock latency 0, active_txns 0, n_failed_read_lock 0, n_failed_write_lock 0, n_failed_cmd_not_ready 0, n_failed_no_cmd 0, network size: 0, avg network size: 0, si_in_serializable: 0 0 %, local: 0 %, local_access: 40549, local_cxl_access: 0 (0%), remote_access: 40633, remote_access_with_req: 0 (0%), data_move_in: 0, data_move_out: 0
I20260924 13:02:56.307307 1844089 Coordinator.h:310] commit: 8043 abort: 127 (0/127/0), persistence latency 0, txn latency 0, queued lock latency 0, lock latency 0, active_txns 0, n_failed_read_lock 0, n_failed_write_lock 0, n_failed_cmd_not_ready 0, n_failed_no_cmd 0, network size: 0, avg network size: 0, si_in_serializable: 0 0 %, local: 0 %, local_access: 40497, local_cxl_access: 0 (0%), remote_access: 40567, remote_access_with_req: 0 (0%), data_move_in: 0, data_move_out: 0
I20260924 13:02:57.307399 1844089 Coordinator.h:310] commit: 8050 abort: 137 (0/137/0), persistence latency 0, txn latency 0, queued lock latency 0, lock latency 0, active_txns 0, n_failed_read_lock 0, n_failed_write_lock 0, n_failed_cmd_not_ready 0, n_failed_no_cmd 0, network size: 0, avg network size: 0, si_in_serializable: 0 0 %, local: 0 %, local_access: 40516, local_cxl_access: 0 (0%), remote_access: 40587, remote_access_with_req: 0 (0%), data_move_in: 0, data_move_out: 0
I20260924 13:02:58.307525 1844089 Coordinator.h:310] commit: 8062 abort: 125 (0/125/0), persistence latency 0, txn latency 0, queued lock latency 0, lock latency 0, active_txns 0, n_failed_read_lock 0, n_failed_write_lock 0, n_failed_cmd_not_ready 0, n_failed_no_cmd 0, network size: 0, avg network size: 0, si_in_serializable: 0 0 %, local: 0 %, local_access: 40566, local_cxl_access: 0 (0%), remote_access: 40642, remote_access_with_req: 0 (0%), data_move_in: 0, data_move_out: 0
I20260924 13:02:59.307649 1844089 Coordinator.h:310] commit: 8054 abort: 117 (0/117/0), persistence latency 0, txn latency 0, queued lock latency 0, lock latency 0, active_txns 0, n_failed_read_lock 0, n_failed_write_lock 0, n_failed_cmd_not_ready 0, n_failed_no_cmd 0, network size: 0, avg network size: 0, si_in_serializable: 0 0 %, local: 0 %, local_access: 40501, local_cxl_access: 0 (0%), remote_access: 40568, remote_access_with_req: 0 (0%), data_move_in: 0, data_move_out: 0
I20260924 13:03:00.307873 1844089 Coordinator.h:310] commit: 8041 abort: 115 (0/115/0), persistence latency 0, txn latency 0, queued lock latency 0, lock latency 0, active_txns 0, n_failed_read_lock 0, n_failed_write_lock 0, n_failed_cmd_not_ready 0, n_failed_no_cmd 0, network size: 0, avg network size: 0, si_in_serializable: 0 0 %, local: 0 %, local_access: 40459, local_cxl_access: 0 (0%), remote_access: 40514, remote_access_with_req: 0 (0%), data_move_in: 0, data_move_out: 0
I20260924 13:03:01.308089 1844089 Coordinator.h:310] commit: 8002 abort: 134 (0/134/0), persistence latency 0, txn latency 0, queued lock latency 0, lock latency 0, active_txns 0, n_failed_read_lock 0, n_failed_write_lock 0, n_failed_cmd_not_ready 0, n_failed_no_cmd 0, network size: 0, avg network size: 0, si_in_serializable: 0 0 %, local: 0 %, local_access: 40266, local_cxl_access: 0 (0%), remote_access: 40348, remote_access_with_req: 0 (0%), data_move_in: 0, data_move_out: 0
I20260924 13:03:02.308311 1844089 Coordinator.h:310] commit: 7996 abort: 124 (0/124/0), persistence latency 0, txn latency 0, queued lock latency 0, lock latency 0, active_txns 0, n_failed_read_lock 0, n_failed_write_lock 0, n_failed_cmd_not_ready 0, n_failed_no_cmd 0, network size: 0, avg network size: 0, si_in_serializable: 0 0 %, local: 0 %, local_access: 40230, local_cxl_access: 0 (0%), remote_access: 40297, remote_access_with_req: 0 (0%), data_move_in: 0, data_move_out: 0
I20260924 13:03:03.308422 1844089 Coordinator.h:310] commit: 8001 abort: 90 (0/90/0), persistence latency 0, txn latency 0, queued lock latency 0, lock latency 0, active_txns 0, n_failed_read_lock 0, n_failed_write_lock 0, n_failed_cmd_not_ready 0, n_failed_no_cmd 0, network size: 0, avg network size: 0, si_in_serializable: 0 0 %, local: 0 %, local_access: 40190, local_cxl_access: 0 (0%), remote_access: 40240, remote_access_with_req: 0 (0%), data_move_in: 0, data_move_out: 0
I20260924 13:03:04.308537 1844089 Coordinator.h:310] commit: 7985 abort: 126 (0/126/0), persistence latency 0, txn latency 0, queued lock latency 0, lock latency 0, active_txns 0, n_failed_read_lock 0, n_failed_write_lock 0, n_failed_cmd_not_ready 0, n_failed_no_cmd 0, network size: 0, avg network size: 0, si_in_serializable: 0 0 %, local: 0 %, local_access: 40171, local_cxl_access: 0 (0%), remote_access: 40245, remote_access_with_req: 0 (0%), data_move_in: 0, data_move_out: 0
I20260924 13:03:05.308653 1844089 Coordinator.h:310] commit: 7976 abort: 135 (0/135/0), persistence latency 0, txn latency 0, queued lock latency 0, lock latency 0, active_txns 0, n_failed_read_lock 0, n_failed_write_lock 0, n_failed_cmd_not_ready 0, n_failed_no_cmd 0, network size: 0, avg network size: 0, si_in_serializable: 0 0 %, local: 0 %, local_access: 40136, local_cxl_access: 0 (0%), remote_access: 40213, remote_access_with_req: 0 (0%), data_move_in: 0, data_move_out: 0
I20260924 13:03:06.308871 1844089 Coordinator.h:310] commit: 7994 abort: 113 (0/113/0), persistence latency 0, txn latency 0, queued lock latency 0, lock latency 0, active_txns 0, n_failed_read_lock 0, n_failed_write_lock 0, n_failed_cmd_not_ready 0, n_failed_no_cmd 0, network size: 0, avg network size: 0, si_in_serializable: 0 0 %, local: 0 %, local_access: 40226, local_cxl_access: 0 (0%), remote_access: 40287, remote_access_with_req: 0 (0%), data_move_in: 0, data_move_out: 0
I20260924 13:03:07.309087 1844089 Coordinator.h:310] commit: 8011 abort: 122 (0/122/0), persistence latency 0, txn latency 0, queued lock latency 0, lock latency 0, active_txns 0, n_failed_read_lock 0, n_failed_write_lock 0, n_failed_cmd_not_ready 0, n_failed_no_cmd 0, network size: 0, avg network size: 0, si_in_serializable: 0 0 %, local: 0 %, local_access: 40269, local_cxl_access: 0 (0%), remote_access: 40336, remote_access_with_req: 0 (0%), data_move_in: 0, data_move_out: 0
I20260924 13:03:08.309311 1844089 Coordinator.h:310] commit: 7971 abort: 140 (0/140/0), persistence latency 0, txn latency 0, queued lock latency 0, lock latency 0, active_txns 0, n_failed_read_lock 0, n_failed_write_lock 0, n_failed_cmd_not_ready 0, n_failed_no_cmd 0, network size: 0, avg network size: 0, si_in_serializable: 0 0 %, local: 0 %, local_access: 40144, local_cxl_access: 0 (0%), remote_access: 40230, remote_access_with_req: 0 (0%), data_move_in: 0, data_move_out: 0
I20260924 13:03:09.309610 1844089 Coordinator.h:310] commit: 7964 abort: 150 (0/150/0), persistence latency 0, txn latency 0, queued lock latency 0, lock latency 0, active_txns 0, n_failed_read_lock 0, n_failed_write_lock 0, n_failed_cmd_not_ready 0, n_failed_no_cmd 0, network size: 0, avg network size: 0, si_in_serializable: 0 0 %, local: 0 %, local_access: 40124, local_cxl_access: 0 (0%), remote_access: 40209, remote_access_with_req: 0 (0%), data_move_in: 0, data_move_out: 0
I20260924 13:03:10.310546 1844089 Coordinator.h:310] commit: 7971 abort: 135 (0/135/0), persistence latency 0, txn latency 0, queued lock latency 0, lock latency 0, active_txns 0, n_failed_read_lock 0, n_failed_write_lock 0, n_failed_cmd_not_ready 0, n_failed_no_cmd 0, network size: 0, avg network size: 0, si_in_serializable: 0 0 %, local: 0 %, local_access: 40130, local_cxl_access: 0 (0%), remote_access: 40206, remote_access_with_req: 0 (0%), data_move_in: 0, data_move_out: 0
I20260924 13:03:11.310976 1844089 Coordinator.h:310] commit: 8001 abort: 128 (0/128/0), persistence latency 0, txn latency 0, queued lock latency 0, lock latency 0, active_txns 0, n_failed_read_lock 0, n_failed_write_lock 0, n_failed_cmd_not_ready 0, n_failed_no_cmd 0, network size: 0, avg network size: 0, si_in_serializable: 0 0 %, local: 0 %, local_access: 40258, local_cxl_access: 0 (0%), remote_access: 40324, remote_access_with_req: 0 (0%), data_move_in: 0, data_move_out: 0
I20260924 13:03:12.311107 1844089 Coordinator.h:310] commit: 7963 abort: 140 (0/140/0), persistence latency 0, txn latency 0, queued lock latency 0, lock latency 0, active_txns 0, n_failed_read_lock 0, n_failed_write_lock 0, n_failed_cmd_not_ready 0, n_failed_no_cmd 0, network size: 0, avg network size: 0, si_in_serializable: 0 0 %, local: 0 %, local_access: 40060, local_cxl_access: 0 (0%), remote_access: 40162, remote_access_with_req: 0 (0%), data_move_in: 0, data_move_out: 0
I20260924 13:03:13.311210 1844089 Coordinator.h:310] commit: 7989 abort: 118 (0/118/0), persistence latency 0, txn latency 0, queued lock latency 0, lock latency 0, active_txns 0, n_failed_read_lock 0, n_failed_write_lock 0, n_failed_cmd_not_ready 0, n_failed_no_cmd 0, network size: 0, avg network size: 0, si_in_serializable: 0 0 %, local: 0 %, local_access: 40179, local_cxl_access: 0 (0%), remote_access: 40243, remote_access_with_req: 0 (0%), data_move_in: 0, data_move_out: 0
I20260924 13:03:14.311312 1844089 Coordinator.h:310] commit: 7986 abort: 113 (0/113/0), persistence latency 0, txn latency 0, queued lock latency 0, lock latency 0, active_txns 0, n_failed_read_lock 0, n_failed_write_lock 0, n_failed_cmd_not_ready 0, n_failed_no_cmd 0, network size: 0, avg network size: 0, si_in_serializable: 0 0 %, local: 0 %, local_access: 40198, local_cxl_access: 0 (0%), remote_access: 40264, remote_access_with_req: 0 (0%), data_move_in: 0, data_move_out: 0
I20260924 13:03:15.311539 1844089 Coordinator.h:310] commit: 8024 abort: 115 (0/115/0), persistence latency 0, txn latency 0, queued lock latency 0, lock latency 0, active_txns 0, n_failed_read_lock 0, n_failed_write_lock 0, n_failed_cmd_not_ready 0, n_failed_no_cmd 0, network size: 0, avg network size: 0, si_in_serializable: 0 0 %, local: 0 %, local_access: 40349, local_cxl_access: 0 (0%), remote_access: 40414, remote_access_with_req: 0 (0%), data_move_in: 0, data_move_out: 0
I20260924 13:03:16.311764 1844089 Coordinator.h:310] commit: 7998 abort: 112 (0/112/0), persistence latency 0, txn latency 0, queued lock latency 0, lock latency 0, active_txns 0, n_failed_read_lock 0, n_failed_write_lock 0, n_failed_cmd_not_ready 0, n_failed_no_cmd 0, network size: 0, avg network size: 0, si_in_serializable: 0 0 %, local: 0 %, local_access: 40220, local_cxl_access: 0 (0%), remote_access: 40285, remote_access_with_req: 0 (0%), data_move_in: 0, data_move_out: 0
I20260924 13:03:17.311985 1844089 Coordinator.h:310] commit: 7962 abort: 150 (0/150/0), persistence latency 0, txn latency 0, queued lock latency 0, lock latency 0, active_txns 0, n_failed_read_lock 0, n_failed_write_lock 0, n_failed_cmd_not_ready 0, n_failed_no_cmd 0, network size: 0, avg network size: 0, si_in_serializable: 0 0 %, local: 0 %, local_access: 40136, local_cxl_access: 0 (0%), remote_access: 40219, remote_access_with_req: 0 (0%), data_move_in: 0, data_move_out: 0
I20260924 13:03:18.312208 1844089 Coordinator.h:310] commit: 7981 abort: 119 (0/119/0), persistence latency 0, txn latency 0, queued lock latency 0, lock latency 0, active_txns 0, n_failed_read_lock 0, n_failed_write_lock 0, n_failed_cmd_not_ready 0, n_failed_no_cmd 0, network size: 0, avg network size: 0, si_in_serializable: 0 0 %, local: 0 %, local_access: 40162, local_cxl_access: 0 (0%), remote_access: 40221, remote_access_with_req: 0 (0%), data_move_in: 0, data_move_out: 0
I20260924 13:03:19.312428 1844089 Coordinator.h:310] commit: 7986 abort: 131 (0/131/0), persistence latency 0, txn latency 0, queued lock latency 0, lock latency 0, active_txns 0, n_failed_read_lock 0, n_failed_write_lock 0, n_failed_cmd_not_ready 0, n_failed_no_cmd 0, network size: 0, avg network size: 0, si_in_serializable: 0 0 %, local: 0 %, local_access: 40161, local_cxl_access: 0 (0%), remote_access: 40244, remote_access_with_req: 0 (0%), data_move_in: 0, data_move_out: 0
I20260924 13:03:19.312454 1844089 Coordinator.h:348] average commit: 8010.6 abort: 127.367 (0/127.367/0), abort_rate: 0.0156509, network size: 0, avg network size: 0, si_in_serializable: 0 0 %, local: 0 %, local_access: 1209325, local_cxl_access: 0 (0%), remote_access: 1211496, remote_access_with_req: 0 (0%), data_move_in: 0, data_move_out: 0
I20260924 13:03:19.312477 1844089 Executor.h:236] Worker 0 latency: 297 us (50%) 313 us (75%) 1053 us (95%) 1218 us (99%). dist txn latency: 297 us (50%) 313 us (75%) 1057 us (95%) 1223 us (99%)  avg 378 us . local txn latency: 0 us (50%) 0 us (75%) 0 us (95%) 0 us (99%)  avg 0 us. txn commit latency: 298 us (50%) 313 us (75%) 1066 us (95%) 1223 us (99%) avg 378 us.
 LOCAL txn stall 0 us,  local_work 0 us,  remote_work 0 us,  commit_work 0 us,  commit_prepare 0 us,  commit_persistence 0 us,  commit_write_back 0 us,  commit_replication 0 us,  commit_release_lock 0 us 
 DIST txn stall 0 us,  local_work 357 us,  remote_work 0 us,  commit_work 16 us,  commit_prepare 2 us,  commit_persistence 0 us,  commit_write_back 4 us,  commit_replication 0 us,  commit_release_lock 7 us 
I20260924 13:03:19.313517 1844089 Executor.h:267] message stats, type: 0 count: 0 total size: 0
I20260924 13:03:19.313524 1844089 Executor.h:267] message stats, type: 1 count: 0 total size: 0
I20260924 13:03:19.313527 1844089 Executor.h:267] message stats, type: 2 count: 0 total size: 0
I20260924 13:03:19.313532 1844089 Executor.h:267] message stats, type: 3 count: 0 total size: 0
I20260924 13:03:19.313536 1844089 Executor.h:267] message stats, type: 4 count: 0 total size: 0
I20260924 13:03:19.313539 1844089 Executor.h:267] message stats, type: 5 count: 0 total size: 0
I20260924 13:03:19.313544 1844089 Executor.h:267] message stats, type: 6 count: 0 total size: 0
I20260924 13:03:19.313548 1844089 Executor.h:267] message stats, type: 7 count: 0 total size: 0
I20260924 13:03:19.313552 1844089 Executor.h:267] message stats, type: 8 count: 0 total size: 0
I20260924 13:03:19.313556 1844089 Executor.h:267] message stats, type: 9 count: 0 total size: 0
I20260924 13:03:19.313560 1844089 Executor.h:267] message stats, type: 10 count: 0 total size: 0
I20260924 13:03:19.313563 1844089 Executor.h:267] message stats, type: 11 count: 0 total size: 0
I20260924 13:03:19.322613 1844161 Manager.h:234] Manager(worker id = 3) on the non-coordinator node exits.
I20260924 13:03:19.322588 1844160 Executor.h:231] Executor 2 exits.
I20260924 13:03:19.322588 1844159 Executor.h:231] Executor 1 exits.
I20260924 13:03:19.322588 1844158 Executor.h:231] Executor 0 exits.
I20260924 13:03:19.325120 1844089 Executor.h:236] Worker 1 latency: 298 us (50%) 314 us (75%) 1065 us (95%) 1216 us (99%). dist txn latency: 298 us (50%) 314 us (75%) 1068 us (95%) 1223 us (99%)  avg 380 us . local txn latency: 0 us (50%) 0 us (75%) 0 us (95%) 0 us (99%)  avg 0 us. txn commit latency: 298 us (50%) 314 us (75%) 1059 us (95%) 1218 us (99%) avg 378 us.
 LOCAL txn stall 0 us,  local_work 0 us,  remote_work 0 us,  commit_work 0 us,  commit_prepare 0 us,  commit_persistence 0 us,  commit_write_back 0 us,  commit_replication 0 us,  commit_release_lock 0 us 
 DIST txn stall 0 us,  local_work 355 us,  remote_work 0 us,  commit_work 16 us,  commit_prepare 3 us,  commit_persistence 0 us,  commit_write_back 4 us,  commit_replication 0 us,  commit_release_lock 7 us 
I20260924 13:03:19.326512 1844089 Executor.h:236] Worker 2 latency: 285 us (50%) 299 us (75%) 1026 us (95%) 1199 us (99%). dist txn latency: 286 us (50%) 299 us (75%) 1037 us (95%) 1199 us (99%)  avg 364 us . local txn latency: 0 us (50%) 0 us (75%) 0 us (95%) 0 us (99%)  avg 0 us. txn commit latency: 285 us (50%) 299 us (75%) 1029 us (95%) 1200 us (99%) avg 361 us.
 LOCAL txn stall 0 us,  local_work 0 us,  remote_work 0 us,  commit_work 0 us,  commit_prepare 0 us,  commit_persistence 0 us,  commit_write_back 0 us,  commit_replication 0 us,  commit_release_lock 0 us 
 DIST txn stall 0 us,  local_work 341 us,  remote_work 0 us,  commit_work 15 us,  commit_prepare 2 us,  commit_persistence 0 us,  commit_write_back 3 us,  commit_replication 0 us,  commit_release_lock 7 us 
I20260924 13:03:19.327617 1844089 CXLMemory.h:227] local CXL memory usage: size_index_usage: 0 size_metadata_usage: 0 size_data_usage: 0 size_transport_usage: 0 size_misc_usage: 0 total_size_hw_cc_usage: 0 total_usage: 0
I20260924 13:03:19.327646 1844157 Dispatcher.h:261] Handling coordinator message took 5
I20260924 13:03:20.327721 1844156 Dispatcher.h:160] Incoming Dispatcher exits, network size: 132. socket_message_recv_latency(50th) 0 socket_message_recv_latency(75th) 0 socket_message_recv_latency(95th) 0 socket_message_recv_latency(99th) 0 internal_message_recv_latency(50th) 0 socket_message_recv_cnt 0 socket_read_syscall 0 internal_message_recv_cnt 0
I20260924 13:03:20.327732 1844157 Dispatcher.h:292] Outgoing Dispatcher exits, network size: 252. msg_send_latency(50th) 0 msg_send_latency(75th) 0 msg_send_latency(95th) 0 msg_send_latency(99th) 0 msg_send_latency(avg) 0 msg_gen_to_sent_latency(50th) 0 msg_gen_to_sent_latency(75th) 0 msg_gen_to_sent_latency(95th) 0 msg_gen_to_sent_latency(99th) 0 msg_gen_to_queue_latency(50th) 0 msg_gen_to_queue_latency(75th) 0 msg_gen_to_queue_latency(95th) 0 msg_gen_to_queue_latency(99th) 0 msg_disp_ltc(50th) 0 msg_disp_ltc(75th) 0 msg_disp_ltc(95th) 0 msg_disp_ltc(99th) 0 msg_disp_ltc(100th) 0 send_ltc(50th) 0 send_ltc(75th) 0 send_ltc(95th) 0 send_ltc(99th) 0 send_ltc(100th) 0 send_ltc(avg) 0 sendto_cnt 3 network_size 252 network_msg_cnt 2 network_msg_group_size avg 0 50th 0 internal_network_size 0 internal_network_msg_cnt 0
I20260924 13:03:22.847278 1844089 Coordinator.h:420] Coordinator exits.
TIGON_RUN_END run_id=cmp_50_y_rw50_c100_r2 host_id=1 status=ok exit_code=0
