TIGON_RUN_META system=ub workload=ycsb run_id=cmp_50_y_rw50_c0_r3 host_id=1 repetition=3 mode=one-sided query=rmw transport=ubq partitions=2 workers=3 keys=300000 rw_ratio=50 zipf=0.7 cross_ratio=0 neworder_dist= payment_dist= warmup_seconds=30 run_seconds=30 total_seconds=60 logging=off
I20260924 13:03:22.913517 1844563 bench_ycsb.cpp:68] RW_RATIO = 50, ZIPF_THETA = 0.7, CROSS_RATIO = 0
I20260924 13:03:22.914567 1844563 bench_ycsb.cpp:69] checkpoint 0 to 
I20260924 13:03:22.914572 1844563 bench_ycsb.cpp:70] cross_part_num 2
I20260924 13:03:22.914577 1844563 bench_ycsb.cpp:71] lotus_sp_parallel_exec_commit 0
I20260924 13:03:22.914580 1844563 bench_ycsb.cpp:72] granules_per_partition 1
I20260924 13:03:22.914585 1844563 bench_ycsb.cpp:73] keysPerGranule 300000
[2026-09-24 13:03:23.341 +08:00][ERROR][1844563][281473580978208][shm_ipc_command.cpp:183] IpcCallShmMap response error : 606
[2026-09-24 13:03:23.341 +08:00][ERROR][1844563][281473580978208][RackMemShm.cpp:322] Failed to mmap, name=ubfb545d7_one-sided_rmw_ubq_0, mapSize=2147483648, ret=606
[2026-09-24 13:03:23.341 +08:00][ERROR][1844563][281473580978208][mxmem_shmem.cpp:473] Failed to mmap shared memory, ret=606
[2026-09-24 13:03:23.444 +08:00][ERROR][1844563][281473580978208][shm_ipc_command.cpp:183] IpcCallShmMap response error : 606
[2026-09-24 13:03:23.444 +08:00][ERROR][1844563][281473580978208][RackMemShm.cpp:322] Failed to mmap, name=ubfb545d7_one-sided_rmw_ubq_0, mapSize=2147483648, ret=606
[2026-09-24 13:03:23.444 +08:00][ERROR][1844563][281473580978208][mxmem_shmem.cpp:473] Failed to mmap shared memory, ret=606
[2026-09-24 13:03:23.547 +08:00][ERROR][1844563][281473580978208][shm_ipc_command.cpp:183] IpcCallShmMap response error : 606
[2026-09-24 13:03:23.547 +08:00][ERROR][1844563][281473580978208][RackMemShm.cpp:322] Failed to mmap, name=ubfb545d7_one-sided_rmw_ubq_0, mapSize=2147483648, ret=606
[2026-09-24 13:03:23.547 +08:00][ERROR][1844563][281473580978208][mxmem_shmem.cpp:473] Failed to mmap shared memory, ret=606
[2026-09-24 13:03:23.649 +08:00][ERROR][1844563][281473580978208][shm_ipc_command.cpp:183] IpcCallShmMap response error : 606
[2026-09-24 13:03:23.649 +08:00][ERROR][1844563][281473580978208][RackMemShm.cpp:322] Failed to mmap, name=ubfb545d7_one-sided_rmw_ubq_0, mapSize=2147483648, ret=606
[2026-09-24 13:03:23.649 +08:00][ERROR][1844563][281473580978208][mxmem_shmem.cpp:473] Failed to mmap shared memory, ret=606
[2026-09-24 13:03:23.751 +08:00][ERROR][1844563][281473580978208][shm_ipc_command.cpp:183] IpcCallShmMap response error : 606
[2026-09-24 13:03:23.751 +08:00][ERROR][1844563][281473580978208][RackMemShm.cpp:322] Failed to mmap, name=ubfb545d7_one-sided_rmw_ubq_0, mapSize=2147483648, ret=606
[2026-09-24 13:03:23.751 +08:00][ERROR][1844563][281473580978208][mxmem_shmem.cpp:473] Failed to mmap shared memory, ret=606
[2026-09-24 13:03:23.860 +08:00][ERROR][1844563][281473580978208][shm_ipc_command.cpp:183] IpcCallShmMap response error : 800
[2026-09-24 13:03:23.860 +08:00][ERROR][1844563][281473580978208][RackMemShm.cpp:322] Failed to mmap, name=ubfb545d7_one-sided_rmw_ubq_0, mapSize=2147483648, ret=800
[2026-09-24 13:03:23.860 +08:00][ERROR][1844563][281473580978208][mxmem_shmem.cpp:473] Failed to mmap shared memory, ret=800
[2026-09-24 13:03:23.962 +08:00][ERROR][1844563][281473580978208][shm_ipc_command.cpp:183] IpcCallShmMap response error : 800
[2026-09-24 13:03:23.962 +08:00][ERROR][1844563][281473580978208][RackMemShm.cpp:322] Failed to mmap, name=ubfb545d7_one-sided_rmw_ubq_0, mapSize=2147483648, ret=800
[2026-09-24 13:03:23.962 +08:00][ERROR][1844563][281473580978208][mxmem_shmem.cpp:473] Failed to mmap shared memory, ret=800
[2026-09-24 13:03:24.065 +08:00][ERROR][1844563][281473580978208][shm_ipc_command.cpp:183] IpcCallShmMap response error : 800
[2026-09-24 13:03:24.065 +08:00][ERROR][1844563][281473580978208][RackMemShm.cpp:322] Failed to mmap, name=ubfb545d7_one-sided_rmw_ubq_0, mapSize=2147483648, ret=800
[2026-09-24 13:03:24.065 +08:00][ERROR][1844563][281473580978208][mxmem_shmem.cpp:473] Failed to mmap shared memory, ret=800
[2026-09-24 13:03:24.167 +08:00][ERROR][1844563][281473580978208][shm_ipc_command.cpp:183] IpcCallShmMap response error : 800
[2026-09-24 13:03:24.167 +08:00][ERROR][1844563][281473580978208][RackMemShm.cpp:322] Failed to mmap, name=ubfb545d7_one-sided_rmw_ubq_0, mapSize=2147483648, ret=800
[2026-09-24 13:03:24.167 +08:00][ERROR][1844563][281473580978208][mxmem_shmem.cpp:473] Failed to mmap shared memory, ret=800
[2026-09-24 13:03:24.271 +08:00][ERROR][1844563][281473580978208][shm_ipc_command.cpp:183] IpcCallShmMap response error : 800
[2026-09-24 13:03:24.271 +08:00][ERROR][1844563][281473580978208][RackMemShm.cpp:322] Failed to mmap, name=ubfb545d7_one-sided_rmw_ubq_0, mapSize=2147483648, ret=800
[2026-09-24 13:03:24.271 +08:00][ERROR][1844563][281473580978208][mxmem_shmem.cpp:473] Failed to mmap shared memory, ret=800
[2026-09-24 13:03:24.373 +08:00][ERROR][1844563][281473580978208][shm_ipc_command.cpp:183] IpcCallShmMap response error : 800
[2026-09-24 13:03:24.373 +08:00][ERROR][1844563][281473580978208][RackMemShm.cpp:322] Failed to mmap, name=ubfb545d7_one-sided_rmw_ubq_0, mapSize=2147483648, ret=800
[2026-09-24 13:03:24.373 +08:00][ERROR][1844563][281473580978208][mxmem_shmem.cpp:473] Failed to mmap shared memory, ret=800
[2026-09-24 13:03:24.477 +08:00][ERROR][1844563][281473580978208][shm_ipc_command.cpp:183] IpcCallShmMap response error : 800
[2026-09-24 13:03:24.477 +08:00][ERROR][1844563][281473580978208][RackMemShm.cpp:322] Failed to mmap, name=ubfb545d7_one-sided_rmw_ubq_0, mapSize=2147483648, ret=800
[2026-09-24 13:03:24.477 +08:00][ERROR][1844563][281473580978208][mxmem_shmem.cpp:473] Failed to mmap shared memory, ret=800
[2026-09-24 13:03:24.580 +08:00][ERROR][1844563][281473580978208][shm_ipc_command.cpp:183] IpcCallShmMap response error : 800
[2026-09-24 13:03:24.580 +08:00][ERROR][1844563][281473580978208][RackMemShm.cpp:322] Failed to mmap, name=ubfb545d7_one-sided_rmw_ubq_0, mapSize=2147483648, ret=800
[2026-09-24 13:03:24.580 +08:00][ERROR][1844563][281473580978208][mxmem_shmem.cpp:473] Failed to mmap shared memory, ret=800
I20260924 13:03:24.748046 1844563 UBMemory.cpp:138] UB memory initialized: local_region=1 regions=2 mode=one-sided bytes_per_region=2147483648
I20260924 13:03:27.217253 1844563 Database.h:82] ycsb initialization finished in 2469 milliseconds.
I20260924 13:03:27.219362 1844563 Coordinator.h:459] Coordinator 1 initializes UB inbox with 4096 entries of 8192 bytes
I20260924 13:03:27.219426 1844563 Coordinator.h:100] WAL Group Commiting off. Log to file _non_group_commit.txt using Blackhole Logger
I20260924 13:03:27.219434 1844563 Coordinator.h:104] Coordinator initializes 3 workers.
I20260924 13:03:27.220180 1844586 Coordinator.h:505] Listener 0 on coordinator 1 listening on 76.53.137.99:10010 tcp_no_delay 1 tcp_quick_ack 0
I20260924 13:03:27.220360 1844563 Coordinator.h:551] Coordinator 1 failed to connect 0(76.53.137.98:10010)'s listener 0, retry in 5 seconds.
I20260924 13:03:27.309284 1844586 Socket.h:69] Disabling nagle
I20260924 13:03:27.309312 1844586 Coordinator.h:520] Listener accepted connection from coordinator 0
I20260924 13:03:27.309317 1844586 Coordinator.h:523] Listener 0 on coordinator 1 exits.
I20260924 13:03:32.221285 1844563 Socket.h:69] Disabling nagle
I20260924 13:03:32.221318 1844563 Coordinator.h:560] Coordinator 1 connected to 0
I20260924 13:03:32.221351 1844563 Coordinator.h:572] Coordinator 1 connected to all peers.
I20260924 13:03:32.221361 1844563 Dispatcher.h:41] IncomingDispatcher 0 coord_id 1
I20260924 13:03:32.221377 1844563 Dispatcher.h:234] OutgoingDispatcher 0 coord_id 1
I20260924 13:03:32.221444 1844563 Coordinator.h:669] pinned thread to core 0
I20260924 13:03:32.221490 1844630 Dispatcher.h:63] Incoming Dispatcher started, numCoordinators = 2, numWorkers = 3, group id = 0, coordinator = 1
I20260924 13:03:32.221493 1844563 Coordinator.h:669] pinned thread to core 1
I20260924 13:03:32.222054 1844631 Dispatcher.h:246] Outgoing Dispatcher started, numCoordinators = 2, numWorkers = 4, group id = 0
I20260924 13:03:32.223884 1844563 Coordinator.h:219] Coordinator starts to run 4 workers.
I20260924 13:03:32.224192 1844563 Coordinator.h:669] pinned thread to core 2
I20260924 13:03:32.224261 1844563 Coordinator.h:669] pinned thread to core 3
I20260924 13:03:32.224323 1844563 Coordinator.h:669] pinned thread to core 4
I20260924 13:03:32.224404 1844632 Executor.h:79] Executor 0 starts.
I20260924 13:03:32.224597 1844635 Manager.h:232] Manager(worker id = 3) on the non-coordinator node started.
I20260924 13:03:32.224488 1844634 Executor.h:79] Executor 2 starts.
I20260924 13:03:32.224408 1844633 Executor.h:79] Executor 1 starts.
I20260924 13:03:33.224612 1844563 Coordinator.h:310] commit: 49055 abort: 978 (0/978/0), persistence latency 0, txn latency 0, queued lock latency 0, lock latency 0, active_txns 0, n_failed_read_lock 0, n_failed_write_lock 0, n_failed_cmd_not_ready 0, n_failed_no_cmd 0, network size: 0, avg network size: 0, si_in_serializable: 0 0 %, local: 0 %, local_access: 495421, local_cxl_access: 0 (0%), remote_access: 0, remote_access_with_req: 0 (nan%), data_move_in: 0, data_move_out: 0
I20260924 13:03:34.224838 1844563 Coordinator.h:310] commit: 49599 abort: 887 (0/887/0), persistence latency 0, txn latency 0, queued lock latency 0, lock latency 0, active_txns 0, n_failed_read_lock 0, n_failed_write_lock 0, n_failed_cmd_not_ready 0, n_failed_no_cmd 0, network size: 0, avg network size: 0, si_in_serializable: 0 0 %, local: 0 %, local_access: 500339, local_cxl_access: 0 (0%), remote_access: 0, remote_access_with_req: 0 (nan%), data_move_in: 0, data_move_out: 0
I20260924 13:03:35.225062 1844563 Coordinator.h:310] commit: 49169 abort: 869 (0/869/0), persistence latency 0, txn latency 0, queued lock latency 0, lock latency 0, active_txns 0, n_failed_read_lock 0, n_failed_write_lock 0, n_failed_cmd_not_ready 0, n_failed_no_cmd 0, network size: 0, avg network size: 0, si_in_serializable: 0 0 %, local: 0 %, local_access: 495995, local_cxl_access: 0 (0%), remote_access: 0, remote_access_with_req: 0 (nan%), data_move_in: 0, data_move_out: 0
I20260924 13:03:36.225297 1844563 Coordinator.h:310] commit: 48860 abort: 877 (0/877/0), persistence latency 0, txn latency 0, queued lock latency 0, lock latency 0, active_txns 0, n_failed_read_lock 0, n_failed_write_lock 0, n_failed_cmd_not_ready 0, n_failed_no_cmd 0, network size: 0, avg network size: 0, si_in_serializable: 0 0 %, local: 0 %, local_access: 492976, local_cxl_access: 0 (0%), remote_access: 0, remote_access_with_req: 0 (nan%), data_move_in: 0, data_move_out: 0
I20260924 13:03:37.225726 1844563 Coordinator.h:310] commit: 49112 abort: 874 (0/874/0), persistence latency 0, txn latency 0, queued lock latency 0, lock latency 0, active_txns 0, n_failed_read_lock 0, n_failed_write_lock 0, n_failed_cmd_not_ready 0, n_failed_no_cmd 0, network size: 0, avg network size: 0, si_in_serializable: 0 0 %, local: 0 %, local_access: 495638, local_cxl_access: 0 (0%), remote_access: 0, remote_access_with_req: 0 (nan%), data_move_in: 0, data_move_out: 0
I20260924 13:03:38.227281 1844563 Coordinator.h:310] commit: 49010 abort: 830 (0/830/0), persistence latency 0, txn latency 0, queued lock latency 0, lock latency 0, active_txns 0, n_failed_read_lock 0, n_failed_write_lock 0, n_failed_cmd_not_ready 0, n_failed_no_cmd 0, network size: 0, avg network size: 0, si_in_serializable: 0 0 %, local: 0 %, local_access: 494281, local_cxl_access: 0 (0%), remote_access: 0, remote_access_with_req: 0 (nan%), data_move_in: 0, data_move_out: 0
I20260924 13:03:39.228080 1844563 Coordinator.h:310] commit: 49237 abort: 837 (0/837/0), persistence latency 0, txn latency 0, queued lock latency 0, lock latency 0, active_txns 0, n_failed_read_lock 0, n_failed_write_lock 0, n_failed_cmd_not_ready 0, n_failed_no_cmd 0, network size: 0, avg network size: 0, si_in_serializable: 0 0 %, local: 0 %, local_access: 496563, local_cxl_access: 0 (0%), remote_access: 0, remote_access_with_req: 0 (nan%), data_move_in: 0, data_move_out: 0
I20260924 13:03:40.228206 1844563 Coordinator.h:310] commit: 48882 abort: 863 (0/863/0), persistence latency 0, txn latency 0, queued lock latency 0, lock latency 0, active_txns 0, n_failed_read_lock 0, n_failed_write_lock 0, n_failed_cmd_not_ready 0, n_failed_no_cmd 0, network size: 0, avg network size: 0, si_in_serializable: 0 0 %, local: 0 %, local_access: 493064, local_cxl_access: 0 (0%), remote_access: 0, remote_access_with_req: 0 (nan%), data_move_in: 0, data_move_out: 0
I20260924 13:03:41.228325 1844563 Coordinator.h:310] commit: 48792 abort: 943 (0/943/0), persistence latency 0, txn latency 0, queued lock latency 0, lock latency 0, active_txns 0, n_failed_read_lock 0, n_failed_write_lock 0, n_failed_cmd_not_ready 0, n_failed_no_cmd 0, network size: 0, avg network size: 0, si_in_serializable: 0 0 %, local: 0 %, local_access: 492569, local_cxl_access: 0 (0%), remote_access: 0, remote_access_with_req: 0 (nan%), data_move_in: 0, data_move_out: 0
I20260924 13:03:42.228444 1844563 Coordinator.h:310] commit: 48856 abort: 876 (0/876/0), persistence latency 0, txn latency 0, queued lock latency 0, lock latency 0, active_txns 0, n_failed_read_lock 0, n_failed_write_lock 0, n_failed_cmd_not_ready 0, n_failed_no_cmd 0, network size: 0, avg network size: 0, si_in_serializable: 0 0 %, local: 0 %, local_access: 492827, local_cxl_access: 0 (0%), remote_access: 0, remote_access_with_req: 0 (nan%), data_move_in: 0, data_move_out: 0
I20260924 13:03:43.228677 1844563 Coordinator.h:310] commit: 49507 abort: 865 (0/865/0), persistence latency 0, txn latency 0, queued lock latency 0, lock latency 0, active_txns 0, n_failed_read_lock 0, n_failed_write_lock 0, n_failed_cmd_not_ready 0, n_failed_no_cmd 0, network size: 0, avg network size: 0, si_in_serializable: 0 0 %, local: 0 %, local_access: 499558, local_cxl_access: 0 (0%), remote_access: 0, remote_access_with_req: 0 (nan%), data_move_in: 0, data_move_out: 0
I20260924 13:03:44.228907 1844563 Coordinator.h:310] commit: 49542 abort: 936 (0/936/0), persistence latency 0, txn latency 0, queued lock latency 0, lock latency 0, active_txns 0, n_failed_read_lock 0, n_failed_write_lock 0, n_failed_cmd_not_ready 0, n_failed_no_cmd 0, network size: 0, avg network size: 0, si_in_serializable: 0 0 %, local: 0 %, local_access: 500060, local_cxl_access: 0 (0%), remote_access: 0, remote_access_with_req: 0 (nan%), data_move_in: 0, data_move_out: 0
I20260924 13:03:45.229004 1844563 Coordinator.h:310] commit: 49129 abort: 824 (0/824/0), persistence latency 0, txn latency 0, queued lock latency 0, lock latency 0, active_txns 0, n_failed_read_lock 0, n_failed_write_lock 0, n_failed_cmd_not_ready 0, n_failed_no_cmd 0, network size: 0, avg network size: 0, si_in_serializable: 0 0 %, local: 0 %, local_access: 495321, local_cxl_access: 0 (0%), remote_access: 0, remote_access_with_req: 0 (nan%), data_move_in: 0, data_move_out: 0
I20260924 13:03:46.229225 1844563 Coordinator.h:310] commit: 48979 abort: 837 (0/837/0), persistence latency 0, txn latency 0, queued lock latency 0, lock latency 0, active_txns 0, n_failed_read_lock 0, n_failed_write_lock 0, n_failed_cmd_not_ready 0, n_failed_no_cmd 0, network size: 0, avg network size: 0, si_in_serializable: 0 0 %, local: 0 %, local_access: 493933, local_cxl_access: 0 (0%), remote_access: 0, remote_access_with_req: 0 (nan%), data_move_in: 0, data_move_out: 0
I20260924 13:03:47.229446 1844563 Coordinator.h:310] commit: 48990 abort: 821 (0/821/0), persistence latency 0, txn latency 0, queued lock latency 0, lock latency 0, active_txns 0, n_failed_read_lock 0, n_failed_write_lock 0, n_failed_cmd_not_ready 0, n_failed_no_cmd 0, network size: 0, avg network size: 0, si_in_serializable: 0 0 %, local: 0 %, local_access: 494021, local_cxl_access: 0 (0%), remote_access: 0, remote_access_with_req: 0 (nan%), data_move_in: 0, data_move_out: 0
I20260924 13:03:48.231362 1844563 Coordinator.h:310] commit: 48881 abort: 866 (0/866/0), persistence latency 0, txn latency 0, queued lock latency 0, lock latency 0, active_txns 0, n_failed_read_lock 0, n_failed_write_lock 0, n_failed_cmd_not_ready 0, n_failed_no_cmd 0, network size: 0, avg network size: 0, si_in_serializable: 0 0 %, local: 0 %, local_access: 493042, local_cxl_access: 0 (0%), remote_access: 0, remote_access_with_req: 0 (nan%), data_move_in: 0, data_move_out: 0
I20260924 13:03:49.231464 1844563 Coordinator.h:310] commit: 49031 abort: 832 (0/832/0), persistence latency 0, txn latency 0, queued lock latency 0, lock latency 0, active_txns 0, n_failed_read_lock 0, n_failed_write_lock 0, n_failed_cmd_not_ready 0, n_failed_no_cmd 0, network size: 0, avg network size: 0, si_in_serializable: 0 0 %, local: 0 %, local_access: 494546, local_cxl_access: 0 (0%), remote_access: 0, remote_access_with_req: 0 (nan%), data_move_in: 0, data_move_out: 0
I20260924 13:03:50.231662 1844563 Coordinator.h:310] commit: 48900 abort: 853 (0/853/0), persistence latency 0, txn latency 0, queued lock latency 0, lock latency 0, active_txns 0, n_failed_read_lock 0, n_failed_write_lock 0, n_failed_cmd_not_ready 0, n_failed_no_cmd 0, network size: 0, avg network size: 0, si_in_serializable: 0 0 %, local: 0 %, local_access: 493277, local_cxl_access: 0 (0%), remote_access: 0, remote_access_with_req: 0 (nan%), data_move_in: 0, data_move_out: 0
I20260924 13:03:51.231762 1844563 Coordinator.h:310] commit: 48945 abort: 914 (0/914/0), persistence latency 0, txn latency 0, queued lock latency 0, lock latency 0, active_txns 0, n_failed_read_lock 0, n_failed_write_lock 0, n_failed_cmd_not_ready 0, n_failed_no_cmd 0, network size: 0, avg network size: 0, si_in_serializable: 0 0 %, local: 0 %, local_access: 493948, local_cxl_access: 0 (0%), remote_access: 0, remote_access_with_req: 0 (nan%), data_move_in: 0, data_move_out: 0
I20260924 13:03:52.231859 1844563 Coordinator.h:310] commit: 48849 abort: 825 (0/825/0), persistence latency 0, txn latency 0, queued lock latency 0, lock latency 0, active_txns 0, n_failed_read_lock 0, n_failed_write_lock 0, n_failed_cmd_not_ready 0, n_failed_no_cmd 0, network size: 0, avg network size: 0, si_in_serializable: 0 0 %, local: 0 %, local_access: 492653, local_cxl_access: 0 (0%), remote_access: 0, remote_access_with_req: 0 (nan%), data_move_in: 0, data_move_out: 0
I20260924 13:03:53.232000 1844563 Coordinator.h:310] commit: 49547 abort: 811 (0/811/0), persistence latency 0, txn latency 0, queued lock latency 0, lock latency 0, active_txns 0, n_failed_read_lock 0, n_failed_write_lock 0, n_failed_cmd_not_ready 0, n_failed_no_cmd 0, network size: 0, avg network size: 0, si_in_serializable: 0 0 %, local: 0 %, local_access: 499527, local_cxl_access: 0 (0%), remote_access: 0, remote_access_with_req: 0 (nan%), data_move_in: 0, data_move_out: 0
I20260924 13:03:54.232128 1844563 Coordinator.h:310] commit: 49643 abort: 945 (0/945/0), persistence latency 0, txn latency 0, queued lock latency 0, lock latency 0, active_txns 0, n_failed_read_lock 0, n_failed_write_lock 0, n_failed_cmd_not_ready 0, n_failed_no_cmd 0, network size: 0, avg network size: 0, si_in_serializable: 0 0 %, local: 0 %, local_access: 501045, local_cxl_access: 0 (0%), remote_access: 0, remote_access_with_req: 0 (nan%), data_move_in: 0, data_move_out: 0
I20260924 13:03:55.232364 1844563 Coordinator.h:310] commit: 49246 abort: 845 (0/845/0), persistence latency 0, txn latency 0, queued lock latency 0, lock latency 0, active_txns 0, n_failed_read_lock 0, n_failed_write_lock 0, n_failed_cmd_not_ready 0, n_failed_no_cmd 0, network size: 0, avg network size: 0, si_in_serializable: 0 0 %, local: 0 %, local_access: 496581, local_cxl_access: 0 (0%), remote_access: 0, remote_access_with_req: 0 (nan%), data_move_in: 0, data_move_out: 0
I20260924 13:03:56.232462 1844563 Coordinator.h:310] commit: 48998 abort: 898 (0/898/0), persistence latency 0, txn latency 0, queued lock latency 0, lock latency 0, active_txns 0, n_failed_read_lock 0, n_failed_write_lock 0, n_failed_cmd_not_ready 0, n_failed_no_cmd 0, network size: 0, avg network size: 0, si_in_serializable: 0 0 %, local: 0 %, local_access: 494515, local_cxl_access: 0 (0%), remote_access: 0, remote_access_with_req: 0 (nan%), data_move_in: 0, data_move_out: 0
I20260924 13:03:57.232693 1844563 Coordinator.h:310] commit: 49209 abort: 827 (0/827/0), persistence latency 0, txn latency 0, queued lock latency 0, lock latency 0, active_txns 0, n_failed_read_lock 0, n_failed_write_lock 0, n_failed_cmd_not_ready 0, n_failed_no_cmd 0, network size: 0, avg network size: 0, si_in_serializable: 0 0 %, local: 0 %, local_access: 496206, local_cxl_access: 0 (0%), remote_access: 0, remote_access_with_req: 0 (nan%), data_move_in: 0, data_move_out: 0
I20260924 13:03:58.232916 1844563 Coordinator.h:310] commit: 48986 abort: 796 (0/796/0), persistence latency 0, txn latency 0, queued lock latency 0, lock latency 0, active_txns 0, n_failed_read_lock 0, n_failed_write_lock 0, n_failed_cmd_not_ready 0, n_failed_no_cmd 0, network size: 0, avg network size: 0, si_in_serializable: 0 0 %, local: 0 %, local_access: 493840, local_cxl_access: 0 (0%), remote_access: 0, remote_access_with_req: 0 (nan%), data_move_in: 0, data_move_out: 0
I20260924 13:03:59.233011 1844563 Coordinator.h:310] commit: 49056 abort: 935 (0/935/0), persistence latency 0, txn latency 0, queued lock latency 0, lock latency 0, active_txns 0, n_failed_read_lock 0, n_failed_write_lock 0, n_failed_cmd_not_ready 0, n_failed_no_cmd 0, network size: 0, avg network size: 0, si_in_serializable: 0 0 %, local: 0 %, local_access: 495148, local_cxl_access: 0 (0%), remote_access: 0, remote_access_with_req: 0 (nan%), data_move_in: 0, data_move_out: 0
I20260924 13:04:00.233227 1844563 Coordinator.h:310] commit: 48955 abort: 839 (0/839/0), persistence latency 0, txn latency 0, queued lock latency 0, lock latency 0, active_txns 0, n_failed_read_lock 0, n_failed_write_lock 0, n_failed_cmd_not_ready 0, n_failed_no_cmd 0, network size: 0, avg network size: 0, si_in_serializable: 0 0 %, local: 0 %, local_access: 493774, local_cxl_access: 0 (0%), remote_access: 0, remote_access_with_req: 0 (nan%), data_move_in: 0, data_move_out: 0
I20260924 13:04:01.233448 1844563 Coordinator.h:310] commit: 49161 abort: 851 (0/851/0), persistence latency 0, txn latency 0, queued lock latency 0, lock latency 0, active_txns 0, n_failed_read_lock 0, n_failed_write_lock 0, n_failed_cmd_not_ready 0, n_failed_no_cmd 0, network size: 0, avg network size: 0, si_in_serializable: 0 0 %, local: 0 %, local_access: 495949, local_cxl_access: 0 (0%), remote_access: 0, remote_access_with_req: 0 (nan%), data_move_in: 0, data_move_out: 0
I20260924 13:04:02.235438 1844563 Coordinator.h:310] commit: 49354 abort: 857 (0/857/0), persistence latency 0, txn latency 0, queued lock latency 0, lock latency 0, active_txns 0, n_failed_read_lock 0, n_failed_write_lock 0, n_failed_cmd_not_ready 0, n_failed_no_cmd 0, network size: 0, avg network size: 0, si_in_serializable: 0 0 %, local: 0 %, local_access: 497764, local_cxl_access: 0 (0%), remote_access: 0, remote_access_with_req: 0 (nan%), data_move_in: 0, data_move_out: 0
I20260924 13:04:03.235589 1844563 Coordinator.h:310] commit: 49745 abort: 964 (0/964/0), persistence latency 0, txn latency 0, queued lock latency 0, lock latency 0, active_txns 0, n_failed_read_lock 0, n_failed_write_lock 0, n_failed_cmd_not_ready 0, n_failed_no_cmd 0, network size: 0, avg network size: 0, si_in_serializable: 0 0 %, local: 0 %, local_access: 502298, local_cxl_access: 0 (0%), remote_access: 0, remote_access_with_req: 0 (nan%), data_move_in: 0, data_move_out: 0
I20260924 13:04:04.235834 1844563 Coordinator.h:310] commit: 49448 abort: 899 (0/899/0), persistence latency 0, txn latency 0, queued lock latency 0, lock latency 0, active_txns 0, n_failed_read_lock 0, n_failed_write_lock 0, n_failed_cmd_not_ready 0, n_failed_no_cmd 0, network size: 0, avg network size: 0, si_in_serializable: 0 0 %, local: 0 %, local_access: 498892, local_cxl_access: 0 (0%), remote_access: 0, remote_access_with_req: 0 (nan%), data_move_in: 0, data_move_out: 0
I20260924 13:04:05.235973 1844563 Coordinator.h:310] commit: 49089 abort: 857 (0/857/0), persistence latency 0, txn latency 0, queued lock latency 0, lock latency 0, active_txns 0, n_failed_read_lock 0, n_failed_write_lock 0, n_failed_cmd_not_ready 0, n_failed_no_cmd 0, network size: 0, avg network size: 0, si_in_serializable: 0 0 %, local: 0 %, local_access: 495085, local_cxl_access: 0 (0%), remote_access: 0, remote_access_with_req: 0 (nan%), data_move_in: 0, data_move_out: 0
I20260924 13:04:06.236095 1844563 Coordinator.h:310] commit: 48848 abort: 842 (0/842/0), persistence latency 0, txn latency 0, queued lock latency 0, lock latency 0, active_txns 0, n_failed_read_lock 0, n_failed_write_lock 0, n_failed_cmd_not_ready 0, n_failed_no_cmd 0, network size: 0, avg network size: 0, si_in_serializable: 0 0 %, local: 0 %, local_access: 492636, local_cxl_access: 0 (0%), remote_access: 0, remote_access_with_req: 0 (nan%), data_move_in: 0, data_move_out: 0
I20260924 13:04:07.236215 1844563 Coordinator.h:310] commit: 48983 abort: 851 (0/851/0), persistence latency 0, txn latency 0, queued lock latency 0, lock latency 0, active_txns 0, n_failed_read_lock 0, n_failed_write_lock 0, n_failed_cmd_not_ready 0, n_failed_no_cmd 0, network size: 0, avg network size: 0, si_in_serializable: 0 0 %, local: 0 %, local_access: 494109, local_cxl_access: 0 (0%), remote_access: 0, remote_access_with_req: 0 (nan%), data_move_in: 0, data_move_out: 0
I20260924 13:04:08.236342 1844563 Coordinator.h:310] commit: 48648 abort: 1105 (0/1105/0), persistence latency 0, txn latency 0, queued lock latency 0, lock latency 0, active_txns 0, n_failed_read_lock 0, n_failed_write_lock 0, n_failed_cmd_not_ready 0, n_failed_no_cmd 0, network size: 0, avg network size: 0, si_in_serializable: 0 0 %, local: 0 %, local_access: 491105, local_cxl_access: 0 (0%), remote_access: 0, remote_access_with_req: 0 (nan%), data_move_in: 0, data_move_out: 0
I20260924 13:04:09.236444 1844563 Coordinator.h:310] commit: 48971 abort: 823 (0/823/0), persistence latency 0, txn latency 0, queued lock latency 0, lock latency 0, active_txns 0, n_failed_read_lock 0, n_failed_write_lock 0, n_failed_cmd_not_ready 0, n_failed_no_cmd 0, network size: 0, avg network size: 0, si_in_serializable: 0 0 %, local: 0 %, local_access: 493784, local_cxl_access: 0 (0%), remote_access: 0, remote_access_with_req: 0 (nan%), data_move_in: 0, data_move_out: 0
I20260924 13:04:10.236544 1844563 Coordinator.h:310] commit: 48903 abort: 815 (0/815/0), persistence latency 0, txn latency 0, queued lock latency 0, lock latency 0, active_txns 0, n_failed_read_lock 0, n_failed_write_lock 0, n_failed_cmd_not_ready 0, n_failed_no_cmd 0, network size: 0, avg network size: 0, si_in_serializable: 0 0 %, local: 0 %, local_access: 493027, local_cxl_access: 0 (0%), remote_access: 0, remote_access_with_req: 0 (nan%), data_move_in: 0, data_move_out: 0
I20260924 13:04:11.236663 1844563 Coordinator.h:310] commit: 48894 abort: 879 (0/879/0), persistence latency 0, txn latency 0, queued lock latency 0, lock latency 0, active_txns 0, n_failed_read_lock 0, n_failed_write_lock 0, n_failed_cmd_not_ready 0, n_failed_no_cmd 0, network size: 0, avg network size: 0, si_in_serializable: 0 0 %, local: 0 %, local_access: 493440, local_cxl_access: 0 (0%), remote_access: 0, remote_access_with_req: 0 (nan%), data_move_in: 0, data_move_out: 0
I20260924 13:04:12.236884 1844563 Coordinator.h:310] commit: 48777 abort: 863 (0/863/0), persistence latency 0, txn latency 0, queued lock latency 0, lock latency 0, active_txns 0, n_failed_read_lock 0, n_failed_write_lock 0, n_failed_cmd_not_ready 0, n_failed_no_cmd 0, network size: 0, avg network size: 0, si_in_serializable: 0 0 %, local: 0 %, local_access: 492119, local_cxl_access: 0 (0%), remote_access: 0, remote_access_with_req: 0 (nan%), data_move_in: 0, data_move_out: 0
I20260924 13:04:13.237111 1844563 Coordinator.h:310] commit: 49533 abort: 872 (0/872/0), persistence latency 0, txn latency 0, queued lock latency 0, lock latency 0, active_txns 0, n_failed_read_lock 0, n_failed_write_lock 0, n_failed_cmd_not_ready 0, n_failed_no_cmd 0, network size: 0, avg network size: 0, si_in_serializable: 0 0 %, local: 0 %, local_access: 499630, local_cxl_access: 0 (0%), remote_access: 0, remote_access_with_req: 0 (nan%), data_move_in: 0, data_move_out: 0
I20260924 13:04:14.237228 1844563 Coordinator.h:310] commit: 49813 abort: 797 (0/797/0), persistence latency 0, txn latency 0, queued lock latency 0, lock latency 0, active_txns 0, n_failed_read_lock 0, n_failed_write_lock 0, n_failed_cmd_not_ready 0, n_failed_no_cmd 0, network size: 0, avg network size: 0, si_in_serializable: 0 0 %, local: 0 %, local_access: 502149, local_cxl_access: 0 (0%), remote_access: 0, remote_access_with_req: 0 (nan%), data_move_in: 0, data_move_out: 0
I20260924 13:04:15.237453 1844563 Coordinator.h:310] commit: 48993 abort: 856 (0/856/0), persistence latency 0, txn latency 0, queued lock latency 0, lock latency 0, active_txns 0, n_failed_read_lock 0, n_failed_write_lock 0, n_failed_cmd_not_ready 0, n_failed_no_cmd 0, network size: 0, avg network size: 0, si_in_serializable: 0 0 %, local: 0 %, local_access: 494171, local_cxl_access: 0 (0%), remote_access: 0, remote_access_with_req: 0 (nan%), data_move_in: 0, data_move_out: 0
I20260924 13:04:16.238680 1844563 Coordinator.h:310] commit: 48917 abort: 816 (0/816/0), persistence latency 0, txn latency 0, queued lock latency 0, lock latency 0, active_txns 0, n_failed_read_lock 0, n_failed_write_lock 0, n_failed_cmd_not_ready 0, n_failed_no_cmd 0, network size: 0, avg network size: 0, si_in_serializable: 0 0 %, local: 0 %, local_access: 493149, local_cxl_access: 0 (0%), remote_access: 0, remote_access_with_req: 0 (nan%), data_move_in: 0, data_move_out: 0
I20260924 13:04:17.239085 1844563 Coordinator.h:310] commit: 48828 abort: 898 (0/898/0), persistence latency 0, txn latency 0, queued lock latency 0, lock latency 0, active_txns 0, n_failed_read_lock 0, n_failed_write_lock 0, n_failed_cmd_not_ready 0, n_failed_no_cmd 0, network size: 0, avg network size: 0, si_in_serializable: 0 0 %, local: 0 %, local_access: 492881, local_cxl_access: 0 (0%), remote_access: 0, remote_access_with_req: 0 (nan%), data_move_in: 0, data_move_out: 0
I20260924 13:04:18.239672 1844563 Coordinator.h:310] commit: 48926 abort: 830 (0/830/0), persistence latency 0, txn latency 0, queued lock latency 0, lock latency 0, active_txns 0, n_failed_read_lock 0, n_failed_write_lock 0, n_failed_cmd_not_ready 0, n_failed_no_cmd 0, network size: 0, avg network size: 0, si_in_serializable: 0 0 %, local: 0 %, local_access: 493404, local_cxl_access: 0 (0%), remote_access: 0, remote_access_with_req: 0 (nan%), data_move_in: 0, data_move_out: 0
I20260924 13:04:19.239907 1844563 Coordinator.h:310] commit: 48858 abort: 842 (0/842/0), persistence latency 0, txn latency 0, queued lock latency 0, lock latency 0, active_txns 0, n_failed_read_lock 0, n_failed_write_lock 0, n_failed_cmd_not_ready 0, n_failed_no_cmd 0, network size: 0, avg network size: 0, si_in_serializable: 0 0 %, local: 0 %, local_access: 492648, local_cxl_access: 0 (0%), remote_access: 0, remote_access_with_req: 0 (nan%), data_move_in: 0, data_move_out: 0
I20260924 13:04:20.240131 1844563 Coordinator.h:310] commit: 48755 abort: 895 (0/895/0), persistence latency 0, txn latency 0, queued lock latency 0, lock latency 0, active_txns 0, n_failed_read_lock 0, n_failed_write_lock 0, n_failed_cmd_not_ready 0, n_failed_no_cmd 0, network size: 0, avg network size: 0, si_in_serializable: 0 0 %, local: 0 %, local_access: 492012, local_cxl_access: 0 (0%), remote_access: 0, remote_access_with_req: 0 (nan%), data_move_in: 0, data_move_out: 0
I20260924 13:04:21.240365 1844563 Coordinator.h:310] commit: 48838 abort: 930 (0/930/0), persistence latency 0, txn latency 0, queued lock latency 0, lock latency 0, active_txns 0, n_failed_read_lock 0, n_failed_write_lock 0, n_failed_cmd_not_ready 0, n_failed_no_cmd 0, network size: 0, avg network size: 0, si_in_serializable: 0 0 %, local: 0 %, local_access: 492926, local_cxl_access: 0 (0%), remote_access: 0, remote_access_with_req: 0 (nan%), data_move_in: 0, data_move_out: 0
I20260924 13:04:22.240588 1844563 Coordinator.h:310] commit: 49045 abort: 901 (0/901/0), persistence latency 0, txn latency 0, queued lock latency 0, lock latency 0, active_txns 0, n_failed_read_lock 0, n_failed_write_lock 0, n_failed_cmd_not_ready 0, n_failed_no_cmd 0, network size: 0, avg network size: 0, si_in_serializable: 0 0 %, local: 0 %, local_access: 494578, local_cxl_access: 0 (0%), remote_access: 0, remote_access_with_req: 0 (nan%), data_move_in: 0, data_move_out: 0
I20260924 13:04:23.240689 1844563 Coordinator.h:310] commit: 49627 abort: 853 (0/853/0), persistence latency 0, txn latency 0, queued lock latency 0, lock latency 0, active_txns 0, n_failed_read_lock 0, n_failed_write_lock 0, n_failed_cmd_not_ready 0, n_failed_no_cmd 0, network size: 0, avg network size: 0, si_in_serializable: 0 0 %, local: 0 %, local_access: 500492, local_cxl_access: 0 (0%), remote_access: 0, remote_access_with_req: 0 (nan%), data_move_in: 0, data_move_out: 0
I20260924 13:04:24.240916 1844563 Coordinator.h:310] commit: 49718 abort: 885 (0/885/0), persistence latency 0, txn latency 0, queued lock latency 0, lock latency 0, active_txns 0, n_failed_read_lock 0, n_failed_write_lock 0, n_failed_cmd_not_ready 0, n_failed_no_cmd 0, network size: 0, avg network size: 0, si_in_serializable: 0 0 %, local: 0 %, local_access: 501573, local_cxl_access: 0 (0%), remote_access: 0, remote_access_with_req: 0 (nan%), data_move_in: 0, data_move_out: 0
I20260924 13:04:25.241014 1844563 Coordinator.h:310] commit: 49244 abort: 873 (0/873/0), persistence latency 0, txn latency 0, queued lock latency 0, lock latency 0, active_txns 0, n_failed_read_lock 0, n_failed_write_lock 0, n_failed_cmd_not_ready 0, n_failed_no_cmd 0, network size: 0, avg network size: 0, si_in_serializable: 0 0 %, local: 0 %, local_access: 496741, local_cxl_access: 0 (0%), remote_access: 0, remote_access_with_req: 0 (nan%), data_move_in: 0, data_move_out: 0
I20260924 13:04:26.241111 1844563 Coordinator.h:310] commit: 48942 abort: 781 (0/781/0), persistence latency 0, txn latency 0, queued lock latency 0, lock latency 0, active_txns 0, n_failed_read_lock 0, n_failed_write_lock 0, n_failed_cmd_not_ready 0, n_failed_no_cmd 0, network size: 0, avg network size: 0, si_in_serializable: 0 0 %, local: 0 %, local_access: 493320, local_cxl_access: 0 (0%), remote_access: 0, remote_access_with_req: 0 (nan%), data_move_in: 0, data_move_out: 0
I20260924 13:04:27.241329 1844563 Coordinator.h:310] commit: 48960 abort: 864 (0/864/0), persistence latency 0, txn latency 0, queued lock latency 0, lock latency 0, active_txns 0, n_failed_read_lock 0, n_failed_write_lock 0, n_failed_cmd_not_ready 0, n_failed_no_cmd 0, network size: 0, avg network size: 0, si_in_serializable: 0 0 %, local: 0 %, local_access: 493962, local_cxl_access: 0 (0%), remote_access: 0, remote_access_with_req: 0 (nan%), data_move_in: 0, data_move_out: 0
I20260924 13:04:28.241711 1844563 Coordinator.h:310] commit: 48735 abort: 867 (0/867/0), persistence latency 0, txn latency 0, queued lock latency 0, lock latency 0, active_txns 0, n_failed_read_lock 0, n_failed_write_lock 0, n_failed_cmd_not_ready 0, n_failed_no_cmd 0, network size: 0, avg network size: 0, si_in_serializable: 0 0 %, local: 0 %, local_access: 491577, local_cxl_access: 0 (0%), remote_access: 0, remote_access_with_req: 0 (nan%), data_move_in: 0, data_move_out: 0
I20260924 13:04:29.243168 1844563 Coordinator.h:310] commit: 48920 abort: 854 (0/854/0), persistence latency 0, txn latency 0, queued lock latency 0, lock latency 0, active_txns 0, n_failed_read_lock 0, n_failed_write_lock 0, n_failed_cmd_not_ready 0, n_failed_no_cmd 0, network size: 0, avg network size: 0, si_in_serializable: 0 0 %, local: 0 %, local_access: 493437, local_cxl_access: 0 (0%), remote_access: 0, remote_access_with_req: 0 (nan%), data_move_in: 0, data_move_out: 0
I20260924 13:04:30.243263 1844563 Coordinator.h:310] commit: 49114 abort: 850 (0/850/0), persistence latency 0, txn latency 0, queued lock latency 0, lock latency 0, active_txns 0, n_failed_read_lock 0, n_failed_write_lock 0, n_failed_cmd_not_ready 0, n_failed_no_cmd 0, network size: 0, avg network size: 0, si_in_serializable: 0 0 %, local: 0 %, local_access: 495312, local_cxl_access: 0 (0%), remote_access: 0, remote_access_with_req: 0 (nan%), data_move_in: 0, data_move_out: 0
I20260924 13:04:31.243356 1844563 Coordinator.h:310] commit: 48943 abort: 840 (0/840/0), persistence latency 0, txn latency 0, queued lock latency 0, lock latency 0, active_txns 0, n_failed_read_lock 0, n_failed_write_lock 0, n_failed_cmd_not_ready 0, n_failed_no_cmd 0, network size: 0, avg network size: 0, si_in_serializable: 0 0 %, local: 0 %, local_access: 493598, local_cxl_access: 0 (0%), remote_access: 0, remote_access_with_req: 0 (nan%), data_move_in: 0, data_move_out: 0
I20260924 13:04:32.239614 1844635 Manager.h:234] Manager(worker id = 3) on the non-coordinator node exits.
I20260924 13:04:32.239609 1844634 Executor.h:231] Executor 2 exits.
I20260924 13:04:32.239609 1844633 Executor.h:231] Executor 1 exits.
I20260924 13:04:32.239609 1844632 Executor.h:231] Executor 0 exits.
I20260924 13:04:32.243671 1844563 Coordinator.h:310] commit: 48499 abort: 878 (0/878/0), persistence latency 0, txn latency 0, queued lock latency 0, lock latency 0, active_txns 0, n_failed_read_lock 0, n_failed_write_lock 0, n_failed_cmd_not_ready 0, n_failed_no_cmd 0, network size: 0, avg network size: 0, si_in_serializable: 0 0 %, local: 0 %, local_access: 489375, local_cxl_access: 0 (0%), remote_access: 0, remote_access_with_req: 0 (nan%), data_move_in: 0, data_move_out: 0
I20260924 13:04:32.243721 1844563 Coordinator.h:348] average commit: 49050.5 abort: 869.333 (0/869.333/0), abort_rate: 0.0174146, network size: 0, avg network size: 0, si_in_serializable: 0 0 %, local: 0 %, local_access: 14843430, local_cxl_access: 0 (0%), remote_access: 0, remote_access_with_req: 0 (nan%), data_move_in: 0, data_move_out: 0
I20260924 13:04:32.243746 1844563 Executor.h:236] Worker 0 latency: 53 us (50%) 68 us (75%) 142 us (95%) 191 us (99%). dist txn latency: 0 us (50%) 0 us (75%) 0 us (95%) 0 us (99%)  avg 0 us . local txn latency: 53 us (50%) 68 us (75%) 140 us (95%) 189 us (99%)  avg 62 us. txn commit latency: 53 us (50%) 68 us (75%) 142 us (95%) 190 us (99%) avg 63 us.
 LOCAL txn stall 0 us,  local_work 53 us,  remote_work 0 us,  commit_work 4 us,  commit_prepare 2 us,  commit_persistence 0 us,  commit_write_back 0 us,  commit_replication 0 us,  commit_release_lock 0 us 
 DIST txn stall 0 us,  local_work 0 us,  remote_work 0 us,  commit_work 0 us,  commit_prepare 0 us,  commit_persistence 0 us,  commit_write_back 0 us,  commit_replication 0 us,  commit_release_lock 0 us 
I20260924 13:04:32.249962 1844563 Executor.h:267] message stats, type: 0 count: 0 total size: 0
I20260924 13:04:32.249971 1844563 Executor.h:267] message stats, type: 1 count: 0 total size: 0
I20260924 13:04:32.249981 1844563 Executor.h:267] message stats, type: 2 count: 0 total size: 0
I20260924 13:04:32.249989 1844563 Executor.h:267] message stats, type: 3 count: 0 total size: 0
I20260924 13:04:32.250001 1844563 Executor.h:267] message stats, type: 4 count: 0 total size: 0
I20260924 13:04:32.250029 1844563 Executor.h:267] message stats, type: 5 count: 0 total size: 0
I20260924 13:04:32.250032 1844563 Executor.h:267] message stats, type: 6 count: 0 total size: 0
I20260924 13:04:32.250248 1844563 Executor.h:267] message stats, type: 7 count: 0 total size: 0
I20260924 13:04:32.250301 1844563 Executor.h:267] message stats, type: 8 count: 0 total size: 0
I20260924 13:04:32.250305 1844563 Executor.h:267] message stats, type: 9 count: 0 total size: 0
I20260924 13:04:32.250378 1844563 Executor.h:267] message stats, type: 10 count: 0 total size: 0
I20260924 13:04:32.250394 1844563 Executor.h:267] message stats, type: 11 count: 0 total size: 0
I20260924 13:04:32.250413 1844563 Executor.h:236] Worker 1 latency: 53 us (50%) 68 us (75%) 140 us (95%) 188 us (99%). dist txn latency: 0 us (50%) 0 us (75%) 0 us (95%) 0 us (99%)  avg 0 us . local txn latency: 53 us (50%) 68 us (75%) 140 us (95%) 189 us (99%)  avg 62 us. txn commit latency: 52 us (50%) 68 us (75%) 141 us (95%) 192 us (99%) avg 62 us.
 LOCAL txn stall 0 us,  local_work 53 us,  remote_work 0 us,  commit_work 4 us,  commit_prepare 2 us,  commit_persistence 0 us,  commit_write_back 0 us,  commit_replication 0 us,  commit_release_lock 0 us 
 DIST txn stall 0 us,  local_work 0 us,  remote_work 0 us,  commit_work 0 us,  commit_prepare 0 us,  commit_persistence 0 us,  commit_write_back 0 us,  commit_replication 0 us,  commit_release_lock 0 us 
I20260924 13:04:32.256466 1844563 Executor.h:236] Worker 2 latency: 45 us (50%) 58 us (75%) 138 us (95%) 192 us (99%). dist txn latency: 0 us (50%) 0 us (75%) 0 us (95%) 0 us (99%)  avg 0 us . local txn latency: 45 us (50%) 58 us (75%) 138 us (95%) 192 us (99%)  avg 56 us. txn commit latency: 45 us (50%) 58 us (75%) 137 us (95%) 194 us (99%) avg 55 us.
 LOCAL txn stall 0 us,  local_work 47 us,  remote_work 0 us,  commit_work 3 us,  commit_prepare 2 us,  commit_persistence 0 us,  commit_write_back 0 us,  commit_replication 0 us,  commit_release_lock 0 us 
 DIST txn stall 0 us,  local_work 0 us,  remote_work 0 us,  commit_work 0 us,  commit_prepare 0 us,  commit_persistence 0 us,  commit_write_back 0 us,  commit_replication 0 us,  commit_release_lock 0 us 
I20260924 13:04:32.263052 1844563 CXLMemory.h:227] local CXL memory usage: size_index_usage: 0 size_metadata_usage: 0 size_data_usage: 0 size_transport_usage: 0 size_misc_usage: 0 total_size_hw_cc_usage: 0 total_usage: 0
I20260924 13:04:32.263098 1844631 Dispatcher.h:261] Handling coordinator message took 5
I20260924 13:04:33.263132 1844630 Dispatcher.h:160] Incoming Dispatcher exits, network size: 132. socket_message_recv_latency(50th) 4 socket_message_recv_latency(75th) 4 socket_message_recv_latency(95th) 4 socket_message_recv_latency(99th) 4 internal_message_recv_latency(50th) 0 socket_message_recv_cnt 1 socket_read_syscall 0 internal_message_recv_cnt 0
I20260924 13:04:33.263140 1844631 Dispatcher.h:292] Outgoing Dispatcher exits, network size: 252. msg_send_latency(50th) 0 msg_send_latency(75th) 0 msg_send_latency(95th) 0 msg_send_latency(99th) 0 msg_send_latency(avg) 0 msg_gen_to_sent_latency(50th) 0 msg_gen_to_sent_latency(75th) 0 msg_gen_to_sent_latency(95th) 0 msg_gen_to_sent_latency(99th) 0 msg_gen_to_queue_latency(50th) 0 msg_gen_to_queue_latency(75th) 0 msg_gen_to_queue_latency(95th) 0 msg_gen_to_queue_latency(99th) 0 msg_disp_ltc(50th) 0 msg_disp_ltc(75th) 0 msg_disp_ltc(95th) 0 msg_disp_ltc(99th) 0 msg_disp_ltc(100th) 0 send_ltc(50th) 0 send_ltc(75th) 0 send_ltc(95th) 0 send_ltc(99th) 0 send_ltc(100th) 0 send_ltc(avg) 0 sendto_cnt 3 network_size 252 network_msg_cnt 2 network_msg_group_size avg 0 50th 0 internal_network_size 0 internal_network_msg_cnt 0
I20260924 13:04:36.044692 1844563 Coordinator.h:420] Coordinator exits.
TIGON_RUN_END run_id=cmp_50_y_rw50_c0_r3 host_id=1 status=ok exit_code=0
