TIGON_RUN_META system=ub workload=ycsb run_id=cmp_50_y_rw50_c0_r2 host_id=1 repetition=2 mode=one-sided query=rmw transport=ubq partitions=2 workers=3 keys=300000 rw_ratio=50 zipf=0.7 cross_ratio=0 neworder_dist= payment_dist= warmup_seconds=30 run_seconds=30 total_seconds=60 logging=off
I20260924 12:57:21.944832 1842113 bench_ycsb.cpp:68] RW_RATIO = 50, ZIPF_THETA = 0.7, CROSS_RATIO = 0
I20260924 12:57:21.944936 1842113 bench_ycsb.cpp:69] checkpoint 0 to 
I20260924 12:57:21.944942 1842113 bench_ycsb.cpp:70] cross_part_num 2
I20260924 12:57:21.944947 1842113 bench_ycsb.cpp:71] lotus_sp_parallel_exec_commit 0
I20260924 12:57:21.944950 1842113 bench_ycsb.cpp:72] granules_per_partition 1
I20260924 12:57:21.944954 1842113 bench_ycsb.cpp:73] keysPerGranule 300000
[2026-09-24 12:57:22.461 +08:00][ERROR][1842113][281473225117728][shm_ipc_command.cpp:183] IpcCallShmMap response error : 800
[2026-09-24 12:57:22.461 +08:00][ERROR][1842113][281473225117728][RackMemShm.cpp:322] Failed to mmap, name=u6dac840b_one-sided_rmw_ubq_0, mapSize=2147483648, ret=800
[2026-09-24 12:57:22.461 +08:00][ERROR][1842113][281473225117728][mxmem_shmem.cpp:473] Failed to mmap shared memory, ret=800
[2026-09-24 12:57:22.564 +08:00][ERROR][1842113][281473225117728][shm_ipc_command.cpp:183] IpcCallShmMap response error : 800
[2026-09-24 12:57:22.564 +08:00][ERROR][1842113][281473225117728][RackMemShm.cpp:322] Failed to mmap, name=u6dac840b_one-sided_rmw_ubq_0, mapSize=2147483648, ret=800
[2026-09-24 12:57:22.564 +08:00][ERROR][1842113][281473225117728][mxmem_shmem.cpp:473] Failed to mmap shared memory, ret=800
[2026-09-24 12:57:22.667 +08:00][ERROR][1842113][281473225117728][shm_ipc_command.cpp:183] IpcCallShmMap response error : 800
[2026-09-24 12:57:22.667 +08:00][ERROR][1842113][281473225117728][RackMemShm.cpp:322] Failed to mmap, name=u6dac840b_one-sided_rmw_ubq_0, mapSize=2147483648, ret=800
[2026-09-24 12:57:22.667 +08:00][ERROR][1842113][281473225117728][mxmem_shmem.cpp:473] Failed to mmap shared memory, ret=800
[2026-09-24 12:57:22.769 +08:00][ERROR][1842113][281473225117728][shm_ipc_command.cpp:183] IpcCallShmMap response error : 800
[2026-09-24 12:57:22.769 +08:00][ERROR][1842113][281473225117728][RackMemShm.cpp:322] Failed to mmap, name=u6dac840b_one-sided_rmw_ubq_0, mapSize=2147483648, ret=800
[2026-09-24 12:57:22.769 +08:00][ERROR][1842113][281473225117728][mxmem_shmem.cpp:473] Failed to mmap shared memory, ret=800
[2026-09-24 12:57:22.872 +08:00][ERROR][1842113][281473225117728][shm_ipc_command.cpp:183] IpcCallShmMap response error : 800
[2026-09-24 12:57:22.872 +08:00][ERROR][1842113][281473225117728][RackMemShm.cpp:322] Failed to mmap, name=u6dac840b_one-sided_rmw_ubq_0, mapSize=2147483648, ret=800
[2026-09-24 12:57:22.872 +08:00][ERROR][1842113][281473225117728][mxmem_shmem.cpp:473] Failed to mmap shared memory, ret=800
I20260924 12:57:23.032953 1842113 UBMemory.cpp:138] UB memory initialized: local_region=1 regions=2 mode=one-sided bytes_per_region=2147483648
I20260924 12:57:25.401513 1842113 Database.h:82] ycsb initialization finished in 2368 milliseconds.
I20260924 12:57:25.402998 1842113 Coordinator.h:459] Coordinator 1 initializes UB inbox with 4096 entries of 8192 bytes
I20260924 12:57:25.403060 1842113 Coordinator.h:100] WAL Group Commiting off. Log to file _non_group_commit.txt using Blackhole Logger
I20260924 12:57:25.403069 1842113 Coordinator.h:104] Coordinator initializes 3 workers.
I20260924 12:57:25.403584 1842149 Coordinator.h:505] Listener 0 on coordinator 1 listening on 76.53.137.99:10010 tcp_no_delay 1 tcp_quick_ack 0
I20260924 12:57:25.405378 1842113 Coordinator.h:551] Coordinator 1 failed to connect 0(76.53.137.98:10010)'s listener 0, retry in 5 seconds.
I20260924 12:57:25.535499 1842149 Socket.h:69] Disabling nagle
I20260924 12:57:25.535527 1842149 Coordinator.h:520] Listener accepted connection from coordinator 0
I20260924 12:57:25.535531 1842149 Coordinator.h:523] Listener 0 on coordinator 1 exits.
I20260924 12:57:30.407186 1842113 Socket.h:69] Disabling nagle
I20260924 12:57:30.407217 1842113 Coordinator.h:560] Coordinator 1 connected to 0
I20260924 12:57:30.407248 1842113 Coordinator.h:572] Coordinator 1 connected to all peers.
I20260924 12:57:30.407258 1842113 Dispatcher.h:41] IncomingDispatcher 0 coord_id 1
I20260924 12:57:30.407274 1842113 Dispatcher.h:234] OutgoingDispatcher 0 coord_id 1
I20260924 12:57:30.407459 1842113 Coordinator.h:669] pinned thread to core 0
I20260924 12:57:30.407505 1842113 Coordinator.h:669] pinned thread to core 1
I20260924 12:57:30.407514 1842113 Coordinator.h:219] Coordinator starts to run 4 workers.
I20260924 12:57:30.407534 1842173 Dispatcher.h:246] Outgoing Dispatcher started, numCoordinators = 2, numWorkers = 4, group id = 0
I20260924 12:57:30.407645 1842174 Executor.h:79] Executor 0 starts.
I20260924 12:57:30.407546 1842113 Coordinator.h:669] pinned thread to core 2
I20260924 12:57:30.407536 1842172 Dispatcher.h:63] Incoming Dispatcher started, numCoordinators = 2, numWorkers = 3, group id = 0, coordinator = 1
I20260924 12:57:30.408242 1842113 Coordinator.h:669] pinned thread to core 3
I20260924 12:57:30.408331 1842113 Coordinator.h:669] pinned thread to core 4
I20260924 12:57:30.408368 1842176 Executor.h:79] Executor 2 starts.
I20260924 12:57:30.408377 1842175 Executor.h:79] Executor 1 starts.
I20260924 12:57:30.408432 1842177 Manager.h:232] Manager(worker id = 3) on the non-coordinator node started.
I20260924 12:57:31.408499 1842113 Coordinator.h:310] commit: 48071 abort: 893 (0/893/0), persistence latency 0, txn latency 0, queued lock latency 0, lock latency 0, active_txns 0, n_failed_read_lock 0, n_failed_write_lock 0, n_failed_cmd_not_ready 0, n_failed_no_cmd 0, network size: 0, avg network size: 0, si_in_serializable: 0 0 %, local: 0 %, local_access: 485114, local_cxl_access: 0 (0%), remote_access: 0, remote_access_with_req: 0 (nan%), data_move_in: 0, data_move_out: 0
I20260924 12:57:32.408617 1842113 Coordinator.h:310] commit: 48800 abort: 825 (0/825/0), persistence latency 0, txn latency 0, queued lock latency 0, lock latency 0, active_txns 0, n_failed_read_lock 0, n_failed_write_lock 0, n_failed_cmd_not_ready 0, n_failed_no_cmd 0, network size: 0, avg network size: 0, si_in_serializable: 0 0 %, local: 0 %, local_access: 492134, local_cxl_access: 0 (0%), remote_access: 0, remote_access_with_req: 0 (nan%), data_move_in: 0, data_move_out: 0
I20260924 12:57:33.408840 1842113 Coordinator.h:310] commit: 49681 abort: 888 (0/888/0), persistence latency 0, txn latency 0, queued lock latency 0, lock latency 0, active_txns 0, n_failed_read_lock 0, n_failed_write_lock 0, n_failed_cmd_not_ready 0, n_failed_no_cmd 0, network size: 0, avg network size: 0, si_in_serializable: 0 0 %, local: 0 %, local_access: 501189, local_cxl_access: 0 (0%), remote_access: 0, remote_access_with_req: 0 (nan%), data_move_in: 0, data_move_out: 0
I20260924 12:57:34.409068 1842113 Coordinator.h:310] commit: 49677 abort: 874 (0/874/0), persistence latency 0, txn latency 0, queued lock latency 0, lock latency 0, active_txns 0, n_failed_read_lock 0, n_failed_write_lock 0, n_failed_cmd_not_ready 0, n_failed_no_cmd 0, network size: 0, avg network size: 0, si_in_serializable: 0 0 %, local: 0 %, local_access: 501000, local_cxl_access: 0 (0%), remote_access: 0, remote_access_with_req: 0 (nan%), data_move_in: 0, data_move_out: 0
I20260924 12:57:35.409287 1842113 Coordinator.h:310] commit: 49040 abort: 964 (0/964/0), persistence latency 0, txn latency 0, queued lock latency 0, lock latency 0, active_txns 0, n_failed_read_lock 0, n_failed_write_lock 0, n_failed_cmd_not_ready 0, n_failed_no_cmd 0, network size: 0, avg network size: 0, si_in_serializable: 0 0 %, local: 0 %, local_access: 494730, local_cxl_access: 0 (0%), remote_access: 0, remote_access_with_req: 0 (nan%), data_move_in: 0, data_move_out: 0
I20260924 12:57:36.409641 1842113 Coordinator.h:310] commit: 48881 abort: 853 (0/853/0), persistence latency 0, txn latency 0, queued lock latency 0, lock latency 0, active_txns 0, n_failed_read_lock 0, n_failed_write_lock 0, n_failed_cmd_not_ready 0, n_failed_no_cmd 0, network size: 0, avg network size: 0, si_in_serializable: 0 0 %, local: 0 %, local_access: 493105, local_cxl_access: 0 (0%), remote_access: 0, remote_access_with_req: 0 (nan%), data_move_in: 0, data_move_out: 0
I20260924 12:57:37.410905 1842113 Coordinator.h:310] commit: 49097 abort: 858 (0/858/0), persistence latency 0, txn latency 0, queued lock latency 0, lock latency 0, active_txns 0, n_failed_read_lock 0, n_failed_write_lock 0, n_failed_cmd_not_ready 0, n_failed_no_cmd 0, network size: 0, avg network size: 0, si_in_serializable: 0 0 %, local: 0 %, local_access: 495208, local_cxl_access: 0 (0%), remote_access: 0, remote_access_with_req: 0 (nan%), data_move_in: 0, data_move_out: 0
I20260924 12:57:38.411005 1842113 Coordinator.h:310] commit: 48802 abort: 930 (0/930/0), persistence latency 0, txn latency 0, queued lock latency 0, lock latency 0, active_txns 0, n_failed_read_lock 0, n_failed_write_lock 0, n_failed_cmd_not_ready 0, n_failed_no_cmd 0, network size: 0, avg network size: 0, si_in_serializable: 0 0 %, local: 0 %, local_access: 492597, local_cxl_access: 0 (0%), remote_access: 0, remote_access_with_req: 0 (nan%), data_move_in: 0, data_move_out: 0
I20260924 12:57:39.411108 1842113 Coordinator.h:310] commit: 48933 abort: 795 (0/795/0), persistence latency 0, txn latency 0, queued lock latency 0, lock latency 0, active_txns 0, n_failed_read_lock 0, n_failed_write_lock 0, n_failed_cmd_not_ready 0, n_failed_no_cmd 0, network size: 0, avg network size: 0, si_in_serializable: 0 0 %, local: 0 %, local_access: 493252, local_cxl_access: 0 (0%), remote_access: 0, remote_access_with_req: 0 (nan%), data_move_in: 0, data_move_out: 0
I20260924 12:57:40.411230 1842113 Coordinator.h:310] commit: 48777 abort: 827 (0/827/0), persistence latency 0, txn latency 0, queued lock latency 0, lock latency 0, active_txns 0, n_failed_read_lock 0, n_failed_write_lock 0, n_failed_cmd_not_ready 0, n_failed_no_cmd 0, network size: 0, avg network size: 0, si_in_serializable: 0 0 %, local: 0 %, local_access: 491913, local_cxl_access: 0 (0%), remote_access: 0, remote_access_with_req: 0 (nan%), data_move_in: 0, data_move_out: 0
I20260924 12:57:41.411374 1842113 Coordinator.h:310] commit: 48822 abort: 828 (0/828/0), persistence latency 0, txn latency 0, queued lock latency 0, lock latency 0, active_txns 0, n_failed_read_lock 0, n_failed_write_lock 0, n_failed_cmd_not_ready 0, n_failed_no_cmd 0, network size: 0, avg network size: 0, si_in_serializable: 0 0 %, local: 0 %, local_access: 492493, local_cxl_access: 0 (0%), remote_access: 0, remote_access_with_req: 0 (nan%), data_move_in: 0, data_move_out: 0
I20260924 12:57:42.411616 1842113 Coordinator.h:310] commit: 48687 abort: 874 (0/874/0), persistence latency 0, txn latency 0, queued lock latency 0, lock latency 0, active_txns 0, n_failed_read_lock 0, n_failed_write_lock 0, n_failed_cmd_not_ready 0, n_failed_no_cmd 0, network size: 0, avg network size: 0, si_in_serializable: 0 0 %, local: 0 %, local_access: 491074, local_cxl_access: 0 (0%), remote_access: 0, remote_access_with_req: 0 (nan%), data_move_in: 0, data_move_out: 0
I20260924 12:57:43.411713 1842113 Coordinator.h:310] commit: 49676 abort: 875 (0/875/0), persistence latency 0, txn latency 0, queued lock latency 0, lock latency 0, active_txns 0, n_failed_read_lock 0, n_failed_write_lock 0, n_failed_cmd_not_ready 0, n_failed_no_cmd 0, network size: 0, avg network size: 0, si_in_serializable: 0 0 %, local: 0 %, local_access: 501179, local_cxl_access: 0 (0%), remote_access: 0, remote_access_with_req: 0 (nan%), data_move_in: 0, data_move_out: 0
I20260924 12:57:44.411938 1842113 Coordinator.h:310] commit: 49605 abort: 842 (0/842/0), persistence latency 0, txn latency 0, queued lock latency 0, lock latency 0, active_txns 0, n_failed_read_lock 0, n_failed_write_lock 0, n_failed_cmd_not_ready 0, n_failed_no_cmd 0, network size: 0, avg network size: 0, si_in_serializable: 0 0 %, local: 0 %, local_access: 500109, local_cxl_access: 0 (0%), remote_access: 0, remote_access_with_req: 0 (nan%), data_move_in: 0, data_move_out: 0
I20260924 12:57:45.412164 1842113 Coordinator.h:310] commit: 49020 abort: 840 (0/840/0), persistence latency 0, txn latency 0, queued lock latency 0, lock latency 0, active_txns 0, n_failed_read_lock 0, n_failed_write_lock 0, n_failed_cmd_not_ready 0, n_failed_no_cmd 0, network size: 0, avg network size: 0, si_in_serializable: 0 0 %, local: 0 %, local_access: 494351, local_cxl_access: 0 (0%), remote_access: 0, remote_access_with_req: 0 (nan%), data_move_in: 0, data_move_out: 0
I20260924 12:57:46.412261 1842113 Coordinator.h:310] commit: 48705 abort: 882 (0/882/0), persistence latency 0, txn latency 0, queued lock latency 0, lock latency 0, active_txns 0, n_failed_read_lock 0, n_failed_write_lock 0, n_failed_cmd_not_ready 0, n_failed_no_cmd 0, network size: 0, avg network size: 0, si_in_serializable: 0 0 %, local: 0 %, local_access: 491351, local_cxl_access: 0 (0%), remote_access: 0, remote_access_with_req: 0 (nan%), data_move_in: 0, data_move_out: 0
I20260924 12:57:47.412479 1842113 Coordinator.h:310] commit: 48935 abort: 865 (0/865/0), persistence latency 0, txn latency 0, queued lock latency 0, lock latency 0, active_txns 0, n_failed_read_lock 0, n_failed_write_lock 0, n_failed_cmd_not_ready 0, n_failed_no_cmd 0, network size: 0, avg network size: 0, si_in_serializable: 0 0 %, local: 0 %, local_access: 493557, local_cxl_access: 0 (0%), remote_access: 0, remote_access_with_req: 0 (nan%), data_move_in: 0, data_move_out: 0
I20260924 12:57:48.412698 1842113 Coordinator.h:310] commit: 48596 abort: 832 (0/832/0), persistence latency 0, txn latency 0, queued lock latency 0, lock latency 0, active_txns 0, n_failed_read_lock 0, n_failed_write_lock 0, n_failed_cmd_not_ready 0, n_failed_no_cmd 0, network size: 0, avg network size: 0, si_in_serializable: 0 0 %, local: 0 %, local_access: 490139, local_cxl_access: 0 (0%), remote_access: 0, remote_access_with_req: 0 (nan%), data_move_in: 0, data_move_out: 0
I20260924 12:57:49.412917 1842113 Coordinator.h:310] commit: 49065 abort: 893 (0/893/0), persistence latency 0, txn latency 0, queued lock latency 0, lock latency 0, active_txns 0, n_failed_read_lock 0, n_failed_write_lock 0, n_failed_cmd_not_ready 0, n_failed_no_cmd 0, network size: 0, avg network size: 0, si_in_serializable: 0 0 %, local: 0 %, local_access: 494953, local_cxl_access: 0 (0%), remote_access: 0, remote_access_with_req: 0 (nan%), data_move_in: 0, data_move_out: 0
I20260924 12:57:50.413137 1842113 Coordinator.h:310] commit: 48804 abort: 844 (0/844/0), persistence latency 0, txn latency 0, queued lock latency 0, lock latency 0, active_txns 0, n_failed_read_lock 0, n_failed_write_lock 0, n_failed_cmd_not_ready 0, n_failed_no_cmd 0, network size: 0, avg network size: 0, si_in_serializable: 0 0 %, local: 0 %, local_access: 492191, local_cxl_access: 0 (0%), remote_access: 0, remote_access_with_req: 0 (nan%), data_move_in: 0, data_move_out: 0
I20260924 12:57:51.413359 1842113 Coordinator.h:310] commit: 48921 abort: 864 (0/864/0), persistence latency 0, txn latency 0, queued lock latency 0, lock latency 0, active_txns 0, n_failed_read_lock 0, n_failed_write_lock 0, n_failed_cmd_not_ready 0, n_failed_no_cmd 0, network size: 0, avg network size: 0, si_in_serializable: 0 0 %, local: 0 %, local_access: 493472, local_cxl_access: 0 (0%), remote_access: 0, remote_access_with_req: 0 (nan%), data_move_in: 0, data_move_out: 0
I20260924 12:57:52.413697 1842113 Coordinator.h:310] commit: 48798 abort: 880 (0/880/0), persistence latency 0, txn latency 0, queued lock latency 0, lock latency 0, active_txns 0, n_failed_read_lock 0, n_failed_write_lock 0, n_failed_cmd_not_ready 0, n_failed_no_cmd 0, network size: 0, avg network size: 0, si_in_serializable: 0 0 %, local: 0 %, local_access: 492305, local_cxl_access: 0 (0%), remote_access: 0, remote_access_with_req: 0 (nan%), data_move_in: 0, data_move_out: 0
I20260924 12:57:53.415678 1842113 Coordinator.h:310] commit: 49907 abort: 887 (0/887/0), persistence latency 0, txn latency 0, queued lock latency 0, lock latency 0, active_txns 0, n_failed_read_lock 0, n_failed_write_lock 0, n_failed_cmd_not_ready 0, n_failed_no_cmd 0, network size: 0, avg network size: 0, si_in_serializable: 0 0 %, local: 0 %, local_access: 503716, local_cxl_access: 0 (0%), remote_access: 0, remote_access_with_req: 0 (nan%), data_move_in: 0, data_move_out: 0
I20260924 12:57:54.415818 1842113 Coordinator.h:310] commit: 49667 abort: 867 (0/867/0), persistence latency 0, txn latency 0, queued lock latency 0, lock latency 0, active_txns 0, n_failed_read_lock 0, n_failed_write_lock 0, n_failed_cmd_not_ready 0, n_failed_no_cmd 0, network size: 0, avg network size: 0, si_in_serializable: 0 0 %, local: 0 %, local_access: 501004, local_cxl_access: 0 (0%), remote_access: 0, remote_access_with_req: 0 (nan%), data_move_in: 0, data_move_out: 0
I20260924 12:57:55.416039 1842113 Coordinator.h:310] commit: 48926 abort: 885 (0/885/0), persistence latency 0, txn latency 0, queued lock latency 0, lock latency 0, active_txns 0, n_failed_read_lock 0, n_failed_write_lock 0, n_failed_cmd_not_ready 0, n_failed_no_cmd 0, network size: 0, avg network size: 0, si_in_serializable: 0 0 %, local: 0 %, local_access: 493597, local_cxl_access: 0 (0%), remote_access: 0, remote_access_with_req: 0 (nan%), data_move_in: 0, data_move_out: 0
I20260924 12:57:56.416134 1842113 Coordinator.h:310] commit: 48590 abort: 862 (0/862/0), persistence latency 0, txn latency 0, queued lock latency 0, lock latency 0, active_txns 0, n_failed_read_lock 0, n_failed_write_lock 0, n_failed_cmd_not_ready 0, n_failed_no_cmd 0, network size: 0, avg network size: 0, si_in_serializable: 0 0 %, local: 0 %, local_access: 490144, local_cxl_access: 0 (0%), remote_access: 0, remote_access_with_req: 0 (nan%), data_move_in: 0, data_move_out: 0
I20260924 12:57:57.416356 1842113 Coordinator.h:310] commit: 48865 abort: 875 (0/875/0), persistence latency 0, txn latency 0, queued lock latency 0, lock latency 0, active_txns 0, n_failed_read_lock 0, n_failed_write_lock 0, n_failed_cmd_not_ready 0, n_failed_no_cmd 0, network size: 0, avg network size: 0, si_in_serializable: 0 0 %, local: 0 %, local_access: 492925, local_cxl_access: 0 (0%), remote_access: 0, remote_access_with_req: 0 (nan%), data_move_in: 0, data_move_out: 0
I20260924 12:57:58.416452 1842113 Coordinator.h:310] commit: 48866 abort: 833 (0/833/0), persistence latency 0, txn latency 0, queued lock latency 0, lock latency 0, active_txns 0, n_failed_read_lock 0, n_failed_write_lock 0, n_failed_cmd_not_ready 0, n_failed_no_cmd 0, network size: 0, avg network size: 0, si_in_serializable: 0 0 %, local: 0 %, local_access: 492706, local_cxl_access: 0 (0%), remote_access: 0, remote_access_with_req: 0 (nan%), data_move_in: 0, data_move_out: 0
I20260924 12:57:59.416680 1842113 Coordinator.h:310] commit: 48989 abort: 837 (0/837/0), persistence latency 0, txn latency 0, queued lock latency 0, lock latency 0, active_txns 0, n_failed_read_lock 0, n_failed_write_lock 0, n_failed_cmd_not_ready 0, n_failed_no_cmd 0, network size: 0, avg network size: 0, si_in_serializable: 0 0 %, local: 0 %, local_access: 494001, local_cxl_access: 0 (0%), remote_access: 0, remote_access_with_req: 0 (nan%), data_move_in: 0, data_move_out: 0
I20260924 12:58:00.416899 1842113 Coordinator.h:310] commit: 48766 abort: 873 (0/873/0), persistence latency 0, txn latency 0, queued lock latency 0, lock latency 0, active_txns 0, n_failed_read_lock 0, n_failed_write_lock 0, n_failed_cmd_not_ready 0, n_failed_no_cmd 0, network size: 0, avg network size: 0, si_in_serializable: 0 0 %, local: 0 %, local_access: 492109, local_cxl_access: 0 (0%), remote_access: 0, remote_access_with_req: 0 (nan%), data_move_in: 0, data_move_out: 0
I20260924 12:58:01.417120 1842113 Coordinator.h:310] commit: 48987 abort: 816 (0/816/0), persistence latency 0, txn latency 0, queued lock latency 0, lock latency 0, active_txns 0, n_failed_read_lock 0, n_failed_write_lock 0, n_failed_cmd_not_ready 0, n_failed_no_cmd 0, network size: 0, avg network size: 0, si_in_serializable: 0 0 %, local: 0 %, local_access: 493841, local_cxl_access: 0 (0%), remote_access: 0, remote_access_with_req: 0 (nan%), data_move_in: 0, data_move_out: 0
I20260924 12:58:02.417349 1842113 Coordinator.h:310] commit: 49437 abort: 836 (0/836/0), persistence latency 0, txn latency 0, queued lock latency 0, lock latency 0, active_txns 0, n_failed_read_lock 0, n_failed_write_lock 0, n_failed_cmd_not_ready 0, n_failed_no_cmd 0, network size: 0, avg network size: 0, si_in_serializable: 0 0 %, local: 0 %, local_access: 498576, local_cxl_access: 0 (0%), remote_access: 0, remote_access_with_req: 0 (nan%), data_move_in: 0, data_move_out: 0
I20260924 12:58:03.417461 1842113 Coordinator.h:310] commit: 49567 abort: 943 (0/943/0), persistence latency 0, txn latency 0, queued lock latency 0, lock latency 0, active_txns 0, n_failed_read_lock 0, n_failed_write_lock 0, n_failed_cmd_not_ready 0, n_failed_no_cmd 0, network size: 0, avg network size: 0, si_in_serializable: 0 0 %, local: 0 %, local_access: 500168, local_cxl_access: 0 (0%), remote_access: 0, remote_access_with_req: 0 (nan%), data_move_in: 0, data_move_out: 0
I20260924 12:58:04.418725 1842113 Coordinator.h:310] commit: 49695 abort: 870 (0/870/0), persistence latency 0, txn latency 0, queued lock latency 0, lock latency 0, active_txns 0, n_failed_read_lock 0, n_failed_write_lock 0, n_failed_cmd_not_ready 0, n_failed_no_cmd 0, network size: 0, avg network size: 0, si_in_serializable: 0 0 %, local: 0 %, local_access: 501217, local_cxl_access: 0 (0%), remote_access: 0, remote_access_with_req: 0 (nan%), data_move_in: 0, data_move_out: 0
I20260924 12:58:05.418815 1842113 Coordinator.h:310] commit: 49334 abort: 830 (0/830/0), persistence latency 0, txn latency 0, queued lock latency 0, lock latency 0, active_txns 0, n_failed_read_lock 0, n_failed_write_lock 0, n_failed_cmd_not_ready 0, n_failed_no_cmd 0, network size: 0, avg network size: 0, si_in_serializable: 0 0 %, local: 0 %, local_access: 497376, local_cxl_access: 0 (0%), remote_access: 0, remote_access_with_req: 0 (nan%), data_move_in: 0, data_move_out: 0
I20260924 12:58:06.418915 1842113 Coordinator.h:310] commit: 48782 abort: 841 (0/841/0), persistence latency 0, txn latency 0, queued lock latency 0, lock latency 0, active_txns 0, n_failed_read_lock 0, n_failed_write_lock 0, n_failed_cmd_not_ready 0, n_failed_no_cmd 0, network size: 0, avg network size: 0, si_in_serializable: 0 0 %, local: 0 %, local_access: 492049, local_cxl_access: 0 (0%), remote_access: 0, remote_access_with_req: 0 (nan%), data_move_in: 0, data_move_out: 0
I20260924 12:58:07.419243 1842113 Coordinator.h:310] commit: 48942 abort: 850 (0/850/0), persistence latency 0, txn latency 0, queued lock latency 0, lock latency 0, active_txns 0, n_failed_read_lock 0, n_failed_write_lock 0, n_failed_cmd_not_ready 0, n_failed_no_cmd 0, network size: 0, avg network size: 0, si_in_serializable: 0 0 %, local: 0 %, local_access: 493610, local_cxl_access: 0 (0%), remote_access: 0, remote_access_with_req: 0 (nan%), data_move_in: 0, data_move_out: 0
I20260924 12:58:08.419340 1842113 Coordinator.h:310] commit: 48785 abort: 843 (0/843/0), persistence latency 0, txn latency 0, queued lock latency 0, lock latency 0, active_txns 0, n_failed_read_lock 0, n_failed_write_lock 0, n_failed_cmd_not_ready 0, n_failed_no_cmd 0, network size: 0, avg network size: 0, si_in_serializable: 0 0 %, local: 0 %, local_access: 492115, local_cxl_access: 0 (0%), remote_access: 0, remote_access_with_req: 0 (nan%), data_move_in: 0, data_move_out: 0
I20260924 12:58:09.419482 1842113 Coordinator.h:310] commit: 48987 abort: 853 (0/853/0), persistence latency 0, txn latency 0, queued lock latency 0, lock latency 0, active_txns 0, n_failed_read_lock 0, n_failed_write_lock 0, n_failed_cmd_not_ready 0, n_failed_no_cmd 0, network size: 0, avg network size: 0, si_in_serializable: 0 0 %, local: 0 %, local_access: 494127, local_cxl_access: 0 (0%), remote_access: 0, remote_access_with_req: 0 (nan%), data_move_in: 0, data_move_out: 0
I20260924 12:58:10.419795 1842113 Coordinator.h:310] commit: 48750 abort: 1329 (0/1329/0), persistence latency 0, txn latency 0, queued lock latency 0, lock latency 0, active_txns 0, n_failed_read_lock 0, n_failed_write_lock 0, n_failed_cmd_not_ready 0, n_failed_no_cmd 0, network size: 0, avg network size: 0, si_in_serializable: 0 0 %, local: 0 %, local_access: 492167, local_cxl_access: 0 (0%), remote_access: 0, remote_access_with_req: 0 (nan%), data_move_in: 0, data_move_out: 0
I20260924 12:58:11.420014 1842113 Coordinator.h:310] commit: 49088 abort: 819 (0/819/0), persistence latency 0, txn latency 0, queued lock latency 0, lock latency 0, active_txns 0, n_failed_read_lock 0, n_failed_write_lock 0, n_failed_cmd_not_ready 0, n_failed_no_cmd 0, network size: 0, avg network size: 0, si_in_serializable: 0 0 %, local: 0 %, local_access: 494889, local_cxl_access: 0 (0%), remote_access: 0, remote_access_with_req: 0 (nan%), data_move_in: 0, data_move_out: 0
I20260924 12:58:12.420246 1842113 Coordinator.h:310] commit: 48709 abort: 903 (0/903/0), persistence latency 0, txn latency 0, queued lock latency 0, lock latency 0, active_txns 0, n_failed_read_lock 0, n_failed_write_lock 0, n_failed_cmd_not_ready 0, n_failed_no_cmd 0, network size: 0, avg network size: 0, si_in_serializable: 0 0 %, local: 0 %, local_access: 491740, local_cxl_access: 0 (0%), remote_access: 0, remote_access_with_req: 0 (nan%), data_move_in: 0, data_move_out: 0
I20260924 12:58:13.420467 1842113 Coordinator.h:310] commit: 49710 abort: 916 (0/916/0), persistence latency 0, txn latency 0, queued lock latency 0, lock latency 0, active_txns 0, n_failed_read_lock 0, n_failed_write_lock 0, n_failed_cmd_not_ready 0, n_failed_no_cmd 0, network size: 0, avg network size: 0, si_in_serializable: 0 0 %, local: 0 %, local_access: 501592, local_cxl_access: 0 (0%), remote_access: 0, remote_access_with_req: 0 (nan%), data_move_in: 0, data_move_out: 0
I20260924 12:58:14.420689 1842113 Coordinator.h:310] commit: 49607 abort: 877 (0/877/0), persistence latency 0, txn latency 0, queued lock latency 0, lock latency 0, active_txns 0, n_failed_read_lock 0, n_failed_write_lock 0, n_failed_cmd_not_ready 0, n_failed_no_cmd 0, network size: 0, avg network size: 0, si_in_serializable: 0 0 %, local: 0 %, local_access: 500427, local_cxl_access: 0 (0%), remote_access: 0, remote_access_with_req: 0 (nan%), data_move_in: 0, data_move_out: 0
I20260924 12:58:15.420922 1842113 Coordinator.h:310] commit: 49024 abort: 824 (0/824/0), persistence latency 0, txn latency 0, queued lock latency 0, lock latency 0, active_txns 0, n_failed_read_lock 0, n_failed_write_lock 0, n_failed_cmd_not_ready 0, n_failed_no_cmd 0, network size: 0, avg network size: 0, si_in_serializable: 0 0 %, local: 0 %, local_access: 494422, local_cxl_access: 0 (0%), remote_access: 0, remote_access_with_req: 0 (nan%), data_move_in: 0, data_move_out: 0
I20260924 12:58:16.421149 1842113 Coordinator.h:310] commit: 48737 abort: 830 (0/830/0), persistence latency 0, txn latency 0, queued lock latency 0, lock latency 0, active_txns 0, n_failed_read_lock 0, n_failed_write_lock 0, n_failed_cmd_not_ready 0, n_failed_no_cmd 0, network size: 0, avg network size: 0, si_in_serializable: 0 0 %, local: 0 %, local_access: 491445, local_cxl_access: 0 (0%), remote_access: 0, remote_access_with_req: 0 (nan%), data_move_in: 0, data_move_out: 0
I20260924 12:58:17.421368 1842113 Coordinator.h:310] commit: 48856 abort: 882 (0/882/0), persistence latency 0, txn latency 0, queued lock latency 0, lock latency 0, active_txns 0, n_failed_read_lock 0, n_failed_write_lock 0, n_failed_cmd_not_ready 0, n_failed_no_cmd 0, network size: 0, avg network size: 0, si_in_serializable: 0 0 %, local: 0 %, local_access: 492938, local_cxl_access: 0 (0%), remote_access: 0, remote_access_with_req: 0 (nan%), data_move_in: 0, data_move_out: 0
I20260924 12:58:18.421469 1842113 Coordinator.h:310] commit: 48716 abort: 885 (0/885/0), persistence latency 0, txn latency 0, queued lock latency 0, lock latency 0, active_txns 0, n_failed_read_lock 0, n_failed_write_lock 0, n_failed_cmd_not_ready 0, n_failed_no_cmd 0, network size: 0, avg network size: 0, si_in_serializable: 0 0 %, local: 0 %, local_access: 491521, local_cxl_access: 0 (0%), remote_access: 0, remote_access_with_req: 0 (nan%), data_move_in: 0, data_move_out: 0
I20260924 12:58:19.423051 1842113 Coordinator.h:310] commit: 49053 abort: 857 (0/857/0), persistence latency 0, txn latency 0, queued lock latency 0, lock latency 0, active_txns 0, n_failed_read_lock 0, n_failed_write_lock 0, n_failed_cmd_not_ready 0, n_failed_no_cmd 0, network size: 0, avg network size: 0, si_in_serializable: 0 0 %, local: 0 %, local_access: 494794, local_cxl_access: 0 (0%), remote_access: 0, remote_access_with_req: 0 (nan%), data_move_in: 0, data_move_out: 0
I20260924 12:58:20.423151 1842113 Coordinator.h:310] commit: 48920 abort: 848 (0/848/0), persistence latency 0, txn latency 0, queued lock latency 0, lock latency 0, active_txns 0, n_failed_read_lock 0, n_failed_write_lock 0, n_failed_cmd_not_ready 0, n_failed_no_cmd 0, network size: 0, avg network size: 0, si_in_serializable: 0 0 %, local: 0 %, local_access: 493431, local_cxl_access: 0 (0%), remote_access: 0, remote_access_with_req: 0 (nan%), data_move_in: 0, data_move_out: 0
I20260924 12:58:21.423247 1842113 Coordinator.h:310] commit: 48989 abort: 828 (0/828/0), persistence latency 0, txn latency 0, queued lock latency 0, lock latency 0, active_txns 0, n_failed_read_lock 0, n_failed_write_lock 0, n_failed_cmd_not_ready 0, n_failed_no_cmd 0, network size: 0, avg network size: 0, si_in_serializable: 0 0 %, local: 0 %, local_access: 493982, local_cxl_access: 0 (0%), remote_access: 0, remote_access_with_req: 0 (nan%), data_move_in: 0, data_move_out: 0
I20260924 12:58:22.423382 1842113 Coordinator.h:310] commit: 48572 abort: 893 (0/893/0), persistence latency 0, txn latency 0, queued lock latency 0, lock latency 0, active_txns 0, n_failed_read_lock 0, n_failed_write_lock 0, n_failed_cmd_not_ready 0, n_failed_no_cmd 0, network size: 0, avg network size: 0, si_in_serializable: 0 0 %, local: 0 %, local_access: 490209, local_cxl_access: 0 (0%), remote_access: 0, remote_access_with_req: 0 (nan%), data_move_in: 0, data_move_out: 0
I20260924 12:58:23.423609 1842113 Coordinator.h:310] commit: 49862 abort: 911 (0/911/0), persistence latency 0, txn latency 0, queued lock latency 0, lock latency 0, active_txns 0, n_failed_read_lock 0, n_failed_write_lock 0, n_failed_cmd_not_ready 0, n_failed_no_cmd 0, network size: 0, avg network size: 0, si_in_serializable: 0 0 %, local: 0 %, local_access: 503188, local_cxl_access: 0 (0%), remote_access: 0, remote_access_with_req: 0 (nan%), data_move_in: 0, data_move_out: 0
I20260924 12:58:24.423705 1842113 Coordinator.h:310] commit: 49562 abort: 851 (0/851/0), persistence latency 0, txn latency 0, queued lock latency 0, lock latency 0, active_txns 0, n_failed_read_lock 0, n_failed_write_lock 0, n_failed_cmd_not_ready 0, n_failed_no_cmd 0, network size: 0, avg network size: 0, si_in_serializable: 0 0 %, local: 0 %, local_access: 499869, local_cxl_access: 0 (0%), remote_access: 0, remote_access_with_req: 0 (nan%), data_move_in: 0, data_move_out: 0
I20260924 12:58:25.423832 1842113 Coordinator.h:310] commit: 48952 abort: 869 (0/869/0), persistence latency 0, txn latency 0, queued lock latency 0, lock latency 0, active_txns 0, n_failed_read_lock 0, n_failed_write_lock 0, n_failed_cmd_not_ready 0, n_failed_no_cmd 0, network size: 0, avg network size: 0, si_in_serializable: 0 0 %, local: 0 %, local_access: 493864, local_cxl_access: 0 (0%), remote_access: 0, remote_access_with_req: 0 (nan%), data_move_in: 0, data_move_out: 0
I20260924 12:58:26.424075 1842113 Coordinator.h:310] commit: 48745 abort: 922 (0/922/0), persistence latency 0, txn latency 0, queued lock latency 0, lock latency 0, active_txns 0, n_failed_read_lock 0, n_failed_write_lock 0, n_failed_cmd_not_ready 0, n_failed_no_cmd 0, network size: 0, avg network size: 0, si_in_serializable: 0 0 %, local: 0 %, local_access: 492088, local_cxl_access: 0 (0%), remote_access: 0, remote_access_with_req: 0 (nan%), data_move_in: 0, data_move_out: 0
I20260924 12:58:27.424190 1842113 Coordinator.h:310] commit: 49065 abort: 889 (0/889/0), persistence latency 0, txn latency 0, queued lock latency 0, lock latency 0, active_txns 0, n_failed_read_lock 0, n_failed_write_lock 0, n_failed_cmd_not_ready 0, n_failed_no_cmd 0, network size: 0, avg network size: 0, si_in_serializable: 0 0 %, local: 0 %, local_access: 494786, local_cxl_access: 0 (0%), remote_access: 0, remote_access_with_req: 0 (nan%), data_move_in: 0, data_move_out: 0
I20260924 12:58:28.424284 1842113 Coordinator.h:310] commit: 48827 abort: 949 (0/949/0), persistence latency 0, txn latency 0, queued lock latency 0, lock latency 0, active_txns 0, n_failed_read_lock 0, n_failed_write_lock 0, n_failed_cmd_not_ready 0, n_failed_no_cmd 0, network size: 0, avg network size: 0, si_in_serializable: 0 0 %, local: 0 %, local_access: 492560, local_cxl_access: 0 (0%), remote_access: 0, remote_access_with_req: 0 (nan%), data_move_in: 0, data_move_out: 0
I20260924 12:58:29.424377 1842113 Coordinator.h:310] commit: 49065 abort: 844 (0/844/0), persistence latency 0, txn latency 0, queued lock latency 0, lock latency 0, active_txns 0, n_failed_read_lock 0, n_failed_write_lock 0, n_failed_cmd_not_ready 0, n_failed_no_cmd 0, network size: 0, avg network size: 0, si_in_serializable: 0 0 %, local: 0 %, local_access: 494824, local_cxl_access: 0 (0%), remote_access: 0, remote_access_with_req: 0 (nan%), data_move_in: 0, data_move_out: 0
I20260924 12:58:30.424497 1842113 Coordinator.h:310] commit: 48680 abort: 944 (0/944/0), persistence latency 0, txn latency 0, queued lock latency 0, lock latency 0, active_txns 0, n_failed_read_lock 0, n_failed_write_lock 0, n_failed_cmd_not_ready 0, n_failed_no_cmd 0, network size: 0, avg network size: 0, si_in_serializable: 0 0 %, local: 0 %, local_access: 491388, local_cxl_access: 0 (0%), remote_access: 0, remote_access_with_req: 0 (nan%), data_move_in: 0, data_move_out: 0
I20260924 12:58:30.424525 1842113 Coordinator.h:348] average commit: 49066.8 abort: 885.067 (0/885.067/0), abort_rate: 0.0177184, network size: 0, avg network size: 0, si_in_serializable: 0 0 %, local: 0 %, local_access: 14849203, local_cxl_access: 0 (0%), remote_access: 0, remote_access_with_req: 0 (nan%), data_move_in: 0, data_move_out: 0
I20260924 12:58:30.424551 1842113 Executor.h:236] Worker 0 latency: 53 us (50%) 68 us (75%) 141 us (95%) 189 us (99%). dist txn latency: 0 us (50%) 0 us (75%) 0 us (95%) 0 us (99%)  avg 0 us . local txn latency: 53 us (50%) 68 us (75%) 141 us (95%) 189 us (99%)  avg 62 us. txn commit latency: 53 us (50%) 68 us (75%) 141 us (95%) 189 us (99%) avg 63 us.
 LOCAL txn stall 0 us,  local_work 53 us,  remote_work 0 us,  commit_work 4 us,  commit_prepare 2 us,  commit_persistence 0 us,  commit_write_back 0 us,  commit_replication 0 us,  commit_release_lock 0 us 
 DIST txn stall 0 us,  local_work 0 us,  remote_work 0 us,  commit_work 0 us,  commit_prepare 0 us,  commit_persistence 0 us,  commit_write_back 0 us,  commit_replication 0 us,  commit_release_lock 0 us 
I20260924 12:58:30.430435 1842113 Executor.h:267] message stats, type: 0 count: 0 total size: 0
I20260924 12:58:30.430444 1842113 Executor.h:267] message stats, type: 1 count: 0 total size: 0
I20260924 12:58:30.430447 1842113 Executor.h:267] message stats, type: 2 count: 0 total size: 0
I20260924 12:58:30.430451 1842113 Executor.h:267] message stats, type: 3 count: 0 total size: 0
I20260924 12:58:30.430455 1842113 Executor.h:267] message stats, type: 4 count: 0 total size: 0
I20260924 12:58:30.430462 1842113 Executor.h:267] message stats, type: 5 count: 0 total size: 0
I20260924 12:58:30.430466 1842113 Executor.h:267] message stats, type: 6 count: 0 total size: 0
I20260924 12:58:30.430469 1842113 Executor.h:267] message stats, type: 7 count: 0 total size: 0
I20260924 12:58:30.430473 1842113 Executor.h:267] message stats, type: 8 count: 0 total size: 0
I20260924 12:58:30.430477 1842113 Executor.h:267] message stats, type: 9 count: 0 total size: 0
I20260924 12:58:30.430480 1842113 Executor.h:267] message stats, type: 10 count: 0 total size: 0
I20260924 12:58:30.430485 1842113 Executor.h:267] message stats, type: 11 count: 0 total size: 0
I20260924 12:58:30.434666 1842174 Executor.h:231] Executor 0 exits.
I20260924 12:58:30.434670 1842177 Manager.h:234] Manager(worker id = 3) on the non-coordinator node exits.
I20260924 12:58:30.434666 1842176 Executor.h:231] Executor 2 exits.
I20260924 12:58:30.434666 1842175 Executor.h:231] Executor 1 exits.
I20260924 12:58:30.437491 1842113 Executor.h:236] Worker 1 latency: 53 us (50%) 68 us (75%) 141 us (95%) 190 us (99%). dist txn latency: 0 us (50%) 0 us (75%) 0 us (95%) 0 us (99%)  avg 0 us . local txn latency: 53 us (50%) 68 us (75%) 140 us (95%) 188 us (99%)  avg 62 us. txn commit latency: 52 us (50%) 67 us (75%) 139 us (95%) 188 us (99%) avg 62 us.
 LOCAL txn stall 0 us,  local_work 53 us,  remote_work 0 us,  commit_work 4 us,  commit_prepare 2 us,  commit_persistence 0 us,  commit_write_back 0 us,  commit_replication 0 us,  commit_release_lock 0 us 
 DIST txn stall 0 us,  local_work 0 us,  remote_work 0 us,  commit_work 0 us,  commit_prepare 0 us,  commit_persistence 0 us,  commit_write_back 0 us,  commit_replication 0 us,  commit_release_lock 0 us 
I20260924 12:58:30.444350 1842113 Executor.h:236] Worker 2 latency: 45 us (50%) 58 us (75%) 137 us (95%) 192 us (99%). dist txn latency: 0 us (50%) 0 us (75%) 0 us (95%) 0 us (99%)  avg 0 us . local txn latency: 45 us (50%) 58 us (75%) 137 us (95%) 191 us (99%)  avg 55 us. txn commit latency: 45 us (50%) 58 us (75%) 136 us (95%) 191 us (99%) avg 55 us.
 LOCAL txn stall 0 us,  local_work 47 us,  remote_work 0 us,  commit_work 3 us,  commit_prepare 2 us,  commit_persistence 0 us,  commit_write_back 0 us,  commit_replication 0 us,  commit_release_lock 0 us 
 DIST txn stall 0 us,  local_work 0 us,  remote_work 0 us,  commit_work 0 us,  commit_prepare 0 us,  commit_persistence 0 us,  commit_write_back 0 us,  commit_replication 0 us,  commit_release_lock 0 us 
I20260924 12:58:30.450826 1842113 CXLMemory.h:227] local CXL memory usage: size_index_usage: 0 size_metadata_usage: 0 size_data_usage: 0 size_transport_usage: 0 size_misc_usage: 0 total_size_hw_cc_usage: 0 total_usage: 0
I20260924 12:58:30.450866 1842173 Dispatcher.h:261] Handling coordinator message took 5
I20260924 12:58:31.450986 1842172 Dispatcher.h:160] Incoming Dispatcher exits, network size: 132. socket_message_recv_latency(50th) 0 socket_message_recv_latency(75th) 0 socket_message_recv_latency(95th) 0 socket_message_recv_latency(99th) 0 internal_message_recv_latency(50th) 0 socket_message_recv_cnt 0 socket_read_syscall 0 internal_message_recv_cnt 0
I20260924 12:58:31.450994 1842173 Dispatcher.h:292] Outgoing Dispatcher exits, network size: 252. msg_send_latency(50th) 0 msg_send_latency(75th) 0 msg_send_latency(95th) 0 msg_send_latency(99th) 0 msg_send_latency(avg) 0 msg_gen_to_sent_latency(50th) 0 msg_gen_to_sent_latency(75th) 0 msg_gen_to_sent_latency(95th) 0 msg_gen_to_sent_latency(99th) 0 msg_gen_to_queue_latency(50th) 0 msg_gen_to_queue_latency(75th) 0 msg_gen_to_queue_latency(95th) 0 msg_gen_to_queue_latency(99th) 0 msg_disp_ltc(50th) 0 msg_disp_ltc(75th) 0 msg_disp_ltc(95th) 0 msg_disp_ltc(99th) 0 msg_disp_ltc(100th) 0 send_ltc(50th) 0 send_ltc(75th) 0 send_ltc(95th) 0 send_ltc(99th) 0 send_ltc(100th) 0 send_ltc(avg) 0 sendto_cnt 3 network_size 252 network_msg_cnt 2 network_msg_group_size avg 0 50th 0 internal_network_size 0 internal_network_msg_cnt 0
I20260924 12:58:34.069384 1842113 Coordinator.h:420] Coordinator exits.
TIGON_RUN_END run_id=cmp_50_y_rw50_c0_r2 host_id=1 status=ok exit_code=0
