TIGON_RUN_META system=ub workload=ycsb run_id=cmp_50_y_rw50_c50_r2 host_id=1 repetition=2 mode=one-sided query=rmw transport=ubq partitions=2 workers=3 keys=300000 rw_ratio=50 zipf=0.7 cross_ratio=50 neworder_dist= payment_dist= warmup_seconds=30 run_seconds=30 total_seconds=60 logging=off
I20260924 12:59:45.825593 1843061 bench_ycsb.cpp:68] RW_RATIO = 50, ZIPF_THETA = 0.7, CROSS_RATIO = 50
I20260924 12:59:45.826669 1843061 bench_ycsb.cpp:69] checkpoint 0 to 
I20260924 12:59:45.826674 1843061 bench_ycsb.cpp:70] cross_part_num 2
I20260924 12:59:45.826678 1843061 bench_ycsb.cpp:71] lotus_sp_parallel_exec_commit 0
I20260924 12:59:45.826683 1843061 bench_ycsb.cpp:72] granules_per_partition 1
I20260924 12:59:45.826687 1843061 bench_ycsb.cpp:73] keysPerGranule 300000
[2026-09-24 12:59:46.393 +08:00][ERROR][1843061][281473705955360][shm_ipc_command.cpp:183] IpcCallShmMap response error : 606
[2026-09-24 12:59:46.393 +08:00][ERROR][1843061][281473705955360][RackMemShm.cpp:322] Failed to mmap, name=u20296eab_one-sided_rmw_ubq_0, mapSize=2147483648, ret=606
[2026-09-24 12:59:46.393 +08:00][ERROR][1843061][281473705955360][mxmem_shmem.cpp:473] Failed to mmap shared memory, ret=606
[2026-09-24 12:59:46.496 +08:00][ERROR][1843061][281473705955360][shm_ipc_command.cpp:183] IpcCallShmMap response error : 606
[2026-09-24 12:59:46.496 +08:00][ERROR][1843061][281473705955360][RackMemShm.cpp:322] Failed to mmap, name=u20296eab_one-sided_rmw_ubq_0, mapSize=2147483648, ret=606
[2026-09-24 12:59:46.496 +08:00][ERROR][1843061][281473705955360][mxmem_shmem.cpp:473] Failed to mmap shared memory, ret=606
[2026-09-24 12:59:46.600 +08:00][ERROR][1843061][281473705955360][shm_ipc_command.cpp:183] IpcCallShmMap response error : 606
[2026-09-24 12:59:46.600 +08:00][ERROR][1843061][281473705955360][RackMemShm.cpp:322] Failed to mmap, name=u20296eab_one-sided_rmw_ubq_0, mapSize=2147483648, ret=606
[2026-09-24 12:59:46.600 +08:00][ERROR][1843061][281473705955360][mxmem_shmem.cpp:473] Failed to mmap shared memory, ret=606
[2026-09-24 12:59:46.703 +08:00][ERROR][1843061][281473705955360][shm_ipc_command.cpp:183] IpcCallShmMap response error : 606
[2026-09-24 12:59:46.703 +08:00][ERROR][1843061][281473705955360][RackMemShm.cpp:322] Failed to mmap, name=u20296eab_one-sided_rmw_ubq_0, mapSize=2147483648, ret=606
[2026-09-24 12:59:46.703 +08:00][ERROR][1843061][281473705955360][mxmem_shmem.cpp:473] Failed to mmap shared memory, ret=606
[2026-09-24 12:59:46.807 +08:00][ERROR][1843061][281473705955360][shm_ipc_command.cpp:183] IpcCallShmMap response error : 800
[2026-09-24 12:59:46.807 +08:00][ERROR][1843061][281473705955360][RackMemShm.cpp:322] Failed to mmap, name=u20296eab_one-sided_rmw_ubq_0, mapSize=2147483648, ret=800
[2026-09-24 12:59:46.807 +08:00][ERROR][1843061][281473705955360][mxmem_shmem.cpp:473] Failed to mmap shared memory, ret=800
[2026-09-24 12:59:46.909 +08:00][ERROR][1843061][281473705955360][shm_ipc_command.cpp:183] IpcCallShmMap response error : 800
[2026-09-24 12:59:46.909 +08:00][ERROR][1843061][281473705955360][RackMemShm.cpp:322] Failed to mmap, name=u20296eab_one-sided_rmw_ubq_0, mapSize=2147483648, ret=800
[2026-09-24 12:59:46.909 +08:00][ERROR][1843061][281473705955360][mxmem_shmem.cpp:473] Failed to mmap shared memory, ret=800
[2026-09-24 12:59:47.012 +08:00][ERROR][1843061][281473705955360][shm_ipc_command.cpp:183] IpcCallShmMap response error : 800
[2026-09-24 12:59:47.012 +08:00][ERROR][1843061][281473705955360][RackMemShm.cpp:322] Failed to mmap, name=u20296eab_one-sided_rmw_ubq_0, mapSize=2147483648, ret=800
[2026-09-24 12:59:47.012 +08:00][ERROR][1843061][281473705955360][mxmem_shmem.cpp:473] Failed to mmap shared memory, ret=800
[2026-09-24 12:59:47.116 +08:00][ERROR][1843061][281473705955360][shm_ipc_command.cpp:183] IpcCallShmMap response error : 800
[2026-09-24 12:59:47.116 +08:00][ERROR][1843061][281473705955360][RackMemShm.cpp:322] Failed to mmap, name=u20296eab_one-sided_rmw_ubq_0, mapSize=2147483648, ret=800
[2026-09-24 12:59:47.116 +08:00][ERROR][1843061][281473705955360][mxmem_shmem.cpp:473] Failed to mmap shared memory, ret=800
[2026-09-24 12:59:47.219 +08:00][ERROR][1843061][281473705955360][shm_ipc_command.cpp:183] IpcCallShmMap response error : 800
[2026-09-24 12:59:47.219 +08:00][ERROR][1843061][281473705955360][RackMemShm.cpp:322] Failed to mmap, name=u20296eab_one-sided_rmw_ubq_0, mapSize=2147483648, ret=800
[2026-09-24 12:59:47.219 +08:00][ERROR][1843061][281473705955360][mxmem_shmem.cpp:473] Failed to mmap shared memory, ret=800
[2026-09-24 12:59:47.321 +08:00][ERROR][1843061][281473705955360][shm_ipc_command.cpp:183] IpcCallShmMap response error : 800
[2026-09-24 12:59:47.321 +08:00][ERROR][1843061][281473705955360][RackMemShm.cpp:322] Failed to mmap, name=u20296eab_one-sided_rmw_ubq_0, mapSize=2147483648, ret=800
[2026-09-24 12:59:47.321 +08:00][ERROR][1843061][281473705955360][mxmem_shmem.cpp:473] Failed to mmap shared memory, ret=800
I20260924 12:59:47.487620 1843061 UBMemory.cpp:138] UB memory initialized: local_region=1 regions=2 mode=one-sided bytes_per_region=2147483648
I20260924 12:59:49.953107 1843061 Database.h:82] ycsb initialization finished in 2465 milliseconds.
I20260924 12:59:49.954840 1843061 Coordinator.h:459] Coordinator 1 initializes UB inbox with 4096 entries of 8192 bytes
I20260924 12:59:49.954900 1843061 Coordinator.h:100] WAL Group Commiting off. Log to file _non_group_commit.txt using Blackhole Logger
I20260924 12:59:49.954908 1843061 Coordinator.h:104] Coordinator initializes 3 workers.
I20260924 12:59:49.955551 1843090 Coordinator.h:505] Listener 0 on coordinator 1 listening on 76.53.137.99:10010 tcp_no_delay 1 tcp_quick_ack 0
I20260924 12:59:49.955675 1843061 Coordinator.h:551] Coordinator 1 failed to connect 0(76.53.137.98:10010)'s listener 0, retry in 5 seconds.
I20260924 12:59:50.098207 1843090 Socket.h:69] Disabling nagle
I20260924 12:59:50.098361 1843090 Coordinator.h:520] Listener accepted connection from coordinator 0
I20260924 12:59:50.098366 1843090 Coordinator.h:523] Listener 0 on coordinator 1 exits.
I20260924 12:59:54.956256 1843061 Socket.h:69] Disabling nagle
I20260924 12:59:54.956290 1843061 Coordinator.h:560] Coordinator 1 connected to 0
I20260924 12:59:54.956321 1843061 Coordinator.h:572] Coordinator 1 connected to all peers.
I20260924 12:59:54.956331 1843061 Dispatcher.h:41] IncomingDispatcher 0 coord_id 1
I20260924 12:59:54.956346 1843061 Dispatcher.h:234] OutgoingDispatcher 0 coord_id 1
I20260924 12:59:54.956420 1843061 Coordinator.h:669] pinned thread to core 0
I20260924 12:59:54.956483 1843061 Coordinator.h:669] pinned thread to core 1
I20260924 12:59:54.956496 1843061 Coordinator.h:219] Coordinator starts to run 4 workers.
I20260924 12:59:54.956525 1843061 Coordinator.h:669] pinned thread to core 2
I20260924 12:59:54.956621 1843113 Dispatcher.h:246] Outgoing Dispatcher started, numCoordinators = 2, numWorkers = 4, group id = 0
I20260924 12:59:54.956720 1843061 Coordinator.h:669] pinned thread to core 3
I20260924 12:59:54.956621 1843112 Dispatcher.h:63] Incoming Dispatcher started, numCoordinators = 2, numWorkers = 3, group id = 0, coordinator = 1
I20260924 12:59:54.956786 1843061 Coordinator.h:669] pinned thread to core 4
I20260924 12:59:54.956678 1843114 Executor.h:79] Executor 0 starts.
I20260924 12:59:54.956892 1843116 Executor.h:79] Executor 2 starts.
I20260924 12:59:54.956926 1843115 Executor.h:79] Executor 1 starts.
I20260924 12:59:54.957435 1843117 Manager.h:232] Manager(worker id = 3) on the non-coordinator node started.
I20260924 12:59:55.957477 1843061 Coordinator.h:310] commit: 12688 abort: 255 (0/255/0), persistence latency 0, txn latency 0, queued lock latency 0, lock latency 0, active_txns 0, n_failed_read_lock 0, n_failed_write_lock 0, n_failed_cmd_not_ready 0, n_failed_no_cmd 0, network size: 0, avg network size: 0, si_in_serializable: 0 0 %, local: 0 %, local_access: 95946, local_cxl_access: 0 (0%), remote_access: 32042, remote_access_with_req: 0 (0%), data_move_in: 0, data_move_out: 0
I20260924 12:59:56.959065 1843061 Coordinator.h:310] commit: 12770 abort: 232 (0/232/0), persistence latency 0, txn latency 0, queued lock latency 0, lock latency 0, active_txns 0, n_failed_read_lock 0, n_failed_write_lock 0, n_failed_cmd_not_ready 0, n_failed_no_cmd 0, network size: 0, avg network size: 0, si_in_serializable: 0 0 %, local: 0 %, local_access: 96406, local_cxl_access: 0 (0%), remote_access: 32475, remote_access_with_req: 0 (0%), data_move_in: 0, data_move_out: 0
I20260924 12:59:57.959163 1843061 Coordinator.h:310] commit: 12863 abort: 528 (0/528/0), persistence latency 0, txn latency 0, queued lock latency 0, lock latency 0, active_txns 0, n_failed_read_lock 0, n_failed_write_lock 0, n_failed_cmd_not_ready 0, n_failed_no_cmd 0, network size: 0, avg network size: 0, si_in_serializable: 0 0 %, local: 0 %, local_access: 98200, local_cxl_access: 0 (0%), remote_access: 32412, remote_access_with_req: 0 (0%), data_move_in: 0, data_move_out: 0
I20260924 12:59:58.959257 1843061 Coordinator.h:310] commit: 12865 abort: 242 (0/242/0), persistence latency 0, txn latency 0, queued lock latency 0, lock latency 0, active_txns 0, n_failed_read_lock 0, n_failed_write_lock 0, n_failed_cmd_not_ready 0, n_failed_no_cmd 0, network size: 0, avg network size: 0, si_in_serializable: 0 0 %, local: 0 %, local_access: 97497, local_cxl_access: 0 (0%), remote_access: 32442, remote_access_with_req: 0 (0%), data_move_in: 0, data_move_out: 0
I20260924 12:59:59.959389 1843061 Coordinator.h:310] commit: 12741 abort: 519 (0/519/0), persistence latency 0, txn latency 0, queued lock latency 0, lock latency 0, active_txns 0, n_failed_read_lock 0, n_failed_write_lock 0, n_failed_cmd_not_ready 0, n_failed_no_cmd 0, network size: 0, avg network size: 0, si_in_serializable: 0 0 %, local: 0 %, local_access: 97866, local_cxl_access: 0 (0%), remote_access: 32468, remote_access_with_req: 0 (0%), data_move_in: 0, data_move_out: 0
I20260924 13:00:00.959481 1843061 Coordinator.h:310] commit: 12602 abort: 258 (0/258/0), persistence latency 0, txn latency 0, queued lock latency 0, lock latency 0, active_txns 0, n_failed_read_lock 0, n_failed_write_lock 0, n_failed_cmd_not_ready 0, n_failed_no_cmd 0, network size: 0, avg network size: 0, si_in_serializable: 0 0 %, local: 0 %, local_access: 94721, local_cxl_access: 0 (0%), remote_access: 32608, remote_access_with_req: 0 (0%), data_move_in: 0, data_move_out: 0
I20260924 13:00:01.959583 1843061 Coordinator.h:310] commit: 12814 abort: 266 (0/266/0), persistence latency 0, txn latency 0, queued lock latency 0, lock latency 0, active_txns 0, n_failed_read_lock 0, n_failed_write_lock 0, n_failed_cmd_not_ready 0, n_failed_no_cmd 0, network size: 0, avg network size: 0, si_in_serializable: 0 0 %, local: 0 %, local_access: 97174, local_cxl_access: 0 (0%), remote_access: 32330, remote_access_with_req: 0 (0%), data_move_in: 0, data_move_out: 0
I20260924 13:00:02.959697 1843061 Coordinator.h:310] commit: 12738 abort: 280 (0/280/0), persistence latency 0, txn latency 0, queued lock latency 0, lock latency 0, active_txns 0, n_failed_read_lock 0, n_failed_write_lock 0, n_failed_cmd_not_ready 0, n_failed_no_cmd 0, network size: 0, avg network size: 0, si_in_serializable: 0 0 %, local: 0 %, local_access: 96407, local_cxl_access: 0 (0%), remote_access: 32375, remote_access_with_req: 0 (0%), data_move_in: 0, data_move_out: 0
I20260924 13:00:03.959935 1843061 Coordinator.h:310] commit: 12835 abort: 278 (0/278/0), persistence latency 0, txn latency 0, queued lock latency 0, lock latency 0, active_txns 0, n_failed_read_lock 0, n_failed_write_lock 0, n_failed_cmd_not_ready 0, n_failed_no_cmd 0, network size: 0, avg network size: 0, si_in_serializable: 0 0 %, local: 0 %, local_access: 97219, local_cxl_access: 0 (0%), remote_access: 32423, remote_access_with_req: 0 (0%), data_move_in: 0, data_move_out: 0
I20260924 13:00:04.960062 1843061 Coordinator.h:310] commit: 12971 abort: 287 (0/287/0), persistence latency 0, txn latency 0, queued lock latency 0, lock latency 0, active_txns 0, n_failed_read_lock 0, n_failed_write_lock 0, n_failed_cmd_not_ready 0, n_failed_no_cmd 0, network size: 0, avg network size: 0, si_in_serializable: 0 0 %, local: 0 %, local_access: 98981, local_cxl_access: 0 (0%), remote_access: 32264, remote_access_with_req: 0 (0%), data_move_in: 0, data_move_out: 0
I20260924 13:00:05.960187 1843061 Coordinator.h:310] commit: 12775 abort: 308 (0/308/0), persistence latency 0, txn latency 0, queued lock latency 0, lock latency 0, active_txns 0, n_failed_read_lock 0, n_failed_write_lock 0, n_failed_cmd_not_ready 0, n_failed_no_cmd 0, network size: 0, avg network size: 0, si_in_serializable: 0 0 %, local: 0 %, local_access: 96839, local_cxl_access: 0 (0%), remote_access: 32297, remote_access_with_req: 0 (0%), data_move_in: 0, data_move_out: 0
I20260924 13:00:06.960300 1843061 Coordinator.h:310] commit: 13007 abort: 269 (0/269/0), persistence latency 0, txn latency 0, queued lock latency 0, lock latency 0, active_txns 0, n_failed_read_lock 0, n_failed_write_lock 0, n_failed_cmd_not_ready 0, n_failed_no_cmd 0, network size: 0, avg network size: 0, si_in_serializable: 0 0 %, local: 0 %, local_access: 99215, local_cxl_access: 0 (0%), remote_access: 32236, remote_access_with_req: 0 (0%), data_move_in: 0, data_move_out: 0
I20260924 13:00:07.960419 1843061 Coordinator.h:310] commit: 12932 abort: 256 (0/256/0), persistence latency 0, txn latency 0, queued lock latency 0, lock latency 0, active_txns 0, n_failed_read_lock 0, n_failed_write_lock 0, n_failed_cmd_not_ready 0, n_failed_no_cmd 0, network size: 0, avg network size: 0, si_in_serializable: 0 0 %, local: 0 %, local_access: 97969, local_cxl_access: 0 (0%), remote_access: 32499, remote_access_with_req: 0 (0%), data_move_in: 0, data_move_out: 0
I20260924 13:00:08.960636 1843061 Coordinator.h:310] commit: 12878 abort: 382 (0/382/0), persistence latency 0, txn latency 0, queued lock latency 0, lock latency 0, active_txns 0, n_failed_read_lock 0, n_failed_write_lock 0, n_failed_cmd_not_ready 0, n_failed_no_cmd 0, network size: 0, avg network size: 0, si_in_serializable: 0 0 %, local: 0 %, local_access: 98237, local_cxl_access: 0 (0%), remote_access: 32329, remote_access_with_req: 0 (0%), data_move_in: 0, data_move_out: 0
I20260924 13:00:09.960736 1843061 Coordinator.h:310] commit: 12965 abort: 241 (0/241/0), persistence latency 0, txn latency 0, queued lock latency 0, lock latency 0, active_txns 0, n_failed_read_lock 0, n_failed_write_lock 0, n_failed_cmd_not_ready 0, n_failed_no_cmd 0, network size: 0, avg network size: 0, si_in_serializable: 0 0 %, local: 0 %, local_access: 98090, local_cxl_access: 0 (0%), remote_access: 32635, remote_access_with_req: 0 (0%), data_move_in: 0, data_move_out: 0
I20260924 13:00:10.960964 1843061 Coordinator.h:310] commit: 12975 abort: 247 (0/247/0), persistence latency 0, txn latency 0, queued lock latency 0, lock latency 0, active_txns 0, n_failed_read_lock 0, n_failed_write_lock 0, n_failed_cmd_not_ready 0, n_failed_no_cmd 0, network size: 0, avg network size: 0, si_in_serializable: 0 0 %, local: 0 %, local_access: 98324, local_cxl_access: 0 (0%), remote_access: 32613, remote_access_with_req: 0 (0%), data_move_in: 0, data_move_out: 0
I20260924 13:00:11.961182 1843061 Coordinator.h:310] commit: 12956 abort: 279 (0/279/0), persistence latency 0, txn latency 0, queued lock latency 0, lock latency 0, active_txns 0, n_failed_read_lock 0, n_failed_write_lock 0, n_failed_cmd_not_ready 0, n_failed_no_cmd 0, network size: 0, avg network size: 0, si_in_serializable: 0 0 %, local: 0 %, local_access: 98511, local_cxl_access: 0 (0%), remote_access: 32513, remote_access_with_req: 0 (0%), data_move_in: 0, data_move_out: 0
I20260924 13:00:12.961400 1843061 Coordinator.h:310] commit: 12805 abort: 223 (0/223/0), persistence latency 0, txn latency 0, queued lock latency 0, lock latency 0, active_txns 0, n_failed_read_lock 0, n_failed_write_lock 0, n_failed_cmd_not_ready 0, n_failed_no_cmd 0, network size: 0, avg network size: 0, si_in_serializable: 0 0 %, local: 0 %, local_access: 96515, local_cxl_access: 0 (0%), remote_access: 32646, remote_access_with_req: 0 (0%), data_move_in: 0, data_move_out: 0
I20260924 13:00:13.961992 1843061 Coordinator.h:310] commit: 12886 abort: 224 (0/224/0), persistence latency 0, txn latency 0, queued lock latency 0, lock latency 0, active_txns 0, n_failed_read_lock 0, n_failed_write_lock 0, n_failed_cmd_not_ready 0, n_failed_no_cmd 0, network size: 0, avg network size: 0, si_in_serializable: 0 0 %, local: 0 %, local_access: 97363, local_cxl_access: 0 (0%), remote_access: 32665, remote_access_with_req: 0 (0%), data_move_in: 0, data_move_out: 0
I20260924 13:00:14.962399 1843061 Coordinator.h:310] commit: 13057 abort: 331 (0/331/0), persistence latency 0, txn latency 0, queued lock latency 0, lock latency 0, active_txns 0, n_failed_read_lock 0, n_failed_write_lock 0, n_failed_cmd_not_ready 0, n_failed_no_cmd 0, network size: 0, avg network size: 0, si_in_serializable: 0 0 %, local: 0 %, local_access: 99697, local_cxl_access: 0 (0%), remote_access: 32464, remote_access_with_req: 0 (0%), data_move_in: 0, data_move_out: 0
I20260924 13:00:15.962713 1843061 Coordinator.h:310] commit: 12967 abort: 485 (0/485/0), persistence latency 0, txn latency 0, queued lock latency 0, lock latency 0, active_txns 0, n_failed_read_lock 0, n_failed_write_lock 0, n_failed_cmd_not_ready 0, n_failed_no_cmd 0, network size: 0, avg network size: 0, si_in_serializable: 0 0 %, local: 0 %, local_access: 100014, local_cxl_access: 0 (0%), remote_access: 32345, remote_access_with_req: 0 (0%), data_move_in: 0, data_move_out: 0
I20260924 13:00:16.962806 1843061 Coordinator.h:310] commit: 12999 abort: 348 (0/348/0), persistence latency 0, txn latency 0, queued lock latency 0, lock latency 0, active_txns 0, n_failed_read_lock 0, n_failed_write_lock 0, n_failed_cmd_not_ready 0, n_failed_no_cmd 0, network size: 0, avg network size: 0, si_in_serializable: 0 0 %, local: 0 %, local_access: 99234, local_cxl_access: 0 (0%), remote_access: 32513, remote_access_with_req: 0 (0%), data_move_in: 0, data_move_out: 0
I20260924 13:00:17.962900 1843061 Coordinator.h:310] commit: 12794 abort: 275 (0/275/0), persistence latency 0, txn latency 0, queued lock latency 0, lock latency 0, active_txns 0, n_failed_read_lock 0, n_failed_write_lock 0, n_failed_cmd_not_ready 0, n_failed_no_cmd 0, network size: 0, avg network size: 0, si_in_serializable: 0 0 %, local: 0 %, local_access: 96513, local_cxl_access: 0 (0%), remote_access: 32844, remote_access_with_req: 0 (0%), data_move_in: 0, data_move_out: 0
I20260924 13:00:18.963105 1843061 Coordinator.h:310] commit: 12903 abort: 261 (0/261/0), persistence latency 0, txn latency 0, queued lock latency 0, lock latency 0, active_txns 0, n_failed_read_lock 0, n_failed_write_lock 0, n_failed_cmd_not_ready 0, n_failed_no_cmd 0, network size: 0, avg network size: 0, si_in_serializable: 0 0 %, local: 0 %, local_access: 97328, local_cxl_access: 0 (0%), remote_access: 32889, remote_access_with_req: 0 (0%), data_move_in: 0, data_move_out: 0
I20260924 13:00:19.963251 1843061 Coordinator.h:310] commit: 12820 abort: 290 (0/290/0), persistence latency 0, txn latency 0, queued lock latency 0, lock latency 0, active_txns 0, n_failed_read_lock 0, n_failed_write_lock 0, n_failed_cmd_not_ready 0, n_failed_no_cmd 0, network size: 0, avg network size: 0, si_in_serializable: 0 0 %, local: 0 %, local_access: 96737, local_cxl_access: 0 (0%), remote_access: 32795, remote_access_with_req: 0 (0%), data_move_in: 0, data_move_out: 0
I20260924 13:00:20.963568 1843061 Coordinator.h:310] commit: 12962 abort: 320 (0/320/0), persistence latency 0, txn latency 0, queued lock latency 0, lock latency 0, active_txns 0, n_failed_read_lock 0, n_failed_write_lock 0, n_failed_cmd_not_ready 0, n_failed_no_cmd 0, network size: 0, avg network size: 0, si_in_serializable: 0 0 %, local: 0 %, local_access: 98615, local_cxl_access: 0 (0%), remote_access: 32560, remote_access_with_req: 0 (0%), data_move_in: 0, data_move_out: 0
I20260924 13:00:21.963788 1843061 Coordinator.h:310] commit: 13008 abort: 283 (0/283/0), persistence latency 0, txn latency 0, queued lock latency 0, lock latency 0, active_txns 0, n_failed_read_lock 0, n_failed_write_lock 0, n_failed_cmd_not_ready 0, n_failed_no_cmd 0, network size: 0, avg network size: 0, si_in_serializable: 0 0 %, local: 0 %, local_access: 98685, local_cxl_access: 0 (0%), remote_access: 32726, remote_access_with_req: 0 (0%), data_move_in: 0, data_move_out: 0
I20260924 13:00:22.964010 1843061 Coordinator.h:310] commit: 13101 abort: 244 (0/244/0), persistence latency 0, txn latency 0, queued lock latency 0, lock latency 0, active_txns 0, n_failed_read_lock 0, n_failed_write_lock 0, n_failed_cmd_not_ready 0, n_failed_no_cmd 0, network size: 0, avg network size: 0, si_in_serializable: 0 0 %, local: 0 %, local_access: 99768, local_cxl_access: 0 (0%), remote_access: 32436, remote_access_with_req: 0 (0%), data_move_in: 0, data_move_out: 0
I20260924 13:00:23.964108 1843061 Coordinator.h:310] commit: 13038 abort: 295 (0/295/0), persistence latency 0, txn latency 0, queued lock latency 0, lock latency 0, active_txns 0, n_failed_read_lock 0, n_failed_write_lock 0, n_failed_cmd_not_ready 0, n_failed_no_cmd 0, network size: 0, avg network size: 0, si_in_serializable: 0 0 %, local: 0 %, local_access: 99183, local_cxl_access: 0 (0%), remote_access: 32700, remote_access_with_req: 0 (0%), data_move_in: 0, data_move_out: 0
I20260924 13:00:24.964334 1843061 Coordinator.h:310] commit: 12983 abort: 248 (0/248/0), persistence latency 0, txn latency 0, queued lock latency 0, lock latency 0, active_txns 0, n_failed_read_lock 0, n_failed_write_lock 0, n_failed_cmd_not_ready 0, n_failed_no_cmd 0, network size: 0, avg network size: 0, si_in_serializable: 0 0 %, local: 0 %, local_access: 98380, local_cxl_access: 0 (0%), remote_access: 32687, remote_access_with_req: 0 (0%), data_move_in: 0, data_move_out: 0
I20260924 13:00:25.964550 1843061 Coordinator.h:310] commit: 12933 abort: 448 (0/448/0), persistence latency 0, txn latency 0, queued lock latency 0, lock latency 0, active_txns 0, n_failed_read_lock 0, n_failed_write_lock 0, n_failed_cmd_not_ready 0, n_failed_no_cmd 0, network size: 0, avg network size: 0, si_in_serializable: 0 0 %, local: 0 %, local_access: 98142, local_cxl_access: 0 (0%), remote_access: 32746, remote_access_with_req: 0 (0%), data_move_in: 0, data_move_out: 0
I20260924 13:00:26.964768 1843061 Coordinator.h:310] commit: 13000 abort: 234 (0/234/0), persistence latency 0, txn latency 0, queued lock latency 0, lock latency 0, active_txns 0, n_failed_read_lock 0, n_failed_write_lock 0, n_failed_cmd_not_ready 0, n_failed_no_cmd 0, network size: 0, avg network size: 0, si_in_serializable: 0 0 %, local: 0 %, local_access: 98338, local_cxl_access: 0 (0%), remote_access: 32866, remote_access_with_req: 0 (0%), data_move_in: 0, data_move_out: 0
I20260924 13:00:27.964988 1843061 Coordinator.h:310] commit: 12973 abort: 478 (0/478/0), persistence latency 0, txn latency 0, queued lock latency 0, lock latency 0, active_txns 0, n_failed_read_lock 0, n_failed_write_lock 0, n_failed_cmd_not_ready 0, n_failed_no_cmd 0, network size: 0, avg network size: 0, si_in_serializable: 0 0 %, local: 0 %, local_access: 98592, local_cxl_access: 0 (0%), remote_access: 32707, remote_access_with_req: 0 (0%), data_move_in: 0, data_move_out: 0
I20260924 13:00:28.965207 1843061 Coordinator.h:310] commit: 13138 abort: 242 (0/242/0), persistence latency 0, txn latency 0, queued lock latency 0, lock latency 0, active_txns 0, n_failed_read_lock 0, n_failed_write_lock 0, n_failed_cmd_not_ready 0, n_failed_no_cmd 0, network size: 0, avg network size: 0, si_in_serializable: 0 0 %, local: 0 %, local_access: 100006, local_cxl_access: 0 (0%), remote_access: 32594, remote_access_with_req: 0 (0%), data_move_in: 0, data_move_out: 0
I20260924 13:00:29.965425 1843061 Coordinator.h:310] commit: 13181 abort: 247 (0/247/0), persistence latency 0, txn latency 0, queued lock latency 0, lock latency 0, active_txns 0, n_failed_read_lock 0, n_failed_write_lock 0, n_failed_cmd_not_ready 0, n_failed_no_cmd 0, network size: 0, avg network size: 0, si_in_serializable: 0 0 %, local: 0 %, local_access: 100004, local_cxl_access: 0 (0%), remote_access: 32942, remote_access_with_req: 0 (0%), data_move_in: 0, data_move_out: 0
I20260924 13:00:30.967581 1843061 Coordinator.h:310] commit: 12945 abort: 256 (0/256/0), persistence latency 0, txn latency 0, queued lock latency 0, lock latency 0, active_txns 0, n_failed_read_lock 0, n_failed_write_lock 0, n_failed_cmd_not_ready 0, n_failed_no_cmd 0, network size: 0, avg network size: 0, si_in_serializable: 0 0 %, local: 0 %, local_access: 97968, local_cxl_access: 0 (0%), remote_access: 32796, remote_access_with_req: 0 (0%), data_move_in: 0, data_move_out: 0
I20260924 13:00:31.967681 1843061 Coordinator.h:310] commit: 12973 abort: 253 (0/253/0), persistence latency 0, txn latency 0, queued lock latency 0, lock latency 0, active_txns 0, n_failed_read_lock 0, n_failed_write_lock 0, n_failed_cmd_not_ready 0, n_failed_no_cmd 0, network size: 0, avg network size: 0, si_in_serializable: 0 0 %, local: 0 %, local_access: 98033, local_cxl_access: 0 (0%), remote_access: 32922, remote_access_with_req: 0 (0%), data_move_in: 0, data_move_out: 0
I20260924 13:00:32.967901 1843061 Coordinator.h:310] commit: 13026 abort: 504 (0/504/0), persistence latency 0, txn latency 0, queued lock latency 0, lock latency 0, active_txns 0, n_failed_read_lock 0, n_failed_write_lock 0, n_failed_cmd_not_ready 0, n_failed_no_cmd 0, network size: 0, avg network size: 0, si_in_serializable: 0 0 %, local: 0 %, local_access: 100164, local_cxl_access: 0 (0%), remote_access: 32833, remote_access_with_req: 0 (0%), data_move_in: 0, data_move_out: 0
I20260924 13:00:33.968122 1843061 Coordinator.h:310] commit: 13131 abort: 658 (0/658/0), persistence latency 0, txn latency 0, queued lock latency 0, lock latency 0, active_txns 0, n_failed_read_lock 0, n_failed_write_lock 0, n_failed_cmd_not_ready 0, n_failed_no_cmd 0, network size: 0, avg network size: 0, si_in_serializable: 0 0 %, local: 0 %, local_access: 100793, local_cxl_access: 0 (0%), remote_access: 32761, remote_access_with_req: 0 (0%), data_move_in: 0, data_move_out: 0
I20260924 13:00:34.968240 1843061 Coordinator.h:310] commit: 13029 abort: 271 (0/271/0), persistence latency 0, txn latency 0, queued lock latency 0, lock latency 0, active_txns 0, n_failed_read_lock 0, n_failed_write_lock 0, n_failed_cmd_not_ready 0, n_failed_no_cmd 0, network size: 0, avg network size: 0, si_in_serializable: 0 0 %, local: 0 %, local_access: 98646, local_cxl_access: 0 (0%), remote_access: 32904, remote_access_with_req: 0 (0%), data_move_in: 0, data_move_out: 0
I20260924 13:00:35.968360 1843061 Coordinator.h:310] commit: 13064 abort: 289 (0/289/0), persistence latency 0, txn latency 0, queued lock latency 0, lock latency 0, active_txns 0, n_failed_read_lock 0, n_failed_write_lock 0, n_failed_cmd_not_ready 0, n_failed_no_cmd 0, network size: 0, avg network size: 0, si_in_serializable: 0 0 %, local: 0 %, local_access: 99164, local_cxl_access: 0 (0%), remote_access: 32913, remote_access_with_req: 0 (0%), data_move_in: 0, data_move_out: 0
I20260924 13:00:36.968475 1843061 Coordinator.h:310] commit: 13129 abort: 284 (0/284/0), persistence latency 0, txn latency 0, queued lock latency 0, lock latency 0, active_txns 0, n_failed_read_lock 0, n_failed_write_lock 0, n_failed_cmd_not_ready 0, n_failed_no_cmd 0, network size: 0, avg network size: 0, si_in_serializable: 0 0 %, local: 0 %, local_access: 99992, local_cxl_access: 0 (0%), remote_access: 32687, remote_access_with_req: 0 (0%), data_move_in: 0, data_move_out: 0
I20260924 13:00:37.968590 1843061 Coordinator.h:310] commit: 12908 abort: 258 (0/258/0), persistence latency 0, txn latency 0, queued lock latency 0, lock latency 0, active_txns 0, n_failed_read_lock 0, n_failed_write_lock 0, n_failed_cmd_not_ready 0, n_failed_no_cmd 0, network size: 0, avg network size: 0, si_in_serializable: 0 0 %, local: 0 %, local_access: 97118, local_cxl_access: 0 (0%), remote_access: 33218, remote_access_with_req: 0 (0%), data_move_in: 0, data_move_out: 0
I20260924 13:00:38.968815 1843061 Coordinator.h:310] commit: 13207 abort: 271 (0/271/0), persistence latency 0, txn latency 0, queued lock latency 0, lock latency 0, active_txns 0, n_failed_read_lock 0, n_failed_write_lock 0, n_failed_cmd_not_ready 0, n_failed_no_cmd 0, network size: 0, avg network size: 0, si_in_serializable: 0 0 %, local: 0 %, local_access: 100557, local_cxl_access: 0 (0%), remote_access: 32874, remote_access_with_req: 0 (0%), data_move_in: 0, data_move_out: 0
I20260924 13:00:39.968914 1843061 Coordinator.h:310] commit: 12943 abort: 475 (0/475/0), persistence latency 0, txn latency 0, queued lock latency 0, lock latency 0, active_txns 0, n_failed_read_lock 0, n_failed_write_lock 0, n_failed_cmd_not_ready 0, n_failed_no_cmd 0, network size: 0, avg network size: 0, si_in_serializable: 0 0 %, local: 0 %, local_access: 98149, local_cxl_access: 0 (0%), remote_access: 33205, remote_access_with_req: 0 (0%), data_move_in: 0, data_move_out: 0
I20260924 13:00:40.969138 1843061 Coordinator.h:310] commit: 13057 abort: 229 (0/229/0), persistence latency 0, txn latency 0, queued lock latency 0, lock latency 0, active_txns 0, n_failed_read_lock 0, n_failed_write_lock 0, n_failed_cmd_not_ready 0, n_failed_no_cmd 0, network size: 0, avg network size: 0, si_in_serializable: 0 0 %, local: 0 %, local_access: 98601, local_cxl_access: 0 (0%), remote_access: 32990, remote_access_with_req: 0 (0%), data_move_in: 0, data_move_out: 0
I20260924 13:00:41.969236 1843061 Coordinator.h:310] commit: 12806 abort: 275 (0/275/0), persistence latency 0, txn latency 0, queued lock latency 0, lock latency 0, active_txns 0, n_failed_read_lock 0, n_failed_write_lock 0, n_failed_cmd_not_ready 0, n_failed_no_cmd 0, network size: 0, avg network size: 0, si_in_serializable: 0 0 %, local: 0 %, local_access: 96264, local_cxl_access: 0 (0%), remote_access: 33228, remote_access_with_req: 0 (0%), data_move_in: 0, data_move_out: 0
I20260924 13:00:42.969455 1843061 Coordinator.h:310] commit: 13136 abort: 272 (0/272/0), persistence latency 0, txn latency 0, queued lock latency 0, lock latency 0, active_txns 0, n_failed_read_lock 0, n_failed_write_lock 0, n_failed_cmd_not_ready 0, n_failed_no_cmd 0, network size: 0, avg network size: 0, si_in_serializable: 0 0 %, local: 0 %, local_access: 99811, local_cxl_access: 0 (0%), remote_access: 32888, remote_access_with_req: 0 (0%), data_move_in: 0, data_move_out: 0
I20260924 13:00:43.970659 1843061 Coordinator.h:310] commit: 12951 abort: 270 (0/270/0), persistence latency 0, txn latency 0, queued lock latency 0, lock latency 0, active_txns 0, n_failed_read_lock 0, n_failed_write_lock 0, n_failed_cmd_not_ready 0, n_failed_no_cmd 0, network size: 0, avg network size: 0, si_in_serializable: 0 0 %, local: 0 %, local_access: 97868, local_cxl_access: 0 (0%), remote_access: 33066, remote_access_with_req: 0 (0%), data_move_in: 0, data_move_out: 0
I20260924 13:00:44.970752 1843061 Coordinator.h:310] commit: 13152 abort: 326 (0/326/0), persistence latency 0, txn latency 0, queued lock latency 0, lock latency 0, active_txns 0, n_failed_read_lock 0, n_failed_write_lock 0, n_failed_cmd_not_ready 0, n_failed_no_cmd 0, network size: 0, avg network size: 0, si_in_serializable: 0 0 %, local: 0 %, local_access: 100328, local_cxl_access: 0 (0%), remote_access: 32906, remote_access_with_req: 0 (0%), data_move_in: 0, data_move_out: 0
I20260924 13:00:45.970849 1843061 Coordinator.h:310] commit: 13168 abort: 225 (0/225/0), persistence latency 0, txn latency 0, queued lock latency 0, lock latency 0, active_txns 0, n_failed_read_lock 0, n_failed_write_lock 0, n_failed_cmd_not_ready 0, n_failed_no_cmd 0, network size: 0, avg network size: 0, si_in_serializable: 0 0 %, local: 0 %, local_access: 99925, local_cxl_access: 0 (0%), remote_access: 32923, remote_access_with_req: 0 (0%), data_move_in: 0, data_move_out: 0
I20260924 13:00:46.970950 1843061 Coordinator.h:310] commit: 13178 abort: 378 (0/378/0), persistence latency 0, txn latency 0, queued lock latency 0, lock latency 0, active_txns 0, n_failed_read_lock 0, n_failed_write_lock 0, n_failed_cmd_not_ready 0, n_failed_no_cmd 0, network size: 0, avg network size: 0, si_in_serializable: 0 0 %, local: 0 %, local_access: 100628, local_cxl_access: 0 (0%), remote_access: 32927, remote_access_with_req: 0 (0%), data_move_in: 0, data_move_out: 0
I20260924 13:00:47.971092 1843061 Coordinator.h:310] commit: 13306 abort: 235 (0/235/0), persistence latency 0, txn latency 0, queued lock latency 0, lock latency 0, active_txns 0, n_failed_read_lock 0, n_failed_write_lock 0, n_failed_cmd_not_ready 0, n_failed_no_cmd 0, network size: 0, avg network size: 0, si_in_serializable: 0 0 %, local: 0 %, local_access: 101251, local_cxl_access: 0 (0%), remote_access: 33007, remote_access_with_req: 0 (0%), data_move_in: 0, data_move_out: 0
I20260924 13:00:48.971187 1843061 Coordinator.h:310] commit: 13035 abort: 279 (0/279/0), persistence latency 0, txn latency 0, queued lock latency 0, lock latency 0, active_txns 0, n_failed_read_lock 0, n_failed_write_lock 0, n_failed_cmd_not_ready 0, n_failed_no_cmd 0, network size: 0, avg network size: 0, si_in_serializable: 0 0 %, local: 0 %, local_access: 98500, local_cxl_access: 0 (0%), remote_access: 33169, remote_access_with_req: 0 (0%), data_move_in: 0, data_move_out: 0
I20260924 13:00:49.971282 1843061 Coordinator.h:310] commit: 13168 abort: 250 (0/250/0), persistence latency 0, txn latency 0, queued lock latency 0, lock latency 0, active_txns 0, n_failed_read_lock 0, n_failed_write_lock 0, n_failed_cmd_not_ready 0, n_failed_no_cmd 0, network size: 0, avg network size: 0, si_in_serializable: 0 0 %, local: 0 %, local_access: 99765, local_cxl_access: 0 (0%), remote_access: 33100, remote_access_with_req: 0 (0%), data_move_in: 0, data_move_out: 0
I20260924 13:00:50.971508 1843061 Coordinator.h:310] commit: 13063 abort: 287 (0/287/0), persistence latency 0, txn latency 0, queued lock latency 0, lock latency 0, active_txns 0, n_failed_read_lock 0, n_failed_write_lock 0, n_failed_cmd_not_ready 0, n_failed_no_cmd 0, network size: 0, avg network size: 0, si_in_serializable: 0 0 %, local: 0 %, local_access: 98834, local_cxl_access: 0 (0%), remote_access: 33155, remote_access_with_req: 0 (0%), data_move_in: 0, data_move_out: 0
I20260924 13:00:51.971725 1843061 Coordinator.h:310] commit: 13075 abort: 358 (0/358/0), persistence latency 0, txn latency 0, queued lock latency 0, lock latency 0, active_txns 0, n_failed_read_lock 0, n_failed_write_lock 0, n_failed_cmd_not_ready 0, n_failed_no_cmd 0, network size: 0, avg network size: 0, si_in_serializable: 0 0 %, local: 0 %, local_access: 98552, local_cxl_access: 0 (0%), remote_access: 33338, remote_access_with_req: 0 (0%), data_move_in: 0, data_move_out: 0
I20260924 13:00:52.971946 1843061 Coordinator.h:310] commit: 13108 abort: 264 (0/264/0), persistence latency 0, txn latency 0, queued lock latency 0, lock latency 0, active_txns 0, n_failed_read_lock 0, n_failed_write_lock 0, n_failed_cmd_not_ready 0, n_failed_no_cmd 0, network size: 0, avg network size: 0, si_in_serializable: 0 0 %, local: 0 %, local_access: 99465, local_cxl_access: 0 (0%), remote_access: 33001, remote_access_with_req: 0 (0%), data_move_in: 0, data_move_out: 0
I20260924 13:00:53.972044 1843061 Coordinator.h:310] commit: 13238 abort: 255 (0/255/0), persistence latency 0, txn latency 0, queued lock latency 0, lock latency 0, active_txns 0, n_failed_read_lock 0, n_failed_write_lock 0, n_failed_cmd_not_ready 0, n_failed_no_cmd 0, network size: 0, avg network size: 0, si_in_serializable: 0 0 %, local: 0 %, local_access: 100582, local_cxl_access: 0 (0%), remote_access: 33025, remote_access_with_req: 0 (0%), data_move_in: 0, data_move_out: 0
I20260924 13:00:54.972163 1843061 Coordinator.h:310] commit: 13134 abort: 917 (0/917/0), persistence latency 0, txn latency 0, queued lock latency 0, lock latency 0, active_txns 0, n_failed_read_lock 0, n_failed_write_lock 0, n_failed_cmd_not_ready 0, n_failed_no_cmd 0, network size: 0, avg network size: 0, si_in_serializable: 0 0 %, local: 0 %, local_access: 103915, local_cxl_access: 0 (0%), remote_access: 33077, remote_access_with_req: 0 (0%), data_move_in: 0, data_move_out: 0
I20260924 13:00:54.972191 1843061 Coordinator.h:348] average commit: 13071.8 abort: 332.933 (0/332.933/0), abort_rate: 0.0248369, network size: 0, avg network size: 0, si_in_serializable: 0 0 %, local: 0 %, local_access: 2979955, local_cxl_access: 0 (0%), remote_access: 988768, remote_access_with_req: 0 (0%), data_move_in: 0, data_move_out: 0
I20260924 13:00:54.972215 1843061 Executor.h:236] Worker 0 latency: 263 us (50%) 302 us (75%) 794 us (95%) 1177 us (99%). dist txn latency: 301 us (50%) 324 us (75%) 1030 us (95%) 1208 us (99%)  avg 383 us . local txn latency: 56 us (50%) 72 us (75%) 162 us (95%) 235 us (99%)  avg 70 us. txn commit latency: 259 us (50%) 301 us (75%) 801 us (95%) 1172 us (99%) avg 232 us.
 LOCAL txn stall 0 us,  local_work 61 us,  remote_work 0 us,  commit_work 4 us,  commit_prepare 2 us,  commit_persistence 0 us,  commit_write_back 0 us,  commit_replication 0 us,  commit_release_lock 0 us 
 DIST txn stall 0 us,  local_work 370 us,  remote_work 0 us,  commit_work 16 us,  commit_prepare 2 us,  commit_persistence 0 us,  commit_write_back 4 us,  commit_replication 0 us,  commit_release_lock 7 us 
I20260924 13:00:54.974151 1843061 Executor.h:267] message stats, type: 0 count: 0 total size: 0
I20260924 13:00:54.974159 1843061 Executor.h:267] message stats, type: 1 count: 0 total size: 0
I20260924 13:00:54.974164 1843061 Executor.h:267] message stats, type: 2 count: 0 total size: 0
I20260924 13:00:54.974166 1843061 Executor.h:267] message stats, type: 3 count: 0 total size: 0
I20260924 13:00:54.974170 1843061 Executor.h:267] message stats, type: 4 count: 0 total size: 0
I20260924 13:00:54.974190 1843061 Executor.h:267] message stats, type: 5 count: 0 total size: 0
I20260924 13:00:54.974193 1843061 Executor.h:267] message stats, type: 6 count: 0 total size: 0
I20260924 13:00:54.974197 1843061 Executor.h:267] message stats, type: 7 count: 0 total size: 0
I20260924 13:00:54.974200 1843061 Executor.h:267] message stats, type: 8 count: 0 total size: 0
I20260924 13:00:54.974205 1843061 Executor.h:267] message stats, type: 9 count: 0 total size: 0
I20260924 13:00:54.974220 1843061 Executor.h:267] message stats, type: 10 count: 0 total size: 0
I20260924 13:00:54.974222 1843061 Executor.h:267] message stats, type: 11 count: 0 total size: 0
I20260924 13:00:54.976044 1843117 Manager.h:234] Manager(worker id = 3) on the non-coordinator node exits.
I20260924 13:00:54.976040 1843116 Executor.h:231] Executor 2 exits.
I20260924 13:00:54.976040 1843115 Executor.h:231] Executor 1 exits.
I20260924 13:00:54.976040 1843114 Executor.h:231] Executor 0 exits.
I20260924 13:00:54.976999 1843061 Executor.h:236] Worker 1 latency: 258 us (50%) 302 us (75%) 779 us (95%) 1178 us (99%). dist txn latency: 302 us (50%) 328 us (75%) 1071 us (95%) 1221 us (99%)  avg 393 us . local txn latency: 56 us (50%) 72 us (75%) 169 us (95%) 256 us (99%)  avg 72 us. txn commit latency: 261 us (50%) 302 us (75%) 785 us (95%) 1180 us (99%) avg 233 us.
 LOCAL txn stall 0 us,  local_work 62 us,  remote_work 0 us,  commit_work 4 us,  commit_prepare 2 us,  commit_persistence 0 us,  commit_write_back 0 us,  commit_replication 0 us,  commit_release_lock 0 us 
 DIST txn stall 0 us,  local_work 370 us,  remote_work 0 us,  commit_work 15 us,  commit_prepare 2 us,  commit_persistence 0 us,  commit_write_back 4 us,  commit_replication 0 us,  commit_release_lock 7 us 
I20260924 13:00:54.979241 1843061 Executor.h:236] Worker 2 latency: 250 us (50%) 290 us (75%) 769 us (95%) 1162 us (99%). dist txn latency: 290 us (50%) 333 us (75%) 1026 us (95%) 1187 us (99%)  avg 380 us . local txn latency: 50 us (50%) 63 us (75%) 158 us (95%) 208 us (99%)  avg 63 us. txn commit latency: 254 us (50%) 290 us (75%) 751 us (95%) 1157 us (99%) avg 223 us.
 LOCAL txn stall 0 us,  local_work 54 us,  remote_work 0 us,  commit_work 3 us,  commit_prepare 2 us,  commit_persistence 0 us,  commit_write_back 0 us,  commit_replication 0 us,  commit_release_lock 0 us 
 DIST txn stall 0 us,  local_work 361 us,  remote_work 0 us,  commit_work 15 us,  commit_prepare 2 us,  commit_persistence 0 us,  commit_write_back 4 us,  commit_replication 0 us,  commit_release_lock 7 us 
I20260924 13:00:54.981004 1843061 CXLMemory.h:227] local CXL memory usage: size_index_usage: 0 size_metadata_usage: 0 size_data_usage: 0 size_transport_usage: 0 size_misc_usage: 0 total_size_hw_cc_usage: 0 total_usage: 0
I20260924 13:00:54.981040 1843113 Dispatcher.h:261] Handling coordinator message took 5
I20260924 13:00:55.981230 1843112 Dispatcher.h:160] Incoming Dispatcher exits, network size: 132. socket_message_recv_latency(50th) 0 socket_message_recv_latency(75th) 0 socket_message_recv_latency(95th) 0 socket_message_recv_latency(99th) 0 internal_message_recv_latency(50th) 0 socket_message_recv_cnt 0 socket_read_syscall 0 internal_message_recv_cnt 0
I20260924 13:00:55.981238 1843113 Dispatcher.h:292] Outgoing Dispatcher exits, network size: 252. msg_send_latency(50th) 0 msg_send_latency(75th) 0 msg_send_latency(95th) 0 msg_send_latency(99th) 0 msg_send_latency(avg) 0 msg_gen_to_sent_latency(50th) 0 msg_gen_to_sent_latency(75th) 0 msg_gen_to_sent_latency(95th) 0 msg_gen_to_sent_latency(99th) 0 msg_gen_to_queue_latency(50th) 0 msg_gen_to_queue_latency(75th) 0 msg_gen_to_queue_latency(95th) 0 msg_gen_to_queue_latency(99th) 0 msg_disp_ltc(50th) 0 msg_disp_ltc(75th) 0 msg_disp_ltc(95th) 0 msg_disp_ltc(99th) 0 msg_disp_ltc(100th) 0 send_ltc(50th) 0 send_ltc(75th) 0 send_ltc(95th) 0 send_ltc(99th) 0 send_ltc(100th) 0 send_ltc(avg) 0 sendto_cnt 3 network_size 252 network_msg_cnt 2 network_msg_group_size avg 0 50th 0 internal_network_size 0 internal_network_msg_cnt 0
I20260924 13:00:58.447964 1843061 Coordinator.h:420] Coordinator exits.
TIGON_RUN_END run_id=cmp_50_y_rw50_c50_r2 host_id=1 status=ok exit_code=0
