TIGON_RUN_META system=ub workload=ycsb run_id=cmp_50_y_rw50_c25_r2 host_id=1 repetition=2 mode=one-sided query=rmw transport=ubq partitions=2 workers=3 keys=300000 rw_ratio=50 zipf=0.7 cross_ratio=25 neworder_dist= payment_dist= warmup_seconds=30 run_seconds=30 total_seconds=60 logging=off
I20260924 12:58:34.133239 1842582 bench_ycsb.cpp:68] RW_RATIO = 50, ZIPF_THETA = 0.7, CROSS_RATIO = 25
I20260924 12:58:34.133337 1842582 bench_ycsb.cpp:69] checkpoint 0 to 
I20260924 12:58:34.133342 1842582 bench_ycsb.cpp:70] cross_part_num 2
I20260924 12:58:34.133345 1842582 bench_ycsb.cpp:71] lotus_sp_parallel_exec_commit 0
I20260924 12:58:34.133349 1842582 bench_ycsb.cpp:72] granules_per_partition 1
I20260924 12:58:34.133352 1842582 bench_ycsb.cpp:73] keysPerGranule 300000
[2026-09-24 12:58:34.585 +08:00][ERROR][1842582][281473197396000][shm_ipc_command.cpp:183] IpcCallShmMap response error : 800
[2026-09-24 12:58:34.585 +08:00][ERROR][1842582][281473197396000][RackMemShm.cpp:322] Failed to mmap, name=u0808a8cd_one-sided_rmw_ubq_0, mapSize=2147483648, ret=800
[2026-09-24 12:58:34.585 +08:00][ERROR][1842582][281473197396000][mxmem_shmem.cpp:473] Failed to mmap shared memory, ret=800
[2026-09-24 12:58:34.688 +08:00][ERROR][1842582][281473197396000][shm_ipc_command.cpp:183] IpcCallShmMap response error : 800
[2026-09-24 12:58:34.688 +08:00][ERROR][1842582][281473197396000][RackMemShm.cpp:322] Failed to mmap, name=u0808a8cd_one-sided_rmw_ubq_0, mapSize=2147483648, ret=800
[2026-09-24 12:58:34.688 +08:00][ERROR][1842582][281473197396000][mxmem_shmem.cpp:473] Failed to mmap shared memory, ret=800
[2026-09-24 12:58:34.792 +08:00][ERROR][1842582][281473197396000][shm_ipc_command.cpp:183] IpcCallShmMap response error : 800
[2026-09-24 12:58:34.792 +08:00][ERROR][1842582][281473197396000][RackMemShm.cpp:322] Failed to mmap, name=u0808a8cd_one-sided_rmw_ubq_0, mapSize=2147483648, ret=800
[2026-09-24 12:58:34.792 +08:00][ERROR][1842582][281473197396000][mxmem_shmem.cpp:473] Failed to mmap shared memory, ret=800
[2026-09-24 12:58:34.897 +08:00][ERROR][1842582][281473197396000][shm_ipc_command.cpp:183] IpcCallShmMap response error : 800
[2026-09-24 12:58:34.897 +08:00][ERROR][1842582][281473197396000][RackMemShm.cpp:322] Failed to mmap, name=u0808a8cd_one-sided_rmw_ubq_0, mapSize=2147483648, ret=800
[2026-09-24 12:58:34.897 +08:00][ERROR][1842582][281473197396000][mxmem_shmem.cpp:473] Failed to mmap shared memory, ret=800
[2026-09-24 12:58:35.001 +08:00][ERROR][1842582][281473197396000][shm_ipc_command.cpp:183] IpcCallShmMap response error : 800
[2026-09-24 12:58:35.001 +08:00][ERROR][1842582][281473197396000][RackMemShm.cpp:322] Failed to mmap, name=u0808a8cd_one-sided_rmw_ubq_0, mapSize=2147483648, ret=800
[2026-09-24 12:58:35.001 +08:00][ERROR][1842582][281473197396000][mxmem_shmem.cpp:473] Failed to mmap shared memory, ret=800
[2026-09-24 12:58:35.104 +08:00][ERROR][1842582][281473197396000][shm_ipc_command.cpp:183] IpcCallShmMap response error : 800
[2026-09-24 12:58:35.104 +08:00][ERROR][1842582][281473197396000][RackMemShm.cpp:322] Failed to mmap, name=u0808a8cd_one-sided_rmw_ubq_0, mapSize=2147483648, ret=800
[2026-09-24 12:58:35.104 +08:00][ERROR][1842582][281473197396000][mxmem_shmem.cpp:473] Failed to mmap shared memory, ret=800
I20260924 12:58:35.275233 1842582 UBMemory.cpp:138] UB memory initialized: local_region=1 regions=2 mode=one-sided bytes_per_region=2147483648
I20260924 12:58:37.759727 1842582 Database.h:82] ycsb initialization finished in 2484 milliseconds.
I20260924 12:58:37.760540 1842582 Coordinator.h:459] Coordinator 1 initializes UB inbox with 4096 entries of 8192 bytes
I20260924 12:58:37.760591 1842582 Coordinator.h:100] WAL Group Commiting off. Log to file _non_group_commit.txt using Blackhole Logger
I20260924 12:58:37.760597 1842582 Coordinator.h:104] Coordinator initializes 3 workers.
I20260924 12:58:37.761103 1842621 Coordinator.h:505] Listener 0 on coordinator 1 listening on 76.53.137.99:10010 tcp_no_delay 1 tcp_quick_ack 0
I20260924 12:58:37.761477 1842582 Coordinator.h:551] Coordinator 1 failed to connect 0(76.53.137.98:10010)'s listener 0, retry in 5 seconds.
I20260924 12:58:37.876991 1842621 Socket.h:69] Disabling nagle
I20260924 12:58:37.877015 1842621 Coordinator.h:520] Listener accepted connection from coordinator 0
I20260924 12:58:37.877020 1842621 Coordinator.h:523] Listener 0 on coordinator 1 exits.
I20260924 12:58:42.765293 1842582 Socket.h:69] Disabling nagle
I20260924 12:58:42.765324 1842582 Coordinator.h:560] Coordinator 1 connected to 0
I20260924 12:58:42.765352 1842582 Coordinator.h:572] Coordinator 1 connected to all peers.
I20260924 12:58:42.765362 1842582 Dispatcher.h:41] IncomingDispatcher 0 coord_id 1
I20260924 12:58:42.765377 1842582 Dispatcher.h:234] OutgoingDispatcher 0 coord_id 1
I20260924 12:58:42.765436 1842582 Coordinator.h:669] pinned thread to core 0
I20260924 12:58:42.765467 1842645 Dispatcher.h:63] Incoming Dispatcher started, numCoordinators = 2, numWorkers = 3, group id = 0, coordinator = 1
I20260924 12:58:42.765478 1842582 Coordinator.h:669] pinned thread to core 1
I20260924 12:58:42.765743 1842646 Dispatcher.h:246] Outgoing Dispatcher started, numCoordinators = 2, numWorkers = 4, group id = 0
I20260924 12:58:42.767239 1842582 Coordinator.h:219] Coordinator starts to run 4 workers.
I20260924 12:58:42.767613 1842582 Coordinator.h:669] pinned thread to core 2
I20260924 12:58:42.767647 1842647 Executor.h:79] Executor 0 starts.
I20260924 12:58:42.767691 1842582 Coordinator.h:669] pinned thread to core 3
I20260924 12:58:42.767920 1842582 Coordinator.h:669] pinned thread to core 4
I20260924 12:58:42.767760 1842648 Executor.h:79] Executor 1 starts.
I20260924 12:58:42.768079 1842649 Executor.h:79] Executor 2 starts.
I20260924 12:58:42.768095 1842650 Manager.h:232] Manager(worker id = 3) on the non-coordinator node started.
I20260924 12:58:43.768078 1842582 Coordinator.h:310] commit: 18911 abort: 1726 (0/1726/0), persistence latency 0, txn latency 0, queued lock latency 0, lock latency 0, active_txns 0, n_failed_read_lock 0, n_failed_write_lock 0, n_failed_cmd_not_ready 0, n_failed_no_cmd 0, network size: 0, avg network size: 0, si_in_serializable: 0 0 %, local: 0 %, local_access: 168864, local_cxl_access: 0 (0%), remote_access: 23706, remote_access_with_req: 0 (0%), data_move_in: 0, data_move_out: 0
I20260924 12:58:44.768181 1842582 Coordinator.h:310] commit: 19154 abort: 519 (0/519/0), persistence latency 0, txn latency 0, queued lock latency 0, lock latency 0, active_txns 0, n_failed_read_lock 0, n_failed_write_lock 0, n_failed_cmd_not_ready 0, n_failed_no_cmd 0, network size: 0, avg network size: 0, si_in_serializable: 0 0 %, local: 0 %, local_access: 169743, local_cxl_access: 0 (0%), remote_access: 24032, remote_access_with_req: 0 (0%), data_move_in: 0, data_move_out: 0
I20260924 12:58:45.768407 1842582 Coordinator.h:310] commit: 19111 abort: 411 (0/411/0), persistence latency 0, txn latency 0, queued lock latency 0, lock latency 0, active_txns 0, n_failed_read_lock 0, n_failed_write_lock 0, n_failed_cmd_not_ready 0, n_failed_no_cmd 0, network size: 0, avg network size: 0, si_in_serializable: 0 0 %, local: 0 %, local_access: 168679, local_cxl_access: 0 (0%), remote_access: 24396, remote_access_with_req: 0 (0%), data_move_in: 0, data_move_out: 0
I20260924 12:58:46.768527 1842582 Coordinator.h:310] commit: 18909 abort: 433 (0/433/0), persistence latency 0, txn latency 0, queued lock latency 0, lock latency 0, active_txns 0, n_failed_read_lock 0, n_failed_write_lock 0, n_failed_cmd_not_ready 0, n_failed_no_cmd 0, network size: 0, avg network size: 0, si_in_serializable: 0 0 %, local: 0 %, local_access: 167053, local_cxl_access: 0 (0%), remote_access: 24079, remote_access_with_req: 0 (0%), data_move_in: 0, data_move_out: 0
I20260924 12:58:47.768750 1842582 Coordinator.h:310] commit: 19420 abort: 366 (0/366/0), persistence latency 0, txn latency 0, queued lock latency 0, lock latency 0, active_txns 0, n_failed_read_lock 0, n_failed_write_lock 0, n_failed_cmd_not_ready 0, n_failed_no_cmd 0, network size: 0, avg network size: 0, si_in_serializable: 0 0 %, local: 0 %, local_access: 171793, local_cxl_access: 0 (0%), remote_access: 24017, remote_access_with_req: 0 (0%), data_move_in: 0, data_move_out: 0
I20260924 12:58:48.768864 1842582 Coordinator.h:310] commit: 19115 abort: 435 (0/435/0), persistence latency 0, txn latency 0, queued lock latency 0, lock latency 0, active_txns 0, n_failed_read_lock 0, n_failed_write_lock 0, n_failed_cmd_not_ready 0, n_failed_no_cmd 0, network size: 0, avg network size: 0, si_in_serializable: 0 0 %, local: 0 %, local_access: 169325, local_cxl_access: 0 (0%), remote_access: 23944, remote_access_with_req: 0 (0%), data_move_in: 0, data_move_out: 0
I20260924 12:58:49.769084 1842582 Coordinator.h:310] commit: 19316 abort: 495 (0/495/0), persistence latency 0, txn latency 0, queued lock latency 0, lock latency 0, active_txns 0, n_failed_read_lock 0, n_failed_write_lock 0, n_failed_cmd_not_ready 0, n_failed_no_cmd 0, network size: 0, avg network size: 0, si_in_serializable: 0 0 %, local: 0 %, local_access: 171332, local_cxl_access: 0 (0%), remote_access: 24206, remote_access_with_req: 0 (0%), data_move_in: 0, data_move_out: 0
I20260924 12:58:50.769300 1842582 Coordinator.h:310] commit: 19170 abort: 1221 (0/1221/0), persistence latency 0, txn latency 0, queued lock latency 0, lock latency 0, active_txns 0, n_failed_read_lock 0, n_failed_write_lock 0, n_failed_cmd_not_ready 0, n_failed_no_cmd 0, network size: 0, avg network size: 0, si_in_serializable: 0 0 %, local: 0 %, local_access: 175963, local_cxl_access: 0 (0%), remote_access: 24108, remote_access_with_req: 0 (0%), data_move_in: 0, data_move_out: 0
I20260924 12:58:51.769604 1842582 Coordinator.h:310] commit: 19359 abort: 520 (0/520/0), persistence latency 0, txn latency 0, queued lock latency 0, lock latency 0, active_txns 0, n_failed_read_lock 0, n_failed_write_lock 0, n_failed_cmd_not_ready 0, n_failed_no_cmd 0, network size: 0, avg network size: 0, si_in_serializable: 0 0 %, local: 0 %, local_access: 172038, local_cxl_access: 0 (0%), remote_access: 24175, remote_access_with_req: 0 (0%), data_move_in: 0, data_move_out: 0
I20260924 12:58:52.771158 1842582 Coordinator.h:310] commit: 18810 abort: 870 (0/870/0), persistence latency 0, txn latency 0, queued lock latency 0, lock latency 0, active_txns 0, n_failed_read_lock 0, n_failed_write_lock 0, n_failed_cmd_not_ready 0, n_failed_no_cmd 0, network size: 0, avg network size: 0, si_in_serializable: 0 0 %, local: 0 %, local_access: 168402, local_cxl_access: 0 (0%), remote_access: 24397, remote_access_with_req: 0 (0%), data_move_in: 0, data_move_out: 0
I20260924 12:58:53.771256 1842582 Coordinator.h:310] commit: 19223 abort: 410 (0/410/0), persistence latency 0, txn latency 0, queued lock latency 0, lock latency 0, active_txns 0, n_failed_read_lock 0, n_failed_write_lock 0, n_failed_cmd_not_ready 0, n_failed_no_cmd 0, network size: 0, avg network size: 0, si_in_serializable: 0 0 %, local: 0 %, local_access: 169910, local_cxl_access: 0 (0%), remote_access: 24355, remote_access_with_req: 0 (0%), data_move_in: 0, data_move_out: 0
I20260924 12:58:54.771652 1842582 Coordinator.h:310] commit: 19204 abort: 429 (0/429/0), persistence latency 0, txn latency 0, queued lock latency 0, lock latency 0, active_txns 0, n_failed_read_lock 0, n_failed_write_lock 0, n_failed_cmd_not_ready 0, n_failed_no_cmd 0, network size: 0, avg network size: 0, si_in_serializable: 0 0 %, local: 0 %, local_access: 170233, local_cxl_access: 0 (0%), remote_access: 24053, remote_access_with_req: 0 (0%), data_move_in: 0, data_move_out: 0
I20260924 12:58:55.771751 1842582 Coordinator.h:310] commit: 19003 abort: 923 (0/923/0), persistence latency 0, txn latency 0, queued lock latency 0, lock latency 0, active_txns 0, n_failed_read_lock 0, n_failed_write_lock 0, n_failed_cmd_not_ready 0, n_failed_no_cmd 0, network size: 0, avg network size: 0, si_in_serializable: 0 0 %, local: 0 %, local_access: 168244, local_cxl_access: 0 (0%), remote_access: 24391, remote_access_with_req: 0 (0%), data_move_in: 0, data_move_out: 0
I20260924 12:58:56.771874 1842582 Coordinator.h:310] commit: 19068 abort: 533 (0/533/0), persistence latency 0, txn latency 0, queued lock latency 0, lock latency 0, active_txns 0, n_failed_read_lock 0, n_failed_write_lock 0, n_failed_cmd_not_ready 0, n_failed_no_cmd 0, network size: 0, avg network size: 0, si_in_serializable: 0 0 %, local: 0 %, local_access: 169336, local_cxl_access: 0 (0%), remote_access: 24064, remote_access_with_req: 0 (0%), data_move_in: 0, data_move_out: 0
I20260924 12:58:57.772104 1842582 Coordinator.h:310] commit: 19262 abort: 429 (0/429/0), persistence latency 0, txn latency 0, queued lock latency 0, lock latency 0, active_txns 0, n_failed_read_lock 0, n_failed_write_lock 0, n_failed_cmd_not_ready 0, n_failed_no_cmd 0, network size: 0, avg network size: 0, si_in_serializable: 0 0 %, local: 0 %, local_access: 170142, local_cxl_access: 0 (0%), remote_access: 24565, remote_access_with_req: 0 (0%), data_move_in: 0, data_move_out: 0
I20260924 12:58:58.772218 1842582 Coordinator.h:310] commit: 19086 abort: 1944 (0/1944/0), persistence latency 0, txn latency 0, queued lock latency 0, lock latency 0, active_txns 0, n_failed_read_lock 0, n_failed_write_lock 0, n_failed_cmd_not_ready 0, n_failed_no_cmd 0, network size: 0, avg network size: 0, si_in_serializable: 0 0 %, local: 0 %, local_access: 170736, local_cxl_access: 0 (0%), remote_access: 24051, remote_access_with_req: 0 (0%), data_move_in: 0, data_move_out: 0
I20260924 12:58:59.772442 1842582 Coordinator.h:310] commit: 19303 abort: 819 (0/819/0), persistence latency 0, txn latency 0, queued lock latency 0, lock latency 0, active_txns 0, n_failed_read_lock 0, n_failed_write_lock 0, n_failed_cmd_not_ready 0, n_failed_no_cmd 0, network size: 0, avg network size: 0, si_in_serializable: 0 0 %, local: 0 %, local_access: 172029, local_cxl_access: 0 (0%), remote_access: 24577, remote_access_with_req: 0 (0%), data_move_in: 0, data_move_out: 0
I20260924 12:59:00.772668 1842582 Coordinator.h:310] commit: 19315 abort: 577 (0/577/0), persistence latency 0, txn latency 0, queued lock latency 0, lock latency 0, active_txns 0, n_failed_read_lock 0, n_failed_write_lock 0, n_failed_cmd_not_ready 0, n_failed_no_cmd 0, network size: 0, avg network size: 0, si_in_serializable: 0 0 %, local: 0 %, local_access: 172164, local_cxl_access: 0 (0%), remote_access: 23926, remote_access_with_req: 0 (0%), data_move_in: 0, data_move_out: 0
I20260924 12:59:01.772889 1842582 Coordinator.h:310] commit: 19279 abort: 483 (0/483/0), persistence latency 0, txn latency 0, queued lock latency 0, lock latency 0, active_txns 0, n_failed_read_lock 0, n_failed_write_lock 0, n_failed_cmd_not_ready 0, n_failed_no_cmd 0, network size: 0, avg network size: 0, si_in_serializable: 0 0 %, local: 0 %, local_access: 170811, local_cxl_access: 0 (0%), remote_access: 24378, remote_access_with_req: 0 (0%), data_move_in: 0, data_move_out: 0
I20260924 12:59:02.773125 1842582 Coordinator.h:310] commit: 19234 abort: 507 (0/507/0), persistence latency 0, txn latency 0, queued lock latency 0, lock latency 0, active_txns 0, n_failed_read_lock 0, n_failed_write_lock 0, n_failed_cmd_not_ready 0, n_failed_no_cmd 0, network size: 0, avg network size: 0, si_in_serializable: 0 0 %, local: 0 %, local_access: 170207, local_cxl_access: 0 (0%), remote_access: 24369, remote_access_with_req: 0 (0%), data_move_in: 0, data_move_out: 0
I20260924 12:59:03.773370 1842582 Coordinator.h:310] commit: 18959 abort: 414 (0/414/0), persistence latency 0, txn latency 0, queued lock latency 0, lock latency 0, active_txns 0, n_failed_read_lock 0, n_failed_write_lock 0, n_failed_cmd_not_ready 0, n_failed_no_cmd 0, network size: 0, avg network size: 0, si_in_serializable: 0 0 %, local: 0 %, local_access: 167152, local_cxl_access: 0 (0%), remote_access: 24563, remote_access_with_req: 0 (0%), data_move_in: 0, data_move_out: 0
I20260924 12:59:04.774068 1842582 Coordinator.h:310] commit: 19119 abort: 489 (0/489/0), persistence latency 0, txn latency 0, queued lock latency 0, lock latency 0, active_txns 0, n_failed_read_lock 0, n_failed_write_lock 0, n_failed_cmd_not_ready 0, n_failed_no_cmd 0, network size: 0, avg network size: 0, si_in_serializable: 0 0 %, local: 0 %, local_access: 169337, local_cxl_access: 0 (0%), remote_access: 24428, remote_access_with_req: 0 (0%), data_move_in: 0, data_move_out: 0
I20260924 12:59:05.775190 1842582 Coordinator.h:310] commit: 19553 abort: 492 (0/492/0), persistence latency 0, txn latency 0, queued lock latency 0, lock latency 0, active_txns 0, n_failed_read_lock 0, n_failed_write_lock 0, n_failed_cmd_not_ready 0, n_failed_no_cmd 0, network size: 0, avg network size: 0, si_in_serializable: 0 0 %, local: 0 %, local_access: 173781, local_cxl_access: 0 (0%), remote_access: 24266, remote_access_with_req: 0 (0%), data_move_in: 0, data_move_out: 0
I20260924 12:59:06.775560 1842582 Coordinator.h:310] commit: 19258 abort: 463 (0/463/0), persistence latency 0, txn latency 0, queued lock latency 0, lock latency 0, active_txns 0, n_failed_read_lock 0, n_failed_write_lock 0, n_failed_cmd_not_ready 0, n_failed_no_cmd 0, network size: 0, avg network size: 0, si_in_serializable: 0 0 %, local: 0 %, local_access: 170209, local_cxl_access: 0 (0%), remote_access: 24429, remote_access_with_req: 0 (0%), data_move_in: 0, data_move_out: 0
I20260924 12:59:07.775830 1842582 Coordinator.h:310] commit: 19268 abort: 448 (0/448/0), persistence latency 0, txn latency 0, queued lock latency 0, lock latency 0, active_txns 0, n_failed_read_lock 0, n_failed_write_lock 0, n_failed_cmd_not_ready 0, n_failed_no_cmd 0, network size: 0, avg network size: 0, si_in_serializable: 0 0 %, local: 0 %, local_access: 170367, local_cxl_access: 0 (0%), remote_access: 24557, remote_access_with_req: 0 (0%), data_move_in: 0, data_move_out: 0
I20260924 12:59:08.776062 1842582 Coordinator.h:310] commit: 18868 abort: 419 (0/419/0), persistence latency 0, txn latency 0, queued lock latency 0, lock latency 0, active_txns 0, n_failed_read_lock 0, n_failed_write_lock 0, n_failed_cmd_not_ready 0, n_failed_no_cmd 0, network size: 0, avg network size: 0, si_in_serializable: 0 0 %, local: 0 %, local_access: 166103, local_cxl_access: 0 (0%), remote_access: 24550, remote_access_with_req: 0 (0%), data_move_in: 0, data_move_out: 0
I20260924 12:59:09.776296 1842582 Coordinator.h:310] commit: 19253 abort: 454 (0/454/0), persistence latency 0, txn latency 0, queued lock latency 0, lock latency 0, active_txns 0, n_failed_read_lock 0, n_failed_write_lock 0, n_failed_cmd_not_ready 0, n_failed_no_cmd 0, network size: 0, avg network size: 0, si_in_serializable: 0 0 %, local: 0 %, local_access: 170225, local_cxl_access: 0 (0%), remote_access: 24656, remote_access_with_req: 0 (0%), data_move_in: 0, data_move_out: 0
I20260924 12:59:10.776417 1842582 Coordinator.h:310] commit: 19155 abort: 654 (0/654/0), persistence latency 0, txn latency 0, queued lock latency 0, lock latency 0, active_txns 0, n_failed_read_lock 0, n_failed_write_lock 0, n_failed_cmd_not_ready 0, n_failed_no_cmd 0, network size: 0, avg network size: 0, si_in_serializable: 0 0 %, local: 0 %, local_access: 170696, local_cxl_access: 0 (0%), remote_access: 24333, remote_access_with_req: 0 (0%), data_move_in: 0, data_move_out: 0
I20260924 12:59:11.776530 1842582 Coordinator.h:310] commit: 19442 abort: 391 (0/391/0), persistence latency 0, txn latency 0, queued lock latency 0, lock latency 0, active_txns 0, n_failed_read_lock 0, n_failed_write_lock 0, n_failed_cmd_not_ready 0, n_failed_no_cmd 0, network size: 0, avg network size: 0, si_in_serializable: 0 0 %, local: 0 %, local_access: 171900, local_cxl_access: 0 (0%), remote_access: 24420, remote_access_with_req: 0 (0%), data_move_in: 0, data_move_out: 0
I20260924 12:59:12.776754 1842582 Coordinator.h:310] commit: 19188 abort: 535 (0/535/0), persistence latency 0, txn latency 0, queued lock latency 0, lock latency 0, active_txns 0, n_failed_read_lock 0, n_failed_write_lock 0, n_failed_cmd_not_ready 0, n_failed_no_cmd 0, network size: 0, avg network size: 0, si_in_serializable: 0 0 %, local: 0 %, local_access: 170314, local_cxl_access: 0 (0%), remote_access: 24332, remote_access_with_req: 0 (0%), data_move_in: 0, data_move_out: 0
I20260924 12:59:13.776988 1842582 Coordinator.h:310] commit: 19504 abort: 453 (0/453/0), persistence latency 0, txn latency 0, queued lock latency 0, lock latency 0, active_txns 0, n_failed_read_lock 0, n_failed_write_lock 0, n_failed_cmd_not_ready 0, n_failed_no_cmd 0, network size: 0, avg network size: 0, si_in_serializable: 0 0 %, local: 0 %, local_access: 172845, local_cxl_access: 0 (0%), remote_access: 24416, remote_access_with_req: 0 (0%), data_move_in: 0, data_move_out: 0
I20260924 12:59:14.777218 1842582 Coordinator.h:310] commit: 19210 abort: 401 (0/401/0), persistence latency 0, txn latency 0, queued lock latency 0, lock latency 0, active_txns 0, n_failed_read_lock 0, n_failed_write_lock 0, n_failed_cmd_not_ready 0, n_failed_no_cmd 0, network size: 0, avg network size: 0, si_in_serializable: 0 0 %, local: 0 %, local_access: 169663, local_cxl_access: 0 (0%), remote_access: 24496, remote_access_with_req: 0 (0%), data_move_in: 0, data_move_out: 0
I20260924 12:59:15.777446 1842582 Coordinator.h:310] commit: 19411 abort: 514 (0/514/0), persistence latency 0, txn latency 0, queued lock latency 0, lock latency 0, active_txns 0, n_failed_read_lock 0, n_failed_write_lock 0, n_failed_cmd_not_ready 0, n_failed_no_cmd 0, network size: 0, avg network size: 0, si_in_serializable: 0 0 %, local: 0 %, local_access: 172148, local_cxl_access: 0 (0%), remote_access: 24581, remote_access_with_req: 0 (0%), data_move_in: 0, data_move_out: 0
I20260924 12:59:16.778671 1842582 Coordinator.h:310] commit: 19614 abort: 511 (0/511/0), persistence latency 0, txn latency 0, queued lock latency 0, lock latency 0, active_txns 0, n_failed_read_lock 0, n_failed_write_lock 0, n_failed_cmd_not_ready 0, n_failed_no_cmd 0, network size: 0, avg network size: 0, si_in_serializable: 0 0 %, local: 0 %, local_access: 174002, local_cxl_access: 0 (0%), remote_access: 24296, remote_access_with_req: 0 (0%), data_move_in: 0, data_move_out: 0
I20260924 12:59:17.779107 1842582 Coordinator.h:310] commit: 19547 abort: 427 (0/427/0), persistence latency 0, txn latency 0, queued lock latency 0, lock latency 0, active_txns 0, n_failed_read_lock 0, n_failed_write_lock 0, n_failed_cmd_not_ready 0, n_failed_no_cmd 0, network size: 0, avg network size: 0, si_in_serializable: 0 0 %, local: 0 %, local_access: 173082, local_cxl_access: 0 (0%), remote_access: 24617, remote_access_with_req: 0 (0%), data_move_in: 0, data_move_out: 0
I20260924 12:59:18.779202 1842582 Coordinator.h:310] commit: 19319 abort: 591 (0/591/0), persistence latency 0, txn latency 0, queued lock latency 0, lock latency 0, active_txns 0, n_failed_read_lock 0, n_failed_write_lock 0, n_failed_cmd_not_ready 0, n_failed_no_cmd 0, network size: 0, avg network size: 0, si_in_serializable: 0 0 %, local: 0 %, local_access: 171593, local_cxl_access: 0 (0%), remote_access: 24363, remote_access_with_req: 0 (0%), data_move_in: 0, data_move_out: 0
I20260924 12:59:19.779716 1842582 Coordinator.h:310] commit: 19504 abort: 563 (0/563/0), persistence latency 0, txn latency 0, queued lock latency 0, lock latency 0, active_txns 0, n_failed_read_lock 0, n_failed_write_lock 0, n_failed_cmd_not_ready 0, n_failed_no_cmd 0, network size: 0, avg network size: 0, si_in_serializable: 0 0 %, local: 0 %, local_access: 173264, local_cxl_access: 0 (0%), remote_access: 24549, remote_access_with_req: 0 (0%), data_move_in: 0, data_move_out: 0
I20260924 12:59:20.779815 1842582 Coordinator.h:310] commit: 19331 abort: 571 (0/571/0), persistence latency 0, txn latency 0, queued lock latency 0, lock latency 0, active_txns 0, n_failed_read_lock 0, n_failed_write_lock 0, n_failed_cmd_not_ready 0, n_failed_no_cmd 0, network size: 0, avg network size: 0, si_in_serializable: 0 0 %, local: 0 %, local_access: 171583, local_cxl_access: 0 (0%), remote_access: 24524, remote_access_with_req: 0 (0%), data_move_in: 0, data_move_out: 0
I20260924 12:59:21.779935 1842582 Coordinator.h:310] commit: 19533 abort: 389 (0/389/0), persistence latency 0, txn latency 0, queued lock latency 0, lock latency 0, active_txns 0, n_failed_read_lock 0, n_failed_write_lock 0, n_failed_cmd_not_ready 0, n_failed_no_cmd 0, network size: 0, avg network size: 0, si_in_serializable: 0 0 %, local: 0 %, local_access: 172543, local_cxl_access: 0 (0%), remote_access: 24743, remote_access_with_req: 0 (0%), data_move_in: 0, data_move_out: 0
I20260924 12:59:22.780031 1842582 Coordinator.h:310] commit: 19582 abort: 454 (0/454/0), persistence latency 0, txn latency 0, queued lock latency 0, lock latency 0, active_txns 0, n_failed_read_lock 0, n_failed_write_lock 0, n_failed_cmd_not_ready 0, n_failed_no_cmd 0, network size: 0, avg network size: 0, si_in_serializable: 0 0 %, local: 0 %, local_access: 173519, local_cxl_access: 0 (0%), remote_access: 24563, remote_access_with_req: 0 (0%), data_move_in: 0, data_move_out: 0
I20260924 12:59:23.780149 1842582 Coordinator.h:310] commit: 19448 abort: 732 (0/732/0), persistence latency 0, txn latency 0, queued lock latency 0, lock latency 0, active_txns 0, n_failed_read_lock 0, n_failed_write_lock 0, n_failed_cmd_not_ready 0, n_failed_no_cmd 0, network size: 0, avg network size: 0, si_in_serializable: 0 0 %, local: 0 %, local_access: 173987, local_cxl_access: 0 (0%), remote_access: 24671, remote_access_with_req: 0 (0%), data_move_in: 0, data_move_out: 0
I20260924 12:59:24.780265 1842582 Coordinator.h:310] commit: 19452 abort: 529 (0/529/0), persistence latency 0, txn latency 0, queued lock latency 0, lock latency 0, active_txns 0, n_failed_read_lock 0, n_failed_write_lock 0, n_failed_cmd_not_ready 0, n_failed_no_cmd 0, network size: 0, avg network size: 0, si_in_serializable: 0 0 %, local: 0 %, local_access: 172632, local_cxl_access: 0 (0%), remote_access: 24730, remote_access_with_req: 0 (0%), data_move_in: 0, data_move_out: 0
I20260924 12:59:25.780380 1842582 Coordinator.h:310] commit: 19638 abort: 424 (0/424/0), persistence latency 0, txn latency 0, queued lock latency 0, lock latency 0, active_txns 0, n_failed_read_lock 0, n_failed_write_lock 0, n_failed_cmd_not_ready 0, n_failed_no_cmd 0, network size: 0, avg network size: 0, si_in_serializable: 0 0 %, local: 0 %, local_access: 173682, local_cxl_access: 0 (0%), remote_access: 24680, remote_access_with_req: 0 (0%), data_move_in: 0, data_move_out: 0
I20260924 12:59:26.780599 1842582 Coordinator.h:310] commit: 19237 abort: 466 (0/466/0), persistence latency 0, txn latency 0, queued lock latency 0, lock latency 0, active_txns 0, n_failed_read_lock 0, n_failed_write_lock 0, n_failed_cmd_not_ready 0, n_failed_no_cmd 0, network size: 0, avg network size: 0, si_in_serializable: 0 0 %, local: 0 %, local_access: 169983, local_cxl_access: 0 (0%), remote_access: 24738, remote_access_with_req: 0 (0%), data_move_in: 0, data_move_out: 0
I20260924 12:59:27.780711 1842582 Coordinator.h:310] commit: 19679 abort: 412 (0/412/0), persistence latency 0, txn latency 0, queued lock latency 0, lock latency 0, active_txns 0, n_failed_read_lock 0, n_failed_write_lock 0, n_failed_cmd_not_ready 0, n_failed_no_cmd 0, network size: 0, avg network size: 0, si_in_serializable: 0 0 %, local: 0 %, local_access: 174252, local_cxl_access: 0 (0%), remote_access: 24598, remote_access_with_req: 0 (0%), data_move_in: 0, data_move_out: 0
I20260924 12:59:28.780936 1842582 Coordinator.h:310] commit: 19351 abort: 455 (0/455/0), persistence latency 0, txn latency 0, queued lock latency 0, lock latency 0, active_txns 0, n_failed_read_lock 0, n_failed_write_lock 0, n_failed_cmd_not_ready 0, n_failed_no_cmd 0, network size: 0, avg network size: 0, si_in_serializable: 0 0 %, local: 0 %, local_access: 171373, local_cxl_access: 0 (0%), remote_access: 24416, remote_access_with_req: 0 (0%), data_move_in: 0, data_move_out: 0
I20260924 12:59:29.781159 1842582 Coordinator.h:310] commit: 19844 abort: 377 (0/377/0), persistence latency 0, txn latency 0, queued lock latency 0, lock latency 0, active_txns 0, n_failed_read_lock 0, n_failed_write_lock 0, n_failed_cmd_not_ready 0, n_failed_no_cmd 0, network size: 0, avg network size: 0, si_in_serializable: 0 0 %, local: 0 %, local_access: 175667, local_cxl_access: 0 (0%), remote_access: 24776, remote_access_with_req: 0 (0%), data_move_in: 0, data_move_out: 0
I20260924 12:59:30.781380 1842582 Coordinator.h:310] commit: 19518 abort: 419 (0/419/0), persistence latency 0, txn latency 0, queued lock latency 0, lock latency 0, active_txns 0, n_failed_read_lock 0, n_failed_write_lock 0, n_failed_cmd_not_ready 0, n_failed_no_cmd 0, network size: 0, avg network size: 0, si_in_serializable: 0 0 %, local: 0 %, local_access: 172541, local_cxl_access: 0 (0%), remote_access: 24694, remote_access_with_req: 0 (0%), data_move_in: 0, data_move_out: 0
I20260924 12:59:31.781474 1842582 Coordinator.h:310] commit: 19871 abort: 571 (0/571/0), persistence latency 0, txn latency 0, queued lock latency 0, lock latency 0, active_txns 0, n_failed_read_lock 0, n_failed_write_lock 0, n_failed_cmd_not_ready 0, n_failed_no_cmd 0, network size: 0, avg network size: 0, si_in_serializable: 0 0 %, local: 0 %, local_access: 176140, local_cxl_access: 0 (0%), remote_access: 24658, remote_access_with_req: 0 (0%), data_move_in: 0, data_move_out: 0
I20260924 12:59:32.783171 1842582 Coordinator.h:310] commit: 19707 abort: 401 (0/401/0), persistence latency 0, txn latency 0, queued lock latency 0, lock latency 0, active_txns 0, n_failed_read_lock 0, n_failed_write_lock 0, n_failed_cmd_not_ready 0, n_failed_no_cmd 0, network size: 0, avg network size: 0, si_in_serializable: 0 0 %, local: 0 %, local_access: 174745, local_cxl_access: 0 (0%), remote_access: 24383, remote_access_with_req: 0 (0%), data_move_in: 0, data_move_out: 0
I20260924 12:59:33.783269 1842582 Coordinator.h:310] commit: 19677 abort: 1468 (0/1468/0), persistence latency 0, txn latency 0, queued lock latency 0, lock latency 0, active_txns 0, n_failed_read_lock 0, n_failed_write_lock 0, n_failed_cmd_not_ready 0, n_failed_no_cmd 0, network size: 0, avg network size: 0, si_in_serializable: 0 0 %, local: 0 %, local_access: 175319, local_cxl_access: 0 (0%), remote_access: 24829, remote_access_with_req: 0 (0%), data_move_in: 0, data_move_out: 0
I20260924 12:59:34.783499 1842582 Coordinator.h:310] commit: 19587 abort: 461 (0/461/0), persistence latency 0, txn latency 0, queued lock latency 0, lock latency 0, active_txns 0, n_failed_read_lock 0, n_failed_write_lock 0, n_failed_cmd_not_ready 0, n_failed_no_cmd 0, network size: 0, avg network size: 0, si_in_serializable: 0 0 %, local: 0 %, local_access: 173407, local_cxl_access: 0 (0%), remote_access: 24722, remote_access_with_req: 0 (0%), data_move_in: 0, data_move_out: 0
I20260924 12:59:35.783596 1842582 Coordinator.h:310] commit: 19553 abort: 469 (0/469/0), persistence latency 0, txn latency 0, queued lock latency 0, lock latency 0, active_txns 0, n_failed_read_lock 0, n_failed_write_lock 0, n_failed_cmd_not_ready 0, n_failed_no_cmd 0, network size: 0, avg network size: 0, si_in_serializable: 0 0 %, local: 0 %, local_access: 172966, local_cxl_access: 0 (0%), remote_access: 24840, remote_access_with_req: 0 (0%), data_move_in: 0, data_move_out: 0
I20260924 12:59:36.783720 1842582 Coordinator.h:310] commit: 19513 abort: 369 (0/369/0), persistence latency 0, txn latency 0, queued lock latency 0, lock latency 0, active_txns 0, n_failed_read_lock 0, n_failed_write_lock 0, n_failed_cmd_not_ready 0, n_failed_no_cmd 0, network size: 0, avg network size: 0, si_in_serializable: 0 0 %, local: 0 %, local_access: 172008, local_cxl_access: 0 (0%), remote_access: 24820, remote_access_with_req: 0 (0%), data_move_in: 0, data_move_out: 0
I20260924 12:59:37.783944 1842582 Coordinator.h:310] commit: 19754 abort: 538 (0/538/0), persistence latency 0, txn latency 0, queued lock latency 0, lock latency 0, active_txns 0, n_failed_read_lock 0, n_failed_write_lock 0, n_failed_cmd_not_ready 0, n_failed_no_cmd 0, network size: 0, avg network size: 0, si_in_serializable: 0 0 %, local: 0 %, local_access: 175520, local_cxl_access: 0 (0%), remote_access: 24752, remote_access_with_req: 0 (0%), data_move_in: 0, data_move_out: 0
I20260924 12:59:38.784060 1842582 Coordinator.h:310] commit: 19280 abort: 489 (0/489/0), persistence latency 0, txn latency 0, queued lock latency 0, lock latency 0, active_txns 0, n_failed_read_lock 0, n_failed_write_lock 0, n_failed_cmd_not_ready 0, n_failed_no_cmd 0, network size: 0, avg network size: 0, si_in_serializable: 0 0 %, local: 0 %, local_access: 170547, local_cxl_access: 0 (0%), remote_access: 24842, remote_access_with_req: 0 (0%), data_move_in: 0, data_move_out: 0
I20260924 12:59:39.784178 1842582 Coordinator.h:310] commit: 19494 abort: 422 (0/422/0), persistence latency 0, txn latency 0, queued lock latency 0, lock latency 0, active_txns 0, n_failed_read_lock 0, n_failed_write_lock 0, n_failed_cmd_not_ready 0, n_failed_no_cmd 0, network size: 0, avg network size: 0, si_in_serializable: 0 0 %, local: 0 %, local_access: 172270, local_cxl_access: 0 (0%), remote_access: 24815, remote_access_with_req: 0 (0%), data_move_in: 0, data_move_out: 0
I20260924 12:59:40.784307 1842582 Coordinator.h:310] commit: 19596 abort: 400 (0/400/0), persistence latency 0, txn latency 0, queued lock latency 0, lock latency 0, active_txns 0, n_failed_read_lock 0, n_failed_write_lock 0, n_failed_cmd_not_ready 0, n_failed_no_cmd 0, network size: 0, avg network size: 0, si_in_serializable: 0 0 %, local: 0 %, local_access: 173134, local_cxl_access: 0 (0%), remote_access: 24735, remote_access_with_req: 0 (0%), data_move_in: 0, data_move_out: 0
I20260924 12:59:41.784533 1842582 Coordinator.h:310] commit: 19771 abort: 416 (0/416/0), persistence latency 0, txn latency 0, queued lock latency 0, lock latency 0, active_txns 0, n_failed_read_lock 0, n_failed_write_lock 0, n_failed_cmd_not_ready 0, n_failed_no_cmd 0, network size: 0, avg network size: 0, si_in_serializable: 0 0 %, local: 0 %, local_access: 174935, local_cxl_access: 0 (0%), remote_access: 24919, remote_access_with_req: 0 (0%), data_move_in: 0, data_move_out: 0
I20260924 12:59:42.784651 1842582 Coordinator.h:310] commit: 19518 abort: 478 (0/478/0), persistence latency 0, txn latency 0, queued lock latency 0, lock latency 0, active_txns 0, n_failed_read_lock 0, n_failed_write_lock 0, n_failed_cmd_not_ready 0, n_failed_no_cmd 0, network size: 0, avg network size: 0, si_in_serializable: 0 0 %, local: 0 %, local_access: 172517, local_cxl_access: 0 (0%), remote_access: 24860, remote_access_with_req: 0 (0%), data_move_in: 0, data_move_out: 0
I20260924 12:59:42.784683 1842582 Coordinator.h:348] average commit: 19534.8 abort: 505.667 (0/505.667/0), abort_rate: 0.0252323, network size: 0, avg network size: 0, si_in_serializable: 0 0 %, local: 0 %, local_access: 5191867, local_cxl_access: 0 (0%), remote_access: 739626, remote_access_with_req: 0 (0%), data_move_in: 0, data_move_out: 0
I20260924 12:59:42.784708 1842582 Executor.h:236] Worker 0 latency: 67 us (50%) 263 us (75%) 390 us (95%) 1070 us (99%). dist txn latency: 304 us (50%) 342 us (75%) 1018 us (95%) 1181 us (99%)  avg 400 us . local txn latency: 58 us (50%) 78 us (75%) 162 us (95%) 226 us (99%)  avg 73 us. txn commit latency: 68 us (50%) 264 us (75%) 422 us (95%) 1090 us (99%) avg 158 us.
 LOCAL txn stall 0 us,  local_work 61 us,  remote_work 0 us,  commit_work 4 us,  commit_prepare 2 us,  commit_persistence 0 us,  commit_write_back 0 us,  commit_replication 0 us,  commit_release_lock 0 us 
 DIST txn stall 0 us,  local_work 387 us,  remote_work 0 us,  commit_work 16 us,  commit_prepare 2 us,  commit_persistence 0 us,  commit_write_back 4 us,  commit_replication 0 us,  commit_release_lock 7 us 
I20260924 12:59:42.788007 1842582 Executor.h:267] message stats, type: 0 count: 0 total size: 0
I20260924 12:59:42.788015 1842582 Executor.h:267] message stats, type: 1 count: 0 total size: 0
I20260924 12:59:42.788019 1842582 Executor.h:267] message stats, type: 2 count: 0 total size: 0
I20260924 12:59:42.788023 1842582 Executor.h:267] message stats, type: 3 count: 0 total size: 0
I20260924 12:59:42.788028 1842582 Executor.h:267] message stats, type: 4 count: 0 total size: 0
I20260924 12:59:42.788030 1842582 Executor.h:267] message stats, type: 5 count: 0 total size: 0
I20260924 12:59:42.788034 1842582 Executor.h:267] message stats, type: 6 count: 0 total size: 0
I20260924 12:59:42.788038 1842582 Executor.h:267] message stats, type: 7 count: 0 total size: 0
I20260924 12:59:42.788041 1842582 Executor.h:267] message stats, type: 8 count: 0 total size: 0
I20260924 12:59:42.788045 1842582 Executor.h:267] message stats, type: 9 count: 0 total size: 0
I20260924 12:59:42.788048 1842582 Executor.h:267] message stats, type: 10 count: 0 total size: 0
I20260924 12:59:42.788053 1842582 Executor.h:267] message stats, type: 11 count: 0 total size: 0
I20260924 12:59:42.791458 1842649 Executor.h:231] Executor 2 exits.
I20260924 12:59:42.791458 1842648 Executor.h:231] Executor 1 exits.
I20260924 12:59:42.791460 1842650 Manager.h:234] Manager(worker id = 3) on the non-coordinator node exits.
I20260924 12:59:42.791458 1842647 Executor.h:231] Executor 0 exits.
I20260924 12:59:42.792949 1842582 Executor.h:236] Worker 1 latency: 68 us (50%) 261 us (75%) 386 us (95%) 1066 us (99%). dist txn latency: 303 us (50%) 339 us (75%) 1032 us (95%) 1180 us (99%)  avg 402 us . local txn latency: 58 us (50%) 79 us (75%) 161 us (95%) 221 us (99%)  avg 73 us. txn commit latency: 68 us (50%) 259 us (75%) 393 us (95%) 1070 us (99%) avg 155 us.
 LOCAL txn stall 0 us,  local_work 62 us,  remote_work 0 us,  commit_work 4 us,  commit_prepare 2 us,  commit_persistence 0 us,  commit_write_back 0 us,  commit_replication 0 us,  commit_release_lock 0 us 
 DIST txn stall 0 us,  local_work 387 us,  remote_work 0 us,  commit_work 15 us,  commit_prepare 2 us,  commit_persistence 0 us,  commit_write_back 4 us,  commit_replication 0 us,  commit_release_lock 6 us 
I20260924 12:59:42.796113 1842582 Executor.h:236] Worker 2 latency: 58 us (50%) 252 us (75%) 406 us (95%) 1053 us (99%). dist txn latency: 293 us (50%) 363 us (75%) 1026 us (95%) 1175 us (99%)  avg 404 us . local txn latency: 50 us (50%) 65 us (75%) 153 us (95%) 203 us (99%)  avg 63 us. txn commit latency: 58 us (50%) 252 us (75%) 390 us (95%) 1047 us (99%) avg 146 us.
 LOCAL txn stall 0 us,  local_work 54 us,  remote_work 0 us,  commit_work 3 us,  commit_prepare 2 us,  commit_persistence 0 us,  commit_write_back 0 us,  commit_replication 0 us,  commit_release_lock 0 us 
 DIST txn stall 0 us,  local_work 382 us,  remote_work 0 us,  commit_work 14 us,  commit_prepare 2 us,  commit_persistence 0 us,  commit_write_back 3 us,  commit_replication 0 us,  commit_release_lock 6 us 
I20260924 12:59:42.799420 1842582 CXLMemory.h:227] local CXL memory usage: size_index_usage: 0 size_metadata_usage: 0 size_data_usage: 0 size_transport_usage: 0 size_misc_usage: 0 total_size_hw_cc_usage: 0 total_usage: 0
I20260924 12:59:42.799443 1842646 Dispatcher.h:261] Handling coordinator message took 5
I20260924 12:59:43.800462 1842646 Dispatcher.h:292] Outgoing Dispatcher exits, network size: 252. msg_send_latency(50th) 0 msg_send_latency(75th) 0 msg_send_latency(95th) 0 msg_send_latency(99th) 0 msg_send_latency(avg) 0 msg_gen_to_sent_latency(50th) 0 msg_gen_to_sent_latency(75th) 0 msg_gen_to_sent_latency(95th) 0 msg_gen_to_sent_latency(99th) 0 msg_gen_to_queue_latency(50th) 0 msg_gen_to_queue_latency(75th) 0 msg_gen_to_queue_latency(95th) 0 msg_gen_to_queue_latency(99th) 0 msg_disp_ltc(50th) 0 msg_disp_ltc(75th) 0 msg_disp_ltc(95th) 0 msg_disp_ltc(99th) 0 msg_disp_ltc(100th) 0 send_ltc(50th) 0 send_ltc(75th) 0 send_ltc(95th) 0 send_ltc(99th) 0 send_ltc(100th) 0 send_ltc(avg) 0 sendto_cnt 3 network_size 252 network_msg_cnt 2 network_msg_group_size avg 0 50th 0 internal_network_size 0 internal_network_msg_cnt 0
I20260924 12:59:43.800457 1842645 Dispatcher.h:160] Incoming Dispatcher exits, network size: 132. socket_message_recv_latency(50th) 0 socket_message_recv_latency(75th) 0 socket_message_recv_latency(95th) 0 socket_message_recv_latency(99th) 0 internal_message_recv_latency(50th) 0 socket_message_recv_cnt 0 socket_read_syscall 0 internal_message_recv_cnt 0
I20260924 12:59:45.749154 1842582 Coordinator.h:420] Coordinator exits.
TIGON_RUN_END run_id=cmp_50_y_rw50_c25_r2 host_id=1 status=ok exit_code=0
