TIGON_RUN_META system=ub workload=ycsb run_id=cmp_951_y_rw95_c100_r2 host_id=0 repetition=2 mode=one-sided query=rmw transport=ubq partitions=2 workers=3 keys=300000 rw_ratio=95 zipf=0.7 cross_ratio=100 neworder_dist= payment_dist= warmup_seconds=30 run_seconds=30 total_seconds=60 logging=off
I20260924 11:57:06.494297 1802434 bench_ycsb.cpp:68] RW_RATIO = 95, ZIPF_THETA = 0.7, CROSS_RATIO = 100
I20260924 11:57:06.494402 1802434 bench_ycsb.cpp:69] checkpoint 0 to 
I20260924 11:57:06.494408 1802434 bench_ycsb.cpp:70] cross_part_num 2
I20260924 11:57:06.494412 1802434 bench_ycsb.cpp:71] lotus_sp_parallel_exec_commit 0
I20260924 11:57:06.494416 1802434 bench_ycsb.cpp:72] granules_per_partition 1
I20260924 11:57:06.494421 1802434 bench_ycsb.cpp:73] keysPerGranule 300000
[2026-09-24 11:57:07.218 +08:00][ERROR][1802434][281473502531616][shm_ipc_command.cpp:183] IpcCallShmMap response error : 606
[2026-09-24 11:57:07.218 +08:00][ERROR][1802434][281473502531616][RackMemShm.cpp:322] Failed to mmap, name=u43860f57_one-sided_rmw_ubq_1, mapSize=2147483648, ret=606
[2026-09-24 11:57:07.218 +08:00][ERROR][1802434][281473502531616][mxmem_shmem.cpp:473] Failed to mmap shared memory, ret=606
[2026-09-24 11:57:07.323 +08:00][ERROR][1802434][281473502531616][shm_ipc_command.cpp:183] IpcCallShmMap response error : 606
[2026-09-24 11:57:07.323 +08:00][ERROR][1802434][281473502531616][RackMemShm.cpp:322] Failed to mmap, name=u43860f57_one-sided_rmw_ubq_1, mapSize=2147483648, ret=606
[2026-09-24 11:57:07.323 +08:00][ERROR][1802434][281473502531616][mxmem_shmem.cpp:473] Failed to mmap shared memory, ret=606
[2026-09-24 11:57:07.426 +08:00][ERROR][1802434][281473502531616][shm_ipc_command.cpp:183] IpcCallShmMap response error : 606
[2026-09-24 11:57:07.426 +08:00][ERROR][1802434][281473502531616][RackMemShm.cpp:322] Failed to mmap, name=u43860f57_one-sided_rmw_ubq_1, mapSize=2147483648, ret=606
[2026-09-24 11:57:07.426 +08:00][ERROR][1802434][281473502531616][mxmem_shmem.cpp:473] Failed to mmap shared memory, ret=606
I20260924 11:57:08.240137 1802434 UBMemory.cpp:138] UB memory initialized: local_region=0 regions=2 mode=one-sided bytes_per_region=2147483648
I20260924 11:57:10.764359 1802434 Database.h:82] ycsb initialization finished in 2524 milliseconds.
I20260924 11:57:10.766654 1802434 Coordinator.h:459] Coordinator 0 initializes UB inbox with 4096 entries of 8192 bytes
I20260924 11:57:10.766724 1802434 Coordinator.h:100] WAL Group Commiting off. Log to file _non_group_commit.txt using Blackhole Logger
I20260924 11:57:10.766736 1802434 Coordinator.h:104] Coordinator initializes 3 workers.
I20260924 11:57:10.767181 1802463 Coordinator.h:505] Listener 0 on coordinator 0 listening on 76.53.137.98:10010 tcp_no_delay 1 tcp_quick_ack 0
I20260924 11:57:10.767716 1802434 Socket.h:69] Disabling nagle
I20260924 11:57:10.767748 1802434 Coordinator.h:560] Coordinator 0 connected to 1
I20260924 11:57:15.552137 1802463 Socket.h:69] Disabling nagle
I20260924 11:57:15.552166 1802463 Coordinator.h:520] Listener accepted connection from coordinator 1
I20260924 11:57:15.552171 1802463 Coordinator.h:523] Listener 0 on coordinator 0 exits.
I20260924 11:57:15.552372 1802434 Coordinator.h:572] Coordinator 0 connected to all peers.
I20260924 11:57:15.552412 1802434 Dispatcher.h:41] IncomingDispatcher 0 coord_id 0
I20260924 11:57:15.552430 1802434 Dispatcher.h:234] OutgoingDispatcher 0 coord_id 0
I20260924 11:57:15.552498 1802434 Coordinator.h:669] pinned thread to core 0
I20260924 11:57:15.552547 1802434 Coordinator.h:669] pinned thread to core 1
I20260924 11:57:15.552533 1802507 Dispatcher.h:63] Incoming Dispatcher started, numCoordinators = 2, numWorkers = 3, group id = 0, coordinator = 0
I20260924 11:57:15.552623 1802434 Coordinator.h:219] Coordinator starts to run 4 workers.
I20260924 11:57:15.552661 1802434 Coordinator.h:669] pinned thread to core 2
I20260924 11:57:15.553344 1802434 Coordinator.h:669] pinned thread to core 3
I20260924 11:57:15.553476 1802509 Executor.h:79] Executor 0 starts.
I20260924 11:57:15.554083 1802511 Executor.h:79] Executor 2 starts.
I20260924 11:57:15.553784 1802508 Dispatcher.h:246] Outgoing Dispatcher started, numCoordinators = 2, numWorkers = 4, group id = 0
I20260924 11:57:15.553930 1802434 Coordinator.h:669] pinned thread to core 4
I20260924 11:57:15.553819 1802510 Executor.h:79] Executor 1 starts.
I20260924 11:57:15.555258 1802512 Manager.h:228] Manager(worker id = 3) on the coordinator node started.
I20260924 11:57:16.555444 1802434 Coordinator.h:310] commit: 8990 abort: 33 (0/33/0), persistence latency 0, txn latency 0, queued lock latency 0, lock latency 0, active_txns 0, n_failed_read_lock 0, n_failed_write_lock 0, n_failed_cmd_not_ready 0, n_failed_no_cmd 0, network size: 0, avg network size: 0, si_in_serializable: 0 0 %, local: 0 %, local_access: 45017, local_cxl_access: 0 (0%), remote_access: 45036, remote_access_with_req: 0 (0%), data_move_in: 0, data_move_out: 0
I20260924 11:57:17.555554 1802434 Coordinator.h:310] commit: 9054 abort: 14 (0/14/0), persistence latency 0, txn latency 0, queued lock latency 0, lock latency 0, active_txns 0, n_failed_read_lock 0, n_failed_write_lock 0, n_failed_cmd_not_ready 0, n_failed_no_cmd 0, network size: 0, avg network size: 0, si_in_serializable: 0 0 %, local: 0 %, local_access: 45306, local_cxl_access: 0 (0%), remote_access: 45312, remote_access_with_req: 0 (0%), data_move_in: 0, data_move_out: 0
I20260924 11:57:18.555791 1802434 Coordinator.h:310] commit: 9056 abort: 13 (0/13/0), persistence latency 0, txn latency 0, queued lock latency 0, lock latency 0, active_txns 0, n_failed_read_lock 0, n_failed_write_lock 0, n_failed_cmd_not_ready 0, n_failed_no_cmd 0, network size: 0, avg network size: 0, si_in_serializable: 0 0 %, local: 0 %, local_access: 45299, local_cxl_access: 0 (0%), remote_access: 45305, remote_access_with_req: 0 (0%), data_move_in: 0, data_move_out: 0
I20260924 11:57:19.556031 1802434 Coordinator.h:310] commit: 9056 abort: 11 (0/11/0), persistence latency 0, txn latency 0, queued lock latency 0, lock latency 0, active_txns 0, n_failed_read_lock 0, n_failed_write_lock 0, n_failed_cmd_not_ready 0, n_failed_no_cmd 0, network size: 0, avg network size: 0, si_in_serializable: 0 0 %, local: 0 %, local_access: 45298, local_cxl_access: 0 (0%), remote_access: 45301, remote_access_with_req: 0 (0%), data_move_in: 0, data_move_out: 0
I20260924 11:57:20.556213 1802434 Coordinator.h:310] commit: 9060 abort: 23 (0/23/0), persistence latency 0, txn latency 0, queued lock latency 0, lock latency 0, active_txns 0, n_failed_read_lock 0, n_failed_write_lock 0, n_failed_cmd_not_ready 0, n_failed_no_cmd 0, network size: 0, avg network size: 0, si_in_serializable: 0 0 %, local: 0 %, local_access: 45337, local_cxl_access: 0 (0%), remote_access: 45349, remote_access_with_req: 0 (0%), data_move_in: 0, data_move_out: 0
I20260924 11:57:21.556439 1802434 Coordinator.h:310] commit: 9057 abort: 15 (0/15/0), persistence latency 0, txn latency 0, queued lock latency 0, lock latency 0, active_txns 0, n_failed_read_lock 0, n_failed_write_lock 0, n_failed_cmd_not_ready 0, n_failed_no_cmd 0, network size: 0, avg network size: 0, si_in_serializable: 0 0 %, local: 0 %, local_access: 45316, local_cxl_access: 0 (0%), remote_access: 45326, remote_access_with_req: 0 (0%), data_move_in: 0, data_move_out: 0
I20260924 11:57:22.556885 1802434 Coordinator.h:310] commit: 9057 abort: 21 (0/21/0), persistence latency 0, txn latency 0, queued lock latency 0, lock latency 0, active_txns 0, n_failed_read_lock 0, n_failed_write_lock 0, n_failed_cmd_not_ready 0, n_failed_no_cmd 0, network size: 0, avg network size: 0, si_in_serializable: 0 0 %, local: 0 %, local_access: 45337, local_cxl_access: 0 (0%), remote_access: 45348, remote_access_with_req: 0 (0%), data_move_in: 0, data_move_out: 0
I20260924 11:57:23.557428 1802434 Coordinator.h:310] commit: 9069 abort: 9 (0/9/0), persistence latency 0, txn latency 0, queued lock latency 0, lock latency 0, active_txns 0, n_failed_read_lock 0, n_failed_write_lock 0, n_failed_cmd_not_ready 0, n_failed_no_cmd 0, network size: 0, avg network size: 0, si_in_serializable: 0 0 %, local: 0 %, local_access: 45374, local_cxl_access: 0 (0%), remote_access: 45379, remote_access_with_req: 0 (0%), data_move_in: 0, data_move_out: 0
I20260924 11:57:24.557718 1802434 Coordinator.h:310] commit: 9028 abort: 19 (0/19/0), persistence latency 0, txn latency 0, queued lock latency 0, lock latency 0, active_txns 0, n_failed_read_lock 0, n_failed_write_lock 0, n_failed_cmd_not_ready 0, n_failed_no_cmd 0, network size: 0, avg network size: 0, si_in_serializable: 0 0 %, local: 0 %, local_access: 45185, local_cxl_access: 0 (0%), remote_access: 45193, remote_access_with_req: 0 (0%), data_move_in: 0, data_move_out: 0
I20260924 11:57:25.557878 1802434 Coordinator.h:310] commit: 9049 abort: 18 (0/18/0), persistence latency 0, txn latency 0, queued lock latency 0, lock latency 0, active_txns 0, n_failed_read_lock 0, n_failed_write_lock 0, n_failed_cmd_not_ready 0, n_failed_no_cmd 0, network size: 0, avg network size: 0, si_in_serializable: 0 0 %, local: 0 %, local_access: 45275, local_cxl_access: 0 (0%), remote_access: 45287, remote_access_with_req: 0 (0%), data_move_in: 0, data_move_out: 0
I20260924 11:57:26.557991 1802434 Coordinator.h:310] commit: 9028 abort: 10 (0/10/0), persistence latency 0, txn latency 0, queued lock latency 0, lock latency 0, active_txns 0, n_failed_read_lock 0, n_failed_write_lock 0, n_failed_cmd_not_ready 0, n_failed_no_cmd 0, network size: 0, avg network size: 0, si_in_serializable: 0 0 %, local: 0 %, local_access: 45158, local_cxl_access: 0 (0%), remote_access: 45162, remote_access_with_req: 0 (0%), data_move_in: 0, data_move_out: 0
I20260924 11:57:27.558100 1802434 Coordinator.h:310] commit: 9044 abort: 15 (0/15/0), persistence latency 0, txn latency 0, queued lock latency 0, lock latency 0, active_txns 0, n_failed_read_lock 0, n_failed_write_lock 0, n_failed_cmd_not_ready 0, n_failed_no_cmd 0, network size: 0, avg network size: 0, si_in_serializable: 0 0 %, local: 0 %, local_access: 45261, local_cxl_access: 0 (0%), remote_access: 45272, remote_access_with_req: 0 (0%), data_move_in: 0, data_move_out: 0
I20260924 11:57:28.558468 1802434 Coordinator.h:310] commit: 9050 abort: 18 (0/18/0), persistence latency 0, txn latency 0, queued lock latency 0, lock latency 0, active_txns 0, n_failed_read_lock 0, n_failed_write_lock 0, n_failed_cmd_not_ready 0, n_failed_no_cmd 0, network size: 0, avg network size: 0, si_in_serializable: 0 0 %, local: 0 %, local_access: 45281, local_cxl_access: 0 (0%), remote_access: 45297, remote_access_with_req: 0 (0%), data_move_in: 0, data_move_out: 0
I20260924 11:57:29.558606 1802434 Coordinator.h:310] commit: 9064 abort: 18 (0/18/0), persistence latency 0, txn latency 0, queued lock latency 0, lock latency 0, active_txns 0, n_failed_read_lock 0, n_failed_write_lock 0, n_failed_cmd_not_ready 0, n_failed_no_cmd 0, network size: 0, avg network size: 0, si_in_serializable: 0 0 %, local: 0 %, local_access: 45356, local_cxl_access: 0 (0%), remote_access: 45363, remote_access_with_req: 0 (0%), data_move_in: 0, data_move_out: 0
I20260924 11:57:30.558848 1802434 Coordinator.h:310] commit: 9040 abort: 23 (0/23/0), persistence latency 0, txn latency 0, queued lock latency 0, lock latency 0, active_txns 0, n_failed_read_lock 0, n_failed_write_lock 0, n_failed_cmd_not_ready 0, n_failed_no_cmd 0, network size: 0, avg network size: 0, si_in_serializable: 0 0 %, local: 0 %, local_access: 45242, local_cxl_access: 0 (0%), remote_access: 45253, remote_access_with_req: 0 (0%), data_move_in: 0, data_move_out: 0
I20260924 11:57:31.559087 1802434 Coordinator.h:310] commit: 9034 abort: 24 (0/24/0), persistence latency 0, txn latency 0, queued lock latency 0, lock latency 0, active_txns 0, n_failed_read_lock 0, n_failed_write_lock 0, n_failed_cmd_not_ready 0, n_failed_no_cmd 0, network size: 0, avg network size: 0, si_in_serializable: 0 0 %, local: 0 %, local_access: 45233, local_cxl_access: 0 (0%), remote_access: 45247, remote_access_with_req: 0 (0%), data_move_in: 0, data_move_out: 0
I20260924 11:57:32.559324 1802434 Coordinator.h:310] commit: 9044 abort: 12 (0/12/0), persistence latency 0, txn latency 0, queued lock latency 0, lock latency 0, active_txns 0, n_failed_read_lock 0, n_failed_write_lock 0, n_failed_cmd_not_ready 0, n_failed_no_cmd 0, network size: 0, avg network size: 0, si_in_serializable: 0 0 %, local: 0 %, local_access: 45234, local_cxl_access: 0 (0%), remote_access: 45241, remote_access_with_req: 0 (0%), data_move_in: 0, data_move_out: 0
I20260924 11:57:33.559558 1802434 Coordinator.h:310] commit: 9046 abort: 24 (0/24/0), persistence latency 0, txn latency 0, queued lock latency 0, lock latency 0, active_txns 0, n_failed_read_lock 0, n_failed_write_lock 0, n_failed_cmd_not_ready 0, n_failed_no_cmd 0, network size: 0, avg network size: 0, si_in_serializable: 0 0 %, local: 0 %, local_access: 45288, local_cxl_access: 0 (0%), remote_access: 45302, remote_access_with_req: 0 (0%), data_move_in: 0, data_move_out: 0
I20260924 11:57:34.559695 1802434 Coordinator.h:310] commit: 9035 abort: 15 (0/15/0), persistence latency 0, txn latency 0, queued lock latency 0, lock latency 0, active_txns 0, n_failed_read_lock 0, n_failed_write_lock 0, n_failed_cmd_not_ready 0, n_failed_no_cmd 0, network size: 0, avg network size: 0, si_in_serializable: 0 0 %, local: 0 %, local_access: 45206, local_cxl_access: 0 (0%), remote_access: 45211, remote_access_with_req: 0 (0%), data_move_in: 0, data_move_out: 0
I20260924 11:57:35.559933 1802434 Coordinator.h:310] commit: 9024 abort: 17 (0/17/0), persistence latency 0, txn latency 0, queued lock latency 0, lock latency 0, active_txns 0, n_failed_read_lock 0, n_failed_write_lock 0, n_failed_cmd_not_ready 0, n_failed_no_cmd 0, network size: 0, avg network size: 0, si_in_serializable: 0 0 %, local: 0 %, local_access: 45135, local_cxl_access: 0 (0%), remote_access: 45147, remote_access_with_req: 0 (0%), data_move_in: 0, data_move_out: 0
I20260924 11:57:36.560185 1802434 Coordinator.h:310] commit: 9028 abort: 14 (0/14/0), persistence latency 0, txn latency 0, queued lock latency 0, lock latency 0, active_txns 0, n_failed_read_lock 0, n_failed_write_lock 0, n_failed_cmd_not_ready 0, n_failed_no_cmd 0, network size: 0, avg network size: 0, si_in_serializable: 0 0 %, local: 0 %, local_access: 45173, local_cxl_access: 0 (0%), remote_access: 45176, remote_access_with_req: 0 (0%), data_move_in: 0, data_move_out: 0
I20260924 11:57:37.560297 1802434 Coordinator.h:310] commit: 9028 abort: 18 (0/18/0), persistence latency 0, txn latency 0, queued lock latency 0, lock latency 0, active_txns 0, n_failed_read_lock 0, n_failed_write_lock 0, n_failed_cmd_not_ready 0, n_failed_no_cmd 0, network size: 0, avg network size: 0, si_in_serializable: 0 0 %, local: 0 %, local_access: 45192, local_cxl_access: 0 (0%), remote_access: 45202, remote_access_with_req: 0 (0%), data_move_in: 0, data_move_out: 0
I20260924 11:57:38.560536 1802434 Coordinator.h:310] commit: 9023 abort: 17 (0/17/0), persistence latency 0, txn latency 0, queued lock latency 0, lock latency 0, active_txns 0, n_failed_read_lock 0, n_failed_write_lock 0, n_failed_cmd_not_ready 0, n_failed_no_cmd 0, network size: 0, avg network size: 0, si_in_serializable: 0 0 %, local: 0 %, local_access: 45145, local_cxl_access: 0 (0%), remote_access: 45155, remote_access_with_req: 0 (0%), data_move_in: 0, data_move_out: 0
I20260924 11:57:39.561600 1802434 Coordinator.h:310] commit: 9049 abort: 18 (0/18/0), persistence latency 0, txn latency 0, queued lock latency 0, lock latency 0, active_txns 0, n_failed_read_lock 0, n_failed_write_lock 0, n_failed_cmd_not_ready 0, n_failed_no_cmd 0, network size: 0, avg network size: 0, si_in_serializable: 0 0 %, local: 0 %, local_access: 45289, local_cxl_access: 0 (0%), remote_access: 45298, remote_access_with_req: 0 (0%), data_move_in: 0, data_move_out: 0
I20260924 11:57:40.561795 1802434 Coordinator.h:310] commit: 9029 abort: 20 (0/20/0), persistence latency 0, txn latency 0, queued lock latency 0, lock latency 0, active_txns 0, n_failed_read_lock 0, n_failed_write_lock 0, n_failed_cmd_not_ready 0, n_failed_no_cmd 0, network size: 0, avg network size: 0, si_in_serializable: 0 0 %, local: 0 %, local_access: 45176, local_cxl_access: 0 (0%), remote_access: 45186, remote_access_with_req: 0 (0%), data_move_in: 0, data_move_out: 0
I20260924 11:57:41.562318 1802434 Coordinator.h:310] commit: 9024 abort: 26 (0/26/0), persistence latency 0, txn latency 0, queued lock latency 0, lock latency 0, active_txns 0, n_failed_read_lock 0, n_failed_write_lock 0, n_failed_cmd_not_ready 0, n_failed_no_cmd 0, network size: 0, avg network size: 0, si_in_serializable: 0 0 %, local: 0 %, local_access: 45179, local_cxl_access: 0 (0%), remote_access: 45190, remote_access_with_req: 0 (0%), data_move_in: 0, data_move_out: 0
I20260924 11:57:42.562564 1802434 Coordinator.h:310] commit: 8991 abort: 19 (0/19/0), persistence latency 0, txn latency 0, queued lock latency 0, lock latency 0, active_txns 0, n_failed_read_lock 0, n_failed_write_lock 0, n_failed_cmd_not_ready 0, n_failed_no_cmd 0, network size: 0, avg network size: 0, si_in_serializable: 0 0 %, local: 0 %, local_access: 45005, local_cxl_access: 0 (0%), remote_access: 45013, remote_access_with_req: 0 (0%), data_move_in: 0, data_move_out: 0
I20260924 11:57:43.562806 1802434 Coordinator.h:310] commit: 9016 abort: 21 (0/21/0), persistence latency 0, txn latency 0, queued lock latency 0, lock latency 0, active_txns 0, n_failed_read_lock 0, n_failed_write_lock 0, n_failed_cmd_not_ready 0, n_failed_no_cmd 0, network size: 0, avg network size: 0, si_in_serializable: 0 0 %, local: 0 %, local_access: 45112, local_cxl_access: 0 (0%), remote_access: 45124, remote_access_with_req: 0 (0%), data_move_in: 0, data_move_out: 0
I20260924 11:57:44.563047 1802434 Coordinator.h:310] commit: 9012 abort: 21 (0/21/0), persistence latency 0, txn latency 0, queued lock latency 0, lock latency 0, active_txns 0, n_failed_read_lock 0, n_failed_write_lock 0, n_failed_cmd_not_ready 0, n_failed_no_cmd 0, network size: 0, avg network size: 0, si_in_serializable: 0 0 %, local: 0 %, local_access: 45096, local_cxl_access: 0 (0%), remote_access: 45105, remote_access_with_req: 0 (0%), data_move_in: 0, data_move_out: 0
I20260924 11:57:45.563176 1802434 Coordinator.h:310] commit: 9018 abort: 18 (0/18/0), persistence latency 0, txn latency 0, queued lock latency 0, lock latency 0, active_txns 0, n_failed_read_lock 0, n_failed_write_lock 0, n_failed_cmd_not_ready 0, n_failed_no_cmd 0, network size: 0, avg network size: 0, si_in_serializable: 0 0 %, local: 0 %, local_access: 45123, local_cxl_access: 0 (0%), remote_access: 45132, remote_access_with_req: 0 (0%), data_move_in: 0, data_move_out: 0
I20260924 11:57:46.563315 1802434 Coordinator.h:310] commit: 8998 abort: 20 (0/20/0), persistence latency 0, txn latency 0, queued lock latency 0, lock latency 0, active_txns 0, n_failed_read_lock 0, n_failed_write_lock 0, n_failed_cmd_not_ready 0, n_failed_no_cmd 0, network size: 0, avg network size: 0, si_in_serializable: 0 0 %, local: 0 %, local_access: 45024, local_cxl_access: 0 (0%), remote_access: 45037, remote_access_with_req: 0 (0%), data_move_in: 0, data_move_out: 0
I20260924 11:57:47.563428 1802434 Coordinator.h:310] commit: 9013 abort: 18 (0/18/0), persistence latency 0, txn latency 0, queued lock latency 0, lock latency 0, active_txns 0, n_failed_read_lock 0, n_failed_write_lock 0, n_failed_cmd_not_ready 0, n_failed_no_cmd 0, network size: 0, avg network size: 0, si_in_serializable: 0 0 %, local: 0 %, local_access: 45112, local_cxl_access: 0 (0%), remote_access: 45118, remote_access_with_req: 0 (0%), data_move_in: 0, data_move_out: 0
I20260924 11:57:48.563664 1802434 Coordinator.h:310] commit: 8998 abort: 15 (0/15/0), persistence latency 0, txn latency 0, queued lock latency 0, lock latency 0, active_txns 0, n_failed_read_lock 0, n_failed_write_lock 0, n_failed_cmd_not_ready 0, n_failed_no_cmd 0, network size: 0, avg network size: 0, si_in_serializable: 0 0 %, local: 0 %, local_access: 45016, local_cxl_access: 0 (0%), remote_access: 45028, remote_access_with_req: 0 (0%), data_move_in: 0, data_move_out: 0
I20260924 11:57:49.563776 1802434 Coordinator.h:310] commit: 9006 abort: 25 (0/25/0), persistence latency 0, txn latency 0, queued lock latency 0, lock latency 0, active_txns 0, n_failed_read_lock 0, n_failed_write_lock 0, n_failed_cmd_not_ready 0, n_failed_no_cmd 0, network size: 0, avg network size: 0, si_in_serializable: 0 0 %, local: 0 %, local_access: 45082, local_cxl_access: 0 (0%), remote_access: 45093, remote_access_with_req: 0 (0%), data_move_in: 0, data_move_out: 0
I20260924 11:57:50.564011 1802434 Coordinator.h:310] commit: 8996 abort: 17 (0/17/0), persistence latency 0, txn latency 0, queued lock latency 0, lock latency 0, active_txns 0, n_failed_read_lock 0, n_failed_write_lock 0, n_failed_cmd_not_ready 0, n_failed_no_cmd 0, network size: 0, avg network size: 0, si_in_serializable: 0 0 %, local: 0 %, local_access: 45022, local_cxl_access: 0 (0%), remote_access: 45033, remote_access_with_req: 0 (0%), data_move_in: 0, data_move_out: 0
I20260924 11:57:51.564247 1802434 Coordinator.h:310] commit: 8991 abort: 28 (0/28/0), persistence latency 0, txn latency 0, queued lock latency 0, lock latency 0, active_txns 0, n_failed_read_lock 0, n_failed_write_lock 0, n_failed_cmd_not_ready 0, n_failed_no_cmd 0, network size: 0, avg network size: 0, si_in_serializable: 0 0 %, local: 0 %, local_access: 45012, local_cxl_access: 0 (0%), remote_access: 45029, remote_access_with_req: 0 (0%), data_move_in: 0, data_move_out: 0
I20260924 11:57:52.564484 1802434 Coordinator.h:310] commit: 8979 abort: 23 (0/23/0), persistence latency 0, txn latency 0, queued lock latency 0, lock latency 0, active_txns 0, n_failed_read_lock 0, n_failed_write_lock 0, n_failed_cmd_not_ready 0, n_failed_no_cmd 0, network size: 0, avg network size: 0, si_in_serializable: 0 0 %, local: 0 %, local_access: 44935, local_cxl_access: 0 (0%), remote_access: 44947, remote_access_with_req: 0 (0%), data_move_in: 0, data_move_out: 0
I20260924 11:57:53.565156 1802434 Coordinator.h:310] commit: 9009 abort: 19 (0/19/0), persistence latency 0, txn latency 0, queued lock latency 0, lock latency 0, active_txns 0, n_failed_read_lock 0, n_failed_write_lock 0, n_failed_cmd_not_ready 0, n_failed_no_cmd 0, network size: 0, avg network size: 0, si_in_serializable: 0 0 %, local: 0 %, local_access: 45086, local_cxl_access: 0 (0%), remote_access: 45098, remote_access_with_req: 0 (0%), data_move_in: 0, data_move_out: 0
I20260924 11:57:54.565549 1802434 Coordinator.h:310] commit: 9011 abort: 19 (0/19/0), persistence latency 0, txn latency 0, queued lock latency 0, lock latency 0, active_txns 0, n_failed_read_lock 0, n_failed_write_lock 0, n_failed_cmd_not_ready 0, n_failed_no_cmd 0, network size: 0, avg network size: 0, si_in_serializable: 0 0 %, local: 0 %, local_access: 45110, local_cxl_access: 0 (0%), remote_access: 45123, remote_access_with_req: 0 (0%), data_move_in: 0, data_move_out: 0
I20260924 11:57:55.565742 1802434 Coordinator.h:310] commit: 9006 abort: 17 (0/17/0), persistence latency 0, txn latency 0, queued lock latency 0, lock latency 0, active_txns 0, n_failed_read_lock 0, n_failed_write_lock 0, n_failed_cmd_not_ready 0, n_failed_no_cmd 0, network size: 0, avg network size: 0, si_in_serializable: 0 0 %, local: 0 %, local_access: 45060, local_cxl_access: 0 (0%), remote_access: 45063, remote_access_with_req: 0 (0%), data_move_in: 0, data_move_out: 0
I20260924 11:57:56.565861 1802434 Coordinator.h:310] commit: 8968 abort: 9 (0/9/0), persistence latency 0, txn latency 0, queued lock latency 0, lock latency 0, active_txns 0, n_failed_read_lock 0, n_failed_write_lock 0, n_failed_cmd_not_ready 0, n_failed_no_cmd 0, network size: 0, avg network size: 0, si_in_serializable: 0 0 %, local: 0 %, local_access: 44866, local_cxl_access: 0 (0%), remote_access: 44869, remote_access_with_req: 0 (0%), data_move_in: 0, data_move_out: 0
I20260924 11:57:57.565974 1802434 Coordinator.h:310] commit: 9012 abort: 18 (0/18/0), persistence latency 0, txn latency 0, queued lock latency 0, lock latency 0, active_txns 0, n_failed_read_lock 0, n_failed_write_lock 0, n_failed_cmd_not_ready 0, n_failed_no_cmd 0, network size: 0, avg network size: 0, si_in_serializable: 0 0 %, local: 0 %, local_access: 45104, local_cxl_access: 0 (0%), remote_access: 45117, remote_access_with_req: 0 (0%), data_move_in: 0, data_move_out: 0
I20260924 11:57:58.566459 1802434 Coordinator.h:310] commit: 9011 abort: 21 (0/21/0), persistence latency 0, txn latency 0, queued lock latency 0, lock latency 0, active_txns 0, n_failed_read_lock 0, n_failed_write_lock 0, n_failed_cmd_not_ready 0, n_failed_no_cmd 0, network size: 0, avg network size: 0, si_in_serializable: 0 0 %, local: 0 %, local_access: 45097, local_cxl_access: 0 (0%), remote_access: 45109, remote_access_with_req: 0 (0%), data_move_in: 0, data_move_out: 0
I20260924 11:57:59.566707 1802434 Coordinator.h:310] commit: 9005 abort: 18 (0/18/0), persistence latency 0, txn latency 0, queued lock latency 0, lock latency 0, active_txns 0, n_failed_read_lock 0, n_failed_write_lock 0, n_failed_cmd_not_ready 0, n_failed_no_cmd 0, network size: 0, avg network size: 0, si_in_serializable: 0 0 %, local: 0 %, local_access: 45084, local_cxl_access: 0 (0%), remote_access: 45094, remote_access_with_req: 0 (0%), data_move_in: 0, data_move_out: 0
I20260924 11:58:00.566949 1802434 Coordinator.h:310] commit: 8996 abort: 19 (0/19/0), persistence latency 0, txn latency 0, queued lock latency 0, lock latency 0, active_txns 0, n_failed_read_lock 0, n_failed_write_lock 0, n_failed_cmd_not_ready 0, n_failed_no_cmd 0, network size: 0, avg network size: 0, si_in_serializable: 0 0 %, local: 0 %, local_access: 45011, local_cxl_access: 0 (0%), remote_access: 45018, remote_access_with_req: 0 (0%), data_move_in: 0, data_move_out: 0
I20260924 11:58:01.567189 1802434 Coordinator.h:310] commit: 8995 abort: 21 (0/21/0), persistence latency 0, txn latency 0, queued lock latency 0, lock latency 0, active_txns 0, n_failed_read_lock 0, n_failed_write_lock 0, n_failed_cmd_not_ready 0, n_failed_no_cmd 0, network size: 0, avg network size: 0, si_in_serializable: 0 0 %, local: 0 %, local_access: 45016, local_cxl_access: 0 (0%), remote_access: 45028, remote_access_with_req: 0 (0%), data_move_in: 0, data_move_out: 0
I20260924 11:58:02.567431 1802434 Coordinator.h:310] commit: 8971 abort: 23 (0/23/0), persistence latency 0, txn latency 0, queued lock latency 0, lock latency 0, active_txns 0, n_failed_read_lock 0, n_failed_write_lock 0, n_failed_cmd_not_ready 0, n_failed_no_cmd 0, network size: 0, avg network size: 0, si_in_serializable: 0 0 %, local: 0 %, local_access: 44901, local_cxl_access: 0 (0%), remote_access: 44912, remote_access_with_req: 0 (0%), data_move_in: 0, data_move_out: 0
I20260924 11:58:03.567675 1802434 Coordinator.h:310] commit: 8999 abort: 21 (0/21/0), persistence latency 0, txn latency 0, queued lock latency 0, lock latency 0, active_txns 0, n_failed_read_lock 0, n_failed_write_lock 0, n_failed_cmd_not_ready 0, n_failed_no_cmd 0, network size: 0, avg network size: 0, si_in_serializable: 0 0 %, local: 0 %, local_access: 45031, local_cxl_access: 0 (0%), remote_access: 45042, remote_access_with_req: 0 (0%), data_move_in: 0, data_move_out: 0
I20260924 11:58:04.567786 1802434 Coordinator.h:310] commit: 8976 abort: 28 (0/28/0), persistence latency 0, txn latency 0, queued lock latency 0, lock latency 0, active_txns 0, n_failed_read_lock 0, n_failed_write_lock 0, n_failed_cmd_not_ready 0, n_failed_no_cmd 0, network size: 0, avg network size: 0, si_in_serializable: 0 0 %, local: 0 %, local_access: 44940, local_cxl_access: 0 (0%), remote_access: 44960, remote_access_with_req: 0 (0%), data_move_in: 0, data_move_out: 0
I20260924 11:58:05.568023 1802434 Coordinator.h:310] commit: 8966 abort: 22 (0/22/0), persistence latency 0, txn latency 0, queued lock latency 0, lock latency 0, active_txns 0, n_failed_read_lock 0, n_failed_write_lock 0, n_failed_cmd_not_ready 0, n_failed_no_cmd 0, network size: 0, avg network size: 0, si_in_serializable: 0 0 %, local: 0 %, local_access: 44867, local_cxl_access: 0 (0%), remote_access: 44877, remote_access_with_req: 0 (0%), data_move_in: 0, data_move_out: 0
I20260924 11:58:06.568136 1802434 Coordinator.h:310] commit: 8976 abort: 14 (0/14/0), persistence latency 0, txn latency 0, queued lock latency 0, lock latency 0, active_txns 0, n_failed_read_lock 0, n_failed_write_lock 0, n_failed_cmd_not_ready 0, n_failed_no_cmd 0, network size: 0, avg network size: 0, si_in_serializable: 0 0 %, local: 0 %, local_access: 44909, local_cxl_access: 0 (0%), remote_access: 44913, remote_access_with_req: 0 (0%), data_move_in: 0, data_move_out: 0
I20260924 11:58:07.568372 1802434 Coordinator.h:310] commit: 8974 abort: 18 (0/18/0), persistence latency 0, txn latency 0, queued lock latency 0, lock latency 0, active_txns 0, n_failed_read_lock 0, n_failed_write_lock 0, n_failed_cmd_not_ready 0, n_failed_no_cmd 0, network size: 0, avg network size: 0, si_in_serializable: 0 0 %, local: 0 %, local_access: 44903, local_cxl_access: 0 (0%), remote_access: 44911, remote_access_with_req: 0 (0%), data_move_in: 0, data_move_out: 0
I20260924 11:58:08.568619 1802434 Coordinator.h:310] commit: 8960 abort: 19 (0/19/0), persistence latency 0, txn latency 0, queued lock latency 0, lock latency 0, active_txns 0, n_failed_read_lock 0, n_failed_write_lock 0, n_failed_cmd_not_ready 0, n_failed_no_cmd 0, network size: 0, avg network size: 0, si_in_serializable: 0 0 %, local: 0 %, local_access: 44847, local_cxl_access: 0 (0%), remote_access: 44857, remote_access_with_req: 0 (0%), data_move_in: 0, data_move_out: 0
I20260924 11:58:09.569510 1802434 Coordinator.h:310] commit: 8967 abort: 13 (0/13/0), persistence latency 0, txn latency 0, queued lock latency 0, lock latency 0, active_txns 0, n_failed_read_lock 0, n_failed_write_lock 0, n_failed_cmd_not_ready 0, n_failed_no_cmd 0, network size: 0, avg network size: 0, si_in_serializable: 0 0 %, local: 0 %, local_access: 44869, local_cxl_access: 0 (0%), remote_access: 44875, remote_access_with_req: 0 (0%), data_move_in: 0, data_move_out: 0
I20260924 11:58:10.569756 1802434 Coordinator.h:310] commit: 8952 abort: 17 (0/17/0), persistence latency 0, txn latency 0, queued lock latency 0, lock latency 0, active_txns 0, n_failed_read_lock 0, n_failed_write_lock 0, n_failed_cmd_not_ready 0, n_failed_no_cmd 0, network size: 0, avg network size: 0, si_in_serializable: 0 0 %, local: 0 %, local_access: 44802, local_cxl_access: 0 (0%), remote_access: 44806, remote_access_with_req: 0 (0%), data_move_in: 0, data_move_out: 0
I20260924 11:58:11.569869 1802434 Coordinator.h:310] commit: 8963 abort: 23 (0/23/0), persistence latency 0, txn latency 0, queued lock latency 0, lock latency 0, active_txns 0, n_failed_read_lock 0, n_failed_write_lock 0, n_failed_cmd_not_ready 0, n_failed_no_cmd 0, network size: 0, avg network size: 0, si_in_serializable: 0 0 %, local: 0 %, local_access: 44854, local_cxl_access: 0 (0%), remote_access: 44867, remote_access_with_req: 0 (0%), data_move_in: 0, data_move_out: 0
I20260924 11:58:12.570035 1802434 Coordinator.h:310] commit: 9059 abort: 14 (0/14/0), persistence latency 0, txn latency 0, queued lock latency 0, lock latency 0, active_txns 0, n_failed_read_lock 0, n_failed_write_lock 0, n_failed_cmd_not_ready 0, n_failed_no_cmd 0, network size: 0, avg network size: 0, si_in_serializable: 0 0 %, local: 0 %, local_access: 45341, local_cxl_access: 0 (0%), remote_access: 45351, remote_access_with_req: 0 (0%), data_move_in: 0, data_move_out: 0
I20260924 11:58:13.570195 1802434 Coordinator.h:310] commit: 9058 abort: 25 (0/25/0), persistence latency 0, txn latency 0, queued lock latency 0, lock latency 0, active_txns 0, n_failed_read_lock 0, n_failed_write_lock 0, n_failed_cmd_not_ready 0, n_failed_no_cmd 0, network size: 0, avg network size: 0, si_in_serializable: 0 0 %, local: 0 %, local_access: 45337, local_cxl_access: 0 (0%), remote_access: 45354, remote_access_with_req: 0 (0%), data_move_in: 0, data_move_out: 0
I20260924 11:58:14.570501 1802434 Coordinator.h:310] commit: 8991 abort: 20 (0/20/0), persistence latency 0, txn latency 0, queued lock latency 0, lock latency 0, active_txns 0, n_failed_read_lock 0, n_failed_write_lock 0, n_failed_cmd_not_ready 0, n_failed_no_cmd 0, network size: 0, avg network size: 0, si_in_serializable: 0 0 %, local: 0 %, local_access: 45001, local_cxl_access: 0 (0%), remote_access: 45013, remote_access_with_req: 0 (0%), data_move_in: 0, data_move_out: 0
I20260924 11:58:15.570744 1802434 Coordinator.h:310] commit: 8975 abort: 11 (0/11/0), persistence latency 0, txn latency 0, queued lock latency 0, lock latency 0, active_txns 0, n_failed_read_lock 0, n_failed_write_lock 0, n_failed_cmd_not_ready 0, n_failed_no_cmd 0, network size: 0, avg network size: 0, si_in_serializable: 0 0 %, local: 0 %, local_access: 44908, local_cxl_access: 0 (0%), remote_access: 44911, remote_access_with_req: 0 (0%), data_move_in: 0, data_move_out: 0
I20260924 11:58:15.570784 1802434 Coordinator.h:348] average commit: 8992.7 abort: 19.1667 (0/19.1667/0), abort_rate: 0.00212683, network size: 0, avg network size: 0, si_in_serializable: 0 0 %, local: 0 %, local_access: 1350147, local_cxl_access: 0 (0%), remote_access: 1350453, remote_access_with_req: 0 (0%), data_move_in: 0, data_move_out: 0
I20260924 11:58:15.570808 1802434 Executor.h:236] Worker 0 latency: 259 us (50%) 273 us (75%) 1014 us (95%) 1186 us (99%). dist txn latency: 259 us (50%) 272 us (75%) 985 us (95%) 1182 us (99%)  avg 330 us . local txn latency: 0 us (50%) 0 us (75%) 0 us (95%) 0 us (99%)  avg 0 us. txn commit latency: 259 us (50%) 272 us (75%) 1013 us (95%) 1188 us (99%) avg 334 us.
 LOCAL txn stall 0 us,  local_work 0 us,  remote_work 0 us,  commit_work 0 us,  commit_prepare 0 us,  commit_persistence 0 us,  commit_write_back 0 us,  commit_replication 0 us,  commit_release_lock 0 us 
 DIST txn stall 0 us,  local_work 321 us,  remote_work 0 us,  commit_work 9 us,  commit_prepare 0 us,  commit_persistence 0 us,  commit_write_back 0 us,  commit_replication 0 us,  commit_release_lock 7 us 
I20260924 11:58:15.571908 1802434 Executor.h:267] message stats, type: 0 count: 0 total size: 0
I20260924 11:58:15.571913 1802434 Executor.h:267] message stats, type: 1 count: 0 total size: 0
I20260924 11:58:15.571916 1802434 Executor.h:267] message stats, type: 2 count: 0 total size: 0
I20260924 11:58:15.571920 1802434 Executor.h:267] message stats, type: 3 count: 0 total size: 0
I20260924 11:58:15.571923 1802434 Executor.h:267] message stats, type: 4 count: 0 total size: 0
I20260924 11:58:15.571928 1802434 Executor.h:267] message stats, type: 5 count: 0 total size: 0
I20260924 11:58:15.571930 1802434 Executor.h:267] message stats, type: 6 count: 0 total size: 0
I20260924 11:58:15.571934 1802434 Executor.h:267] message stats, type: 7 count: 0 total size: 0
I20260924 11:58:15.571938 1802434 Executor.h:267] message stats, type: 8 count: 0 total size: 0
I20260924 11:58:15.571941 1802434 Executor.h:267] message stats, type: 9 count: 0 total size: 0
I20260924 11:58:15.571944 1802434 Executor.h:267] message stats, type: 10 count: 0 total size: 0
I20260924 11:58:15.571949 1802434 Executor.h:267] message stats, type: 11 count: 0 total size: 0
I20260924 11:58:15.572649 1802509 Executor.h:231] Executor 0 exits.
I20260924 11:58:15.572649 1802510 Executor.h:231] Executor 1 exits.
I20260924 11:58:15.572650 1802512 Manager.h:230] Manager(worker id = 3) on the coordinator node exits.
I20260924 11:58:15.572649 1802511 Executor.h:231] Executor 2 exits.
I20260924 11:58:15.576252 1802434 Executor.h:236] Worker 1 latency: 259 us (50%) 273 us (75%) 1026 us (95%) 1184 us (99%). dist txn latency: 259 us (50%) 272 us (75%) 1008 us (95%) 1179 us (99%)  avg 331 us . local txn latency: 0 us (50%) 0 us (75%) 0 us (95%) 0 us (99%)  avg 0 us. txn commit latency: 258 us (50%) 273 us (75%) 1024 us (95%) 1179 us (99%) avg 336 us.
 LOCAL txn stall 0 us,  local_work 0 us,  remote_work 0 us,  commit_work 0 us,  commit_prepare 0 us,  commit_persistence 0 us,  commit_write_back 0 us,  commit_replication 0 us,  commit_release_lock 0 us 
 DIST txn stall 0 us,  local_work 323 us,  remote_work 0 us,  commit_work 9 us,  commit_prepare 0 us,  commit_persistence 0 us,  commit_write_back 0 us,  commit_replication 0 us,  commit_release_lock 7 us 
I20260924 11:58:15.577873 1802434 Executor.h:236] Worker 2 latency: 252 us (50%) 266 us (75%) 981 us (95%) 1169 us (99%). dist txn latency: 252 us (50%) 265 us (75%) 982 us (95%) 1175 us (99%)  avg 327 us . local txn latency: 0 us (50%) 0 us (75%) 0 us (95%) 0 us (99%)  avg 0 us. txn commit latency: 252 us (50%) 266 us (75%) 1010 us (95%) 1177 us (99%) avg 330 us.
 LOCAL txn stall 0 us,  local_work 0 us,  remote_work 0 us,  commit_work 0 us,  commit_prepare 0 us,  commit_persistence 0 us,  commit_write_back 0 us,  commit_replication 0 us,  commit_release_lock 0 us 
 DIST txn stall 0 us,  local_work 320 us,  remote_work 0 us,  commit_work 9 us,  commit_prepare 0 us,  commit_persistence 0 us,  commit_write_back 0 us,  commit_replication 0 us,  commit_release_lock 6 us 
I20260924 11:58:15.578989 1802434 CXLMemory.h:227] local CXL memory usage: size_index_usage: 0 size_metadata_usage: 0 size_data_usage: 0 size_transport_usage: 0 size_misc_usage: 0 total_size_hw_cc_usage: 0 total_usage: 0
I20260924 11:58:15.578997 1802434 Coordinator.h:639] Global Stats: total_commit: 17972.8 total_size_index_usage: 0 total_size_metadata_usage: 0 total_size_data_usage: 0 total_size_transport_usage: 0 total_size_misc_usage: 0 total_hw_cc_usage: 0 total_usage: 0
I20260924 11:58:16.579218 1802508 Dispatcher.h:292] Outgoing Dispatcher exits, network size: 132. msg_send_latency(50th) 0 msg_send_latency(75th) 0 msg_send_latency(95th) 0 msg_send_latency(99th) 0 msg_send_latency(avg) 0 msg_gen_to_sent_latency(50th) 0 msg_gen_to_sent_latency(75th) 0 msg_gen_to_sent_latency(95th) 0 msg_gen_to_sent_latency(99th) 0 msg_gen_to_queue_latency(50th) 0 msg_gen_to_queue_latency(75th) 0 msg_gen_to_queue_latency(95th) 0 msg_gen_to_queue_latency(99th) 0 msg_disp_ltc(50th) 0 msg_disp_ltc(75th) 0 msg_disp_ltc(95th) 0 msg_disp_ltc(99th) 0 msg_disp_ltc(100th) 0 send_ltc(50th) 0 send_ltc(75th) 0 send_ltc(95th) 0 send_ltc(99th) 0 send_ltc(100th) 0 send_ltc(avg) 0 sendto_cnt 2 network_size 132 network_msg_cnt 2 network_msg_group_size avg 0 50th 0 internal_network_size 0 internal_network_msg_cnt 0
I20260924 11:58:16.581693 1802507 Dispatcher.h:160] Incoming Dispatcher exits, network size: 252. socket_message_recv_latency(50th) 0 socket_message_recv_latency(75th) 0 socket_message_recv_latency(95th) 0 socket_message_recv_latency(99th) 0 internal_message_recv_latency(50th) 0 socket_message_recv_cnt 0 socket_read_syscall 0 internal_message_recv_cnt 0
I20260924 11:58:16.811966 1802434 Coordinator.h:158] round_trip_latency 37 (50th) 38 (75th) 243 (95th) 243 (99th) 
I20260924 11:58:19.108485 1802434 Coordinator.h:420] Coordinator exits.
TIGON_RUN_END run_id=cmp_951_y_rw95_c100_r2 host_id=0 status=ok exit_code=0
