TIGON_RUN_META system=ub workload=ycsb run_id=cmp_50_y_rw50_c75_r3 host_id=0 repetition=3 mode=one-sided query=rmw transport=ubq partitions=2 workers=3 keys=300000 rw_ratio=50 zipf=0.7 cross_ratio=75 neworder_dist= payment_dist= warmup_seconds=30 run_seconds=30 total_seconds=60 logging=off
I20260924 13:07:09.234097 1831417 bench_ycsb.cpp:68] RW_RATIO = 50, ZIPF_THETA = 0.7, CROSS_RATIO = 75
I20260924 13:07:09.234200 1831417 bench_ycsb.cpp:69] checkpoint 0 to 
I20260924 13:07:09.234206 1831417 bench_ycsb.cpp:70] cross_part_num 2
I20260924 13:07:09.234210 1831417 bench_ycsb.cpp:71] lotus_sp_parallel_exec_commit 0
I20260924 13:07:09.234215 1831417 bench_ycsb.cpp:72] granules_per_partition 1
I20260924 13:07:09.234218 1831417 bench_ycsb.cpp:73] keysPerGranule 300000
[2026-09-24 13:07:09.967 +08:00][ERROR][1831417][281473371459616][shm_ipc_command.cpp:183] IpcCallShmMap response error : 606
[2026-09-24 13:07:09.967 +08:00][ERROR][1831417][281473371459616][RackMemShm.cpp:322] Failed to mmap, name=uad995189_one-sided_rmw_ubq_1, mapSize=2147483648, ret=606
[2026-09-24 13:07:09.967 +08:00][ERROR][1831417][281473371459616][mxmem_shmem.cpp:473] Failed to mmap shared memory, ret=606
[2026-09-24 13:07:10.082 +08:00][ERROR][1831417][281473371459616][shm_ipc_command.cpp:183] IpcCallShmMap response error : 606
[2026-09-24 13:07:10.082 +08:00][ERROR][1831417][281473371459616][RackMemShm.cpp:322] Failed to mmap, name=uad995189_one-sided_rmw_ubq_1, mapSize=2147483648, ret=606
[2026-09-24 13:07:10.082 +08:00][ERROR][1831417][281473371459616][mxmem_shmem.cpp:473] Failed to mmap shared memory, ret=606
[2026-09-24 13:07:10.187 +08:00][ERROR][1831417][281473371459616][shm_ipc_command.cpp:183] IpcCallShmMap response error : 606
[2026-09-24 13:07:10.187 +08:00][ERROR][1831417][281473371459616][RackMemShm.cpp:322] Failed to mmap, name=uad995189_one-sided_rmw_ubq_1, mapSize=2147483648, ret=606
[2026-09-24 13:07:10.187 +08:00][ERROR][1831417][281473371459616][mxmem_shmem.cpp:473] Failed to mmap shared memory, ret=606
[2026-09-24 13:07:10.314 +08:00][ERROR][1831417][281473371459616][shm_ipc_command.cpp:183] IpcCallShmMap response error : 606
[2026-09-24 13:07:10.314 +08:00][ERROR][1831417][281473371459616][RackMemShm.cpp:322] Failed to mmap, name=uad995189_one-sided_rmw_ubq_1, mapSize=2147483648, ret=606
[2026-09-24 13:07:10.314 +08:00][ERROR][1831417][281473371459616][mxmem_shmem.cpp:473] Failed to mmap shared memory, ret=606
I20260924 13:07:11.076108 1831417 UBMemory.cpp:138] UB memory initialized: local_region=0 regions=2 mode=one-sided bytes_per_region=2147483648
I20260924 13:07:13.475306 1831417 Database.h:82] ycsb initialization finished in 2399 milliseconds.
I20260924 13:07:13.476013 1831417 Coordinator.h:459] Coordinator 0 initializes UB inbox with 4096 entries of 8192 bytes
I20260924 13:07:13.476076 1831417 Coordinator.h:100] WAL Group Commiting off. Log to file _non_group_commit.txt using Blackhole Logger
I20260924 13:07:13.476086 1831417 Coordinator.h:104] Coordinator initializes 3 workers.
I20260924 13:07:13.476637 1831471 Coordinator.h:505] Listener 0 on coordinator 0 listening on 76.53.137.98:10010 tcp_no_delay 1 tcp_quick_ack 0
I20260924 13:07:13.478178 1831417 Socket.h:69] Disabling nagle
I20260924 13:07:13.478209 1831417 Coordinator.h:560] Coordinator 0 connected to 1
I20260924 13:07:18.425700 1831471 Socket.h:69] Disabling nagle
I20260924 13:07:18.425961 1831471 Coordinator.h:520] Listener accepted connection from coordinator 1
I20260924 13:07:18.425966 1831471 Coordinator.h:523] Listener 0 on coordinator 0 exits.
I20260924 13:07:18.427971 1831417 Coordinator.h:572] Coordinator 0 connected to all peers.
I20260924 13:07:18.428015 1831417 Dispatcher.h:41] IncomingDispatcher 0 coord_id 0
I20260924 13:07:18.428036 1831417 Dispatcher.h:234] OutgoingDispatcher 0 coord_id 0
I20260924 13:07:18.428246 1831417 Coordinator.h:669] pinned thread to core 0
I20260924 13:07:18.428288 1831493 Dispatcher.h:63] Incoming Dispatcher started, numCoordinators = 2, numWorkers = 3, group id = 0, coordinator = 0
I20260924 13:07:18.428300 1831417 Coordinator.h:669] pinned thread to core 1
I20260924 13:07:18.428376 1831417 Coordinator.h:219] Coordinator starts to run 4 workers.
I20260924 13:07:18.428421 1831417 Coordinator.h:669] pinned thread to core 2
I20260924 13:07:18.428484 1831417 Coordinator.h:669] pinned thread to core 3
I20260924 13:07:18.428566 1831495 Executor.h:79] Executor 0 starts.
I20260924 13:07:18.428582 1831417 Coordinator.h:669] pinned thread to core 4
I20260924 13:07:18.428597 1831496 Executor.h:79] Executor 1 starts.
I20260924 13:07:18.429454 1831494 Dispatcher.h:246] Outgoing Dispatcher started, numCoordinators = 2, numWorkers = 4, group id = 0
I20260924 13:07:18.428598 1831497 Executor.h:79] Executor 2 starts.
I20260924 13:07:18.430289 1831498 Manager.h:228] Manager(worker id = 3) on the coordinator node started.
I20260924 13:07:19.430558 1831417 Coordinator.h:310] commit: 9377 abort: 203 (0/203/0), persistence latency 0, txn latency 0, queued lock latency 0, lock latency 0, active_txns 0, n_failed_read_lock 0, n_failed_write_lock 0, n_failed_cmd_not_ready 0, n_failed_no_cmd 0, network size: 0, avg network size: 0, si_in_serializable: 0 0 %, local: 0 %, local_access: 59066, local_cxl_access: 0 (0%), remote_access: 35638, remote_access_with_req: 0 (0%), data_move_in: 0, data_move_out: 0
I20260924 13:07:20.430666 1831417 Coordinator.h:310] commit: 9403 abort: 276 (0/276/0), persistence latency 0, txn latency 0, queued lock latency 0, lock latency 0, active_txns 0, n_failed_read_lock 0, n_failed_write_lock 0, n_failed_cmd_not_ready 0, n_failed_no_cmd 0, network size: 0, avg network size: 0, si_in_serializable: 0 0 %, local: 0 %, local_access: 59147, local_cxl_access: 0 (0%), remote_access: 35982, remote_access_with_req: 0 (0%), data_move_in: 0, data_move_out: 0
I20260924 13:07:21.430799 1831417 Coordinator.h:310] commit: 9468 abort: 219 (0/219/0), persistence latency 0, txn latency 0, queued lock latency 0, lock latency 0, active_txns 0, n_failed_read_lock 0, n_failed_write_lock 0, n_failed_cmd_not_ready 0, n_failed_no_cmd 0, network size: 0, avg network size: 0, si_in_serializable: 0 0 %, local: 0 %, local_access: 59805, local_cxl_access: 0 (0%), remote_access: 35884, remote_access_with_req: 0 (0%), data_move_in: 0, data_move_out: 0
I20260924 13:07:22.430941 1831417 Coordinator.h:310] commit: 9369 abort: 200 (0/200/0), persistence latency 0, txn latency 0, queued lock latency 0, lock latency 0, active_txns 0, n_failed_read_lock 0, n_failed_write_lock 0, n_failed_cmd_not_ready 0, n_failed_no_cmd 0, network size: 0, avg network size: 0, si_in_serializable: 0 0 %, local: 0 %, local_access: 58821, local_cxl_access: 0 (0%), remote_access: 35855, remote_access_with_req: 0 (0%), data_move_in: 0, data_move_out: 0
I20260924 13:07:23.431185 1831417 Coordinator.h:310] commit: 9487 abort: 192 (0/192/0), persistence latency 0, txn latency 0, queued lock latency 0, lock latency 0, active_txns 0, n_failed_read_lock 0, n_failed_write_lock 0, n_failed_cmd_not_ready 0, n_failed_no_cmd 0, network size: 0, avg network size: 0, si_in_serializable: 0 0 %, local: 0 %, local_access: 60093, local_cxl_access: 0 (0%), remote_access: 35875, remote_access_with_req: 0 (0%), data_move_in: 0, data_move_out: 0
I20260924 13:07:24.431298 1831417 Coordinator.h:310] commit: 9476 abort: 202 (0/202/0), persistence latency 0, txn latency 0, queued lock latency 0, lock latency 0, active_txns 0, n_failed_read_lock 0, n_failed_write_lock 0, n_failed_cmd_not_ready 0, n_failed_no_cmd 0, network size: 0, avg network size: 0, si_in_serializable: 0 0 %, local: 0 %, local_access: 59629, local_cxl_access: 0 (0%), remote_access: 36055, remote_access_with_req: 0 (0%), data_move_in: 0, data_move_out: 0
I20260924 13:07:25.431540 1831417 Coordinator.h:310] commit: 9598 abort: 170 (0/170/0), persistence latency 0, txn latency 0, queued lock latency 0, lock latency 0, active_txns 0, n_failed_read_lock 0, n_failed_write_lock 0, n_failed_cmd_not_ready 0, n_failed_no_cmd 0, network size: 0, avg network size: 0, si_in_serializable: 0 0 %, local: 0 %, local_access: 60857, local_cxl_access: 0 (0%), remote_access: 35984, remote_access_with_req: 0 (0%), data_move_in: 0, data_move_out: 0
I20260924 13:07:26.431670 1831417 Coordinator.h:310] commit: 9496 abort: 174 (0/174/0), persistence latency 0, txn latency 0, queued lock latency 0, lock latency 0, active_txns 0, n_failed_read_lock 0, n_failed_write_lock 0, n_failed_cmd_not_ready 0, n_failed_no_cmd 0, network size: 0, avg network size: 0, si_in_serializable: 0 0 %, local: 0 %, local_access: 59930, local_cxl_access: 0 (0%), remote_access: 35865, remote_access_with_req: 0 (0%), data_move_in: 0, data_move_out: 0
I20260924 13:07:27.431910 1831417 Coordinator.h:310] commit: 9407 abort: 242 (0/242/0), persistence latency 0, txn latency 0, queued lock latency 0, lock latency 0, active_txns 0, n_failed_read_lock 0, n_failed_write_lock 0, n_failed_cmd_not_ready 0, n_failed_no_cmd 0, network size: 0, avg network size: 0, si_in_serializable: 0 0 %, local: 0 %, local_access: 59379, local_cxl_access: 0 (0%), remote_access: 35856, remote_access_with_req: 0 (0%), data_move_in: 0, data_move_out: 0
I20260924 13:07:28.432024 1831417 Coordinator.h:310] commit: 9460 abort: 190 (0/190/0), persistence latency 0, txn latency 0, queued lock latency 0, lock latency 0, active_txns 0, n_failed_read_lock 0, n_failed_write_lock 0, n_failed_cmd_not_ready 0, n_failed_no_cmd 0, network size: 0, avg network size: 0, si_in_serializable: 0 0 %, local: 0 %, local_access: 59586, local_cxl_access: 0 (0%), remote_access: 35893, remote_access_with_req: 0 (0%), data_move_in: 0, data_move_out: 0
I20260924 13:07:29.432133 1831417 Coordinator.h:310] commit: 9541 abort: 208 (0/208/0), persistence latency 0, txn latency 0, queued lock latency 0, lock latency 0, active_txns 0, n_failed_read_lock 0, n_failed_write_lock 0, n_failed_cmd_not_ready 0, n_failed_no_cmd 0, network size: 0, avg network size: 0, si_in_serializable: 0 0 %, local: 0 %, local_access: 60605, local_cxl_access: 0 (0%), remote_access: 35779, remote_access_with_req: 0 (0%), data_move_in: 0, data_move_out: 0
I20260924 13:07:30.432369 1831417 Coordinator.h:310] commit: 9488 abort: 218 (0/218/0), persistence latency 0, txn latency 0, queued lock latency 0, lock latency 0, active_txns 0, n_failed_read_lock 0, n_failed_write_lock 0, n_failed_cmd_not_ready 0, n_failed_no_cmd 0, network size: 0, avg network size: 0, si_in_serializable: 0 0 %, local: 0 %, local_access: 60117, local_cxl_access: 0 (0%), remote_access: 35904, remote_access_with_req: 0 (0%), data_move_in: 0, data_move_out: 0
I20260924 13:07:31.432476 1831417 Coordinator.h:310] commit: 9456 abort: 221 (0/221/0), persistence latency 0, txn latency 0, queued lock latency 0, lock latency 0, active_txns 0, n_failed_read_lock 0, n_failed_write_lock 0, n_failed_cmd_not_ready 0, n_failed_no_cmd 0, network size: 0, avg network size: 0, si_in_serializable: 0 0 %, local: 0 %, local_access: 59803, local_cxl_access: 0 (0%), remote_access: 35845, remote_access_with_req: 0 (0%), data_move_in: 0, data_move_out: 0
I20260924 13:07:32.432586 1831417 Coordinator.h:310] commit: 9484 abort: 180 (0/180/0), persistence latency 0, txn latency 0, queued lock latency 0, lock latency 0, active_txns 0, n_failed_read_lock 0, n_failed_write_lock 0, n_failed_cmd_not_ready 0, n_failed_no_cmd 0, network size: 0, avg network size: 0, si_in_serializable: 0 0 %, local: 0 %, local_access: 59539, local_cxl_access: 0 (0%), remote_access: 36178, remote_access_with_req: 0 (0%), data_move_in: 0, data_move_out: 0
I20260924 13:07:33.433600 1831417 Coordinator.h:310] commit: 9558 abort: 205 (0/205/0), persistence latency 0, txn latency 0, queued lock latency 0, lock latency 0, active_txns 0, n_failed_read_lock 0, n_failed_write_lock 0, n_failed_cmd_not_ready 0, n_failed_no_cmd 0, network size: 0, avg network size: 0, si_in_serializable: 0 0 %, local: 0 %, local_access: 60360, local_cxl_access: 0 (0%), remote_access: 36167, remote_access_with_req: 0 (0%), data_move_in: 0, data_move_out: 0
I20260924 13:07:34.433815 1831417 Coordinator.h:310] commit: 9572 abort: 157 (0/157/0), persistence latency 0, txn latency 0, queued lock latency 0, lock latency 0, active_txns 0, n_failed_read_lock 0, n_failed_write_lock 0, n_failed_cmd_not_ready 0, n_failed_no_cmd 0, network size: 0, avg network size: 0, si_in_serializable: 0 0 %, local: 0 %, local_access: 60364, local_cxl_access: 0 (0%), remote_access: 36121, remote_access_with_req: 0 (0%), data_move_in: 0, data_move_out: 0
I20260924 13:07:35.433924 1831417 Coordinator.h:310] commit: 9537 abort: 154 (0/154/0), persistence latency 0, txn latency 0, queued lock latency 0, lock latency 0, active_txns 0, n_failed_read_lock 0, n_failed_write_lock 0, n_failed_cmd_not_ready 0, n_failed_no_cmd 0, network size: 0, avg network size: 0, si_in_serializable: 0 0 %, local: 0 %, local_access: 60000, local_cxl_access: 0 (0%), remote_access: 36059, remote_access_with_req: 0 (0%), data_move_in: 0, data_move_out: 0
I20260924 13:07:36.434036 1831417 Coordinator.h:310] commit: 9476 abort: 192 (0/192/0), persistence latency 0, txn latency 0, queued lock latency 0, lock latency 0, active_txns 0, n_failed_read_lock 0, n_failed_write_lock 0, n_failed_cmd_not_ready 0, n_failed_no_cmd 0, network size: 0, avg network size: 0, si_in_serializable: 0 0 %, local: 0 %, local_access: 59722, local_cxl_access: 0 (0%), remote_access: 36016, remote_access_with_req: 0 (0%), data_move_in: 0, data_move_out: 0
I20260924 13:07:37.434321 1831417 Coordinator.h:310] commit: 9438 abort: 168 (0/168/0), persistence latency 0, txn latency 0, queued lock latency 0, lock latency 0, active_txns 0, n_failed_read_lock 0, n_failed_write_lock 0, n_failed_cmd_not_ready 0, n_failed_no_cmd 0, network size: 0, avg network size: 0, si_in_serializable: 0 0 %, local: 0 %, local_access: 59050, local_cxl_access: 0 (0%), remote_access: 36160, remote_access_with_req: 0 (0%), data_move_in: 0, data_move_out: 0
I20260924 13:07:38.434599 1831417 Coordinator.h:310] commit: 9581 abort: 178 (0/178/0), persistence latency 0, txn latency 0, queued lock latency 0, lock latency 0, active_txns 0, n_failed_read_lock 0, n_failed_write_lock 0, n_failed_cmd_not_ready 0, n_failed_no_cmd 0, network size: 0, avg network size: 0, si_in_serializable: 0 0 %, local: 0 %, local_access: 60598, local_cxl_access: 0 (0%), remote_access: 36100, remote_access_with_req: 0 (0%), data_move_in: 0, data_move_out: 0
I20260924 13:07:39.434953 1831417 Coordinator.h:310] commit: 9552 abort: 241 (0/241/0), persistence latency 0, txn latency 0, queued lock latency 0, lock latency 0, active_txns 0, n_failed_read_lock 0, n_failed_write_lock 0, n_failed_cmd_not_ready 0, n_failed_no_cmd 0, network size: 0, avg network size: 0, si_in_serializable: 0 0 %, local: 0 %, local_access: 61020, local_cxl_access: 0 (0%), remote_access: 35754, remote_access_with_req: 0 (0%), data_move_in: 0, data_move_out: 0
I20260924 13:07:40.435194 1831417 Coordinator.h:310] commit: 9481 abort: 190 (0/190/0), persistence latency 0, txn latency 0, queued lock latency 0, lock latency 0, active_txns 0, n_failed_read_lock 0, n_failed_write_lock 0, n_failed_cmd_not_ready 0, n_failed_no_cmd 0, network size: 0, avg network size: 0, si_in_serializable: 0 0 %, local: 0 %, local_access: 60008, local_cxl_access: 0 (0%), remote_access: 35802, remote_access_with_req: 0 (0%), data_move_in: 0, data_move_out: 0
I20260924 13:07:41.435427 1831417 Coordinator.h:310] commit: 9475 abort: 199 (0/199/0), persistence latency 0, txn latency 0, queued lock latency 0, lock latency 0, active_txns 0, n_failed_read_lock 0, n_failed_write_lock 0, n_failed_cmd_not_ready 0, n_failed_no_cmd 0, network size: 0, avg network size: 0, si_in_serializable: 0 0 %, local: 0 %, local_access: 59468, local_cxl_access: 0 (0%), remote_access: 36057, remote_access_with_req: 0 (0%), data_move_in: 0, data_move_out: 0
I20260924 13:07:42.435663 1831417 Coordinator.h:310] commit: 9432 abort: 172 (0/172/0), persistence latency 0, txn latency 0, queued lock latency 0, lock latency 0, active_txns 0, n_failed_read_lock 0, n_failed_write_lock 0, n_failed_cmd_not_ready 0, n_failed_no_cmd 0, network size: 0, avg network size: 0, si_in_serializable: 0 0 %, local: 0 %, local_access: 58986, local_cxl_access: 0 (0%), remote_access: 36231, remote_access_with_req: 0 (0%), data_move_in: 0, data_move_out: 0
I20260924 13:07:43.435777 1831417 Coordinator.h:310] commit: 9574 abort: 169 (0/169/0), persistence latency 0, txn latency 0, queued lock latency 0, lock latency 0, active_txns 0, n_failed_read_lock 0, n_failed_write_lock 0, n_failed_cmd_not_ready 0, n_failed_no_cmd 0, network size: 0, avg network size: 0, si_in_serializable: 0 0 %, local: 0 %, local_access: 60483, local_cxl_access: 0 (0%), remote_access: 36071, remote_access_with_req: 0 (0%), data_move_in: 0, data_move_out: 0
I20260924 13:07:44.436017 1831417 Coordinator.h:310] commit: 9579 abort: 193 (0/193/0), persistence latency 0, txn latency 0, queued lock latency 0, lock latency 0, active_txns 0, n_failed_read_lock 0, n_failed_write_lock 0, n_failed_cmd_not_ready 0, n_failed_no_cmd 0, network size: 0, avg network size: 0, si_in_serializable: 0 0 %, local: 0 %, local_access: 60545, local_cxl_access: 0 (0%), remote_access: 36147, remote_access_with_req: 0 (0%), data_move_in: 0, data_move_out: 0
I20260924 13:07:45.436269 1831417 Coordinator.h:310] commit: 9477 abort: 200 (0/200/0), persistence latency 0, txn latency 0, queued lock latency 0, lock latency 0, active_txns 0, n_failed_read_lock 0, n_failed_write_lock 0, n_failed_cmd_not_ready 0, n_failed_no_cmd 0, network size: 0, avg network size: 0, si_in_serializable: 0 0 %, local: 0 %, local_access: 59752, local_cxl_access: 0 (0%), remote_access: 35975, remote_access_with_req: 0 (0%), data_move_in: 0, data_move_out: 0
I20260924 13:07:46.436511 1831417 Coordinator.h:310] commit: 9620 abort: 157 (0/157/0), persistence latency 0, txn latency 0, queued lock latency 0, lock latency 0, active_txns 0, n_failed_read_lock 0, n_failed_write_lock 0, n_failed_cmd_not_ready 0, n_failed_no_cmd 0, network size: 0, avg network size: 0, si_in_serializable: 0 0 %, local: 0 %, local_access: 60837, local_cxl_access: 0 (0%), remote_access: 36132, remote_access_with_req: 0 (0%), data_move_in: 0, data_move_out: 0
I20260924 13:07:47.437608 1831417 Coordinator.h:310] commit: 9547 abort: 325 (0/325/0), persistence latency 0, txn latency 0, queued lock latency 0, lock latency 0, active_txns 0, n_failed_read_lock 0, n_failed_write_lock 0, n_failed_cmd_not_ready 0, n_failed_no_cmd 0, network size: 0, avg network size: 0, si_in_serializable: 0 0 %, local: 0 %, local_access: 60761, local_cxl_access: 0 (0%), remote_access: 36129, remote_access_with_req: 0 (0%), data_move_in: 0, data_move_out: 0
I20260924 13:07:48.437783 1831417 Coordinator.h:310] commit: 9551 abort: 185 (0/185/0), persistence latency 0, txn latency 0, queued lock latency 0, lock latency 0, active_txns 0, n_failed_read_lock 0, n_failed_write_lock 0, n_failed_cmd_not_ready 0, n_failed_no_cmd 0, network size: 0, avg network size: 0, si_in_serializable: 0 0 %, local: 0 %, local_access: 60408, local_cxl_access: 0 (0%), remote_access: 36031, remote_access_with_req: 0 (0%), data_move_in: 0, data_move_out: 0
I20260924 13:07:49.437893 1831417 Coordinator.h:310] commit: 9491 abort: 234 (0/234/0), persistence latency 0, txn latency 0, queued lock latency 0, lock latency 0, active_txns 0, n_failed_read_lock 0, n_failed_write_lock 0, n_failed_cmd_not_ready 0, n_failed_no_cmd 0, network size: 0, avg network size: 0, si_in_serializable: 0 0 %, local: 0 %, local_access: 59975, local_cxl_access: 0 (0%), remote_access: 35937, remote_access_with_req: 0 (0%), data_move_in: 0, data_move_out: 0
I20260924 13:07:50.438005 1831417 Coordinator.h:310] commit: 9553 abort: 196 (0/196/0), persistence latency 0, txn latency 0, queued lock latency 0, lock latency 0, active_txns 0, n_failed_read_lock 0, n_failed_write_lock 0, n_failed_cmd_not_ready 0, n_failed_no_cmd 0, network size: 0, avg network size: 0, si_in_serializable: 0 0 %, local: 0 %, local_access: 60436, local_cxl_access: 0 (0%), remote_access: 36011, remote_access_with_req: 0 (0%), data_move_in: 0, data_move_out: 0
I20260924 13:07:51.438359 1831417 Coordinator.h:310] commit: 9501 abort: 236 (0/236/0), persistence latency 0, txn latency 0, queued lock latency 0, lock latency 0, active_txns 0, n_failed_read_lock 0, n_failed_write_lock 0, n_failed_cmd_not_ready 0, n_failed_no_cmd 0, network size: 0, avg network size: 0, si_in_serializable: 0 0 %, local: 0 %, local_access: 59929, local_cxl_access: 0 (0%), remote_access: 36142, remote_access_with_req: 0 (0%), data_move_in: 0, data_move_out: 0
I20260924 13:07:52.438660 1831417 Coordinator.h:310] commit: 9452 abort: 221 (0/221/0), persistence latency 0, txn latency 0, queued lock latency 0, lock latency 0, active_txns 0, n_failed_read_lock 0, n_failed_write_lock 0, n_failed_cmd_not_ready 0, n_failed_no_cmd 0, network size: 0, avg network size: 0, si_in_serializable: 0 0 %, local: 0 %, local_access: 59505, local_cxl_access: 0 (0%), remote_access: 36121, remote_access_with_req: 0 (0%), data_move_in: 0, data_move_out: 0
I20260924 13:07:53.438896 1831417 Coordinator.h:310] commit: 9484 abort: 207 (0/207/0), persistence latency 0, txn latency 0, queued lock latency 0, lock latency 0, active_txns 0, n_failed_read_lock 0, n_failed_write_lock 0, n_failed_cmd_not_ready 0, n_failed_no_cmd 0, network size: 0, avg network size: 0, si_in_serializable: 0 0 %, local: 0 %, local_access: 59832, local_cxl_access: 0 (0%), remote_access: 36128, remote_access_with_req: 0 (0%), data_move_in: 0, data_move_out: 0
I20260924 13:07:54.439133 1831417 Coordinator.h:310] commit: 9625 abort: 259 (0/259/0), persistence latency 0, txn latency 0, queued lock latency 0, lock latency 0, active_txns 0, n_failed_read_lock 0, n_failed_write_lock 0, n_failed_cmd_not_ready 0, n_failed_no_cmd 0, network size: 0, avg network size: 0, si_in_serializable: 0 0 %, local: 0 %, local_access: 61547, local_cxl_access: 0 (0%), remote_access: 35999, remote_access_with_req: 0 (0%), data_move_in: 0, data_move_out: 0
I20260924 13:07:55.439369 1831417 Coordinator.h:310] commit: 9601 abort: 170 (0/170/0), persistence latency 0, txn latency 0, queued lock latency 0, lock latency 0, active_txns 0, n_failed_read_lock 0, n_failed_write_lock 0, n_failed_cmd_not_ready 0, n_failed_no_cmd 0, network size: 0, avg network size: 0, si_in_serializable: 0 0 %, local: 0 %, local_access: 60760, local_cxl_access: 0 (0%), remote_access: 36056, remote_access_with_req: 0 (0%), data_move_in: 0, data_move_out: 0
I20260924 13:07:56.439613 1831417 Coordinator.h:310] commit: 9591 abort: 169 (0/169/0), persistence latency 0, txn latency 0, queued lock latency 0, lock latency 0, active_txns 0, n_failed_read_lock 0, n_failed_write_lock 0, n_failed_cmd_not_ready 0, n_failed_no_cmd 0, network size: 0, avg network size: 0, si_in_serializable: 0 0 %, local: 0 %, local_access: 60579, local_cxl_access: 0 (0%), remote_access: 36179, remote_access_with_req: 0 (0%), data_move_in: 0, data_move_out: 0
I20260924 13:07:57.439723 1831417 Coordinator.h:310] commit: 9503 abort: 256 (0/256/0), persistence latency 0, txn latency 0, queued lock latency 0, lock latency 0, active_txns 0, n_failed_read_lock 0, n_failed_write_lock 0, n_failed_cmd_not_ready 0, n_failed_no_cmd 0, network size: 0, avg network size: 0, si_in_serializable: 0 0 %, local: 0 %, local_access: 60288, local_cxl_access: 0 (0%), remote_access: 35959, remote_access_with_req: 0 (0%), data_move_in: 0, data_move_out: 0
I20260924 13:07:58.439967 1831417 Coordinator.h:310] commit: 9606 abort: 213 (0/213/0), persistence latency 0, txn latency 0, queued lock latency 0, lock latency 0, active_txns 0, n_failed_read_lock 0, n_failed_write_lock 0, n_failed_cmd_not_ready 0, n_failed_no_cmd 0, network size: 0, avg network size: 0, si_in_serializable: 0 0 %, local: 0 %, local_access: 61165, local_cxl_access: 0 (0%), remote_access: 35971, remote_access_with_req: 0 (0%), data_move_in: 0, data_move_out: 0
I20260924 13:07:59.440207 1831417 Coordinator.h:310] commit: 9548 abort: 193 (0/193/0), persistence latency 0, txn latency 0, queued lock latency 0, lock latency 0, active_txns 0, n_failed_read_lock 0, n_failed_write_lock 0, n_failed_cmd_not_ready 0, n_failed_no_cmd 0, network size: 0, avg network size: 0, si_in_serializable: 0 0 %, local: 0 %, local_access: 60227, local_cxl_access: 0 (0%), remote_access: 36148, remote_access_with_req: 0 (0%), data_move_in: 0, data_move_out: 0
I20260924 13:08:00.440439 1831417 Coordinator.h:310] commit: 9542 abort: 190 (0/190/0), persistence latency 0, txn latency 0, queued lock latency 0, lock latency 0, active_txns 0, n_failed_read_lock 0, n_failed_write_lock 0, n_failed_cmd_not_ready 0, n_failed_no_cmd 0, network size: 0, avg network size: 0, si_in_serializable: 0 0 %, local: 0 %, local_access: 60034, local_cxl_access: 0 (0%), remote_access: 36244, remote_access_with_req: 0 (0%), data_move_in: 0, data_move_out: 0
I20260924 13:08:01.440820 1831417 Coordinator.h:310] commit: 9648 abort: 197 (0/197/0), persistence latency 0, txn latency 0, queued lock latency 0, lock latency 0, active_txns 0, n_failed_read_lock 0, n_failed_write_lock 0, n_failed_cmd_not_ready 0, n_failed_no_cmd 0, network size: 0, avg network size: 0, si_in_serializable: 0 0 %, local: 0 %, local_access: 61537, local_cxl_access: 0 (0%), remote_access: 36018, remote_access_with_req: 0 (0%), data_move_in: 0, data_move_out: 0
I20260924 13:08:02.441700 1831417 Coordinator.h:310] commit: 9612 abort: 171 (0/171/0), persistence latency 0, txn latency 0, queued lock latency 0, lock latency 0, active_txns 0, n_failed_read_lock 0, n_failed_write_lock 0, n_failed_cmd_not_ready 0, n_failed_no_cmd 0, network size: 0, avg network size: 0, si_in_serializable: 0 0 %, local: 0 %, local_access: 60670, local_cxl_access: 0 (0%), remote_access: 36276, remote_access_with_req: 0 (0%), data_move_in: 0, data_move_out: 0
I20260924 13:08:03.441867 1831417 Coordinator.h:310] commit: 9593 abort: 206 (0/206/0), persistence latency 0, txn latency 0, queued lock latency 0, lock latency 0, active_txns 0, n_failed_read_lock 0, n_failed_write_lock 0, n_failed_cmd_not_ready 0, n_failed_no_cmd 0, network size: 0, avg network size: 0, si_in_serializable: 0 0 %, local: 0 %, local_access: 60902, local_cxl_access: 0 (0%), remote_access: 36028, remote_access_with_req: 0 (0%), data_move_in: 0, data_move_out: 0
I20260924 13:08:04.441980 1831417 Coordinator.h:310] commit: 9664 abort: 182 (0/182/0), persistence latency 0, txn latency 0, queued lock latency 0, lock latency 0, active_txns 0, n_failed_read_lock 0, n_failed_write_lock 0, n_failed_cmd_not_ready 0, n_failed_no_cmd 0, network size: 0, avg network size: 0, si_in_serializable: 0 0 %, local: 0 %, local_access: 61398, local_cxl_access: 0 (0%), remote_access: 36121, remote_access_with_req: 0 (0%), data_move_in: 0, data_move_out: 0
I20260924 13:08:05.442088 1831417 Coordinator.h:310] commit: 9489 abort: 159 (0/159/0), persistence latency 0, txn latency 0, queued lock latency 0, lock latency 0, active_txns 0, n_failed_read_lock 0, n_failed_write_lock 0, n_failed_cmd_not_ready 0, n_failed_no_cmd 0, network size: 0, avg network size: 0, si_in_serializable: 0 0 %, local: 0 %, local_access: 59409, local_cxl_access: 0 (0%), remote_access: 36197, remote_access_with_req: 0 (0%), data_move_in: 0, data_move_out: 0
I20260924 13:08:06.442487 1831417 Coordinator.h:310] commit: 9539 abort: 198 (0/198/0), persistence latency 0, txn latency 0, queued lock latency 0, lock latency 0, active_txns 0, n_failed_read_lock 0, n_failed_write_lock 0, n_failed_cmd_not_ready 0, n_failed_no_cmd 0, network size: 0, avg network size: 0, si_in_serializable: 0 0 %, local: 0 %, local_access: 60036, local_cxl_access: 0 (0%), remote_access: 36271, remote_access_with_req: 0 (0%), data_move_in: 0, data_move_out: 0
I20260924 13:08:07.442728 1831417 Coordinator.h:310] commit: 9515 abort: 194 (0/194/0), persistence latency 0, txn latency 0, queued lock latency 0, lock latency 0, active_txns 0, n_failed_read_lock 0, n_failed_write_lock 0, n_failed_cmd_not_ready 0, n_failed_no_cmd 0, network size: 0, avg network size: 0, si_in_serializable: 0 0 %, local: 0 %, local_access: 59855, local_cxl_access: 0 (0%), remote_access: 36227, remote_access_with_req: 0 (0%), data_move_in: 0, data_move_out: 0
I20260924 13:08:08.442971 1831417 Coordinator.h:310] commit: 9560 abort: 214 (0/214/0), persistence latency 0, txn latency 0, queued lock latency 0, lock latency 0, active_txns 0, n_failed_read_lock 0, n_failed_write_lock 0, n_failed_cmd_not_ready 0, n_failed_no_cmd 0, network size: 0, avg network size: 0, si_in_serializable: 0 0 %, local: 0 %, local_access: 60553, local_cxl_access: 0 (0%), remote_access: 36174, remote_access_with_req: 0 (0%), data_move_in: 0, data_move_out: 0
I20260924 13:08:09.443082 1831417 Coordinator.h:310] commit: 9465 abort: 167 (0/167/0), persistence latency 0, txn latency 0, queued lock latency 0, lock latency 0, active_txns 0, n_failed_read_lock 0, n_failed_write_lock 0, n_failed_cmd_not_ready 0, n_failed_no_cmd 0, network size: 0, avg network size: 0, si_in_serializable: 0 0 %, local: 0 %, local_access: 59329, local_cxl_access: 0 (0%), remote_access: 36101, remote_access_with_req: 0 (0%), data_move_in: 0, data_move_out: 0
I20260924 13:08:10.443224 1831417 Coordinator.h:310] commit: 9591 abort: 233 (0/233/0), persistence latency 0, txn latency 0, queued lock latency 0, lock latency 0, active_txns 0, n_failed_read_lock 0, n_failed_write_lock 0, n_failed_cmd_not_ready 0, n_failed_no_cmd 0, network size: 0, avg network size: 0, si_in_serializable: 0 0 %, local: 0 %, local_access: 60886, local_cxl_access: 0 (0%), remote_access: 36078, remote_access_with_req: 0 (0%), data_move_in: 0, data_move_out: 0
I20260924 13:08:11.443331 1831417 Coordinator.h:310] commit: 9529 abort: 198 (0/198/0), persistence latency 0, txn latency 0, queued lock latency 0, lock latency 0, active_txns 0, n_failed_read_lock 0, n_failed_write_lock 0, n_failed_cmd_not_ready 0, n_failed_no_cmd 0, network size: 0, avg network size: 0, si_in_serializable: 0 0 %, local: 0 %, local_access: 60179, local_cxl_access: 0 (0%), remote_access: 36107, remote_access_with_req: 0 (0%), data_move_in: 0, data_move_out: 0
I20260924 13:08:12.443569 1831417 Coordinator.h:310] commit: 9579 abort: 208 (0/208/0), persistence latency 0, txn latency 0, queued lock latency 0, lock latency 0, active_txns 0, n_failed_read_lock 0, n_failed_write_lock 0, n_failed_cmd_not_ready 0, n_failed_no_cmd 0, network size: 0, avg network size: 0, si_in_serializable: 0 0 %, local: 0 %, local_access: 60624, local_cxl_access: 0 (0%), remote_access: 36111, remote_access_with_req: 0 (0%), data_move_in: 0, data_move_out: 0
I20260924 13:08:13.443809 1831417 Coordinator.h:310] commit: 9569 abort: 164 (0/164/0), persistence latency 0, txn latency 0, queued lock latency 0, lock latency 0, active_txns 0, n_failed_read_lock 0, n_failed_write_lock 0, n_failed_cmd_not_ready 0, n_failed_no_cmd 0, network size: 0, avg network size: 0, si_in_serializable: 0 0 %, local: 0 %, local_access: 59948, local_cxl_access: 0 (0%), remote_access: 36505, remote_access_with_req: 0 (0%), data_move_in: 0, data_move_out: 0
I20260924 13:08:14.444053 1831417 Coordinator.h:310] commit: 9534 abort: 176 (0/176/0), persistence latency 0, txn latency 0, queued lock latency 0, lock latency 0, active_txns 0, n_failed_read_lock 0, n_failed_write_lock 0, n_failed_cmd_not_ready 0, n_failed_no_cmd 0, network size: 0, avg network size: 0, si_in_serializable: 0 0 %, local: 0 %, local_access: 60115, local_cxl_access: 0 (0%), remote_access: 36140, remote_access_with_req: 0 (0%), data_move_in: 0, data_move_out: 0
I20260924 13:08:15.444164 1831417 Coordinator.h:310] commit: 9510 abort: 198 (0/198/0), persistence latency 0, txn latency 0, queued lock latency 0, lock latency 0, active_txns 0, n_failed_read_lock 0, n_failed_write_lock 0, n_failed_cmd_not_ready 0, n_failed_no_cmd 0, network size: 0, avg network size: 0, si_in_serializable: 0 0 %, local: 0 %, local_access: 60168, local_cxl_access: 0 (0%), remote_access: 35893, remote_access_with_req: 0 (0%), data_move_in: 0, data_move_out: 0
I20260924 13:08:16.444276 1831417 Coordinator.h:310] commit: 9441 abort: 170 (0/170/0), persistence latency 0, txn latency 0, queued lock latency 0, lock latency 0, active_txns 0, n_failed_read_lock 0, n_failed_write_lock 0, n_failed_cmd_not_ready 0, n_failed_no_cmd 0, network size: 0, avg network size: 0, si_in_serializable: 0 0 %, local: 0 %, local_access: 59151, local_cxl_access: 0 (0%), remote_access: 36044, remote_access_with_req: 0 (0%), data_move_in: 0, data_move_out: 0
I20260924 13:08:17.444391 1831417 Coordinator.h:310] commit: 9546 abort: 175 (0/175/0), persistence latency 0, txn latency 0, queued lock latency 0, lock latency 0, active_txns 0, n_failed_read_lock 0, n_failed_write_lock 0, n_failed_cmd_not_ready 0, n_failed_no_cmd 0, network size: 0, avg network size: 0, si_in_serializable: 0 0 %, local: 0 %, local_access: 60434, local_cxl_access: 0 (0%), remote_access: 35836, remote_access_with_req: 0 (0%), data_move_in: 0, data_move_out: 0
I20260924 13:08:18.444880 1831417 Coordinator.h:310] commit: 9477 abort: 208 (0/208/0), persistence latency 0, txn latency 0, queued lock latency 0, lock latency 0, active_txns 0, n_failed_read_lock 0, n_failed_write_lock 0, n_failed_cmd_not_ready 0, n_failed_no_cmd 0, network size: 0, avg network size: 0, si_in_serializable: 0 0 %, local: 0 %, local_access: 60125, local_cxl_access: 0 (0%), remote_access: 35759, remote_access_with_req: 0 (0%), data_move_in: 0, data_move_out: 0
I20260924 13:08:18.445163 1831417 Coordinator.h:348] average commit: 9545.27 abort: 198.733 (0/198.733/0), abort_rate: 0.0203955, network size: 0, avg network size: 0, si_in_serializable: 0 0 %, local: 0 %, local_access: 1809596, local_cxl_access: 0 (0%), remote_access: 1082781, remote_access_with_req: 0 (0%), data_move_in: 0, data_move_out: 0
I20260924 13:08:18.445231 1831417 Executor.h:236] Worker 0 latency: 297 us (50%) 327 us (75%) 1016 us (95%) 1197 us (99%). dist txn latency: 308 us (50%) 340 us (75%) 1084 us (95%) 1213 us (99%)  avg 390 us . local txn latency: 60 us (50%) 99 us (75%) 162 us (95%) 226 us (99%)  avg 77 us. txn commit latency: 297 us (50%) 327 us (75%) 1015 us (95%) 1190 us (99%) avg 315 us.
 LOCAL txn stall 0 us,  local_work 65 us,  remote_work 0 us,  commit_work 4 us,  commit_prepare 2 us,  commit_persistence 0 us,  commit_write_back 0 us,  commit_replication 0 us,  commit_release_lock 0 us 
 DIST txn stall 0 us,  local_work 372 us,  remote_work 0 us,  commit_work 16 us,  commit_prepare 2 us,  commit_persistence 0 us,  commit_write_back 4 us,  commit_replication 0 us,  commit_release_lock 7 us 
I20260924 13:08:18.446735 1831417 Executor.h:267] message stats, type: 0 count: 0 total size: 0
I20260924 13:08:18.446739 1831417 Executor.h:267] message stats, type: 1 count: 0 total size: 0
I20260924 13:08:18.446743 1831417 Executor.h:267] message stats, type: 2 count: 0 total size: 0
I20260924 13:08:18.446748 1831417 Executor.h:267] message stats, type: 3 count: 0 total size: 0
I20260924 13:08:18.446750 1831417 Executor.h:267] message stats, type: 4 count: 0 total size: 0
I20260924 13:08:18.446754 1831417 Executor.h:267] message stats, type: 5 count: 0 total size: 0
I20260924 13:08:18.446758 1831417 Executor.h:267] message stats, type: 6 count: 0 total size: 0
I20260924 13:08:18.446761 1831417 Executor.h:267] message stats, type: 7 count: 0 total size: 0
I20260924 13:08:18.446764 1831417 Executor.h:267] message stats, type: 8 count: 0 total size: 0
I20260924 13:08:18.446768 1831417 Executor.h:267] message stats, type: 9 count: 0 total size: 0
I20260924 13:08:18.446771 1831417 Executor.h:267] message stats, type: 10 count: 0 total size: 0
I20260924 13:08:18.446775 1831417 Executor.h:267] message stats, type: 11 count: 0 total size: 0
I20260924 13:08:18.448642 1831495 Executor.h:231] Executor 0 exits.
I20260924 13:08:18.448642 1831497 Executor.h:231] Executor 2 exits.
I20260924 13:08:18.448642 1831496 Executor.h:231] Executor 1 exits.
I20260924 13:08:18.448648 1831498 Manager.h:230] Manager(worker id = 3) on the coordinator node exits.
I20260924 13:08:18.451941 1831417 Executor.h:236] Worker 1 latency: 297 us (50%) 327 us (75%) 999 us (95%) 1194 us (99%). dist txn latency: 309 us (50%) 340 us (75%) 1086 us (95%) 1206 us (99%)  avg 395 us . local txn latency: 61 us (50%) 101 us (75%) 164 us (95%) 219 us (99%)  avg 79 us. txn commit latency: 297 us (50%) 325 us (75%) 1011 us (95%) 1197 us (99%) avg 314 us.
 LOCAL txn stall 0 us,  local_work 67 us,  remote_work 0 us,  commit_work 4 us,  commit_prepare 2 us,  commit_persistence 0 us,  commit_write_back 0 us,  commit_replication 0 us,  commit_release_lock 0 us 
 DIST txn stall 0 us,  local_work 374 us,  remote_work 0 us,  commit_work 16 us,  commit_prepare 2 us,  commit_persistence 0 us,  commit_write_back 4 us,  commit_replication 0 us,  commit_release_lock 7 us 
I20260924 13:08:18.453760 1831417 Executor.h:236] Worker 2 latency: 286 us (50%) 323 us (75%) 963 us (95%) 1170 us (99%). dist txn latency: 299 us (50%) 349 us (75%) 1063 us (95%) 1188 us (99%)  avg 388 us . local txn latency: 51 us (50%) 78 us (75%) 158 us (95%) 210 us (99%)  avg 67 us. txn commit latency: 285 us (50%) 324 us (75%) 986 us (95%) 1174 us (99%) avg 307 us.
 LOCAL txn stall 0 us,  local_work 60 us,  remote_work 0 us,  commit_work 3 us,  commit_prepare 2 us,  commit_persistence 0 us,  commit_write_back 0 us,  commit_replication 0 us,  commit_release_lock 0 us 
 DIST txn stall 0 us,  local_work 366 us,  remote_work 0 us,  commit_work 15 us,  commit_prepare 2 us,  commit_persistence 0 us,  commit_write_back 4 us,  commit_replication 0 us,  commit_release_lock 7 us 
I20260924 13:08:18.455241 1831417 CXLMemory.h:227] local CXL memory usage: size_index_usage: 0 size_metadata_usage: 0 size_data_usage: 0 size_transport_usage: 0 size_misc_usage: 0 total_size_hw_cc_usage: 0 total_usage: 0
I20260924 13:08:18.455248 1831417 Coordinator.h:639] Global Stats: total_commit: 19026 total_size_index_usage: 0 total_size_metadata_usage: 0 total_size_data_usage: 0 total_size_transport_usage: 0 total_size_misc_usage: 0 total_hw_cc_usage: 0 total_usage: 0
I20260924 13:08:19.455493 1831494 Dispatcher.h:292] Outgoing Dispatcher exits, network size: 132. msg_send_latency(50th) 0 msg_send_latency(75th) 0 msg_send_latency(95th) 0 msg_send_latency(99th) 0 msg_send_latency(avg) 0 msg_gen_to_sent_latency(50th) 0 msg_gen_to_sent_latency(75th) 0 msg_gen_to_sent_latency(95th) 0 msg_gen_to_sent_latency(99th) 0 msg_gen_to_queue_latency(50th) 0 msg_gen_to_queue_latency(75th) 0 msg_gen_to_queue_latency(95th) 0 msg_gen_to_queue_latency(99th) 0 msg_disp_ltc(50th) 0 msg_disp_ltc(75th) 0 msg_disp_ltc(95th) 0 msg_disp_ltc(99th) 0 msg_disp_ltc(100th) 0 send_ltc(50th) 0 send_ltc(75th) 0 send_ltc(95th) 0 send_ltc(99th) 0 send_ltc(100th) 0 send_ltc(avg) 0 sendto_cnt 2 network_size 132 network_msg_cnt 2 network_msg_group_size avg 0 50th 0 internal_network_size 0 internal_network_msg_cnt 0
I20260924 13:08:19.455479 1831493 Dispatcher.h:160] Incoming Dispatcher exits, network size: 252. socket_message_recv_latency(50th) 25 socket_message_recv_latency(75th) 25 socket_message_recv_latency(95th) 25 socket_message_recv_latency(99th) 25 internal_message_recv_latency(50th) 0 socket_message_recv_cnt 1 socket_read_syscall 0 internal_message_recv_cnt 0
I20260924 13:08:19.698280 1831417 Coordinator.h:158] round_trip_latency 93 (50th) 129 (75th) 222 (95th) 222 (99th) 
I20260924 13:08:22.355842 1831417 Coordinator.h:420] Coordinator exits.
TIGON_RUN_END run_id=cmp_50_y_rw50_c75_r3 host_id=0 status=ok exit_code=0
