TIGON_RUN_META system=ub workload=ycsb run_id=cmp_001_y_rw95_c0_r1 host_id=0 repetition=1 mode=one-sided query=rmw transport=ubq partitions=2 workers=3 keys=300000 rw_ratio=95 zipf=0.7 cross_ratio=0 neworder_dist= payment_dist= warmup_seconds=5 run_seconds=10 total_seconds=15 logging=off
I20260924 11:21:52.828716 1778568 bench_ycsb.cpp:68] RW_RATIO = 95, ZIPF_THETA = 0.7, CROSS_RATIO = 0
I20260924 11:21:52.829630 1778568 bench_ycsb.cpp:69] checkpoint 0 to 
I20260924 11:21:52.829636 1778568 bench_ycsb.cpp:70] cross_part_num 2
I20260924 11:21:52.829640 1778568 bench_ycsb.cpp:71] lotus_sp_parallel_exec_commit 0
I20260924 11:21:52.829645 1778568 bench_ycsb.cpp:72] granules_per_partition 1
I20260924 11:21:52.829649 1778568 bench_ycsb.cpp:73] keysPerGranule 300000
I20260924 11:21:53.868005 1778568 UBMemory.cpp:138] UB memory initialized: local_region=0 regions=2 mode=one-sided bytes_per_region=2147483648
I20260924 11:21:56.355698 1778568 Database.h:82] ycsb initialization finished in 2487 milliseconds.
I20260924 11:21:56.356382 1778568 Coordinator.h:459] Coordinator 0 initializes UB inbox with 4096 entries of 8192 bytes
I20260924 11:21:56.356446 1778568 Coordinator.h:100] WAL Group Commiting off. Log to file _non_group_commit.txt using Blackhole Logger
I20260924 11:21:56.356456 1778568 Coordinator.h:104] Coordinator initializes 3 workers.
I20260924 11:21:56.358161 1778614 Coordinator.h:505] Listener 0 on coordinator 0 listening on 76.53.137.98:10010 tcp_no_delay 1 tcp_quick_ack 0
I20260924 11:21:56.359419 1778568 Socket.h:69] Disabling nagle
I20260924 11:21:56.359453 1778568 Coordinator.h:560] Coordinator 0 connected to 1
I20260924 11:22:01.275929 1778614 Socket.h:69] Disabling nagle
I20260924 11:22:01.275961 1778614 Coordinator.h:520] Listener accepted connection from coordinator 1
I20260924 11:22:01.275966 1778614 Coordinator.h:523] Listener 0 on coordinator 0 exits.
I20260924 11:22:01.276165 1778568 Coordinator.h:572] Coordinator 0 connected to all peers.
I20260924 11:22:01.276202 1778568 Dispatcher.h:41] IncomingDispatcher 0 coord_id 0
I20260924 11:22:01.276221 1778568 Dispatcher.h:234] OutgoingDispatcher 0 coord_id 0
I20260924 11:22:01.276288 1778568 Coordinator.h:669] pinned thread to core 0
I20260924 11:22:01.276321 1778639 Dispatcher.h:63] Incoming Dispatcher started, numCoordinators = 2, numWorkers = 3, group id = 0, coordinator = 0
I20260924 11:22:01.276346 1778568 Coordinator.h:669] pinned thread to core 1
I20260924 11:22:01.276360 1778640 Dispatcher.h:246] Outgoing Dispatcher started, numCoordinators = 2, numWorkers = 4, group id = 0
I20260924 11:22:01.276434 1778568 Coordinator.h:219] Coordinator starts to run 4 workers.
I20260924 11:22:01.282174 1778568 Coordinator.h:669] pinned thread to core 2
I20260924 11:22:01.282248 1778568 Coordinator.h:669] pinned thread to core 3
I20260924 11:22:01.282312 1778568 Coordinator.h:669] pinned thread to core 4
I20260924 11:22:01.282567 1778644 Manager.h:228] Manager(worker id = 3) on the coordinator node started.
I20260924 11:22:01.282728 1778643 Executor.h:79] Executor 2 starts.
I20260924 11:22:01.282706 1778641 Executor.h:79] Executor 0 starts.
I20260924 11:22:01.282712 1778642 Executor.h:79] Executor 1 starts.
I20260924 11:22:02.282588 1778568 Coordinator.h:310] commit: 167447 abort: 456 (0/456/0), persistence latency 0, txn latency 0, queued lock latency 0, lock latency 0, active_txns 0, n_failed_read_lock 0, n_failed_write_lock 0, n_failed_cmd_not_ready 0, n_failed_no_cmd 0, network size: 0, avg network size: 0, si_in_serializable: 0 0 %, local: 0 %, local_access: 1676814, local_cxl_access: 0 (0%), remote_access: 0, remote_access_with_req: 0 (nan%), data_move_in: 0, data_move_out: 0
I20260924 11:22:03.282845 1778568 Coordinator.h:310] commit: 169079 abort: 437 (0/437/0), persistence latency 0, txn latency 0, queued lock latency 0, lock latency 0, active_txns 0, n_failed_read_lock 0, n_failed_write_lock 0, n_failed_cmd_not_ready 0, n_failed_no_cmd 0, network size: 0, avg network size: 0, si_in_serializable: 0 0 %, local: 0 %, local_access: 1692964, local_cxl_access: 0 (0%), remote_access: 0, remote_access_with_req: 0 (nan%), data_move_in: 0, data_move_out: 0
I20260924 11:22:04.283106 1778568 Coordinator.h:310] commit: 169272 abort: 440 (0/440/0), persistence latency 0, txn latency 0, queued lock latency 0, lock latency 0, active_txns 0, n_failed_read_lock 0, n_failed_write_lock 0, n_failed_cmd_not_ready 0, n_failed_no_cmd 0, network size: 0, avg network size: 0, si_in_serializable: 0 0 %, local: 0 %, local_access: 1694981, local_cxl_access: 0 (0%), remote_access: 0, remote_access_with_req: 0 (nan%), data_move_in: 0, data_move_out: 0
I20260924 11:22:05.283354 1778568 Coordinator.h:310] commit: 167855 abort: 485 (0/485/0), persistence latency 0, txn latency 0, queued lock latency 0, lock latency 0, active_txns 0, n_failed_read_lock 0, n_failed_write_lock 0, n_failed_cmd_not_ready 0, n_failed_no_cmd 0, network size: 0, avg network size: 0, si_in_serializable: 0 0 %, local: 0 %, local_access: 1681080, local_cxl_access: 0 (0%), remote_access: 0, remote_access_with_req: 0 (nan%), data_move_in: 0, data_move_out: 0
I20260924 11:22:06.283470 1778568 Coordinator.h:310] commit: 167758 abort: 439 (0/439/0), persistence latency 0, txn latency 0, queued lock latency 0, lock latency 0, active_txns 0, n_failed_read_lock 0, n_failed_write_lock 0, n_failed_cmd_not_ready 0, n_failed_no_cmd 0, network size: 0, avg network size: 0, si_in_serializable: 0 0 %, local: 0 %, local_access: 1679879, local_cxl_access: 0 (0%), remote_access: 0, remote_access_with_req: 0 (nan%), data_move_in: 0, data_move_out: 0
I20260924 11:22:07.283721 1778568 Coordinator.h:310] commit: 167668 abort: 470 (0/470/0), persistence latency 0, txn latency 0, queued lock latency 0, lock latency 0, active_txns 0, n_failed_read_lock 0, n_failed_write_lock 0, n_failed_cmd_not_ready 0, n_failed_no_cmd 0, network size: 0, avg network size: 0, si_in_serializable: 0 0 %, local: 0 %, local_access: 1679076, local_cxl_access: 0 (0%), remote_access: 0, remote_access_with_req: 0 (nan%), data_move_in: 0, data_move_out: 0
I20260924 11:22:08.283840 1778568 Coordinator.h:310] commit: 167762 abort: 393 (0/393/0), persistence latency 0, txn latency 0, queued lock latency 0, lock latency 0, active_txns 0, n_failed_read_lock 0, n_failed_write_lock 0, n_failed_cmd_not_ready 0, n_failed_no_cmd 0, network size: 0, avg network size: 0, si_in_serializable: 0 0 %, local: 0 %, local_access: 1679587, local_cxl_access: 0 (0%), remote_access: 0, remote_access_with_req: 0 (nan%), data_move_in: 0, data_move_out: 0
I20260924 11:22:09.284083 1778568 Coordinator.h:310] commit: 166814 abort: 423 (0/423/0), persistence latency 0, txn latency 0, queued lock latency 0, lock latency 0, active_txns 0, n_failed_read_lock 0, n_failed_write_lock 0, n_failed_cmd_not_ready 0, n_failed_no_cmd 0, network size: 0, avg network size: 0, si_in_serializable: 0 0 %, local: 0 %, local_access: 1670307, local_cxl_access: 0 (0%), remote_access: 0, remote_access_with_req: 0 (nan%), data_move_in: 0, data_move_out: 0
I20260924 11:22:10.284328 1778568 Coordinator.h:310] commit: 167338 abort: 436 (0/436/0), persistence latency 0, txn latency 0, queued lock latency 0, lock latency 0, active_txns 0, n_failed_read_lock 0, n_failed_write_lock 0, n_failed_cmd_not_ready 0, n_failed_no_cmd 0, network size: 0, avg network size: 0, si_in_serializable: 0 0 %, local: 0 %, local_access: 1675684, local_cxl_access: 0 (0%), remote_access: 0, remote_access_with_req: 0 (nan%), data_move_in: 0, data_move_out: 0
I20260924 11:22:11.284570 1778568 Coordinator.h:310] commit: 166097 abort: 473 (0/473/0), persistence latency 0, txn latency 0, queued lock latency 0, lock latency 0, active_txns 0, n_failed_read_lock 0, n_failed_write_lock 0, n_failed_cmd_not_ready 0, n_failed_no_cmd 0, network size: 0, avg network size: 0, si_in_serializable: 0 0 %, local: 0 %, local_access: 1663362, local_cxl_access: 0 (0%), remote_access: 0, remote_access_with_req: 0 (nan%), data_move_in: 0, data_move_out: 0
I20260924 11:22:12.285630 1778568 Coordinator.h:310] commit: 167487 abort: 451 (0/451/0), persistence latency 0, txn latency 0, queued lock latency 0, lock latency 0, active_txns 0, n_failed_read_lock 0, n_failed_write_lock 0, n_failed_cmd_not_ready 0, n_failed_no_cmd 0, network size: 0, avg network size: 0, si_in_serializable: 0 0 %, local: 0 %, local_access: 1677103, local_cxl_access: 0 (0%), remote_access: 0, remote_access_with_req: 0 (nan%), data_move_in: 0, data_move_out: 0
I20260924 11:22:13.285804 1778568 Coordinator.h:310] commit: 167362 abort: 425 (0/425/0), persistence latency 0, txn latency 0, queued lock latency 0, lock latency 0, active_txns 0, n_failed_read_lock 0, n_failed_write_lock 0, n_failed_cmd_not_ready 0, n_failed_no_cmd 0, network size: 0, avg network size: 0, si_in_serializable: 0 0 %, local: 0 %, local_access: 1675794, local_cxl_access: 0 (0%), remote_access: 0, remote_access_with_req: 0 (nan%), data_move_in: 0, data_move_out: 0
I20260924 11:22:14.285925 1778568 Coordinator.h:310] commit: 168974 abort: 405 (0/405/0), persistence latency 0, txn latency 0, queued lock latency 0, lock latency 0, active_txns 0, n_failed_read_lock 0, n_failed_write_lock 0, n_failed_cmd_not_ready 0, n_failed_no_cmd 0, network size: 0, avg network size: 0, si_in_serializable: 0 0 %, local: 0 %, local_access: 1691867, local_cxl_access: 0 (0%), remote_access: 0, remote_access_with_req: 0 (nan%), data_move_in: 0, data_move_out: 0
I20260924 11:22:15.286499 1778568 Coordinator.h:310] commit: 168679 abort: 404 (0/404/0), persistence latency 0, txn latency 0, queued lock latency 0, lock latency 0, active_txns 0, n_failed_read_lock 0, n_failed_write_lock 0, n_failed_cmd_not_ready 0, n_failed_no_cmd 0, network size: 0, avg network size: 0, si_in_serializable: 0 0 %, local: 0 %, local_access: 1688841, local_cxl_access: 0 (0%), remote_access: 0, remote_access_with_req: 0 (nan%), data_move_in: 0, data_move_out: 0
I20260924 11:22:16.286752 1778568 Coordinator.h:310] commit: 168721 abort: 441 (0/441/0), persistence latency 0, txn latency 0, queued lock latency 0, lock latency 0, active_txns 0, n_failed_read_lock 0, n_failed_write_lock 0, n_failed_cmd_not_ready 0, n_failed_no_cmd 0, network size: 0, avg network size: 0, si_in_serializable: 0 0 %, local: 0 %, local_access: 1689475, local_cxl_access: 0 (0%), remote_access: 0, remote_access_with_req: 0 (nan%), data_move_in: 0, data_move_out: 0
I20260924 11:22:16.286796 1778568 Coordinator.h:348] average commit: 167690 abort: 432.1 (0/432.1/0), abort_rate: 0.00257015, network size: 0, avg network size: 0, si_in_serializable: 0 0 %, local: 0 %, local_access: 16791096, local_cxl_access: 0 (0%), remote_access: 0, remote_access_with_req: 0 (nan%), data_move_in: 0, data_move_out: 0
I20260924 11:22:16.286823 1778568 Executor.h:236] Worker 0 latency: 10 us (50%) 18 us (75%) 53 us (95%) 105 us (99%). dist txn latency: 0 us (50%) 0 us (75%) 0 us (95%) 0 us (99%)  avg 0 us . local txn latency: 10 us (50%) 18 us (75%) 56 us (95%) 106 us (99%)  avg 17 us. txn commit latency: 10 us (50%) 18 us (75%) 55 us (95%) 107 us (99%) avg 17 us.
 LOCAL txn stall 0 us,  local_work 14 us,  remote_work 0 us,  commit_work 0 us,  commit_prepare 0 us,  commit_persistence 0 us,  commit_write_back 0 us,  commit_replication 0 us,  commit_release_lock 0 us 
 DIST txn stall 0 us,  local_work 0 us,  remote_work 0 us,  commit_work 0 us,  commit_prepare 0 us,  commit_persistence 0 us,  commit_write_back 0 us,  commit_replication 0 us,  commit_release_lock 0 us 
I20260924 11:22:16.291925 1778568 Executor.h:267] message stats, type: 0 count: 0 total size: 0
I20260924 11:22:16.291937 1778568 Executor.h:267] message stats, type: 1 count: 0 total size: 0
I20260924 11:22:16.291941 1778568 Executor.h:267] message stats, type: 2 count: 0 total size: 0
I20260924 11:22:16.291945 1778568 Executor.h:267] message stats, type: 3 count: 0 total size: 0
I20260924 11:22:16.291949 1778568 Executor.h:267] message stats, type: 4 count: 0 total size: 0
I20260924 11:22:16.291952 1778568 Executor.h:267] message stats, type: 5 count: 0 total size: 0
I20260924 11:22:16.291956 1778568 Executor.h:267] message stats, type: 6 count: 0 total size: 0
I20260924 11:22:16.291960 1778568 Executor.h:267] message stats, type: 7 count: 0 total size: 0
I20260924 11:22:16.291963 1778568 Executor.h:267] message stats, type: 8 count: 0 total size: 0
I20260924 11:22:16.291967 1778568 Executor.h:267] message stats, type: 9 count: 0 total size: 0
I20260924 11:22:16.291970 1778568 Executor.h:267] message stats, type: 10 count: 0 total size: 0
I20260924 11:22:16.291975 1778568 Executor.h:267] message stats, type: 11 count: 0 total size: 0
I20260924 11:22:16.306775 1778642 Executor.h:231] Executor 1 exits.
I20260924 11:22:16.306775 1778643 Executor.h:231] Executor 2 exits.
I20260924 11:22:16.306777 1778644 Manager.h:230] Manager(worker id = 3) on the coordinator node exits.
I20260924 11:22:16.306775 1778641 Executor.h:231] Executor 0 exits.
I20260924 11:22:16.308286 1778568 Executor.h:236] Worker 1 latency: 10 us (50%) 18 us (75%) 53 us (95%) 107 us (99%). dist txn latency: 0 us (50%) 0 us (75%) 0 us (95%) 0 us (99%)  avg 0 us . local txn latency: 10 us (50%) 18 us (75%) 51 us (95%) 105 us (99%)  avg 17 us. txn commit latency: 10 us (50%) 18 us (75%) 53 us (95%) 107 us (99%) avg 17 us.
 LOCAL txn stall 0 us,  local_work 14 us,  remote_work 0 us,  commit_work 0 us,  commit_prepare 0 us,  commit_persistence 0 us,  commit_write_back 0 us,  commit_replication 0 us,  commit_release_lock 0 us 
 DIST txn stall 0 us,  local_work 0 us,  remote_work 0 us,  commit_work 0 us,  commit_prepare 0 us,  commit_persistence 0 us,  commit_write_back 0 us,  commit_replication 0 us,  commit_release_lock 0 us 
I20260924 11:22:16.314132 1778568 Executor.h:236] Worker 2 latency: 10 us (50%) 17 us (75%) 45 us (95%) 106 us (99%). dist txn latency: 0 us (50%) 0 us (75%) 0 us (95%) 0 us (99%)  avg 0 us . local txn latency: 10 us (50%) 17 us (75%) 43 us (95%) 107 us (99%)  avg 16 us. txn commit latency: 10 us (50%) 16 us (75%) 45 us (95%) 107 us (99%) avg 16 us.
 LOCAL txn stall 0 us,  local_work 13 us,  remote_work 0 us,  commit_work 0 us,  commit_prepare 0 us,  commit_persistence 0 us,  commit_write_back 0 us,  commit_replication 0 us,  commit_release_lock 0 us 
 DIST txn stall 0 us,  local_work 0 us,  remote_work 0 us,  commit_work 0 us,  commit_prepare 0 us,  commit_persistence 0 us,  commit_write_back 0 us,  commit_replication 0 us,  commit_release_lock 0 us 
I20260924 11:22:16.319537 1778568 CXLMemory.h:227] local CXL memory usage: size_index_usage: 0 size_metadata_usage: 0 size_data_usage: 0 size_transport_usage: 0 size_misc_usage: 0 total_size_hw_cc_usage: 0 total_usage: 0
I20260924 11:22:16.319551 1778568 Coordinator.h:639] Global Stats: total_commit: 335696 total_size_index_usage: 0 total_size_metadata_usage: 0 total_size_data_usage: 0 total_size_transport_usage: 0 total_size_misc_usage: 0 total_hw_cc_usage: 0 total_usage: 0
I20260924 11:22:17.320631 1778640 Dispatcher.h:292] Outgoing Dispatcher exits, network size: 132. msg_send_latency(50th) 0 msg_send_latency(75th) 0 msg_send_latency(95th) 0 msg_send_latency(99th) 0 msg_send_latency(avg) 0 msg_gen_to_sent_latency(50th) 0 msg_gen_to_sent_latency(75th) 0 msg_gen_to_sent_latency(95th) 0 msg_gen_to_sent_latency(99th) 0 msg_gen_to_queue_latency(50th) 0 msg_gen_to_queue_latency(75th) 0 msg_gen_to_queue_latency(95th) 0 msg_gen_to_queue_latency(99th) 0 msg_disp_ltc(50th) 0 msg_disp_ltc(75th) 0 msg_disp_ltc(95th) 0 msg_disp_ltc(99th) 0 msg_disp_ltc(100th) 0 send_ltc(50th) 0 send_ltc(75th) 0 send_ltc(95th) 0 send_ltc(99th) 0 send_ltc(100th) 0 send_ltc(avg) 0 sendto_cnt 2 network_size 132 network_msg_cnt 2 network_msg_group_size avg 0 50th 1 internal_network_size 0 internal_network_msg_cnt 0
I20260924 11:22:17.320617 1778639 Dispatcher.h:160] Incoming Dispatcher exits, network size: 252. socket_message_recv_latency(50th) 0 socket_message_recv_latency(75th) 0 socket_message_recv_latency(95th) 0 socket_message_recv_latency(99th) 0 internal_message_recv_latency(50th) 0 socket_message_recv_cnt 0 socket_read_syscall 0 internal_message_recv_cnt 0
I20260924 11:22:17.571425 1778568 Coordinator.h:158] round_trip_latency 38 (50th) 104 (75th) 110 (95th) 110 (99th) 
I20260924 11:22:20.879992 1778568 Coordinator.h:420] Coordinator exits.
TIGON_RUN_END run_id=cmp_001_y_rw95_c0_r1 host_id=0 status=ok exit_code=0
