TIGON_RUN_META system=ub workload=ycsb run_id=cmp_50_y_rw50_c100_r3 host_id=1 repetition=3 mode=one-sided query=rmw transport=ubq partitions=2 workers=3 keys=300000 rw_ratio=50 zipf=0.7 cross_ratio=100 neworder_dist= payment_dist= warmup_seconds=30 run_seconds=30 total_seconds=60 logging=off
I20260924 13:08:11.682569 1846493 bench_ycsb.cpp:68] RW_RATIO = 50, ZIPF_THETA = 0.7, CROSS_RATIO = 100
I20260924 13:08:11.682809 1846493 bench_ycsb.cpp:69] checkpoint 0 to 
I20260924 13:08:11.682816 1846493 bench_ycsb.cpp:70] cross_part_num 2
I20260924 13:08:11.682818 1846493 bench_ycsb.cpp:71] lotus_sp_parallel_exec_commit 0
I20260924 13:08:11.682822 1846493 bench_ycsb.cpp:72] granules_per_partition 1
I20260924 13:08:11.682826 1846493 bench_ycsb.cpp:73] keysPerGranule 300000
[2026-09-24 13:08:12.265 +08:00][ERROR][1846493][281473084149792][shm_ipc_command.cpp:183] IpcCallShmMap response error : 800
[2026-09-24 13:08:12.265 +08:00][ERROR][1846493][281473084149792][RackMemShm.cpp:322] Failed to mmap, name=u0f8b1f75_one-sided_rmw_ubq_0, mapSize=2147483648, ret=800
[2026-09-24 13:08:12.265 +08:00][ERROR][1846493][281473084149792][mxmem_shmem.cpp:473] Failed to mmap shared memory, ret=800
[2026-09-24 13:08:12.368 +08:00][ERROR][1846493][281473084149792][shm_ipc_command.cpp:183] IpcCallShmMap response error : 800
[2026-09-24 13:08:12.368 +08:00][ERROR][1846493][281473084149792][RackMemShm.cpp:322] Failed to mmap, name=u0f8b1f75_one-sided_rmw_ubq_0, mapSize=2147483648, ret=800
[2026-09-24 13:08:12.368 +08:00][ERROR][1846493][281473084149792][mxmem_shmem.cpp:473] Failed to mmap shared memory, ret=800
[2026-09-24 13:08:12.471 +08:00][ERROR][1846493][281473084149792][shm_ipc_command.cpp:183] IpcCallShmMap response error : 800
[2026-09-24 13:08:12.471 +08:00][ERROR][1846493][281473084149792][RackMemShm.cpp:322] Failed to mmap, name=u0f8b1f75_one-sided_rmw_ubq_0, mapSize=2147483648, ret=800
[2026-09-24 13:08:12.471 +08:00][ERROR][1846493][281473084149792][mxmem_shmem.cpp:473] Failed to mmap shared memory, ret=800
[2026-09-24 13:08:12.573 +08:00][ERROR][1846493][281473084149792][shm_ipc_command.cpp:183] IpcCallShmMap response error : 800
[2026-09-24 13:08:12.573 +08:00][ERROR][1846493][281473084149792][RackMemShm.cpp:322] Failed to mmap, name=u0f8b1f75_one-sided_rmw_ubq_0, mapSize=2147483648, ret=800
[2026-09-24 13:08:12.573 +08:00][ERROR][1846493][281473084149792][mxmem_shmem.cpp:473] Failed to mmap shared memory, ret=800
[2026-09-24 13:08:12.676 +08:00][ERROR][1846493][281473084149792][shm_ipc_command.cpp:183] IpcCallShmMap response error : 800
[2026-09-24 13:08:12.676 +08:00][ERROR][1846493][281473084149792][RackMemShm.cpp:322] Failed to mmap, name=u0f8b1f75_one-sided_rmw_ubq_0, mapSize=2147483648, ret=800
[2026-09-24 13:08:12.676 +08:00][ERROR][1846493][281473084149792][mxmem_shmem.cpp:473] Failed to mmap shared memory, ret=800
I20260924 13:08:12.823864 1846493 UBMemory.cpp:138] UB memory initialized: local_region=1 regions=2 mode=one-sided bytes_per_region=2147483648
I20260924 13:08:15.193223 1846493 Database.h:82] ycsb initialization finished in 2369 milliseconds.
I20260924 13:08:15.195050 1846493 Coordinator.h:459] Coordinator 1 initializes UB inbox with 4096 entries of 8192 bytes
I20260924 13:08:15.195118 1846493 Coordinator.h:100] WAL Group Commiting off. Log to file _non_group_commit.txt using Blackhole Logger
I20260924 13:08:15.195127 1846493 Coordinator.h:104] Coordinator initializes 3 workers.
I20260924 13:08:15.196053 1846531 Coordinator.h:505] Listener 0 on coordinator 1 listening on 76.53.137.99:10010 tcp_no_delay 1 tcp_quick_ack 0
I20260924 13:08:15.196084 1846493 Coordinator.h:551] Coordinator 1 failed to connect 0(76.53.137.98:10010)'s listener 0, retry in 5 seconds.
I20260924 13:08:15.299945 1846531 Socket.h:69] Disabling nagle
I20260924 13:08:15.299973 1846531 Coordinator.h:520] Listener accepted connection from coordinator 0
I20260924 13:08:15.299978 1846531 Coordinator.h:523] Listener 0 on coordinator 1 exits.
I20260924 13:08:20.197688 1846493 Socket.h:69] Disabling nagle
I20260924 13:08:20.197922 1846493 Coordinator.h:560] Coordinator 1 connected to 0
I20260924 13:08:20.198602 1846493 Coordinator.h:572] Coordinator 1 connected to all peers.
I20260924 13:08:20.198671 1846493 Dispatcher.h:41] IncomingDispatcher 0 coord_id 1
I20260924 13:08:20.198809 1846493 Dispatcher.h:234] OutgoingDispatcher 0 coord_id 1
I20260924 13:08:20.198921 1846493 Coordinator.h:669] pinned thread to core 0
I20260924 13:08:20.198963 1846548 Dispatcher.h:63] Incoming Dispatcher started, numCoordinators = 2, numWorkers = 3, group id = 0, coordinator = 1
I20260924 13:08:20.198968 1846493 Coordinator.h:669] pinned thread to core 1
I20260924 13:08:20.199169 1846493 Coordinator.h:219] Coordinator starts to run 4 workers.
I20260924 13:08:20.199214 1846493 Coordinator.h:669] pinned thread to core 2
I20260924 13:08:20.199292 1846493 Coordinator.h:669] pinned thread to core 3
I20260924 13:08:20.199342 1846549 Dispatcher.h:246] Outgoing Dispatcher started, numCoordinators = 2, numWorkers = 4, group id = 0
I20260924 13:08:20.199599 1846552 Executor.h:79] Executor 2 starts.
I20260924 13:08:20.199355 1846493 Coordinator.h:669] pinned thread to core 4
I20260924 13:08:20.199710 1846550 Executor.h:79] Executor 0 starts.
I20260924 13:08:20.200697 1846553 Manager.h:232] Manager(worker id = 3) on the non-coordinator node started.
I20260924 13:08:20.199719 1846551 Executor.h:79] Executor 1 starts.
I20260924 13:08:21.200452 1846493 Coordinator.h:310] commit: 7493 abort: 140 (0/140/0), persistence latency 0, txn latency 0, queued lock latency 0, lock latency 0, active_txns 0, n_failed_read_lock 0, n_failed_write_lock 0, n_failed_cmd_not_ready 0, n_failed_no_cmd 0, network size: 0, avg network size: 0, si_in_serializable: 0 0 %, local: 0 %, local_access: 37770, local_cxl_access: 0 (0%), remote_access: 37863, remote_access_with_req: 0 (0%), data_move_in: 0, data_move_out: 0
I20260924 13:08:22.200680 1846493 Coordinator.h:310] commit: 7551 abort: 140 (0/140/0), persistence latency 0, txn latency 0, queued lock latency 0, lock latency 0, active_txns 0, n_failed_read_lock 0, n_failed_write_lock 0, n_failed_cmd_not_ready 0, n_failed_no_cmd 0, network size: 0, avg network size: 0, si_in_serializable: 0 0 %, local: 0 %, local_access: 38048, local_cxl_access: 0 (0%), remote_access: 38119, remote_access_with_req: 0 (0%), data_move_in: 0, data_move_out: 0
I20260924 13:08:23.200775 1846493 Coordinator.h:310] commit: 7588 abort: 131 (0/131/0), persistence latency 0, txn latency 0, queued lock latency 0, lock latency 0, active_txns 0, n_failed_read_lock 0, n_failed_write_lock 0, n_failed_cmd_not_ready 0, n_failed_no_cmd 0, network size: 0, avg network size: 0, si_in_serializable: 0 0 %, local: 0 %, local_access: 38184, local_cxl_access: 0 (0%), remote_access: 38257, remote_access_with_req: 0 (0%), data_move_in: 0, data_move_out: 0
I20260924 13:08:24.200876 1846493 Coordinator.h:310] commit: 7585 abort: 144 (0/144/0), persistence latency 0, txn latency 0, queued lock latency 0, lock latency 0, active_txns 0, n_failed_read_lock 0, n_failed_write_lock 0, n_failed_cmd_not_ready 0, n_failed_no_cmd 0, network size: 0, avg network size: 0, si_in_serializable: 0 0 %, local: 0 %, local_access: 38199, local_cxl_access: 0 (0%), remote_access: 38302, remote_access_with_req: 0 (0%), data_move_in: 0, data_move_out: 0
I20260924 13:08:25.200974 1846493 Coordinator.h:310] commit: 7561 abort: 126 (0/126/0), persistence latency 0, txn latency 0, queued lock latency 0, lock latency 0, active_txns 0, n_failed_read_lock 0, n_failed_write_lock 0, n_failed_cmd_not_ready 0, n_failed_no_cmd 0, network size: 0, avg network size: 0, si_in_serializable: 0 0 %, local: 0 %, local_access: 38094, local_cxl_access: 0 (0%), remote_access: 38158, remote_access_with_req: 0 (0%), data_move_in: 0, data_move_out: 0
I20260924 13:08:26.201071 1846493 Coordinator.h:310] commit: 7561 abort: 161 (0/161/0), persistence latency 0, txn latency 0, queued lock latency 0, lock latency 0, active_txns 0, n_failed_read_lock 0, n_failed_write_lock 0, n_failed_cmd_not_ready 0, n_failed_no_cmd 0, network size: 0, avg network size: 0, si_in_serializable: 0 0 %, local: 0 %, local_access: 38112, local_cxl_access: 0 (0%), remote_access: 38211, remote_access_with_req: 0 (0%), data_move_in: 0, data_move_out: 0
I20260924 13:08:27.201287 1846493 Coordinator.h:310] commit: 7577 abort: 146 (0/146/0), persistence latency 0, txn latency 0, queued lock latency 0, lock latency 0, active_txns 0, n_failed_read_lock 0, n_failed_write_lock 0, n_failed_cmd_not_ready 0, n_failed_no_cmd 0, network size: 0, avg network size: 0, si_in_serializable: 0 0 %, local: 0 %, local_access: 38203, local_cxl_access: 0 (0%), remote_access: 38282, remote_access_with_req: 0 (0%), data_move_in: 0, data_move_out: 0
I20260924 13:08:28.201383 1846493 Coordinator.h:310] commit: 7582 abort: 124 (0/124/0), persistence latency 0, txn latency 0, queued lock latency 0, lock latency 0, active_txns 0, n_failed_read_lock 0, n_failed_write_lock 0, n_failed_cmd_not_ready 0, n_failed_no_cmd 0, network size: 0, avg network size: 0, si_in_serializable: 0 0 %, local: 0 %, local_access: 38170, local_cxl_access: 0 (0%), remote_access: 38247, remote_access_with_req: 0 (0%), data_move_in: 0, data_move_out: 0
I20260924 13:08:29.201479 1846493 Coordinator.h:310] commit: 7562 abort: 168 (0/168/0), persistence latency 0, txn latency 0, queued lock latency 0, lock latency 0, active_txns 0, n_failed_read_lock 0, n_failed_write_lock 0, n_failed_cmd_not_ready 0, n_failed_no_cmd 0, network size: 0, avg network size: 0, si_in_serializable: 0 0 %, local: 0 %, local_access: 38110, local_cxl_access: 0 (0%), remote_access: 38215, remote_access_with_req: 0 (0%), data_move_in: 0, data_move_out: 0
I20260924 13:08:30.203629 1846493 Coordinator.h:310] commit: 7601 abort: 149 (0/149/0), persistence latency 0, txn latency 0, queued lock latency 0, lock latency 0, active_txns 0, n_failed_read_lock 0, n_failed_write_lock 0, n_failed_cmd_not_ready 0, n_failed_no_cmd 0, network size: 0, avg network size: 0, si_in_serializable: 0 0 %, local: 0 %, local_access: 38296, local_cxl_access: 0 (0%), remote_access: 38361, remote_access_with_req: 0 (0%), data_move_in: 0, data_move_out: 0
I20260924 13:08:31.203758 1846493 Coordinator.h:310] commit: 7628 abort: 132 (0/132/0), persistence latency 0, txn latency 0, queued lock latency 0, lock latency 0, active_txns 0, n_failed_read_lock 0, n_failed_write_lock 0, n_failed_cmd_not_ready 0, n_failed_no_cmd 0, network size: 0, avg network size: 0, si_in_serializable: 0 0 %, local: 0 %, local_access: 38411, local_cxl_access: 0 (0%), remote_access: 38478, remote_access_with_req: 0 (0%), data_move_in: 0, data_move_out: 0
I20260924 13:08:32.203980 1846493 Coordinator.h:310] commit: 7630 abort: 115 (0/115/0), persistence latency 0, txn latency 0, queued lock latency 0, lock latency 0, active_txns 0, n_failed_read_lock 0, n_failed_write_lock 0, n_failed_cmd_not_ready 0, n_failed_no_cmd 0, network size: 0, avg network size: 0, si_in_serializable: 0 0 %, local: 0 %, local_access: 38389, local_cxl_access: 0 (0%), remote_access: 38450, remote_access_with_req: 0 (0%), data_move_in: 0, data_move_out: 0
I20260924 13:08:33.204208 1846493 Coordinator.h:310] commit: 7616 abort: 132 (0/132/0), persistence latency 0, txn latency 0, queued lock latency 0, lock latency 0, active_txns 0, n_failed_read_lock 0, n_failed_write_lock 0, n_failed_cmd_not_ready 0, n_failed_no_cmd 0, network size: 0, avg network size: 0, si_in_serializable: 0 0 %, local: 0 %, local_access: 38374, local_cxl_access: 0 (0%), remote_access: 38441, remote_access_with_req: 0 (0%), data_move_in: 0, data_move_out: 0
I20260924 13:08:34.204452 1846493 Coordinator.h:310] commit: 7614 abort: 140 (0/140/0), persistence latency 0, txn latency 0, queued lock latency 0, lock latency 0, active_txns 0, n_failed_read_lock 0, n_failed_write_lock 0, n_failed_cmd_not_ready 0, n_failed_no_cmd 0, network size: 0, avg network size: 0, si_in_serializable: 0 0 %, local: 0 %, local_access: 38338, local_cxl_access: 0 (0%), remote_access: 38413, remote_access_with_req: 0 (0%), data_move_in: 0, data_move_out: 0
I20260924 13:08:35.204551 1846493 Coordinator.h:310] commit: 7617 abort: 128 (0/128/0), persistence latency 0, txn latency 0, queued lock latency 0, lock latency 0, active_txns 0, n_failed_read_lock 0, n_failed_write_lock 0, n_failed_cmd_not_ready 0, n_failed_no_cmd 0, network size: 0, avg network size: 0, si_in_serializable: 0 0 %, local: 0 %, local_access: 38376, local_cxl_access: 0 (0%), remote_access: 38441, remote_access_with_req: 0 (0%), data_move_in: 0, data_move_out: 0
I20260924 13:08:36.204662 1846493 Coordinator.h:310] commit: 7604 abort: 142 (0/142/0), persistence latency 0, txn latency 0, queued lock latency 0, lock latency 0, active_txns 0, n_failed_read_lock 0, n_failed_write_lock 0, n_failed_cmd_not_ready 0, n_failed_no_cmd 0, network size: 0, avg network size: 0, si_in_serializable: 0 0 %, local: 0 %, local_access: 38328, local_cxl_access: 0 (0%), remote_access: 38388, remote_access_with_req: 0 (0%), data_move_in: 0, data_move_out: 0
I20260924 13:08:37.204882 1846493 Coordinator.h:310] commit: 7614 abort: 155 (0/155/0), persistence latency 0, txn latency 0, queued lock latency 0, lock latency 0, active_txns 0, n_failed_read_lock 0, n_failed_write_lock 0, n_failed_cmd_not_ready 0, n_failed_no_cmd 0, network size: 0, avg network size: 0, si_in_serializable: 0 0 %, local: 0 %, local_access: 38403, local_cxl_access: 0 (0%), remote_access: 38489, remote_access_with_req: 0 (0%), data_move_in: 0, data_move_out: 0
I20260924 13:08:38.205108 1846493 Coordinator.h:310] commit: 7609 abort: 143 (0/143/0), persistence latency 0, txn latency 0, queued lock latency 0, lock latency 0, active_txns 0, n_failed_read_lock 0, n_failed_write_lock 0, n_failed_cmd_not_ready 0, n_failed_no_cmd 0, network size: 0, avg network size: 0, si_in_serializable: 0 0 %, local: 0 %, local_access: 38375, local_cxl_access: 0 (0%), remote_access: 38443, remote_access_with_req: 0 (0%), data_move_in: 0, data_move_out: 0
I20260924 13:08:39.205345 1846493 Coordinator.h:310] commit: 7626 abort: 158 (0/158/0), persistence latency 0, txn latency 0, queued lock latency 0, lock latency 0, active_txns 0, n_failed_read_lock 0, n_failed_write_lock 0, n_failed_cmd_not_ready 0, n_failed_no_cmd 0, network size: 0, avg network size: 0, si_in_serializable: 0 0 %, local: 0 %, local_access: 38418, local_cxl_access: 0 (0%), remote_access: 38502, remote_access_with_req: 0 (0%), data_move_in: 0, data_move_out: 0
I20260924 13:08:40.205704 1846493 Coordinator.h:310] commit: 7628 abort: 152 (0/152/0), persistence latency 0, txn latency 0, queued lock latency 0, lock latency 0, active_txns 0, n_failed_read_lock 0, n_failed_write_lock 0, n_failed_cmd_not_ready 0, n_failed_no_cmd 0, network size: 0, avg network size: 0, si_in_serializable: 0 0 %, local: 0 %, local_access: 38445, local_cxl_access: 0 (0%), remote_access: 38542, remote_access_with_req: 0 (0%), data_move_in: 0, data_move_out: 0
I20260924 13:08:41.207440 1846493 Coordinator.h:310] commit: 7630 abort: 162 (0/162/0), persistence latency 0, txn latency 0, queued lock latency 0, lock latency 0, active_txns 0, n_failed_read_lock 0, n_failed_write_lock 0, n_failed_cmd_not_ready 0, n_failed_no_cmd 0, network size: 0, avg network size: 0, si_in_serializable: 0 0 %, local: 0 %, local_access: 38473, local_cxl_access: 0 (0%), remote_access: 38563, remote_access_with_req: 0 (0%), data_move_in: 0, data_move_out: 0
I20260924 13:08:42.207665 1846493 Coordinator.h:310] commit: 7609 abort: 156 (0/156/0), persistence latency 0, txn latency 0, queued lock latency 0, lock latency 0, active_txns 0, n_failed_read_lock 0, n_failed_write_lock 0, n_failed_cmd_not_ready 0, n_failed_no_cmd 0, network size: 0, avg network size: 0, si_in_serializable: 0 0 %, local: 0 %, local_access: 38355, local_cxl_access: 0 (0%), remote_access: 38438, remote_access_with_req: 0 (0%), data_move_in: 0, data_move_out: 0
I20260924 13:08:43.207888 1846493 Coordinator.h:310] commit: 7624 abort: 159 (0/159/0), persistence latency 0, txn latency 0, queued lock latency 0, lock latency 0, active_txns 0, n_failed_read_lock 0, n_failed_write_lock 0, n_failed_cmd_not_ready 0, n_failed_no_cmd 0, network size: 0, avg network size: 0, si_in_serializable: 0 0 %, local: 0 %, local_access: 38435, local_cxl_access: 0 (0%), remote_access: 38524, remote_access_with_req: 0 (0%), data_move_in: 0, data_move_out: 0
I20260924 13:08:44.208020 1846493 Coordinator.h:310] commit: 7576 abort: 146 (0/146/0), persistence latency 0, txn latency 0, queued lock latency 0, lock latency 0, active_txns 0, n_failed_read_lock 0, n_failed_write_lock 0, n_failed_cmd_not_ready 0, n_failed_no_cmd 0, network size: 0, avg network size: 0, si_in_serializable: 0 0 %, local: 0 %, local_access: 38209, local_cxl_access: 0 (0%), remote_access: 38283, remote_access_with_req: 0 (0%), data_move_in: 0, data_move_out: 0
I20260924 13:08:45.208137 1846493 Coordinator.h:310] commit: 7583 abort: 153 (0/153/0), persistence latency 0, txn latency 0, queued lock latency 0, lock latency 0, active_txns 0, n_failed_read_lock 0, n_failed_write_lock 0, n_failed_cmd_not_ready 0, n_failed_no_cmd 0, network size: 0, avg network size: 0, si_in_serializable: 0 0 %, local: 0 %, local_access: 38232, local_cxl_access: 0 (0%), remote_access: 38308, remote_access_with_req: 0 (0%), data_move_in: 0, data_move_out: 0
I20260924 13:08:46.208364 1846493 Coordinator.h:310] commit: 7607 abort: 149 (0/149/0), persistence latency 0, txn latency 0, queued lock latency 0, lock latency 0, active_txns 0, n_failed_read_lock 0, n_failed_write_lock 0, n_failed_cmd_not_ready 0, n_failed_no_cmd 0, network size: 0, avg network size: 0, si_in_serializable: 0 0 %, local: 0 %, local_access: 38366, local_cxl_access: 0 (0%), remote_access: 38455, remote_access_with_req: 0 (0%), data_move_in: 0, data_move_out: 0
I20260924 13:08:47.208590 1846493 Coordinator.h:310] commit: 7607 abort: 151 (0/151/0), persistence latency 0, txn latency 0, queued lock latency 0, lock latency 0, active_txns 0, n_failed_read_lock 0, n_failed_write_lock 0, n_failed_cmd_not_ready 0, n_failed_no_cmd 0, network size: 0, avg network size: 0, si_in_serializable: 0 0 %, local: 0 %, local_access: 38381, local_cxl_access: 0 (0%), remote_access: 38461, remote_access_with_req: 0 (0%), data_move_in: 0, data_move_out: 0
I20260924 13:08:48.208813 1846493 Coordinator.h:310] commit: 7581 abort: 143 (0/143/0), persistence latency 0, txn latency 0, queued lock latency 0, lock latency 0, active_txns 0, n_failed_read_lock 0, n_failed_write_lock 0, n_failed_cmd_not_ready 0, n_failed_no_cmd 0, network size: 0, avg network size: 0, si_in_serializable: 0 0 %, local: 0 %, local_access: 38231, local_cxl_access: 0 (0%), remote_access: 38313, remote_access_with_req: 0 (0%), data_move_in: 0, data_move_out: 0
I20260924 13:08:49.208909 1846493 Coordinator.h:310] commit: 7611 abort: 144 (0/144/0), persistence latency 0, txn latency 0, queued lock latency 0, lock latency 0, active_txns 0, n_failed_read_lock 0, n_failed_write_lock 0, n_failed_cmd_not_ready 0, n_failed_no_cmd 0, network size: 0, avg network size: 0, si_in_serializable: 0 0 %, local: 0 %, local_access: 38351, local_cxl_access: 0 (0%), remote_access: 38426, remote_access_with_req: 0 (0%), data_move_in: 0, data_move_out: 0
I20260924 13:08:50.209131 1846493 Coordinator.h:310] commit: 7600 abort: 129 (0/129/0), persistence latency 0, txn latency 0, queued lock latency 0, lock latency 0, active_txns 0, n_failed_read_lock 0, n_failed_write_lock 0, n_failed_cmd_not_ready 0, n_failed_no_cmd 0, network size: 0, avg network size: 0, si_in_serializable: 0 0 %, local: 0 %, local_access: 38272, local_cxl_access: 0 (0%), remote_access: 38334, remote_access_with_req: 0 (0%), data_move_in: 0, data_move_out: 0
I20260924 13:08:51.209224 1846493 Coordinator.h:310] commit: 7631 abort: 121 (0/121/0), persistence latency 0, txn latency 0, queued lock latency 0, lock latency 0, active_txns 0, n_failed_read_lock 0, n_failed_write_lock 0, n_failed_cmd_not_ready 0, n_failed_no_cmd 0, network size: 0, avg network size: 0, si_in_serializable: 0 0 %, local: 0 %, local_access: 38446, local_cxl_access: 0 (0%), remote_access: 38501, remote_access_with_req: 0 (0%), data_move_in: 0, data_move_out: 0
I20260924 13:08:52.209445 1846493 Coordinator.h:310] commit: 7588 abort: 163 (0/163/0), persistence latency 0, txn latency 0, queued lock latency 0, lock latency 0, active_txns 0, n_failed_read_lock 0, n_failed_write_lock 0, n_failed_cmd_not_ready 0, n_failed_no_cmd 0, network size: 0, avg network size: 0, si_in_serializable: 0 0 %, local: 0 %, local_access: 38273, local_cxl_access: 0 (0%), remote_access: 38365, remote_access_with_req: 0 (0%), data_move_in: 0, data_move_out: 0
I20260924 13:08:53.211375 1846493 Coordinator.h:310] commit: 7617 abort: 128 (0/128/0), persistence latency 0, txn latency 0, queued lock latency 0, lock latency 0, active_txns 0, n_failed_read_lock 0, n_failed_write_lock 0, n_failed_cmd_not_ready 0, n_failed_no_cmd 0, network size: 0, avg network size: 0, si_in_serializable: 0 0 %, local: 0 %, local_access: 38350, local_cxl_access: 0 (0%), remote_access: 38416, remote_access_with_req: 0 (0%), data_move_in: 0, data_move_out: 0
I20260924 13:08:54.211483 1846493 Coordinator.h:310] commit: 7576 abort: 147 (0/147/0), persistence latency 0, txn latency 0, queued lock latency 0, lock latency 0, active_txns 0, n_failed_read_lock 0, n_failed_write_lock 0, n_failed_cmd_not_ready 0, n_failed_no_cmd 0, network size: 0, avg network size: 0, si_in_serializable: 0 0 %, local: 0 %, local_access: 38147, local_cxl_access: 0 (0%), remote_access: 38241, remote_access_with_req: 0 (0%), data_move_in: 0, data_move_out: 0
I20260924 13:08:55.211613 1846493 Coordinator.h:310] commit: 7597 abort: 160 (0/160/0), persistence latency 0, txn latency 0, queued lock latency 0, lock latency 0, active_txns 0, n_failed_read_lock 0, n_failed_write_lock 0, n_failed_cmd_not_ready 0, n_failed_no_cmd 0, network size: 0, avg network size: 0, si_in_serializable: 0 0 %, local: 0 %, local_access: 38287, local_cxl_access: 0 (0%), remote_access: 38386, remote_access_with_req: 0 (0%), data_move_in: 0, data_move_out: 0
I20260924 13:08:56.211743 1846493 Coordinator.h:310] commit: 7617 abort: 145 (0/145/0), persistence latency 0, txn latency 0, queued lock latency 0, lock latency 0, active_txns 0, n_failed_read_lock 0, n_failed_write_lock 0, n_failed_cmd_not_ready 0, n_failed_no_cmd 0, network size: 0, avg network size: 0, si_in_serializable: 0 0 %, local: 0 %, local_access: 38357, local_cxl_access: 0 (0%), remote_access: 38443, remote_access_with_req: 0 (0%), data_move_in: 0, data_move_out: 0
I20260924 13:08:57.211838 1846493 Coordinator.h:310] commit: 7646 abort: 101 (0/101/0), persistence latency 0, txn latency 0, queued lock latency 0, lock latency 0, active_txns 0, n_failed_read_lock 0, n_failed_write_lock 0, n_failed_cmd_not_ready 0, n_failed_no_cmd 0, network size: 0, avg network size: 0, si_in_serializable: 0 0 %, local: 0 %, local_access: 38434, local_cxl_access: 0 (0%), remote_access: 38487, remote_access_with_req: 0 (0%), data_move_in: 0, data_move_out: 0
I20260924 13:08:58.211931 1846493 Coordinator.h:310] commit: 7606 abort: 147 (0/147/0), persistence latency 0, txn latency 0, queued lock latency 0, lock latency 0, active_txns 0, n_failed_read_lock 0, n_failed_write_lock 0, n_failed_cmd_not_ready 0, n_failed_no_cmd 0, network size: 0, avg network size: 0, si_in_serializable: 0 0 %, local: 0 %, local_access: 38326, local_cxl_access: 0 (0%), remote_access: 38393, remote_access_with_req: 0 (0%), data_move_in: 0, data_move_out: 0
I20260924 13:08:59.212051 1846493 Coordinator.h:310] commit: 7643 abort: 113 (0/113/0), persistence latency 0, txn latency 0, queued lock latency 0, lock latency 0, active_txns 0, n_failed_read_lock 0, n_failed_write_lock 0, n_failed_cmd_not_ready 0, n_failed_no_cmd 0, network size: 0, avg network size: 0, si_in_serializable: 0 0 %, local: 0 %, local_access: 38443, local_cxl_access: 0 (0%), remote_access: 38505, remote_access_with_req: 0 (0%), data_move_in: 0, data_move_out: 0
I20260924 13:09:00.212276 1846493 Coordinator.h:310] commit: 7622 abort: 121 (0/121/0), persistence latency 0, txn latency 0, queued lock latency 0, lock latency 0, active_txns 0, n_failed_read_lock 0, n_failed_write_lock 0, n_failed_cmd_not_ready 0, n_failed_no_cmd 0, network size: 0, avg network size: 0, si_in_serializable: 0 0 %, local: 0 %, local_access: 38365, local_cxl_access: 0 (0%), remote_access: 38425, remote_access_with_req: 0 (0%), data_move_in: 0, data_move_out: 0
I20260924 13:09:01.212500 1846493 Coordinator.h:310] commit: 7637 abort: 130 (0/130/0), persistence latency 0, txn latency 0, queued lock latency 0, lock latency 0, active_txns 0, n_failed_read_lock 0, n_failed_write_lock 0, n_failed_cmd_not_ready 0, n_failed_no_cmd 0, network size: 0, avg network size: 0, si_in_serializable: 0 0 %, local: 0 %, local_access: 38457, local_cxl_access: 0 (0%), remote_access: 38534, remote_access_with_req: 0 (0%), data_move_in: 0, data_move_out: 0
I20260924 13:09:02.212723 1846493 Coordinator.h:310] commit: 7654 abort: 108 (0/108/0), persistence latency 0, txn latency 0, queued lock latency 0, lock latency 0, active_txns 0, n_failed_read_lock 0, n_failed_write_lock 0, n_failed_cmd_not_ready 0, n_failed_no_cmd 0, network size: 0, avg network size: 0, si_in_serializable: 0 0 %, local: 0 %, local_access: 38508, local_cxl_access: 0 (0%), remote_access: 38567, remote_access_with_req: 0 (0%), data_move_in: 0, data_move_out: 0
I20260924 13:09:03.212963 1846493 Coordinator.h:310] commit: 7576 abort: 148 (0/148/0), persistence latency 0, txn latency 0, queued lock latency 0, lock latency 0, active_txns 0, n_failed_read_lock 0, n_failed_write_lock 0, n_failed_cmd_not_ready 0, n_failed_no_cmd 0, network size: 0, avg network size: 0, si_in_serializable: 0 0 %, local: 0 %, local_access: 38181, local_cxl_access: 0 (0%), remote_access: 38262, remote_access_with_req: 0 (0%), data_move_in: 0, data_move_out: 0
I20260924 13:09:04.213096 1846493 Coordinator.h:310] commit: 7575 abort: 94 (0/94/0), persistence latency 0, txn latency 0, queued lock latency 0, lock latency 0, active_txns 0, n_failed_read_lock 0, n_failed_write_lock 0, n_failed_cmd_not_ready 0, n_failed_no_cmd 0, network size: 0, avg network size: 0, si_in_serializable: 0 0 %, local: 0 %, local_access: 38045, local_cxl_access: 0 (0%), remote_access: 38102, remote_access_with_req: 0 (0%), data_move_in: 0, data_move_out: 0
I20260924 13:09:05.213202 1846493 Coordinator.h:310] commit: 7573 abort: 130 (0/130/0), persistence latency 0, txn latency 0, queued lock latency 0, lock latency 0, active_txns 0, n_failed_read_lock 0, n_failed_write_lock 0, n_failed_cmd_not_ready 0, n_failed_no_cmd 0, network size: 0, avg network size: 0, si_in_serializable: 0 0 %, local: 0 %, local_access: 38188, local_cxl_access: 0 (0%), remote_access: 38250, remote_access_with_req: 0 (0%), data_move_in: 0, data_move_out: 0
I20260924 13:09:06.213423 1846493 Coordinator.h:310] commit: 7592 abort: 116 (0/116/0), persistence latency 0, txn latency 0, queued lock latency 0, lock latency 0, active_txns 0, n_failed_read_lock 0, n_failed_write_lock 0, n_failed_cmd_not_ready 0, n_failed_no_cmd 0, network size: 0, avg network size: 0, si_in_serializable: 0 0 %, local: 0 %, local_access: 38214, local_cxl_access: 0 (0%), remote_access: 38286, remote_access_with_req: 0 (0%), data_move_in: 0, data_move_out: 0
I20260924 13:09:07.214928 1846493 Coordinator.h:310] commit: 7603 abort: 144 (0/144/0), persistence latency 0, txn latency 0, queued lock latency 0, lock latency 0, active_txns 0, n_failed_read_lock 0, n_failed_write_lock 0, n_failed_cmd_not_ready 0, n_failed_no_cmd 0, network size: 0, avg network size: 0, si_in_serializable: 0 0 %, local: 0 %, local_access: 38305, local_cxl_access: 0 (0%), remote_access: 38397, remote_access_with_req: 0 (0%), data_move_in: 0, data_move_out: 0
I20260924 13:09:08.215561 1846493 Coordinator.h:310] commit: 7552 abort: 153 (0/153/0), persistence latency 0, txn latency 0, queued lock latency 0, lock latency 0, active_txns 0, n_failed_read_lock 0, n_failed_write_lock 0, n_failed_cmd_not_ready 0, n_failed_no_cmd 0, network size: 0, avg network size: 0, si_in_serializable: 0 0 %, local: 0 %, local_access: 38069, local_cxl_access: 0 (0%), remote_access: 38155, remote_access_with_req: 0 (0%), data_move_in: 0, data_move_out: 0
I20260924 13:09:09.215795 1846493 Coordinator.h:310] commit: 7590 abort: 101 (0/101/0), persistence latency 0, txn latency 0, queued lock latency 0, lock latency 0, active_txns 0, n_failed_read_lock 0, n_failed_write_lock 0, n_failed_cmd_not_ready 0, n_failed_no_cmd 0, network size: 0, avg network size: 0, si_in_serializable: 0 0 %, local: 0 %, local_access: 38196, local_cxl_access: 0 (0%), remote_access: 38251, remote_access_with_req: 0 (0%), data_move_in: 0, data_move_out: 0
I20260924 13:09:10.215919 1846493 Coordinator.h:310] commit: 7555 abort: 120 (0/120/0), persistence latency 0, txn latency 0, queued lock latency 0, lock latency 0, active_txns 0, n_failed_read_lock 0, n_failed_write_lock 0, n_failed_cmd_not_ready 0, n_failed_no_cmd 0, network size: 0, avg network size: 0, si_in_serializable: 0 0 %, local: 0 %, local_access: 38044, local_cxl_access: 0 (0%), remote_access: 38106, remote_access_with_req: 0 (0%), data_move_in: 0, data_move_out: 0
I20260924 13:09:11.216012 1846493 Coordinator.h:310] commit: 7577 abort: 147 (0/147/0), persistence latency 0, txn latency 0, queued lock latency 0, lock latency 0, active_txns 0, n_failed_read_lock 0, n_failed_write_lock 0, n_failed_cmd_not_ready 0, n_failed_no_cmd 0, network size: 0, avg network size: 0, si_in_serializable: 0 0 %, local: 0 %, local_access: 38219, local_cxl_access: 0 (0%), remote_access: 38305, remote_access_with_req: 0 (0%), data_move_in: 0, data_move_out: 0
I20260924 13:09:12.216233 1846493 Coordinator.h:310] commit: 7563 abort: 146 (0/146/0), persistence latency 0, txn latency 0, queued lock latency 0, lock latency 0, active_txns 0, n_failed_read_lock 0, n_failed_write_lock 0, n_failed_cmd_not_ready 0, n_failed_no_cmd 0, network size: 0, avg network size: 0, si_in_serializable: 0 0 %, local: 0 %, local_access: 38169, local_cxl_access: 0 (0%), remote_access: 38238, remote_access_with_req: 0 (0%), data_move_in: 0, data_move_out: 0
I20260924 13:09:13.216459 1846493 Coordinator.h:310] commit: 7570 abort: 153 (0/153/0), persistence latency 0, txn latency 0, queued lock latency 0, lock latency 0, active_txns 0, n_failed_read_lock 0, n_failed_write_lock 0, n_failed_cmd_not_ready 0, n_failed_no_cmd 0, network size: 0, avg network size: 0, si_in_serializable: 0 0 %, local: 0 %, local_access: 38119, local_cxl_access: 0 (0%), remote_access: 38218, remote_access_with_req: 0 (0%), data_move_in: 0, data_move_out: 0
I20260924 13:09:14.216562 1846493 Coordinator.h:310] commit: 7551 abort: 135 (0/135/0), persistence latency 0, txn latency 0, queued lock latency 0, lock latency 0, active_txns 0, n_failed_read_lock 0, n_failed_write_lock 0, n_failed_cmd_not_ready 0, n_failed_no_cmd 0, network size: 0, avg network size: 0, si_in_serializable: 0 0 %, local: 0 %, local_access: 38031, local_cxl_access: 0 (0%), remote_access: 38093, remote_access_with_req: 0 (0%), data_move_in: 0, data_move_out: 0
I20260924 13:09:15.216799 1846493 Coordinator.h:310] commit: 7603 abort: 129 (0/129/0), persistence latency 0, txn latency 0, queued lock latency 0, lock latency 0, active_txns 0, n_failed_read_lock 0, n_failed_write_lock 0, n_failed_cmd_not_ready 0, n_failed_no_cmd 0, network size: 0, avg network size: 0, si_in_serializable: 0 0 %, local: 0 %, local_access: 38256, local_cxl_access: 0 (0%), remote_access: 38337, remote_access_with_req: 0 (0%), data_move_in: 0, data_move_out: 0
I20260924 13:09:16.217023 1846493 Coordinator.h:310] commit: 7539 abort: 192 (0/192/0), persistence latency 0, txn latency 0, queued lock latency 0, lock latency 0, active_txns 0, n_failed_read_lock 0, n_failed_write_lock 0, n_failed_cmd_not_ready 0, n_failed_no_cmd 0, network size: 0, avg network size: 0, si_in_serializable: 0 0 %, local: 0 %, local_access: 38087, local_cxl_access: 0 (0%), remote_access: 38210, remote_access_with_req: 0 (0%), data_move_in: 0, data_move_out: 0
I20260924 13:09:17.217119 1846493 Coordinator.h:310] commit: 7595 abort: 118 (0/118/0), persistence latency 0, txn latency 0, queued lock latency 0, lock latency 0, active_txns 0, n_failed_read_lock 0, n_failed_write_lock 0, n_failed_cmd_not_ready 0, n_failed_no_cmd 0, network size: 0, avg network size: 0, si_in_serializable: 0 0 %, local: 0 %, local_access: 38261, local_cxl_access: 0 (0%), remote_access: 38323, remote_access_with_req: 0 (0%), data_move_in: 0, data_move_out: 0
I20260924 13:09:18.217216 1846493 Coordinator.h:310] commit: 7582 abort: 137 (0/137/0), persistence latency 0, txn latency 0, queued lock latency 0, lock latency 0, active_txns 0, n_failed_read_lock 0, n_failed_write_lock 0, n_failed_cmd_not_ready 0, n_failed_no_cmd 0, network size: 0, avg network size: 0, si_in_serializable: 0 0 %, local: 0 %, local_access: 38193, local_cxl_access: 0 (0%), remote_access: 38250, remote_access_with_req: 0 (0%), data_move_in: 0, data_move_out: 0
I20260924 13:09:19.217311 1846493 Coordinator.h:310] commit: 7570 abort: 175 (0/175/0), persistence latency 0, txn latency 0, queued lock latency 0, lock latency 0, active_txns 0, n_failed_read_lock 0, n_failed_write_lock 0, n_failed_cmd_not_ready 0, n_failed_no_cmd 0, network size: 0, avg network size: 0, si_in_serializable: 0 0 %, local: 0 %, local_access: 38226, local_cxl_access: 0 (0%), remote_access: 38309, remote_access_with_req: 0 (0%), data_move_in: 0, data_move_out: 0
I20260924 13:09:20.216543 1846550 Executor.h:231] Executor 0 exits.
I20260924 13:09:20.216545 1846553 Manager.h:234] Manager(worker id = 3) on the non-coordinator node exits.
I20260924 13:09:20.216543 1846551 Executor.h:231] Executor 1 exits.
I20260924 13:09:20.216543 1846552 Executor.h:231] Executor 2 exits.
I20260924 13:09:20.217707 1846493 Coordinator.h:310] commit: 7562 abort: 139 (0/139/0), persistence latency 0, txn latency 0, queued lock latency 0, lock latency 0, active_txns 0, n_failed_read_lock 0, n_failed_write_lock 0, n_failed_cmd_not_ready 0, n_failed_no_cmd 0, network size: 0, avg network size: 0, si_in_serializable: 0 0 %, local: 0 %, local_access: 38108, local_cxl_access: 0 (0%), remote_access: 38174, remote_access_with_req: 0 (0%), data_move_in: 0, data_move_out: 0
I20260924 13:09:20.217835 1846493 Coordinator.h:348] average commit: 7592.07 abort: 135.367 (0/135.367/0), abort_rate: 0.0175177, network size: 0, avg network size: 0, si_in_serializable: 0 0 %, local: 0 %, local_access: 1147304, local_cxl_access: 0 (0%), remote_access: 1149529, remote_access_with_req: 0 (0%), data_move_in: 0, data_move_out: 0
I20260924 13:09:20.217959 1846493 Executor.h:236] Worker 0 latency: 311 us (50%) 348 us (75%) 1083 us (95%) 1225 us (99%). dist txn latency: 311 us (50%) 349 us (75%) 1088 us (95%) 1233 us (99%)  avg 398 us . local txn latency: 0 us (50%) 0 us (75%) 0 us (95%) 0 us (99%)  avg 0 us. txn commit latency: 310 us (50%) 347 us (75%) 1086 us (95%) 1232 us (99%) avg 394 us.
 LOCAL txn stall 0 us,  local_work 0 us,  remote_work 0 us,  commit_work 0 us,  commit_prepare 0 us,  commit_persistence 0 us,  commit_write_back 0 us,  commit_replication 0 us,  commit_release_lock 0 us 
 DIST txn stall 0 us,  local_work 373 us,  remote_work 0 us,  commit_work 17 us,  commit_prepare 2 us,  commit_persistence 0 us,  commit_write_back 4 us,  commit_replication 0 us,  commit_release_lock 8 us 
I20260924 13:09:20.219419 1846493 Executor.h:267] message stats, type: 0 count: 0 total size: 0
I20260924 13:09:20.219426 1846493 Executor.h:267] message stats, type: 1 count: 0 total size: 0
I20260924 13:09:20.219429 1846493 Executor.h:267] message stats, type: 2 count: 0 total size: 0
I20260924 13:09:20.219434 1846493 Executor.h:267] message stats, type: 3 count: 0 total size: 0
I20260924 13:09:20.219437 1846493 Executor.h:267] message stats, type: 4 count: 0 total size: 0
I20260924 13:09:20.219440 1846493 Executor.h:267] message stats, type: 5 count: 0 total size: 0
I20260924 13:09:20.219444 1846493 Executor.h:267] message stats, type: 6 count: 0 total size: 0
I20260924 13:09:20.219448 1846493 Executor.h:267] message stats, type: 7 count: 0 total size: 0
I20260924 13:09:20.219451 1846493 Executor.h:267] message stats, type: 8 count: 0 total size: 0
I20260924 13:09:20.219455 1846493 Executor.h:267] message stats, type: 9 count: 0 total size: 0
I20260924 13:09:20.219458 1846493 Executor.h:267] message stats, type: 10 count: 0 total size: 0
I20260924 13:09:20.219462 1846493 Executor.h:267] message stats, type: 11 count: 0 total size: 0
I20260924 13:09:20.219466 1846493 Executor.h:236] Worker 1 latency: 312 us (50%) 348 us (75%) 1064 us (95%) 1221 us (99%). dist txn latency: 312 us (50%) 351 us (75%) 1095 us (95%) 1233 us (99%)  avg 401 us . local txn latency: 0 us (50%) 0 us (75%) 0 us (95%) 0 us (99%)  avg 0 us. txn commit latency: 311 us (50%) 349 us (75%) 1074 us (95%) 1221 us (99%) avg 396 us.
 LOCAL txn stall 0 us,  local_work 0 us,  remote_work 0 us,  commit_work 0 us,  commit_prepare 0 us,  commit_persistence 0 us,  commit_write_back 0 us,  commit_replication 0 us,  commit_release_lock 0 us 
 DIST txn stall 0 us,  local_work 371 us,  remote_work 0 us,  commit_work 17 us,  commit_prepare 3 us,  commit_persistence 0 us,  commit_write_back 4 us,  commit_replication 0 us,  commit_release_lock 8 us 
I20260924 13:09:20.220475 1846493 Executor.h:236] Worker 2 latency: 302 us (50%) 357 us (75%) 1048 us (95%) 1196 us (99%). dist txn latency: 300 us (50%) 354 us (75%) 1041 us (95%) 1200 us (99%)  avg 383 us . local txn latency: 0 us (50%) 0 us (75%) 0 us (95%) 0 us (99%)  avg 0 us. txn commit latency: 301 us (50%) 354 us (75%) 1053 us (95%) 1202 us (99%) avg 386 us.
 LOCAL txn stall 0 us,  local_work 0 us,  remote_work 0 us,  commit_work 0 us,  commit_prepare 0 us,  commit_persistence 0 us,  commit_write_back 0 us,  commit_replication 0 us,  commit_release_lock 0 us 
 DIST txn stall 0 us,  local_work 367 us,  remote_work 0 us,  commit_work 16 us,  commit_prepare 2 us,  commit_persistence 0 us,  commit_write_back 4 us,  commit_replication 0 us,  commit_release_lock 7 us 
I20260924 13:09:20.221516 1846493 CXLMemory.h:227] local CXL memory usage: size_index_usage: 0 size_metadata_usage: 0 size_data_usage: 0 size_transport_usage: 0 size_misc_usage: 0 total_size_hw_cc_usage: 0 total_usage: 0
I20260924 13:09:20.221534 1846549 Dispatcher.h:261] Handling coordinator message took 5
I20260924 13:09:21.223693 1846549 Dispatcher.h:292] Outgoing Dispatcher exits, network size: 252. msg_send_latency(50th) 0 msg_send_latency(75th) 0 msg_send_latency(95th) 0 msg_send_latency(99th) 0 msg_send_latency(avg) 0 msg_gen_to_sent_latency(50th) 0 msg_gen_to_sent_latency(75th) 0 msg_gen_to_sent_latency(95th) 0 msg_gen_to_sent_latency(99th) 0 msg_gen_to_queue_latency(50th) 0 msg_gen_to_queue_latency(75th) 0 msg_gen_to_queue_latency(95th) 0 msg_gen_to_queue_latency(99th) 0 msg_disp_ltc(50th) 0 msg_disp_ltc(75th) 0 msg_disp_ltc(95th) 0 msg_disp_ltc(99th) 0 msg_disp_ltc(100th) 0 send_ltc(50th) 0 send_ltc(75th) 0 send_ltc(95th) 0 send_ltc(99th) 0 send_ltc(100th) 0 send_ltc(avg) 0 sendto_cnt 3 network_size 252 network_msg_cnt 2 network_msg_group_size avg 0 50th 0 internal_network_size 0 internal_network_msg_cnt 0
I20260924 13:09:21.223693 1846548 Dispatcher.h:160] Incoming Dispatcher exits, network size: 132. socket_message_recv_latency(50th) 0 socket_message_recv_latency(75th) 0 socket_message_recv_latency(95th) 0 socket_message_recv_latency(99th) 0 internal_message_recv_latency(50th) 0 socket_message_recv_cnt 0 socket_read_syscall 0 internal_message_recv_cnt 0
I20260924 13:09:23.805533 1846493 Coordinator.h:420] Coordinator exits.
TIGON_RUN_END run_id=cmp_50_y_rw50_c100_r3 host_id=1 status=ok exit_code=0
