TIGON_RUN_META system=ub workload=ycsb run_id=cmp_001_y_rw95_c100_r1 host_id=0 repetition=1 mode=one-sided query=rmw transport=ubq partitions=2 workers=3 keys=300000 rw_ratio=95 zipf=0.7 cross_ratio=100 neworder_dist= payment_dist= warmup_seconds=5 run_seconds=10 total_seconds=15 logging=off
I20260924 11:22:20.944298 1778796 bench_ycsb.cpp:68] RW_RATIO = 95, ZIPF_THETA = 0.7, CROSS_RATIO = 100
I20260924 11:22:20.944409 1778796 bench_ycsb.cpp:69] checkpoint 0 to 
I20260924 11:22:20.944415 1778796 bench_ycsb.cpp:70] cross_part_num 2
I20260924 11:22:20.944419 1778796 bench_ycsb.cpp:71] lotus_sp_parallel_exec_commit 0
I20260924 11:22:20.944423 1778796 bench_ycsb.cpp:72] granules_per_partition 1
I20260924 11:22:20.944427 1778796 bench_ycsb.cpp:73] keysPerGranule 300000
I20260924 11:22:21.843703 1778796 UBMemory.cpp:138] UB memory initialized: local_region=0 regions=2 mode=one-sided bytes_per_region=2147483648
I20260924 11:22:24.298475 1778796 Database.h:82] ycsb initialization finished in 2454 milliseconds.
I20260924 11:22:24.299117 1778796 Coordinator.h:459] Coordinator 0 initializes UB inbox with 4096 entries of 8192 bytes
I20260924 11:22:24.299177 1778796 Coordinator.h:100] WAL Group Commiting off. Log to file _non_group_commit.txt using Blackhole Logger
I20260924 11:22:24.299186 1778796 Coordinator.h:104] Coordinator initializes 3 workers.
I20260924 11:22:24.299697 1778831 Coordinator.h:505] Listener 0 on coordinator 0 listening on 76.53.137.98:10010 tcp_no_delay 1 tcp_quick_ack 0
I20260924 11:22:24.299806 1778796 Socket.h:69] Disabling nagle
I20260924 11:22:24.299832 1778796 Coordinator.h:560] Coordinator 0 connected to 1
I20260924 11:22:29.176118 1778831 Socket.h:69] Disabling nagle
I20260924 11:22:29.176146 1778831 Coordinator.h:520] Listener accepted connection from coordinator 1
I20260924 11:22:29.176151 1778831 Coordinator.h:523] Listener 0 on coordinator 0 exits.
I20260924 11:22:29.176350 1778796 Coordinator.h:572] Coordinator 0 connected to all peers.
I20260924 11:22:29.176389 1778796 Dispatcher.h:41] IncomingDispatcher 0 coord_id 0
I20260924 11:22:29.176407 1778796 Dispatcher.h:234] OutgoingDispatcher 0 coord_id 0
I20260924 11:22:29.176486 1778796 Coordinator.h:669] pinned thread to core 0
I20260924 11:22:29.176515 1778867 Dispatcher.h:63] Incoming Dispatcher started, numCoordinators = 2, numWorkers = 3, group id = 0, coordinator = 0
I20260924 11:22:29.176537 1778796 Coordinator.h:669] pinned thread to core 1
I20260924 11:22:29.176599 1778796 Coordinator.h:219] Coordinator starts to run 4 workers.
I20260924 11:22:29.176621 1778868 Dispatcher.h:246] Outgoing Dispatcher started, numCoordinators = 2, numWorkers = 4, group id = 0
I20260924 11:22:29.176656 1778796 Coordinator.h:669] pinned thread to core 2
I20260924 11:22:29.177204 1778869 Executor.h:79] Executor 0 starts.
I20260924 11:22:29.178826 1778796 Coordinator.h:669] pinned thread to core 3
I20260924 11:22:29.178930 1778796 Coordinator.h:669] pinned thread to core 4
I20260924 11:22:29.178972 1778870 Executor.h:79] Executor 1 starts.
I20260924 11:22:29.179003 1778871 Executor.h:79] Executor 2 starts.
I20260924 11:22:29.179016 1778872 Manager.h:228] Manager(worker id = 3) on the coordinator node started.
I20260924 11:22:30.179069 1778796 Coordinator.h:310] commit: 9127 abort: 18 (0/18/0), persistence latency 0, txn latency 0, queued lock latency 0, lock latency 0, active_txns 0, n_failed_read_lock 0, n_failed_write_lock 0, n_failed_cmd_not_ready 0, n_failed_no_cmd 0, network size: 0, avg network size: 0, si_in_serializable: 0 0 %, local: 0 %, local_access: 45682, local_cxl_access: 0 (0%), remote_access: 45693, remote_access_with_req: 0 (0%), data_move_in: 0, data_move_out: 0
I20260924 11:22:31.179306 1778796 Coordinator.h:310] commit: 9182 abort: 19 (0/19/0), persistence latency 0, txn latency 0, queued lock latency 0, lock latency 0, active_txns 0, n_failed_read_lock 0, n_failed_write_lock 0, n_failed_cmd_not_ready 0, n_failed_no_cmd 0, network size: 0, avg network size: 0, si_in_serializable: 0 0 %, local: 0 %, local_access: 45938, local_cxl_access: 0 (0%), remote_access: 45949, remote_access_with_req: 0 (0%), data_move_in: 0, data_move_out: 0
I20260924 11:22:32.179543 1778796 Coordinator.h:310] commit: 9163 abort: 30 (0/30/0), persistence latency 0, txn latency 0, queued lock latency 0, lock latency 0, active_txns 0, n_failed_read_lock 0, n_failed_write_lock 0, n_failed_cmd_not_ready 0, n_failed_no_cmd 0, network size: 0, avg network size: 0, si_in_serializable: 0 0 %, local: 0 %, local_access: 45886, local_cxl_access: 0 (0%), remote_access: 45902, remote_access_with_req: 0 (0%), data_move_in: 0, data_move_out: 0
I20260924 11:22:33.179780 1778796 Coordinator.h:310] commit: 9166 abort: 13 (0/13/0), persistence latency 0, txn latency 0, queued lock latency 0, lock latency 0, active_txns 0, n_failed_read_lock 0, n_failed_write_lock 0, n_failed_cmd_not_ready 0, n_failed_no_cmd 0, network size: 0, avg network size: 0, si_in_serializable: 0 0 %, local: 0 %, local_access: 45853, local_cxl_access: 0 (0%), remote_access: 45858, remote_access_with_req: 0 (0%), data_move_in: 0, data_move_out: 0
I20260924 11:22:34.179885 1778796 Coordinator.h:310] commit: 9163 abort: 15 (0/15/0), persistence latency 0, txn latency 0, queued lock latency 0, lock latency 0, active_txns 0, n_failed_read_lock 0, n_failed_write_lock 0, n_failed_cmd_not_ready 0, n_failed_no_cmd 0, network size: 0, avg network size: 0, si_in_serializable: 0 0 %, local: 0 %, local_access: 45854, local_cxl_access: 0 (0%), remote_access: 45860, remote_access_with_req: 0 (0%), data_move_in: 0, data_move_out: 0
I20260924 11:22:35.179994 1778796 Coordinator.h:310] commit: 9116 abort: 15 (0/15/0), persistence latency 0, txn latency 0, queued lock latency 0, lock latency 0, active_txns 0, n_failed_read_lock 0, n_failed_write_lock 0, n_failed_cmd_not_ready 0, n_failed_no_cmd 0, network size: 0, avg network size: 0, si_in_serializable: 0 0 %, local: 0 %, local_access: 45612, local_cxl_access: 0 (0%), remote_access: 45623, remote_access_with_req: 0 (0%), data_move_in: 0, data_move_out: 0
I20260924 11:22:36.180227 1778796 Coordinator.h:310] commit: 9110 abort: 9 (0/9/0), persistence latency 0, txn latency 0, queued lock latency 0, lock latency 0, active_txns 0, n_failed_read_lock 0, n_failed_write_lock 0, n_failed_cmd_not_ready 0, n_failed_no_cmd 0, network size: 0, avg network size: 0, si_in_serializable: 0 0 %, local: 0 %, local_access: 45580, local_cxl_access: 0 (0%), remote_access: 45583, remote_access_with_req: 0 (0%), data_move_in: 0, data_move_out: 0
I20260924 11:22:37.180462 1778796 Coordinator.h:310] commit: 9091 abort: 15 (0/15/0), persistence latency 0, txn latency 0, queued lock latency 0, lock latency 0, active_txns 0, n_failed_read_lock 0, n_failed_write_lock 0, n_failed_cmd_not_ready 0, n_failed_no_cmd 0, network size: 0, avg network size: 0, si_in_serializable: 0 0 %, local: 0 %, local_access: 45485, local_cxl_access: 0 (0%), remote_access: 45493, remote_access_with_req: 0 (0%), data_move_in: 0, data_move_out: 0
I20260924 11:22:38.180568 1778796 Coordinator.h:310] commit: 9104 abort: 18 (0/18/0), persistence latency 0, txn latency 0, queued lock latency 0, lock latency 0, active_txns 0, n_failed_read_lock 0, n_failed_write_lock 0, n_failed_cmd_not_ready 0, n_failed_no_cmd 0, network size: 0, avg network size: 0, si_in_serializable: 0 0 %, local: 0 %, local_access: 45550, local_cxl_access: 0 (0%), remote_access: 45563, remote_access_with_req: 0 (0%), data_move_in: 0, data_move_out: 0
I20260924 11:22:39.181550 1778796 Coordinator.h:310] commit: 9131 abort: 21 (0/21/0), persistence latency 0, txn latency 0, queued lock latency 0, lock latency 0, active_txns 0, n_failed_read_lock 0, n_failed_write_lock 0, n_failed_cmd_not_ready 0, n_failed_no_cmd 0, network size: 0, avg network size: 0, si_in_serializable: 0 0 %, local: 0 %, local_access: 45700, local_cxl_access: 0 (0%), remote_access: 45711, remote_access_with_req: 0 (0%), data_move_in: 0, data_move_out: 0
I20260924 11:22:40.181794 1778796 Coordinator.h:310] commit: 9162 abort: 22 (0/22/0), persistence latency 0, txn latency 0, queued lock latency 0, lock latency 0, active_txns 0, n_failed_read_lock 0, n_failed_write_lock 0, n_failed_cmd_not_ready 0, n_failed_no_cmd 0, network size: 0, avg network size: 0, si_in_serializable: 0 0 %, local: 0 %, local_access: 45858, local_cxl_access: 0 (0%), remote_access: 45866, remote_access_with_req: 0 (0%), data_move_in: 0, data_move_out: 0
I20260924 11:22:41.181902 1778796 Coordinator.h:310] commit: 9120 abort: 15 (0/15/0), persistence latency 0, txn latency 0, queued lock latency 0, lock latency 0, active_txns 0, n_failed_read_lock 0, n_failed_write_lock 0, n_failed_cmd_not_ready 0, n_failed_no_cmd 0, network size: 0, avg network size: 0, si_in_serializable: 0 0 %, local: 0 %, local_access: 45623, local_cxl_access: 0 (0%), remote_access: 45634, remote_access_with_req: 0 (0%), data_move_in: 0, data_move_out: 0
I20260924 11:22:42.182014 1778796 Coordinator.h:310] commit: 9104 abort: 19 (0/19/0), persistence latency 0, txn latency 0, queued lock latency 0, lock latency 0, active_txns 0, n_failed_read_lock 0, n_failed_write_lock 0, n_failed_cmd_not_ready 0, n_failed_no_cmd 0, network size: 0, avg network size: 0, si_in_serializable: 0 0 %, local: 0 %, local_access: 45551, local_cxl_access: 0 (0%), remote_access: 45566, remote_access_with_req: 0 (0%), data_move_in: 0, data_move_out: 0
I20260924 11:22:43.182282 1778796 Coordinator.h:310] commit: 9094 abort: 20 (0/20/0), persistence latency 0, txn latency 0, queued lock latency 0, lock latency 0, active_txns 0, n_failed_read_lock 0, n_failed_write_lock 0, n_failed_cmd_not_ready 0, n_failed_no_cmd 0, network size: 0, avg network size: 0, si_in_serializable: 0 0 %, local: 0 %, local_access: 45499, local_cxl_access: 0 (0%), remote_access: 45513, remote_access_with_req: 0 (0%), data_move_in: 0, data_move_out: 0
I20260924 11:22:44.182428 1778796 Coordinator.h:310] commit: 9155 abort: 24 (0/24/0), persistence latency 0, txn latency 0, queued lock latency 0, lock latency 0, active_txns 0, n_failed_read_lock 0, n_failed_write_lock 0, n_failed_cmd_not_ready 0, n_failed_no_cmd 0, network size: 0, avg network size: 0, si_in_serializable: 0 0 %, local: 0 %, local_access: 45809, local_cxl_access: 0 (0%), remote_access: 45825, remote_access_with_req: 0 (0%), data_move_in: 0, data_move_out: 0
I20260924 11:22:44.182467 1778796 Coordinator.h:348] average commit: 9118.7 abort: 17.8 (0/17.8/0), abort_rate: 0.00194823, network size: 0, avg network size: 0, si_in_serializable: 0 0 %, local: 0 %, local_access: 456267, local_cxl_access: 0 (0%), remote_access: 456377, remote_access_with_req: 0 (0%), data_move_in: 0, data_move_out: 0
I20260924 11:22:44.182492 1778796 Executor.h:236] Worker 0 latency: 257 us (50%) 268 us (75%) 1057 us (95%) 1199 us (99%). dist txn latency: 257 us (50%) 267 us (75%) 1032 us (95%) 1196 us (99%)  avg 327 us . local txn latency: 0 us (50%) 0 us (75%) 0 us (95%) 0 us (99%)  avg 0 us. txn commit latency: 257 us (50%) 267 us (75%) 1057 us (95%) 1196 us (99%) avg 338 us.
 LOCAL txn stall 0 us,  local_work 0 us,  remote_work 0 us,  commit_work 0 us,  commit_prepare 0 us,  commit_persistence 0 us,  commit_write_back 0 us,  commit_replication 0 us,  commit_release_lock 0 us 
 DIST txn stall 0 us,  local_work 321 us,  remote_work 0 us,  commit_work 9 us,  commit_prepare 0 us,  commit_persistence 0 us,  commit_write_back 0 us,  commit_replication 0 us,  commit_release_lock 7 us 
I20260924 11:22:44.182837 1778796 Executor.h:267] message stats, type: 0 count: 0 total size: 0
I20260924 11:22:44.182842 1778796 Executor.h:267] message stats, type: 1 count: 0 total size: 0
I20260924 11:22:44.182845 1778796 Executor.h:267] message stats, type: 2 count: 0 total size: 0
I20260924 11:22:44.182849 1778796 Executor.h:267] message stats, type: 3 count: 0 total size: 0
I20260924 11:22:44.182852 1778796 Executor.h:267] message stats, type: 4 count: 0 total size: 0
I20260924 11:22:44.182857 1778796 Executor.h:267] message stats, type: 5 count: 0 total size: 0
I20260924 11:22:44.182859 1778796 Executor.h:267] message stats, type: 6 count: 0 total size: 0
I20260924 11:22:44.182863 1778796 Executor.h:267] message stats, type: 7 count: 0 total size: 0
I20260924 11:22:44.182868 1778796 Executor.h:267] message stats, type: 8 count: 0 total size: 0
I20260924 11:22:44.182870 1778796 Executor.h:267] message stats, type: 9 count: 0 total size: 0
I20260924 11:22:44.182874 1778796 Executor.h:267] message stats, type: 10 count: 0 total size: 0
I20260924 11:22:44.182878 1778796 Executor.h:267] message stats, type: 11 count: 0 total size: 0
I20260924 11:22:44.200652 1778870 Executor.h:231] Executor 1 exits.
I20260924 11:22:44.200654 1778872 Manager.h:230] Manager(worker id = 3) on the coordinator node exits.
I20260924 11:22:44.200654 1778871 Executor.h:231] Executor 2 exits.
I20260924 11:22:44.200652 1778869 Executor.h:231] Executor 0 exits.
I20260924 11:22:44.204867 1778796 Executor.h:236] Worker 1 latency: 257 us (50%) 267 us (75%) 984 us (95%) 1189 us (99%). dist txn latency: 257 us (50%) 267 us (75%) 967 us (95%) 1192 us (99%)  avg 326 us . local txn latency: 0 us (50%) 0 us (75%) 0 us (95%) 0 us (99%)  avg 0 us. txn commit latency: 257 us (50%) 267 us (75%) 1059 us (95%) 1200 us (99%) avg 338 us.
 LOCAL txn stall 0 us,  local_work 0 us,  remote_work 0 us,  commit_work 0 us,  commit_prepare 0 us,  commit_persistence 0 us,  commit_write_back 0 us,  commit_replication 0 us,  commit_release_lock 0 us 
 DIST txn stall 0 us,  local_work 317 us,  remote_work 0 us,  commit_work 9 us,  commit_prepare 0 us,  commit_persistence 0 us,  commit_write_back 0 us,  commit_replication 0 us,  commit_release_lock 7 us 
I20260924 11:22:44.205595 1778796 Executor.h:236] Worker 2 latency: 250 us (50%) 259 us (75%) 995 us (95%) 1180 us (99%). dist txn latency: 251 us (50%) 260 us (75%) 1003 us (95%) 1196 us (99%)  avg 324 us . local txn latency: 0 us (50%) 0 us (75%) 0 us (95%) 0 us (99%)  avg 0 us. txn commit latency: 250 us (50%) 260 us (75%) 975 us (95%) 1189 us (99%) avg 320 us.
 LOCAL txn stall 0 us,  local_work 0 us,  remote_work 0 us,  commit_work 0 us,  commit_prepare 0 us,  commit_persistence 0 us,  commit_write_back 0 us,  commit_replication 0 us,  commit_release_lock 0 us 
 DIST txn stall 0 us,  local_work 314 us,  remote_work 0 us,  commit_work 8 us,  commit_prepare 0 us,  commit_persistence 0 us,  commit_write_back 0 us,  commit_replication 0 us,  commit_release_lock 7 us 
I20260924 11:22:44.205986 1778796 CXLMemory.h:227] local CXL memory usage: size_index_usage: 0 size_metadata_usage: 0 size_data_usage: 0 size_transport_usage: 0 size_misc_usage: 0 total_size_hw_cc_usage: 0 total_usage: 0
I20260924 11:22:44.205993 1778796 Coordinator.h:639] Global Stats: total_commit: 18283.6 total_size_index_usage: 0 total_size_metadata_usage: 0 total_size_data_usage: 0 total_size_transport_usage: 0 total_size_misc_usage: 0 total_hw_cc_usage: 0 total_usage: 0
I20260924 11:22:45.206072 1778868 Dispatcher.h:292] Outgoing Dispatcher exits, network size: 132. msg_send_latency(50th) 0 msg_send_latency(75th) 0 msg_send_latency(95th) 0 msg_send_latency(99th) 0 msg_send_latency(avg) 0 msg_gen_to_sent_latency(50th) 0 msg_gen_to_sent_latency(75th) 0 msg_gen_to_sent_latency(95th) 0 msg_gen_to_sent_latency(99th) 0 msg_gen_to_queue_latency(50th) 0 msg_gen_to_queue_latency(75th) 0 msg_gen_to_queue_latency(95th) 0 msg_gen_to_queue_latency(99th) 0 msg_disp_ltc(50th) 0 msg_disp_ltc(75th) 0 msg_disp_ltc(95th) 0 msg_disp_ltc(99th) 0 msg_disp_ltc(100th) 0 send_ltc(50th) 0 send_ltc(75th) 0 send_ltc(95th) 0 send_ltc(99th) 0 send_ltc(100th) 0 send_ltc(avg) 0 sendto_cnt 2 network_size 132 network_msg_cnt 2 network_msg_group_size avg 0 50th 0 internal_network_size 0 internal_network_msg_cnt 0
I20260924 11:22:45.206072 1778867 Dispatcher.h:160] Incoming Dispatcher exits, network size: 252. socket_message_recv_latency(50th) 0 socket_message_recv_latency(75th) 0 socket_message_recv_latency(95th) 0 socket_message_recv_latency(99th) 0 internal_message_recv_latency(50th) 0 socket_message_recv_cnt 0 socket_read_syscall 0 internal_message_recv_cnt 0
I20260924 11:22:45.434213 1778796 Coordinator.h:158] round_trip_latency 36 (50th) 37 (75th) 237 (95th) 237 (99th) 
I20260924 11:22:47.992108 1778796 Coordinator.h:420] Coordinator exits.
TIGON_RUN_END run_id=cmp_001_y_rw95_c100_r1 host_id=0 status=ok exit_code=0
