TIGON_RUN_META system=ub workload=ycsb run_id=cmp_952_y_rw95_c25_r3 host_id=0 repetition=3 mode=one-sided query=rmw transport=ubq partitions=2 workers=3 keys=300000 rw_ratio=95 zipf=0.7 cross_ratio=25 neworder_dist= payment_dist= warmup_seconds=30 run_seconds=30 total_seconds=60 logging=off
I20260924 12:46:25.004691 1822271 bench_ycsb.cpp:68] RW_RATIO = 95, ZIPF_THETA = 0.7, CROSS_RATIO = 25
I20260924 12:46:25.005784 1822271 bench_ycsb.cpp:69] checkpoint 0 to 
I20260924 12:46:25.005790 1822271 bench_ycsb.cpp:70] cross_part_num 2
I20260924 12:46:25.005795 1822271 bench_ycsb.cpp:71] lotus_sp_parallel_exec_commit 0
I20260924 12:46:25.005798 1822271 bench_ycsb.cpp:72] granules_per_partition 1
I20260924 12:46:25.005803 1822271 bench_ycsb.cpp:73] keysPerGranule 300000
[2026-09-24 12:46:25.738 +08:00][ERROR][1822271][281473714933792][shm_ipc_command.cpp:183] IpcCallShmMap response error : 606
[2026-09-24 12:46:25.738 +08:00][ERROR][1822271][281473714933792][RackMemShm.cpp:322] Failed to mmap, name=u9f4b116f_one-sided_rmw_ubq_1, mapSize=2147483648, ret=606
[2026-09-24 12:46:25.738 +08:00][ERROR][1822271][281473714933792][mxmem_shmem.cpp:473] Failed to mmap shared memory, ret=606
[2026-09-24 12:46:25.850 +08:00][ERROR][1822271][281473714933792][shm_ipc_command.cpp:183] IpcCallShmMap response error : 606
[2026-09-24 12:46:25.850 +08:00][ERROR][1822271][281473714933792][RackMemShm.cpp:322] Failed to mmap, name=u9f4b116f_one-sided_rmw_ubq_1, mapSize=2147483648, ret=606
[2026-09-24 12:46:25.850 +08:00][ERROR][1822271][281473714933792][mxmem_shmem.cpp:473] Failed to mmap shared memory, ret=606
[2026-09-24 12:46:25.966 +08:00][ERROR][1822271][281473714933792][shm_ipc_command.cpp:183] IpcCallShmMap response error : 606
[2026-09-24 12:46:25.966 +08:00][ERROR][1822271][281473714933792][RackMemShm.cpp:322] Failed to mmap, name=u9f4b116f_one-sided_rmw_ubq_1, mapSize=2147483648, ret=606
[2026-09-24 12:46:25.966 +08:00][ERROR][1822271][281473714933792][mxmem_shmem.cpp:473] Failed to mmap shared memory, ret=606
I20260924 12:46:26.660305 1822271 UBMemory.cpp:138] UB memory initialized: local_region=0 regions=2 mode=one-sided bytes_per_region=2147483648
I20260924 12:46:29.071709 1822271 Database.h:82] ycsb initialization finished in 2411 milliseconds.
I20260924 12:46:29.072363 1822271 Coordinator.h:459] Coordinator 0 initializes UB inbox with 4096 entries of 8192 bytes
I20260924 12:46:29.072422 1822271 Coordinator.h:100] WAL Group Commiting off. Log to file _non_group_commit.txt using Blackhole Logger
I20260924 12:46:29.072432 1822271 Coordinator.h:104] Coordinator initializes 3 workers.
I20260924 12:46:29.075245 1822304 Coordinator.h:505] Listener 0 on coordinator 0 listening on 76.53.137.98:10010 tcp_no_delay 1 tcp_quick_ack 0
I20260924 12:46:29.075325 1822271 Coordinator.h:551] Coordinator 0 failed to connect 1(76.53.137.99:10010)'s listener 0, retry in 5 seconds.
I20260924 12:46:29.115955 1822304 Socket.h:69] Disabling nagle
I20260924 12:46:29.115978 1822304 Coordinator.h:520] Listener accepted connection from coordinator 1
I20260924 12:46:29.115983 1822304 Coordinator.h:523] Listener 0 on coordinator 0 exits.
I20260924 12:46:34.075922 1822271 Socket.h:69] Disabling nagle
I20260924 12:46:34.075954 1822271 Coordinator.h:560] Coordinator 0 connected to 1
I20260924 12:46:34.075986 1822271 Coordinator.h:572] Coordinator 0 connected to all peers.
I20260924 12:46:34.075999 1822271 Dispatcher.h:41] IncomingDispatcher 0 coord_id 0
I20260924 12:46:34.076014 1822271 Dispatcher.h:234] OutgoingDispatcher 0 coord_id 0
I20260924 12:46:34.076082 1822271 Coordinator.h:669] pinned thread to core 0
I20260924 12:46:34.076119 1822348 Dispatcher.h:63] Incoming Dispatcher started, numCoordinators = 2, numWorkers = 3, group id = 0, coordinator = 0
I20260924 12:46:34.076131 1822271 Coordinator.h:669] pinned thread to core 1
I20260924 12:46:34.076185 1822271 Coordinator.h:219] Coordinator starts to run 4 workers.
I20260924 12:46:34.076196 1822349 Dispatcher.h:246] Outgoing Dispatcher started, numCoordinators = 2, numWorkers = 4, group id = 0
I20260924 12:46:34.076231 1822271 Coordinator.h:669] pinned thread to core 2
I20260924 12:46:34.076251 1822350 Executor.h:79] Executor 0 starts.
I20260924 12:46:34.076483 1822271 Coordinator.h:669] pinned thread to core 3
I20260924 12:46:34.076496 1822351 Executor.h:79] Executor 1 starts.
I20260924 12:46:34.079007 1822271 Coordinator.h:669] pinned thread to core 4
I20260924 12:46:34.079141 1822353 Manager.h:228] Manager(worker id = 3) on the coordinator node started.
I20260924 12:46:34.079176 1822352 Executor.h:79] Executor 2 starts.
I20260924 12:46:35.079285 1822271 Coordinator.h:310] commit: 31545 abort: 93 (0/93/0), persistence latency 0, txn latency 0, queued lock latency 0, lock latency 0, active_txns 0, n_failed_read_lock 0, n_failed_write_lock 0, n_failed_cmd_not_ready 0, n_failed_no_cmd 0, network size: 0, avg network size: 0, si_in_serializable: 0 0 %, local: 0 %, local_access: 276746, local_cxl_access: 0 (0%), remote_access: 39233, remote_access_with_req: 0 (0%), data_move_in: 0, data_move_out: 0
I20260924 12:46:36.079418 1822271 Coordinator.h:310] commit: 31495 abort: 83 (0/83/0), persistence latency 0, txn latency 0, queued lock latency 0, lock latency 0, active_txns 0, n_failed_read_lock 0, n_failed_write_lock 0, n_failed_cmd_not_ready 0, n_failed_no_cmd 0, network size: 0, avg network size: 0, si_in_serializable: 0 0 %, local: 0 %, local_access: 275758, local_cxl_access: 0 (0%), remote_access: 39662, remote_access_with_req: 0 (0%), data_move_in: 0, data_move_out: 0
I20260924 12:46:37.079661 1822271 Coordinator.h:310] commit: 31478 abort: 58 (0/58/0), persistence latency 0, txn latency 0, queued lock latency 0, lock latency 0, active_txns 0, n_failed_read_lock 0, n_failed_write_lock 0, n_failed_cmd_not_ready 0, n_failed_no_cmd 0, network size: 0, avg network size: 0, si_in_serializable: 0 0 %, local: 0 %, local_access: 275552, local_cxl_access: 0 (0%), remote_access: 39522, remote_access_with_req: 0 (0%), data_move_in: 0, data_move_out: 0
I20260924 12:46:38.079771 1822271 Coordinator.h:310] commit: 31893 abort: 67 (0/67/0), persistence latency 0, txn latency 0, queued lock latency 0, lock latency 0, active_txns 0, n_failed_read_lock 0, n_failed_write_lock 0, n_failed_cmd_not_ready 0, n_failed_no_cmd 0, network size: 0, avg network size: 0, si_in_serializable: 0 0 %, local: 0 %, local_access: 279633, local_cxl_access: 0 (0%), remote_access: 39574, remote_access_with_req: 0 (0%), data_move_in: 0, data_move_out: 0
I20260924 12:46:39.080005 1822271 Coordinator.h:310] commit: 31689 abort: 69 (0/69/0), persistence latency 0, txn latency 0, queued lock latency 0, lock latency 0, active_txns 0, n_failed_read_lock 0, n_failed_write_lock 0, n_failed_cmd_not_ready 0, n_failed_no_cmd 0, network size: 0, avg network size: 0, si_in_serializable: 0 0 %, local: 0 %, local_access: 277611, local_cxl_access: 0 (0%), remote_access: 39641, remote_access_with_req: 0 (0%), data_move_in: 0, data_move_out: 0
I20260924 12:46:40.080116 1822271 Coordinator.h:310] commit: 31166 abort: 100 (0/100/0), persistence latency 0, txn latency 0, queued lock latency 0, lock latency 0, active_txns 0, n_failed_read_lock 0, n_failed_write_lock 0, n_failed_cmd_not_ready 0, n_failed_no_cmd 0, network size: 0, avg network size: 0, si_in_serializable: 0 0 %, local: 0 %, local_access: 272207, local_cxl_access: 0 (0%), remote_access: 39894, remote_access_with_req: 0 (0%), data_move_in: 0, data_move_out: 0
I20260924 12:46:41.080353 1822271 Coordinator.h:310] commit: 31725 abort: 72 (0/72/0), persistence latency 0, txn latency 0, queued lock latency 0, lock latency 0, active_txns 0, n_failed_read_lock 0, n_failed_write_lock 0, n_failed_cmd_not_ready 0, n_failed_no_cmd 0, network size: 0, avg network size: 0, si_in_serializable: 0 0 %, local: 0 %, local_access: 278022, local_cxl_access: 0 (0%), remote_access: 39635, remote_access_with_req: 0 (0%), data_move_in: 0, data_move_out: 0
I20260924 12:46:42.080593 1822271 Coordinator.h:310] commit: 32010 abort: 111 (0/111/0), persistence latency 0, txn latency 0, queued lock latency 0, lock latency 0, active_txns 0, n_failed_read_lock 0, n_failed_write_lock 0, n_failed_cmd_not_ready 0, n_failed_no_cmd 0, network size: 0, avg network size: 0, si_in_serializable: 0 0 %, local: 0 %, local_access: 280899, local_cxl_access: 0 (0%), remote_access: 39701, remote_access_with_req: 0 (0%), data_move_in: 0, data_move_out: 0
I20260924 12:46:43.081689 1822271 Coordinator.h:310] commit: 31668 abort: 65 (0/65/0), persistence latency 0, txn latency 0, queued lock latency 0, lock latency 0, active_txns 0, n_failed_read_lock 0, n_failed_write_lock 0, n_failed_cmd_not_ready 0, n_failed_no_cmd 0, network size: 0, avg network size: 0, si_in_serializable: 0 0 %, local: 0 %, local_access: 277318, local_cxl_access: 0 (0%), remote_access: 39665, remote_access_with_req: 0 (0%), data_move_in: 0, data_move_out: 0
I20260924 12:46:44.082194 1822271 Coordinator.h:310] commit: 31923 abort: 63 (0/63/0), persistence latency 0, txn latency 0, queued lock latency 0, lock latency 0, active_txns 0, n_failed_read_lock 0, n_failed_write_lock 0, n_failed_cmd_not_ready 0, n_failed_no_cmd 0, network size: 0, avg network size: 0, si_in_serializable: 0 0 %, local: 0 %, local_access: 279836, local_cxl_access: 0 (0%), remote_access: 39748, remote_access_with_req: 0 (0%), data_move_in: 0, data_move_out: 0
I20260924 12:46:45.082464 1822271 Coordinator.h:310] commit: 31600 abort: 123 (0/123/0), persistence latency 0, txn latency 0, queued lock latency 0, lock latency 0, active_txns 0, n_failed_read_lock 0, n_failed_write_lock 0, n_failed_cmd_not_ready 0, n_failed_no_cmd 0, network size: 0, avg network size: 0, si_in_serializable: 0 0 %, local: 0 %, local_access: 277065, local_cxl_access: 0 (0%), remote_access: 39678, remote_access_with_req: 0 (0%), data_move_in: 0, data_move_out: 0
I20260924 12:46:46.082705 1822271 Coordinator.h:310] commit: 31662 abort: 74 (0/74/0), persistence latency 0, txn latency 0, queued lock latency 0, lock latency 0, active_txns 0, n_failed_read_lock 0, n_failed_write_lock 0, n_failed_cmd_not_ready 0, n_failed_no_cmd 0, network size: 0, avg network size: 0, si_in_serializable: 0 0 %, local: 0 %, local_access: 277238, local_cxl_access: 0 (0%), remote_access: 39736, remote_access_with_req: 0 (0%), data_move_in: 0, data_move_out: 0
I20260924 12:46:47.082849 1822271 Coordinator.h:310] commit: 31743 abort: 87 (0/87/0), persistence latency 0, txn latency 0, queued lock latency 0, lock latency 0, active_txns 0, n_failed_read_lock 0, n_failed_write_lock 0, n_failed_cmd_not_ready 0, n_failed_no_cmd 0, network size: 0, avg network size: 0, si_in_serializable: 0 0 %, local: 0 %, local_access: 278380, local_cxl_access: 0 (0%), remote_access: 39492, remote_access_with_req: 0 (0%), data_move_in: 0, data_move_out: 0
I20260924 12:46:48.082984 1822271 Coordinator.h:310] commit: 31513 abort: 90 (0/90/0), persistence latency 0, txn latency 0, queued lock latency 0, lock latency 0, active_txns 0, n_failed_read_lock 0, n_failed_write_lock 0, n_failed_cmd_not_ready 0, n_failed_no_cmd 0, network size: 0, avg network size: 0, si_in_serializable: 0 0 %, local: 0 %, local_access: 275898, local_cxl_access: 0 (0%), remote_access: 39716, remote_access_with_req: 0 (0%), data_move_in: 0, data_move_out: 0
I20260924 12:46:49.083225 1822271 Coordinator.h:310] commit: 31755 abort: 70 (0/70/0), persistence latency 0, txn latency 0, queued lock latency 0, lock latency 0, active_txns 0, n_failed_read_lock 0, n_failed_write_lock 0, n_failed_cmd_not_ready 0, n_failed_no_cmd 0, network size: 0, avg network size: 0, si_in_serializable: 0 0 %, local: 0 %, local_access: 278369, local_cxl_access: 0 (0%), remote_access: 39483, remote_access_with_req: 0 (0%), data_move_in: 0, data_move_out: 0
I20260924 12:46:50.083464 1822271 Coordinator.h:310] commit: 31861 abort: 61 (0/61/0), persistence latency 0, txn latency 0, queued lock latency 0, lock latency 0, active_txns 0, n_failed_read_lock 0, n_failed_write_lock 0, n_failed_cmd_not_ready 0, n_failed_no_cmd 0, network size: 0, avg network size: 0, si_in_serializable: 0 0 %, local: 0 %, local_access: 279213, local_cxl_access: 0 (0%), remote_access: 39672, remote_access_with_req: 0 (0%), data_move_in: 0, data_move_out: 0
I20260924 12:46:51.083707 1822271 Coordinator.h:310] commit: 31533 abort: 77 (0/77/0), persistence latency 0, txn latency 0, queued lock latency 0, lock latency 0, active_txns 0, n_failed_read_lock 0, n_failed_write_lock 0, n_failed_cmd_not_ready 0, n_failed_no_cmd 0, network size: 0, avg network size: 0, si_in_serializable: 0 0 %, local: 0 %, local_access: 276224, local_cxl_access: 0 (0%), remote_access: 39500, remote_access_with_req: 0 (0%), data_move_in: 0, data_move_out: 0
I20260924 12:46:52.083817 1822271 Coordinator.h:310] commit: 31729 abort: 76 (0/76/0), persistence latency 0, txn latency 0, queued lock latency 0, lock latency 0, active_txns 0, n_failed_read_lock 0, n_failed_write_lock 0, n_failed_cmd_not_ready 0, n_failed_no_cmd 0, network size: 0, avg network size: 0, si_in_serializable: 0 0 %, local: 0 %, local_access: 277915, local_cxl_access: 0 (0%), remote_access: 39750, remote_access_with_req: 0 (0%), data_move_in: 0, data_move_out: 0
I20260924 12:46:53.084057 1822271 Coordinator.h:310] commit: 31566 abort: 94 (0/94/0), persistence latency 0, txn latency 0, queued lock latency 0, lock latency 0, active_txns 0, n_failed_read_lock 0, n_failed_write_lock 0, n_failed_cmd_not_ready 0, n_failed_no_cmd 0, network size: 0, avg network size: 0, si_in_serializable: 0 0 %, local: 0 %, local_access: 276605, local_cxl_access: 0 (0%), remote_access: 39454, remote_access_with_req: 0 (0%), data_move_in: 0, data_move_out: 0
I20260924 12:46:54.084296 1822271 Coordinator.h:310] commit: 31701 abort: 57 (0/57/0), persistence latency 0, txn latency 0, queued lock latency 0, lock latency 0, active_txns 0, n_failed_read_lock 0, n_failed_write_lock 0, n_failed_cmd_not_ready 0, n_failed_no_cmd 0, network size: 0, avg network size: 0, si_in_serializable: 0 0 %, local: 0 %, local_access: 277607, local_cxl_access: 0 (0%), remote_access: 39651, remote_access_with_req: 0 (0%), data_move_in: 0, data_move_out: 0
I20260924 12:46:55.084406 1822271 Coordinator.h:310] commit: 31278 abort: 68 (0/68/0), persistence latency 0, txn latency 0, queued lock latency 0, lock latency 0, active_txns 0, n_failed_read_lock 0, n_failed_write_lock 0, n_failed_cmd_not_ready 0, n_failed_no_cmd 0, network size: 0, avg network size: 0, si_in_serializable: 0 0 %, local: 0 %, local_access: 273562, local_cxl_access: 0 (0%), remote_access: 39534, remote_access_with_req: 0 (0%), data_move_in: 0, data_move_out: 0
I20260924 12:46:56.084849 1822271 Coordinator.h:310] commit: 31817 abort: 83 (0/83/0), persistence latency 0, txn latency 0, queued lock latency 0, lock latency 0, active_txns 0, n_failed_read_lock 0, n_failed_write_lock 0, n_failed_cmd_not_ready 0, n_failed_no_cmd 0, network size: 0, avg network size: 0, si_in_serializable: 0 0 %, local: 0 %, local_access: 279054, local_cxl_access: 0 (0%), remote_access: 39513, remote_access_with_req: 0 (0%), data_move_in: 0, data_move_out: 0
I20260924 12:46:57.085474 1822271 Coordinator.h:310] commit: 31427 abort: 87 (0/87/0), persistence latency 0, txn latency 0, queued lock latency 0, lock latency 0, active_txns 0, n_failed_read_lock 0, n_failed_write_lock 0, n_failed_cmd_not_ready 0, n_failed_no_cmd 0, network size: 0, avg network size: 0, si_in_serializable: 0 0 %, local: 0 %, local_access: 275279, local_cxl_access: 0 (0%), remote_access: 39445, remote_access_with_req: 0 (0%), data_move_in: 0, data_move_out: 0
I20260924 12:46:58.085717 1822271 Coordinator.h:310] commit: 31505 abort: 72 (0/72/0), persistence latency 0, txn latency 0, queued lock latency 0, lock latency 0, active_txns 0, n_failed_read_lock 0, n_failed_write_lock 0, n_failed_cmd_not_ready 0, n_failed_no_cmd 0, network size: 0, avg network size: 0, si_in_serializable: 0 0 %, local: 0 %, local_access: 275776, local_cxl_access: 0 (0%), remote_access: 39600, remote_access_with_req: 0 (0%), data_move_in: 0, data_move_out: 0
I20260924 12:46:59.085827 1822271 Coordinator.h:310] commit: 31471 abort: 80 (0/80/0), persistence latency 0, txn latency 0, queued lock latency 0, lock latency 0, active_txns 0, n_failed_read_lock 0, n_failed_write_lock 0, n_failed_cmd_not_ready 0, n_failed_no_cmd 0, network size: 0, avg network size: 0, si_in_serializable: 0 0 %, local: 0 %, local_access: 275630, local_cxl_access: 0 (0%), remote_access: 39434, remote_access_with_req: 0 (0%), data_move_in: 0, data_move_out: 0
I20260924 12:47:00.085937 1822271 Coordinator.h:310] commit: 31441 abort: 55 (0/55/0), persistence latency 0, txn latency 0, queued lock latency 0, lock latency 0, active_txns 0, n_failed_read_lock 0, n_failed_write_lock 0, n_failed_cmd_not_ready 0, n_failed_no_cmd 0, network size: 0, avg network size: 0, si_in_serializable: 0 0 %, local: 0 %, local_access: 274994, local_cxl_access: 0 (0%), remote_access: 39649, remote_access_with_req: 0 (0%), data_move_in: 0, data_move_out: 0
I20260924 12:47:01.086047 1822271 Coordinator.h:310] commit: 31656 abort: 80 (0/80/0), persistence latency 0, txn latency 0, queued lock latency 0, lock latency 0, active_txns 0, n_failed_read_lock 0, n_failed_write_lock 0, n_failed_cmd_not_ready 0, n_failed_no_cmd 0, network size: 0, avg network size: 0, si_in_serializable: 0 0 %, local: 0 %, local_access: 277542, local_cxl_access: 0 (0%), remote_access: 39414, remote_access_with_req: 0 (0%), data_move_in: 0, data_move_out: 0
I20260924 12:47:02.086158 1822271 Coordinator.h:310] commit: 31784 abort: 75 (0/75/0), persistence latency 0, txn latency 0, queued lock latency 0, lock latency 0, active_txns 0, n_failed_read_lock 0, n_failed_write_lock 0, n_failed_cmd_not_ready 0, n_failed_no_cmd 0, network size: 0, avg network size: 0, si_in_serializable: 0 0 %, local: 0 %, local_access: 278716, local_cxl_access: 0 (0%), remote_access: 39543, remote_access_with_req: 0 (0%), data_move_in: 0, data_move_out: 0
I20260924 12:47:03.086544 1822271 Coordinator.h:310] commit: 31558 abort: 68 (0/68/0), persistence latency 0, txn latency 0, queued lock latency 0, lock latency 0, active_txns 0, n_failed_read_lock 0, n_failed_write_lock 0, n_failed_cmd_not_ready 0, n_failed_no_cmd 0, network size: 0, avg network size: 0, si_in_serializable: 0 0 %, local: 0 %, local_access: 276576, local_cxl_access: 0 (0%), remote_access: 39313, remote_access_with_req: 0 (0%), data_move_in: 0, data_move_out: 0
I20260924 12:47:04.086689 1822271 Coordinator.h:310] commit: 31447 abort: 79 (0/79/0), persistence latency 0, txn latency 0, queued lock latency 0, lock latency 0, active_txns 0, n_failed_read_lock 0, n_failed_write_lock 0, n_failed_cmd_not_ready 0, n_failed_no_cmd 0, network size: 0, avg network size: 0, si_in_serializable: 0 0 %, local: 0 %, local_access: 275427, local_cxl_access: 0 (0%), remote_access: 39477, remote_access_with_req: 0 (0%), data_move_in: 0, data_move_out: 0
I20260924 12:47:05.086931 1822271 Coordinator.h:310] commit: 31114 abort: 67 (0/67/0), persistence latency 0, txn latency 0, queued lock latency 0, lock latency 0, active_txns 0, n_failed_read_lock 0, n_failed_write_lock 0, n_failed_cmd_not_ready 0, n_failed_no_cmd 0, network size: 0, avg network size: 0, si_in_serializable: 0 0 %, local: 0 %, local_access: 272105, local_cxl_access: 0 (0%), remote_access: 39369, remote_access_with_req: 0 (0%), data_move_in: 0, data_move_out: 0
I20260924 12:47:06.087044 1822271 Coordinator.h:310] commit: 31500 abort: 77 (0/77/0), persistence latency 0, txn latency 0, queued lock latency 0, lock latency 0, active_txns 0, n_failed_read_lock 0, n_failed_write_lock 0, n_failed_cmd_not_ready 0, n_failed_no_cmd 0, network size: 0, avg network size: 0, si_in_serializable: 0 0 %, local: 0 %, local_access: 276078, local_cxl_access: 0 (0%), remote_access: 39307, remote_access_with_req: 0 (0%), data_move_in: 0, data_move_out: 0
I20260924 12:47:07.087180 1822271 Coordinator.h:310] commit: 31207 abort: 91 (0/91/0), persistence latency 0, txn latency 0, queued lock latency 0, lock latency 0, active_txns 0, n_failed_read_lock 0, n_failed_write_lock 0, n_failed_cmd_not_ready 0, n_failed_no_cmd 0, network size: 0, avg network size: 0, si_in_serializable: 0 0 %, local: 0 %, local_access: 273335, local_cxl_access: 0 (0%), remote_access: 39253, remote_access_with_req: 0 (0%), data_move_in: 0, data_move_out: 0
I20260924 12:47:08.087325 1822271 Coordinator.h:310] commit: 31197 abort: 189 (0/189/0), persistence latency 0, txn latency 0, queued lock latency 0, lock latency 0, active_txns 0, n_failed_read_lock 0, n_failed_write_lock 0, n_failed_cmd_not_ready 0, n_failed_no_cmd 0, network size: 0, avg network size: 0, si_in_serializable: 0 0 %, local: 0 %, local_access: 273679, local_cxl_access: 0 (0%), remote_access: 39392, remote_access_with_req: 0 (0%), data_move_in: 0, data_move_out: 0
I20260924 12:47:09.087569 1822271 Coordinator.h:310] commit: 31414 abort: 74 (0/74/0), persistence latency 0, txn latency 0, queued lock latency 0, lock latency 0, active_txns 0, n_failed_read_lock 0, n_failed_write_lock 0, n_failed_cmd_not_ready 0, n_failed_no_cmd 0, network size: 0, avg network size: 0, si_in_serializable: 0 0 %, local: 0 %, local_access: 275252, local_cxl_access: 0 (0%), remote_access: 39253, remote_access_with_req: 0 (0%), data_move_in: 0, data_move_out: 0
I20260924 12:47:10.087680 1822271 Coordinator.h:310] commit: 31236 abort: 84 (0/84/0), persistence latency 0, txn latency 0, queued lock latency 0, lock latency 0, active_txns 0, n_failed_read_lock 0, n_failed_write_lock 0, n_failed_cmd_not_ready 0, n_failed_no_cmd 0, network size: 0, avg network size: 0, si_in_serializable: 0 0 %, local: 0 %, local_access: 273507, local_cxl_access: 0 (0%), remote_access: 39269, remote_access_with_req: 0 (0%), data_move_in: 0, data_move_out: 0
I20260924 12:47:11.087916 1822271 Coordinator.h:310] commit: 31400 abort: 68 (0/68/0), persistence latency 0, txn latency 0, queued lock latency 0, lock latency 0, active_txns 0, n_failed_read_lock 0, n_failed_write_lock 0, n_failed_cmd_not_ready 0, n_failed_no_cmd 0, network size: 0, avg network size: 0, si_in_serializable: 0 0 %, local: 0 %, local_access: 275170, local_cxl_access: 0 (0%), remote_access: 39099, remote_access_with_req: 0 (0%), data_move_in: 0, data_move_out: 0
I20260924 12:47:12.088153 1822271 Coordinator.h:310] commit: 31249 abort: 87 (0/87/0), persistence latency 0, txn latency 0, queued lock latency 0, lock latency 0, active_txns 0, n_failed_read_lock 0, n_failed_write_lock 0, n_failed_cmd_not_ready 0, n_failed_no_cmd 0, network size: 0, avg network size: 0, si_in_serializable: 0 0 %, local: 0 %, local_access: 273572, local_cxl_access: 0 (0%), remote_access: 39345, remote_access_with_req: 0 (0%), data_move_in: 0, data_move_out: 0
I20260924 12:47:13.088390 1822271 Coordinator.h:310] commit: 31384 abort: 67 (0/67/0), persistence latency 0, txn latency 0, queued lock latency 0, lock latency 0, active_txns 0, n_failed_read_lock 0, n_failed_write_lock 0, n_failed_cmd_not_ready 0, n_failed_no_cmd 0, network size: 0, avg network size: 0, si_in_serializable: 0 0 %, local: 0 %, local_access: 274642, local_cxl_access: 0 (0%), remote_access: 39557, remote_access_with_req: 0 (0%), data_move_in: 0, data_move_out: 0
I20260924 12:47:14.088630 1822271 Coordinator.h:310] commit: 31486 abort: 92 (0/92/0), persistence latency 0, txn latency 0, queued lock latency 0, lock latency 0, active_txns 0, n_failed_read_lock 0, n_failed_write_lock 0, n_failed_cmd_not_ready 0, n_failed_no_cmd 0, network size: 0, avg network size: 0, si_in_serializable: 0 0 %, local: 0 %, local_access: 275929, local_cxl_access: 0 (0%), remote_access: 39397, remote_access_with_req: 0 (0%), data_move_in: 0, data_move_out: 0
I20260924 12:47:15.089635 1822271 Coordinator.h:310] commit: 30983 abort: 104 (0/104/0), persistence latency 0, txn latency 0, queued lock latency 0, lock latency 0, active_txns 0, n_failed_read_lock 0, n_failed_write_lock 0, n_failed_cmd_not_ready 0, n_failed_no_cmd 0, network size: 0, avg network size: 0, si_in_serializable: 0 0 %, local: 0 %, local_access: 271232, local_cxl_access: 0 (0%), remote_access: 39102, remote_access_with_req: 0 (0%), data_move_in: 0, data_move_out: 0
I20260924 12:47:16.089795 1822271 Coordinator.h:310] commit: 31172 abort: 69 (0/69/0), persistence latency 0, txn latency 0, queued lock latency 0, lock latency 0, active_txns 0, n_failed_read_lock 0, n_failed_write_lock 0, n_failed_cmd_not_ready 0, n_failed_no_cmd 0, network size: 0, avg network size: 0, si_in_serializable: 0 0 %, local: 0 %, local_access: 272665, local_cxl_access: 0 (0%), remote_access: 39390, remote_access_with_req: 0 (0%), data_move_in: 0, data_move_out: 0
I20260924 12:47:17.089905 1822271 Coordinator.h:310] commit: 31052 abort: 38 (0/38/0), persistence latency 0, txn latency 0, queued lock latency 0, lock latency 0, active_txns 0, n_failed_read_lock 0, n_failed_write_lock 0, n_failed_cmd_not_ready 0, n_failed_no_cmd 0, network size: 0, avg network size: 0, si_in_serializable: 0 0 %, local: 0 %, local_access: 271574, local_cxl_access: 0 (0%), remote_access: 39170, remote_access_with_req: 0 (0%), data_move_in: 0, data_move_out: 0
I20260924 12:47:18.090070 1822271 Coordinator.h:310] commit: 31320 abort: 59 (0/59/0), persistence latency 0, txn latency 0, queued lock latency 0, lock latency 0, active_txns 0, n_failed_read_lock 0, n_failed_write_lock 0, n_failed_cmd_not_ready 0, n_failed_no_cmd 0, network size: 0, avg network size: 0, si_in_serializable: 0 0 %, local: 0 %, local_access: 274356, local_cxl_access: 0 (0%), remote_access: 39111, remote_access_with_req: 0 (0%), data_move_in: 0, data_move_out: 0
I20260924 12:47:19.090233 1822271 Coordinator.h:310] commit: 31335 abort: 86 (0/86/0), persistence latency 0, txn latency 0, queued lock latency 0, lock latency 0, active_txns 0, n_failed_read_lock 0, n_failed_write_lock 0, n_failed_cmd_not_ready 0, n_failed_no_cmd 0, network size: 0, avg network size: 0, si_in_serializable: 0 0 %, local: 0 %, local_access: 274946, local_cxl_access: 0 (0%), remote_access: 38856, remote_access_with_req: 0 (0%), data_move_in: 0, data_move_out: 0
I20260924 12:47:20.090523 1822271 Coordinator.h:310] commit: 31478 abort: 83 (0/83/0), persistence latency 0, txn latency 0, queued lock latency 0, lock latency 0, active_txns 0, n_failed_read_lock 0, n_failed_write_lock 0, n_failed_cmd_not_ready 0, n_failed_no_cmd 0, network size: 0, avg network size: 0, si_in_serializable: 0 0 %, local: 0 %, local_access: 276078, local_cxl_access: 0 (0%), remote_access: 39070, remote_access_with_req: 0 (0%), data_move_in: 0, data_move_out: 0
I20260924 12:47:21.090665 1822271 Coordinator.h:310] commit: 31263 abort: 74 (0/74/0), persistence latency 0, txn latency 0, queued lock latency 0, lock latency 0, active_txns 0, n_failed_read_lock 0, n_failed_write_lock 0, n_failed_cmd_not_ready 0, n_failed_no_cmd 0, network size: 0, avg network size: 0, si_in_serializable: 0 0 %, local: 0 %, local_access: 274082, local_cxl_access: 0 (0%), remote_access: 38891, remote_access_with_req: 0 (0%), data_move_in: 0, data_move_out: 0
I20260924 12:47:22.090901 1822271 Coordinator.h:310] commit: 31140 abort: 80 (0/80/0), persistence latency 0, txn latency 0, queued lock latency 0, lock latency 0, active_txns 0, n_failed_read_lock 0, n_failed_write_lock 0, n_failed_cmd_not_ready 0, n_failed_no_cmd 0, network size: 0, avg network size: 0, si_in_serializable: 0 0 %, local: 0 %, local_access: 272716, local_cxl_access: 0 (0%), remote_access: 39117, remote_access_with_req: 0 (0%), data_move_in: 0, data_move_out: 0
I20260924 12:47:23.091144 1822271 Coordinator.h:310] commit: 30780 abort: 66 (0/66/0), persistence latency 0, txn latency 0, queued lock latency 0, lock latency 0, active_txns 0, n_failed_read_lock 0, n_failed_write_lock 0, n_failed_cmd_not_ready 0, n_failed_no_cmd 0, network size: 0, avg network size: 0, si_in_serializable: 0 0 %, local: 0 %, local_access: 269031, local_cxl_access: 0 (0%), remote_access: 39065, remote_access_with_req: 0 (0%), data_move_in: 0, data_move_out: 0
I20260924 12:47:24.091279 1822271 Coordinator.h:310] commit: 31395 abort: 58 (0/58/0), persistence latency 0, txn latency 0, queued lock latency 0, lock latency 0, active_txns 0, n_failed_read_lock 0, n_failed_write_lock 0, n_failed_cmd_not_ready 0, n_failed_no_cmd 0, network size: 0, avg network size: 0, si_in_serializable: 0 0 %, local: 0 %, local_access: 275005, local_cxl_access: 0 (0%), remote_access: 39171, remote_access_with_req: 0 (0%), data_move_in: 0, data_move_out: 0
I20260924 12:47:25.091521 1822271 Coordinator.h:310] commit: 30515 abort: 67 (0/67/0), persistence latency 0, txn latency 0, queued lock latency 0, lock latency 0, active_txns 0, n_failed_read_lock 0, n_failed_write_lock 0, n_failed_cmd_not_ready 0, n_failed_no_cmd 0, network size: 0, avg network size: 0, si_in_serializable: 0 0 %, local: 0 %, local_access: 266511, local_cxl_access: 0 (0%), remote_access: 38942, remote_access_with_req: 0 (0%), data_move_in: 0, data_move_out: 0
I20260924 12:47:26.091632 1822271 Coordinator.h:310] commit: 30584 abort: 59 (0/59/0), persistence latency 0, txn latency 0, queued lock latency 0, lock latency 0, active_txns 0, n_failed_read_lock 0, n_failed_write_lock 0, n_failed_cmd_not_ready 0, n_failed_no_cmd 0, network size: 0, avg network size: 0, si_in_serializable: 0 0 %, local: 0 %, local_access: 266974, local_cxl_access: 0 (0%), remote_access: 39179, remote_access_with_req: 0 (0%), data_move_in: 0, data_move_out: 0
I20260924 12:47:27.091876 1822271 Coordinator.h:310] commit: 31135 abort: 52 (0/52/0), persistence latency 0, txn latency 0, queued lock latency 0, lock latency 0, active_txns 0, n_failed_read_lock 0, n_failed_write_lock 0, n_failed_cmd_not_ready 0, n_failed_no_cmd 0, network size: 0, avg network size: 0, si_in_serializable: 0 0 %, local: 0 %, local_access: 272823, local_cxl_access: 0 (0%), remote_access: 38819, remote_access_with_req: 0 (0%), data_move_in: 0, data_move_out: 0
I20260924 12:47:28.092115 1822271 Coordinator.h:310] commit: 30986 abort: 66 (0/66/0), persistence latency 0, txn latency 0, queued lock latency 0, lock latency 0, active_txns 0, n_failed_read_lock 0, n_failed_write_lock 0, n_failed_cmd_not_ready 0, n_failed_no_cmd 0, network size: 0, avg network size: 0, si_in_serializable: 0 0 %, local: 0 %, local_access: 271126, local_cxl_access: 0 (0%), remote_access: 39049, remote_access_with_req: 0 (0%), data_move_in: 0, data_move_out: 0
I20260924 12:47:29.092231 1822271 Coordinator.h:310] commit: 31380 abort: 74 (0/74/0), persistence latency 0, txn latency 0, queued lock latency 0, lock latency 0, active_txns 0, n_failed_read_lock 0, n_failed_write_lock 0, n_failed_cmd_not_ready 0, n_failed_no_cmd 0, network size: 0, avg network size: 0, si_in_serializable: 0 0 %, local: 0 %, local_access: 275427, local_cxl_access: 0 (0%), remote_access: 38747, remote_access_with_req: 0 (0%), data_move_in: 0, data_move_out: 0
I20260924 12:47:30.092343 1822271 Coordinator.h:310] commit: 31159 abort: 74 (0/74/0), persistence latency 0, txn latency 0, queued lock latency 0, lock latency 0, active_txns 0, n_failed_read_lock 0, n_failed_write_lock 0, n_failed_cmd_not_ready 0, n_failed_no_cmd 0, network size: 0, avg network size: 0, si_in_serializable: 0 0 %, local: 0 %, local_access: 273032, local_cxl_access: 0 (0%), remote_access: 38974, remote_access_with_req: 0 (0%), data_move_in: 0, data_move_out: 0
I20260924 12:47:31.092582 1822271 Coordinator.h:310] commit: 31131 abort: 93 (0/93/0), persistence latency 0, txn latency 0, queued lock latency 0, lock latency 0, active_txns 0, n_failed_read_lock 0, n_failed_write_lock 0, n_failed_cmd_not_ready 0, n_failed_no_cmd 0, network size: 0, avg network size: 0, si_in_serializable: 0 0 %, local: 0 %, local_access: 273019, local_cxl_access: 0 (0%), remote_access: 38775, remote_access_with_req: 0 (0%), data_move_in: 0, data_move_out: 0
I20260924 12:47:32.093530 1822271 Coordinator.h:310] commit: 31120 abort: 72 (0/72/0), persistence latency 0, txn latency 0, queued lock latency 0, lock latency 0, active_txns 0, n_failed_read_lock 0, n_failed_write_lock 0, n_failed_cmd_not_ready 0, n_failed_no_cmd 0, network size: 0, avg network size: 0, si_in_serializable: 0 0 %, local: 0 %, local_access: 272642, local_cxl_access: 0 (0%), remote_access: 38954, remote_access_with_req: 0 (0%), data_move_in: 0, data_move_out: 0
I20260924 12:47:33.093729 1822271 Coordinator.h:310] commit: 31603 abort: 74 (0/74/0), persistence latency 0, txn latency 0, queued lock latency 0, lock latency 0, active_txns 0, n_failed_read_lock 0, n_failed_write_lock 0, n_failed_cmd_not_ready 0, n_failed_no_cmd 0, network size: 0, avg network size: 0, si_in_serializable: 0 0 %, local: 0 %, local_access: 277798, local_cxl_access: 0 (0%), remote_access: 38537, remote_access_with_req: 0 (0%), data_move_in: 0, data_move_out: 0
I20260924 12:47:34.093838 1822271 Coordinator.h:310] commit: 31106 abort: 84 (0/84/0), persistence latency 0, txn latency 0, queued lock latency 0, lock latency 0, active_txns 0, n_failed_read_lock 0, n_failed_write_lock 0, n_failed_cmd_not_ready 0, n_failed_no_cmd 0, network size: 0, avg network size: 0, si_in_serializable: 0 0 %, local: 0 %, local_access: 272624, local_cxl_access: 0 (0%), remote_access: 38882, remote_access_with_req: 0 (0%), data_move_in: 0, data_move_out: 0
I20260924 12:47:34.093878 1822271 Coordinator.h:348] average commit: 31194.1 abort: 77.6 (0/77.6/0), abort_rate: 0.00248147, network size: 0, avg network size: 0, si_in_serializable: 0 0 %, local: 0 %, local_access: 8196930, local_cxl_access: 0 (0%), remote_access: 1173042, remote_access_with_req: 0 (0%), data_move_in: 0, data_move_out: 0
I20260924 12:47:34.093902 1822271 Executor.h:236] Worker 0 latency: 17 us (50%) 232 us (75%) 274 us (95%) 962 us (99%). dist txn latency: 258 us (50%) 269 us (75%) 911 us (95%) 1143 us (99%)  avg 323 us . local txn latency: 12 us (50%) 19 us (75%) 78 us (95%) 134 us (99%)  avg 20 us. txn commit latency: 17 us (50%) 230 us (75%) 274 us (95%) 972 us (99%) avg 95 us.
 LOCAL txn stall 0 us,  local_work 16 us,  remote_work 0 us,  commit_work 0 us,  commit_prepare 0 us,  commit_persistence 0 us,  commit_write_back 0 us,  commit_replication 0 us,  commit_release_lock 0 us 
 DIST txn stall 0 us,  local_work 316 us,  remote_work 0 us,  commit_work 8 us,  commit_prepare 0 us,  commit_persistence 0 us,  commit_write_back 0 us,  commit_replication 0 us,  commit_release_lock 6 us 
I20260924 12:47:34.097661 1822271 Executor.h:267] message stats, type: 0 count: 0 total size: 0
I20260924 12:47:34.097711 1822271 Executor.h:267] message stats, type: 1 count: 0 total size: 0
I20260924 12:47:34.097715 1822271 Executor.h:267] message stats, type: 2 count: 0 total size: 0
I20260924 12:47:34.097719 1822271 Executor.h:267] message stats, type: 3 count: 0 total size: 0
I20260924 12:47:34.097723 1822271 Executor.h:267] message stats, type: 4 count: 0 total size: 0
I20260924 12:47:34.097726 1822271 Executor.h:267] message stats, type: 5 count: 0 total size: 0
I20260924 12:47:34.097729 1822271 Executor.h:267] message stats, type: 6 count: 0 total size: 0
I20260924 12:47:34.097733 1822271 Executor.h:267] message stats, type: 7 count: 0 total size: 0
I20260924 12:47:34.097736 1822271 Executor.h:267] message stats, type: 8 count: 0 total size: 0
I20260924 12:47:34.097740 1822271 Executor.h:267] message stats, type: 9 count: 0 total size: 0
I20260924 12:47:34.097744 1822271 Executor.h:267] message stats, type: 10 count: 0 total size: 0
I20260924 12:47:34.097747 1822271 Executor.h:267] message stats, type: 11 count: 0 total size: 0
I20260924 12:47:34.100649 1822353 Manager.h:230] Manager(worker id = 3) on the coordinator node exits.
I20260924 12:47:34.100646 1822352 Executor.h:231] Executor 2 exits.
I20260924 12:47:34.100646 1822350 Executor.h:231] Executor 0 exits.
I20260924 12:47:34.100646 1822351 Executor.h:231] Executor 1 exits.
I20260924 12:47:34.104390 1822271 Executor.h:236] Worker 1 latency: 17 us (50%) 220 us (75%) 275 us (95%) 983 us (99%). dist txn latency: 258 us (50%) 269 us (75%) 914 us (95%) 1132 us (99%)  avg 323 us . local txn latency: 11 us (50%) 19 us (75%) 79 us (95%) 135 us (99%)  avg 20 us. txn commit latency: 17 us (50%) 236 us (75%) 274 us (95%) 963 us (99%) avg 97 us.
 LOCAL txn stall 0 us,  local_work 17 us,  remote_work 0 us,  commit_work 0 us,  commit_prepare 0 us,  commit_persistence 0 us,  commit_write_back 0 us,  commit_replication 0 us,  commit_release_lock 0 us 
 DIST txn stall 0 us,  local_work 309 us,  remote_work 0 us,  commit_work 8 us,  commit_prepare 0 us,  commit_persistence 0 us,  commit_write_back 0 us,  commit_replication 0 us,  commit_release_lock 7 us 
I20260924 12:47:34.108323 1822271 Executor.h:236] Worker 2 latency: 16 us (50%) 230 us (75%) 267 us (95%) 964 us (99%). dist txn latency: 251 us (50%) 262 us (75%) 865 us (95%) 1107 us (99%)  avg 316 us . local txn latency: 9 us (50%) 16 us (75%) 77 us (95%) 123 us (99%)  avg 18 us. txn commit latency: 15 us (50%) 177 us (75%) 266 us (95%) 935 us (99%) avg 92 us.
 LOCAL txn stall 0 us,  local_work 15 us,  remote_work 0 us,  commit_work 0 us,  commit_prepare 0 us,  commit_persistence 0 us,  commit_write_back 0 us,  commit_replication 0 us,  commit_release_lock 0 us 
 DIST txn stall 0 us,  local_work 309 us,  remote_work 0 us,  commit_work 8 us,  commit_prepare 0 us,  commit_persistence 0 us,  commit_write_back 0 us,  commit_replication 0 us,  commit_release_lock 6 us 
I20260924 12:47:34.112285 1822271 CXLMemory.h:227] local CXL memory usage: size_index_usage: 0 size_metadata_usage: 0 size_data_usage: 0 size_transport_usage: 0 size_misc_usage: 0 total_size_hw_cc_usage: 0 total_usage: 0
I20260924 12:47:34.112308 1822271 Coordinator.h:639] Global Stats: total_commit: 62401.9 total_size_index_usage: 0 total_size_metadata_usage: 0 total_size_data_usage: 0 total_size_transport_usage: 0 total_size_misc_usage: 0 total_hw_cc_usage: 0 total_usage: 0
I20260924 12:47:35.112618 1822348 Dispatcher.h:160] Incoming Dispatcher exits, network size: 252. socket_message_recv_latency(50th) 0 socket_message_recv_latency(75th) 0 socket_message_recv_latency(95th) 0 socket_message_recv_latency(99th) 0 internal_message_recv_latency(50th) 0 socket_message_recv_cnt 0 socket_read_syscall 0 internal_message_recv_cnt 0
I20260924 12:47:35.112619 1822349 Dispatcher.h:292] Outgoing Dispatcher exits, network size: 132. msg_send_latency(50th) 0 msg_send_latency(75th) 0 msg_send_latency(95th) 0 msg_send_latency(99th) 0 msg_send_latency(avg) 0 msg_gen_to_sent_latency(50th) 0 msg_gen_to_sent_latency(75th) 0 msg_gen_to_sent_latency(95th) 0 msg_gen_to_sent_latency(99th) 0 msg_gen_to_queue_latency(50th) 0 msg_gen_to_queue_latency(75th) 0 msg_gen_to_queue_latency(95th) 0 msg_gen_to_queue_latency(99th) 0 msg_disp_ltc(50th) 0 msg_disp_ltc(75th) 0 msg_disp_ltc(95th) 0 msg_disp_ltc(99th) 0 msg_disp_ltc(100th) 0 send_ltc(50th) 0 send_ltc(75th) 0 send_ltc(95th) 0 send_ltc(99th) 0 send_ltc(100th) 0 send_ltc(avg) 0 sendto_cnt 2 network_size 132 network_msg_cnt 2 network_msg_group_size avg 0 50th 0 internal_network_size 0 internal_network_msg_cnt 0
I20260924 12:47:35.355464 1822271 Coordinator.h:158] round_trip_latency 37 (50th) 39 (75th) 214 (95th) 214 (99th) 
I20260924 12:47:38.124491 1822271 Coordinator.h:420] Coordinator exits.
TIGON_RUN_END run_id=cmp_952_y_rw95_c25_r3 host_id=0 status=ok exit_code=0
