TIGON_RUN_META system=ub workload=ycsb run_id=cmp_50_y_rw50_c50_r3 host_id=1 repetition=3 mode=one-sided query=rmw transport=ubq partitions=2 workers=3 keys=300000 rw_ratio=50 zipf=0.7 cross_ratio=50 neworder_dist= payment_dist= warmup_seconds=30 run_seconds=30 total_seconds=60 logging=off
I20260924 13:05:47.800827 1845529 bench_ycsb.cpp:68] RW_RATIO = 50, ZIPF_THETA = 0.7, CROSS_RATIO = 50
I20260924 13:05:47.800925 1845529 bench_ycsb.cpp:69] checkpoint 0 to 
I20260924 13:05:47.800930 1845529 bench_ycsb.cpp:70] cross_part_num 2
I20260924 13:05:47.800935 1845529 bench_ycsb.cpp:71] lotus_sp_parallel_exec_commit 0
I20260924 13:05:47.800938 1845529 bench_ycsb.cpp:72] granules_per_partition 1
I20260924 13:05:47.800942 1845529 bench_ycsb.cpp:73] keysPerGranule 300000
[2026-09-24 13:05:48.368 +08:00][ERROR][1845529][281473847513120][shm_ipc_command.cpp:183] IpcCallShmMap response error : 800
[2026-09-24 13:05:48.368 +08:00][ERROR][1845529][281473847513120][RackMemShm.cpp:322] Failed to mmap, name=uf230af77_one-sided_rmw_ubq_0, mapSize=2147483648, ret=800
[2026-09-24 13:05:48.368 +08:00][ERROR][1845529][281473847513120][mxmem_shmem.cpp:473] Failed to mmap shared memory, ret=800
[2026-09-24 13:05:48.470 +08:00][ERROR][1845529][281473847513120][shm_ipc_command.cpp:183] IpcCallShmMap response error : 800
[2026-09-24 13:05:48.470 +08:00][ERROR][1845529][281473847513120][RackMemShm.cpp:322] Failed to mmap, name=uf230af77_one-sided_rmw_ubq_0, mapSize=2147483648, ret=800
[2026-09-24 13:05:48.470 +08:00][ERROR][1845529][281473847513120][mxmem_shmem.cpp:473] Failed to mmap shared memory, ret=800
I20260924 13:05:48.648676 1845529 UBMemory.cpp:138] UB memory initialized: local_region=1 regions=2 mode=one-sided bytes_per_region=2147483648
I20260924 13:05:51.149164 1845529 Database.h:82] ycsb initialization finished in 2500 milliseconds.
I20260924 13:05:51.151379 1845529 Coordinator.h:459] Coordinator 1 initializes UB inbox with 4096 entries of 8192 bytes
I20260924 13:05:51.151445 1845529 Coordinator.h:100] WAL Group Commiting off. Log to file _non_group_commit.txt using Blackhole Logger
I20260924 13:05:51.151453 1845529 Coordinator.h:104] Coordinator initializes 3 workers.
I20260924 13:05:51.152299 1845544 Coordinator.h:505] Listener 0 on coordinator 1 listening on 76.53.137.99:10010 tcp_no_delay 1 tcp_quick_ack 0
I20260924 13:05:51.152726 1845529 Coordinator.h:551] Coordinator 1 failed to connect 0(76.53.137.98:10010)'s listener 0, retry in 5 seconds.
I20260924 13:05:51.216077 1845544 Socket.h:69] Disabling nagle
I20260924 13:05:51.216120 1845544 Coordinator.h:520] Listener accepted connection from coordinator 0
I20260924 13:05:51.216125 1845544 Coordinator.h:523] Listener 0 on coordinator 1 exits.
I20260924 13:05:56.155407 1845529 Socket.h:69] Disabling nagle
I20260924 13:05:56.155440 1845529 Coordinator.h:560] Coordinator 1 connected to 0
I20260924 13:05:56.155468 1845529 Coordinator.h:572] Coordinator 1 connected to all peers.
I20260924 13:05:56.155478 1845529 Dispatcher.h:41] IncomingDispatcher 0 coord_id 1
I20260924 13:05:56.155493 1845529 Dispatcher.h:234] OutgoingDispatcher 0 coord_id 1
I20260924 13:05:56.155670 1845529 Coordinator.h:669] pinned thread to core 0
I20260924 13:05:56.155715 1845529 Coordinator.h:669] pinned thread to core 1
I20260924 13:05:56.155726 1845570 Dispatcher.h:63] Incoming Dispatcher started, numCoordinators = 2, numWorkers = 3, group id = 0, coordinator = 1
I20260924 13:05:56.155813 1845571 Dispatcher.h:246] Outgoing Dispatcher started, numCoordinators = 2, numWorkers = 4, group id = 0
I20260924 13:05:56.155725 1845529 Coordinator.h:219] Coordinator starts to run 4 workers.
I20260924 13:05:56.156085 1845529 Coordinator.h:669] pinned thread to core 2
I20260924 13:05:56.156163 1845529 Coordinator.h:669] pinned thread to core 3
I20260924 13:05:56.156240 1845529 Coordinator.h:669] pinned thread to core 4
I20260924 13:05:56.156252 1845572 Executor.h:79] Executor 0 starts.
I20260924 13:05:56.156467 1845575 Manager.h:232] Manager(worker id = 3) on the non-coordinator node started.
I20260924 13:05:56.156412 1845574 Executor.h:79] Executor 2 starts.
I20260924 13:05:56.156270 1845573 Executor.h:79] Executor 1 starts.
I20260924 13:05:57.156498 1845529 Coordinator.h:310] commit: 12623 abort: 311 (0/311/0), persistence latency 0, txn latency 0, queued lock latency 0, lock latency 0, active_txns 0, n_failed_read_lock 0, n_failed_write_lock 0, n_failed_cmd_not_ready 0, n_failed_no_cmd 0, network size: 0, avg network size: 0, si_in_serializable: 0 0 %, local: 0 %, local_access: 95809, local_cxl_access: 0 (0%), remote_access: 31969, remote_access_with_req: 0 (0%), data_move_in: 0, data_move_out: 0
I20260924 13:05:58.156601 1845529 Coordinator.h:310] commit: 12794 abort: 382 (0/382/0), persistence latency 0, txn latency 0, queued lock latency 0, lock latency 0, active_txns 0, n_failed_read_lock 0, n_failed_write_lock 0, n_failed_cmd_not_ready 0, n_failed_no_cmd 0, network size: 0, avg network size: 0, si_in_serializable: 0 0 %, local: 0 %, local_access: 96838, local_cxl_access: 0 (0%), remote_access: 32428, remote_access_with_req: 0 (0%), data_move_in: 0, data_move_out: 0
I20260924 13:05:59.156697 1845529 Coordinator.h:310] commit: 12874 abort: 275 (0/275/0), persistence latency 0, txn latency 0, queued lock latency 0, lock latency 0, active_txns 0, n_failed_read_lock 0, n_failed_write_lock 0, n_failed_cmd_not_ready 0, n_failed_no_cmd 0, network size: 0, avg network size: 0, si_in_serializable: 0 0 %, local: 0 %, local_access: 97725, local_cxl_access: 0 (0%), remote_access: 32374, remote_access_with_req: 0 (0%), data_move_in: 0, data_move_out: 0
I20260924 13:06:00.156920 1845529 Coordinator.h:310] commit: 12776 abort: 277 (0/277/0), persistence latency 0, txn latency 0, queued lock latency 0, lock latency 0, active_txns 0, n_failed_read_lock 0, n_failed_write_lock 0, n_failed_cmd_not_ready 0, n_failed_no_cmd 0, network size: 0, avg network size: 0, si_in_serializable: 0 0 %, local: 0 %, local_access: 96861, local_cxl_access: 0 (0%), remote_access: 32479, remote_access_with_req: 0 (0%), data_move_in: 0, data_move_out: 0
I20260924 13:06:01.157140 1845529 Coordinator.h:310] commit: 12862 abort: 274 (0/274/0), persistence latency 0, txn latency 0, queued lock latency 0, lock latency 0, active_txns 0, n_failed_read_lock 0, n_failed_write_lock 0, n_failed_cmd_not_ready 0, n_failed_no_cmd 0, network size: 0, avg network size: 0, si_in_serializable: 0 0 %, local: 0 %, local_access: 97481, local_cxl_access: 0 (0%), remote_access: 32487, remote_access_with_req: 0 (0%), data_move_in: 0, data_move_out: 0
I20260924 13:06:02.157362 1845529 Coordinator.h:310] commit: 12829 abort: 226 (0/226/0), persistence latency 0, txn latency 0, queued lock latency 0, lock latency 0, active_txns 0, n_failed_read_lock 0, n_failed_write_lock 0, n_failed_cmd_not_ready 0, n_failed_no_cmd 0, network size: 0, avg network size: 0, si_in_serializable: 0 0 %, local: 0 %, local_access: 96813, local_cxl_access: 0 (0%), remote_access: 32595, remote_access_with_req: 0 (0%), data_move_in: 0, data_move_out: 0
I20260924 13:06:03.157823 1845529 Coordinator.h:310] commit: 12896 abort: 261 (0/261/0), persistence latency 0, txn latency 0, queued lock latency 0, lock latency 0, active_txns 0, n_failed_read_lock 0, n_failed_write_lock 0, n_failed_cmd_not_ready 0, n_failed_no_cmd 0, network size: 0, avg network size: 0, si_in_serializable: 0 0 %, local: 0 %, local_access: 97655, local_cxl_access: 0 (0%), remote_access: 32475, remote_access_with_req: 0 (0%), data_move_in: 0, data_move_out: 0
I20260924 13:06:04.158743 1845529 Coordinator.h:310] commit: 12805 abort: 239 (0/239/0), persistence latency 0, txn latency 0, queued lock latency 0, lock latency 0, active_txns 0, n_failed_read_lock 0, n_failed_write_lock 0, n_failed_cmd_not_ready 0, n_failed_no_cmd 0, network size: 0, avg network size: 0, si_in_serializable: 0 0 %, local: 0 %, local_access: 96767, local_cxl_access: 0 (0%), remote_access: 32377, remote_access_with_req: 0 (0%), data_move_in: 0, data_move_out: 0
I20260924 13:06:05.159065 1845529 Coordinator.h:310] commit: 12762 abort: 270 (0/270/0), persistence latency 0, txn latency 0, queued lock latency 0, lock latency 0, active_txns 0, n_failed_read_lock 0, n_failed_write_lock 0, n_failed_cmd_not_ready 0, n_failed_no_cmd 0, network size: 0, avg network size: 0, si_in_serializable: 0 0 %, local: 0 %, local_access: 96656, local_cxl_access: 0 (0%), remote_access: 32279, remote_access_with_req: 0 (0%), data_move_in: 0, data_move_out: 0
I20260924 13:06:06.159210 1845529 Coordinator.h:310] commit: 12912 abort: 198 (0/198/0), persistence latency 0, txn latency 0, queued lock latency 0, lock latency 0, active_txns 0, n_failed_read_lock 0, n_failed_write_lock 0, n_failed_cmd_not_ready 0, n_failed_no_cmd 0, network size: 0, avg network size: 0, si_in_serializable: 0 0 %, local: 0 %, local_access: 97811, local_cxl_access: 0 (0%), remote_access: 32289, remote_access_with_req: 0 (0%), data_move_in: 0, data_move_out: 0
I20260924 13:06:07.159307 1845529 Coordinator.h:310] commit: 12851 abort: 298 (0/298/0), persistence latency 0, txn latency 0, queued lock latency 0, lock latency 0, active_txns 0, n_failed_read_lock 0, n_failed_write_lock 0, n_failed_cmd_not_ready 0, n_failed_no_cmd 0, network size: 0, avg network size: 0, si_in_serializable: 0 0 %, local: 0 %, local_access: 97582, local_cxl_access: 0 (0%), remote_access: 32380, remote_access_with_req: 0 (0%), data_move_in: 0, data_move_out: 0
I20260924 13:06:08.159404 1845529 Coordinator.h:310] commit: 12772 abort: 276 (0/276/0), persistence latency 0, txn latency 0, queued lock latency 0, lock latency 0, active_txns 0, n_failed_read_lock 0, n_failed_write_lock 0, n_failed_cmd_not_ready 0, n_failed_no_cmd 0, network size: 0, avg network size: 0, si_in_serializable: 0 0 %, local: 0 %, local_access: 96766, local_cxl_access: 0 (0%), remote_access: 32281, remote_access_with_req: 0 (0%), data_move_in: 0, data_move_out: 0
I20260924 13:06:09.159499 1845529 Coordinator.h:310] commit: 12809 abort: 261 (0/261/0), persistence latency 0, txn latency 0, queued lock latency 0, lock latency 0, active_txns 0, n_failed_read_lock 0, n_failed_write_lock 0, n_failed_cmd_not_ready 0, n_failed_no_cmd 0, network size: 0, avg network size: 0, si_in_serializable: 0 0 %, local: 0 %, local_access: 97017, local_cxl_access: 0 (0%), remote_access: 32263, remote_access_with_req: 0 (0%), data_move_in: 0, data_move_out: 0
I20260924 13:06:10.159595 1845529 Coordinator.h:310] commit: 12866 abort: 276 (0/276/0), persistence latency 0, txn latency 0, queued lock latency 0, lock latency 0, active_txns 0, n_failed_read_lock 0, n_failed_write_lock 0, n_failed_cmd_not_ready 0, n_failed_no_cmd 0, network size: 0, avg network size: 0, si_in_serializable: 0 0 %, local: 0 %, local_access: 97831, local_cxl_access: 0 (0%), remote_access: 32150, remote_access_with_req: 0 (0%), data_move_in: 0, data_move_out: 0
I20260924 13:06:11.159830 1845529 Coordinator.h:310] commit: 12728 abort: 312 (0/312/0), persistence latency 0, txn latency 0, queued lock latency 0, lock latency 0, active_txns 0, n_failed_read_lock 0, n_failed_write_lock 0, n_failed_cmd_not_ready 0, n_failed_no_cmd 0, network size: 0, avg network size: 0, si_in_serializable: 0 0 %, local: 0 %, local_access: 96376, local_cxl_access: 0 (0%), remote_access: 32491, remote_access_with_req: 0 (0%), data_move_in: 0, data_move_out: 0
I20260924 13:06:12.159929 1845529 Coordinator.h:310] commit: 12794 abort: 328 (0/328/0), persistence latency 0, txn latency 0, queued lock latency 0, lock latency 0, active_txns 0, n_failed_read_lock 0, n_failed_write_lock 0, n_failed_cmd_not_ready 0, n_failed_no_cmd 0, network size: 0, avg network size: 0, si_in_serializable: 0 0 %, local: 0 %, local_access: 96875, local_cxl_access: 0 (0%), remote_access: 32427, remote_access_with_req: 0 (0%), data_move_in: 0, data_move_out: 0
I20260924 13:06:13.160055 1845529 Coordinator.h:310] commit: 12813 abort: 271 (0/271/0), persistence latency 0, txn latency 0, queued lock latency 0, lock latency 0, active_txns 0, n_failed_read_lock 0, n_failed_write_lock 0, n_failed_cmd_not_ready 0, n_failed_no_cmd 0, network size: 0, avg network size: 0, si_in_serializable: 0 0 %, local: 0 %, local_access: 97169, local_cxl_access: 0 (0%), remote_access: 32329, remote_access_with_req: 0 (0%), data_move_in: 0, data_move_out: 0
I20260924 13:06:14.160174 1845529 Coordinator.h:310] commit: 12697 abort: 324 (0/324/0), persistence latency 0, txn latency 0, queued lock latency 0, lock latency 0, active_txns 0, n_failed_read_lock 0, n_failed_write_lock 0, n_failed_cmd_not_ready 0, n_failed_no_cmd 0, network size: 0, avg network size: 0, si_in_serializable: 0 0 %, local: 0 %, local_access: 96445, local_cxl_access: 0 (0%), remote_access: 32279, remote_access_with_req: 0 (0%), data_move_in: 0, data_move_out: 0
I20260924 13:06:15.160291 1845529 Coordinator.h:310] commit: 12808 abort: 286 (0/286/0), persistence latency 0, txn latency 0, queued lock latency 0, lock latency 0, active_txns 0, n_failed_read_lock 0, n_failed_write_lock 0, n_failed_cmd_not_ready 0, n_failed_no_cmd 0, network size: 0, avg network size: 0, si_in_serializable: 0 0 %, local: 0 %, local_access: 97321, local_cxl_access: 0 (0%), remote_access: 32162, remote_access_with_req: 0 (0%), data_move_in: 0, data_move_out: 0
I20260924 13:06:16.160405 1845529 Coordinator.h:310] commit: 12821 abort: 287 (0/287/0), persistence latency 0, txn latency 0, queued lock latency 0, lock latency 0, active_txns 0, n_failed_read_lock 0, n_failed_write_lock 0, n_failed_cmd_not_ready 0, n_failed_no_cmd 0, network size: 0, avg network size: 0, si_in_serializable: 0 0 %, local: 0 %, local_access: 97755, local_cxl_access: 0 (0%), remote_access: 31851, remote_access_with_req: 0 (0%), data_move_in: 0, data_move_out: 0
I20260924 13:06:17.160631 1845529 Coordinator.h:310] commit: 12738 abort: 267 (0/267/0), persistence latency 0, txn latency 0, queued lock latency 0, lock latency 0, active_txns 0, n_failed_read_lock 0, n_failed_write_lock 0, n_failed_cmd_not_ready 0, n_failed_no_cmd 0, network size: 0, avg network size: 0, si_in_serializable: 0 0 %, local: 0 %, local_access: 96610, local_cxl_access: 0 (0%), remote_access: 32022, remote_access_with_req: 0 (0%), data_move_in: 0, data_move_out: 0
I20260924 13:06:18.160858 1845529 Coordinator.h:310] commit: 12721 abort: 339 (0/339/0), persistence latency 0, txn latency 0, queued lock latency 0, lock latency 0, active_txns 0, n_failed_read_lock 0, n_failed_write_lock 0, n_failed_cmd_not_ready 0, n_failed_no_cmd 0, network size: 0, avg network size: 0, si_in_serializable: 0 0 %, local: 0 %, local_access: 96832, local_cxl_access: 0 (0%), remote_access: 32070, remote_access_with_req: 0 (0%), data_move_in: 0, data_move_out: 0
I20260924 13:06:19.161084 1845529 Coordinator.h:310] commit: 12752 abort: 273 (0/273/0), persistence latency 0, txn latency 0, queued lock latency 0, lock latency 0, active_txns 0, n_failed_read_lock 0, n_failed_write_lock 0, n_failed_cmd_not_ready 0, n_failed_no_cmd 0, network size: 0, avg network size: 0, si_in_serializable: 0 0 %, local: 0 %, local_access: 96670, local_cxl_access: 0 (0%), remote_access: 32156, remote_access_with_req: 0 (0%), data_move_in: 0, data_move_out: 0
I20260924 13:06:20.161300 1845529 Coordinator.h:310] commit: 12708 abort: 655 (0/655/0), persistence latency 0, txn latency 0, queued lock latency 0, lock latency 0, active_txns 0, n_failed_read_lock 0, n_failed_write_lock 0, n_failed_cmd_not_ready 0, n_failed_no_cmd 0, network size: 0, avg network size: 0, si_in_serializable: 0 0 %, local: 0 %, local_access: 99730, local_cxl_access: 0 (0%), remote_access: 31900, remote_access_with_req: 0 (0%), data_move_in: 0, data_move_out: 0
I20260924 13:06:21.161576 1845529 Coordinator.h:310] commit: 12739 abort: 268 (0/268/0), persistence latency 0, txn latency 0, queued lock latency 0, lock latency 0, active_txns 0, n_failed_read_lock 0, n_failed_write_lock 0, n_failed_cmd_not_ready 0, n_failed_no_cmd 0, network size: 0, avg network size: 0, si_in_serializable: 0 0 %, local: 0 %, local_access: 96712, local_cxl_access: 0 (0%), remote_access: 31973, remote_access_with_req: 0 (0%), data_move_in: 0, data_move_out: 0
I20260924 13:06:22.162622 1845529 Coordinator.h:310] commit: 12764 abort: 267 (0/267/0), persistence latency 0, txn latency 0, queued lock latency 0, lock latency 0, active_txns 0, n_failed_read_lock 0, n_failed_write_lock 0, n_failed_cmd_not_ready 0, n_failed_no_cmd 0, network size: 0, avg network size: 0, si_in_serializable: 0 0 %, local: 0 %, local_access: 96994, local_cxl_access: 0 (0%), remote_access: 32034, remote_access_with_req: 0 (0%), data_move_in: 0, data_move_out: 0
I20260924 13:06:23.163360 1845529 Coordinator.h:310] commit: 12795 abort: 263 (0/263/0), persistence latency 0, txn latency 0, queued lock latency 0, lock latency 0, active_txns 0, n_failed_read_lock 0, n_failed_write_lock 0, n_failed_cmd_not_ready 0, n_failed_no_cmd 0, network size: 0, avg network size: 0, si_in_serializable: 0 0 %, local: 0 %, local_access: 97190, local_cxl_access: 0 (0%), remote_access: 32067, remote_access_with_req: 0 (0%), data_move_in: 0, data_move_out: 0
I20260924 13:06:24.163460 1845529 Coordinator.h:310] commit: 12606 abort: 276 (0/276/0), persistence latency 0, txn latency 0, queued lock latency 0, lock latency 0, active_txns 0, n_failed_read_lock 0, n_failed_write_lock 0, n_failed_cmd_not_ready 0, n_failed_no_cmd 0, network size: 0, avg network size: 0, si_in_serializable: 0 0 %, local: 0 %, local_access: 95504, local_cxl_access: 0 (0%), remote_access: 32056, remote_access_with_req: 0 (0%), data_move_in: 0, data_move_out: 0
I20260924 13:06:25.163533 1845529 Coordinator.h:310] commit: 12418 abort: 256 (0/256/0), persistence latency 0, txn latency 0, queued lock latency 0, lock latency 0, active_txns 0, n_failed_read_lock 0, n_failed_write_lock 0, n_failed_cmd_not_ready 0, n_failed_no_cmd 0, network size: 0, avg network size: 0, si_in_serializable: 0 0 %, local: 0 %, local_access: 93266, local_cxl_access: 0 (0%), remote_access: 32242, remote_access_with_req: 0 (0%), data_move_in: 0, data_move_out: 0
I20260924 13:06:26.163766 1845529 Coordinator.h:310] commit: 12704 abort: 303 (0/303/0), persistence latency 0, txn latency 0, queued lock latency 0, lock latency 0, active_txns 0, n_failed_read_lock 0, n_failed_write_lock 0, n_failed_cmd_not_ready 0, n_failed_no_cmd 0, network size: 0, avg network size: 0, si_in_serializable: 0 0 %, local: 0 %, local_access: 96643, local_cxl_access: 0 (0%), remote_access: 31902, remote_access_with_req: 0 (0%), data_move_in: 0, data_move_out: 0
I20260924 13:06:27.164397 1845529 Coordinator.h:310] commit: 12716 abort: 266 (0/266/0), persistence latency 0, txn latency 0, queued lock latency 0, lock latency 0, active_txns 0, n_failed_read_lock 0, n_failed_write_lock 0, n_failed_cmd_not_ready 0, n_failed_no_cmd 0, network size: 0, avg network size: 0, si_in_serializable: 0 0 %, local: 0 %, local_access: 96335, local_cxl_access: 0 (0%), remote_access: 32126, remote_access_with_req: 0 (0%), data_move_in: 0, data_move_out: 0
I20260924 13:06:28.164521 1845529 Coordinator.h:310] commit: 12612 abort: 267 (0/267/0), persistence latency 0, txn latency 0, queued lock latency 0, lock latency 0, active_txns 0, n_failed_read_lock 0, n_failed_write_lock 0, n_failed_cmd_not_ready 0, n_failed_no_cmd 0, network size: 0, avg network size: 0, si_in_serializable: 0 0 %, local: 0 %, local_access: 95552, local_cxl_access: 0 (0%), remote_access: 31993, remote_access_with_req: 0 (0%), data_move_in: 0, data_move_out: 0
I20260924 13:06:29.164741 1845529 Coordinator.h:310] commit: 12715 abort: 298 (0/298/0), persistence latency 0, txn latency 0, queued lock latency 0, lock latency 0, active_txns 0, n_failed_read_lock 0, n_failed_write_lock 0, n_failed_cmd_not_ready 0, n_failed_no_cmd 0, network size: 0, avg network size: 0, si_in_serializable: 0 0 %, local: 0 %, local_access: 96559, local_cxl_access: 0 (0%), remote_access: 32050, remote_access_with_req: 0 (0%), data_move_in: 0, data_move_out: 0
I20260924 13:06:30.164835 1845529 Coordinator.h:310] commit: 12763 abort: 334 (0/334/0), persistence latency 0, txn latency 0, queued lock latency 0, lock latency 0, active_txns 0, n_failed_read_lock 0, n_failed_write_lock 0, n_failed_cmd_not_ready 0, n_failed_no_cmd 0, network size: 0, avg network size: 0, si_in_serializable: 0 0 %, local: 0 %, local_access: 97510, local_cxl_access: 0 (0%), remote_access: 32042, remote_access_with_req: 0 (0%), data_move_in: 0, data_move_out: 0
I20260924 13:06:31.165061 1845529 Coordinator.h:310] commit: 12790 abort: 288 (0/288/0), persistence latency 0, txn latency 0, queued lock latency 0, lock latency 0, active_txns 0, n_failed_read_lock 0, n_failed_write_lock 0, n_failed_cmd_not_ready 0, n_failed_no_cmd 0, network size: 0, avg network size: 0, si_in_serializable: 0 0 %, local: 0 %, local_access: 97152, local_cxl_access: 0 (0%), remote_access: 32095, remote_access_with_req: 0 (0%), data_move_in: 0, data_move_out: 0
I20260924 13:06:32.165277 1845529 Coordinator.h:310] commit: 12681 abort: 234 (0/234/0), persistence latency 0, txn latency 0, queued lock latency 0, lock latency 0, active_txns 0, n_failed_read_lock 0, n_failed_write_lock 0, n_failed_cmd_not_ready 0, n_failed_no_cmd 0, network size: 0, avg network size: 0, si_in_serializable: 0 0 %, local: 0 %, local_access: 95895, local_cxl_access: 0 (0%), remote_access: 32186, remote_access_with_req: 0 (0%), data_move_in: 0, data_move_out: 0
I20260924 13:06:33.165503 1845529 Coordinator.h:310] commit: 12794 abort: 266 (0/266/0), persistence latency 0, txn latency 0, queued lock latency 0, lock latency 0, active_txns 0, n_failed_read_lock 0, n_failed_write_lock 0, n_failed_cmd_not_ready 0, n_failed_no_cmd 0, network size: 0, avg network size: 0, si_in_serializable: 0 0 %, local: 0 %, local_access: 97345, local_cxl_access: 0 (0%), remote_access: 31990, remote_access_with_req: 0 (0%), data_move_in: 0, data_move_out: 0
I20260924 13:06:34.167491 1845529 Coordinator.h:310] commit: 12730 abort: 258 (0/258/0), persistence latency 0, txn latency 0, queued lock latency 0, lock latency 0, active_txns 0, n_failed_read_lock 0, n_failed_write_lock 0, n_failed_cmd_not_ready 0, n_failed_no_cmd 0, network size: 0, avg network size: 0, si_in_serializable: 0 0 %, local: 0 %, local_access: 96607, local_cxl_access: 0 (0%), remote_access: 32010, remote_access_with_req: 0 (0%), data_move_in: 0, data_move_out: 0
I20260924 13:06:35.167718 1845529 Coordinator.h:310] commit: 12734 abort: 286 (0/286/0), persistence latency 0, txn latency 0, queued lock latency 0, lock latency 0, active_txns 0, n_failed_read_lock 0, n_failed_write_lock 0, n_failed_cmd_not_ready 0, n_failed_no_cmd 0, network size: 0, avg network size: 0, si_in_serializable: 0 0 %, local: 0 %, local_access: 96902, local_cxl_access: 0 (0%), remote_access: 31858, remote_access_with_req: 0 (0%), data_move_in: 0, data_move_out: 0
I20260924 13:06:36.167812 1845529 Coordinator.h:310] commit: 12503 abort: 302 (0/302/0), persistence latency 0, txn latency 0, queued lock latency 0, lock latency 0, active_txns 0, n_failed_read_lock 0, n_failed_write_lock 0, n_failed_cmd_not_ready 0, n_failed_no_cmd 0, network size: 0, avg network size: 0, si_in_serializable: 0 0 %, local: 0 %, local_access: 94667, local_cxl_access: 0 (0%), remote_access: 31798, remote_access_with_req: 0 (0%), data_move_in: 0, data_move_out: 0
I20260924 13:06:37.168035 1845529 Coordinator.h:310] commit: 12538 abort: 221 (0/221/0), persistence latency 0, txn latency 0, queued lock latency 0, lock latency 0, active_txns 0, n_failed_read_lock 0, n_failed_write_lock 0, n_failed_cmd_not_ready 0, n_failed_no_cmd 0, network size: 0, avg network size: 0, si_in_serializable: 0 0 %, local: 0 %, local_access: 94555, local_cxl_access: 0 (0%), remote_access: 31976, remote_access_with_req: 0 (0%), data_move_in: 0, data_move_out: 0
I20260924 13:06:38.168150 1845529 Coordinator.h:310] commit: 12598 abort: 409 (0/409/0), persistence latency 0, txn latency 0, queued lock latency 0, lock latency 0, active_txns 0, n_failed_read_lock 0, n_failed_write_lock 0, n_failed_cmd_not_ready 0, n_failed_no_cmd 0, network size: 0, avg network size: 0, si_in_serializable: 0 0 %, local: 0 %, local_access: 96412, local_cxl_access: 0 (0%), remote_access: 31755, remote_access_with_req: 0 (0%), data_move_in: 0, data_move_out: 0
I20260924 13:06:39.168375 1845529 Coordinator.h:310] commit: 12764 abort: 208 (0/208/0), persistence latency 0, txn latency 0, queued lock latency 0, lock latency 0, active_txns 0, n_failed_read_lock 0, n_failed_write_lock 0, n_failed_cmd_not_ready 0, n_failed_no_cmd 0, network size: 0, avg network size: 0, si_in_serializable: 0 0 %, local: 0 %, local_access: 96889, local_cxl_access: 0 (0%), remote_access: 31744, remote_access_with_req: 0 (0%), data_move_in: 0, data_move_out: 0
I20260924 13:06:40.168498 1845529 Coordinator.h:310] commit: 12527 abort: 256 (0/256/0), persistence latency 0, txn latency 0, queued lock latency 0, lock latency 0, active_txns 0, n_failed_read_lock 0, n_failed_write_lock 0, n_failed_cmd_not_ready 0, n_failed_no_cmd 0, network size: 0, avg network size: 0, si_in_serializable: 0 0 %, local: 0 %, local_access: 94876, local_cxl_access: 0 (0%), remote_access: 31633, remote_access_with_req: 0 (0%), data_move_in: 0, data_move_out: 0
I20260924 13:06:41.168593 1845529 Coordinator.h:310] commit: 12633 abort: 251 (0/251/0), persistence latency 0, txn latency 0, queued lock latency 0, lock latency 0, active_txns 0, n_failed_read_lock 0, n_failed_write_lock 0, n_failed_cmd_not_ready 0, n_failed_no_cmd 0, network size: 0, avg network size: 0, si_in_serializable: 0 0 %, local: 0 %, local_access: 95567, local_cxl_access: 0 (0%), remote_access: 31858, remote_access_with_req: 0 (0%), data_move_in: 0, data_move_out: 0
I20260924 13:06:42.168813 1845529 Coordinator.h:310] commit: 12492 abort: 275 (0/275/0), persistence latency 0, txn latency 0, queued lock latency 0, lock latency 0, active_txns 0, n_failed_read_lock 0, n_failed_write_lock 0, n_failed_cmd_not_ready 0, n_failed_no_cmd 0, network size: 0, avg network size: 0, si_in_serializable: 0 0 %, local: 0 %, local_access: 94413, local_cxl_access: 0 (0%), remote_access: 31838, remote_access_with_req: 0 (0%), data_move_in: 0, data_move_out: 0
I20260924 13:06:43.168910 1845529 Coordinator.h:310] commit: 12611 abort: 285 (0/285/0), persistence latency 0, txn latency 0, queued lock latency 0, lock latency 0, active_txns 0, n_failed_read_lock 0, n_failed_write_lock 0, n_failed_cmd_not_ready 0, n_failed_no_cmd 0, network size: 0, avg network size: 0, si_in_serializable: 0 0 %, local: 0 %, local_access: 95492, local_cxl_access: 0 (0%), remote_access: 32050, remote_access_with_req: 0 (0%), data_move_in: 0, data_move_out: 0
I20260924 13:06:44.169147 1845529 Coordinator.h:310] commit: 12706 abort: 243 (0/243/0), persistence latency 0, txn latency 0, queued lock latency 0, lock latency 0, active_txns 0, n_failed_read_lock 0, n_failed_write_lock 0, n_failed_cmd_not_ready 0, n_failed_no_cmd 0, network size: 0, avg network size: 0, si_in_serializable: 0 0 %, local: 0 %, local_access: 96446, local_cxl_access: 0 (0%), remote_access: 31819, remote_access_with_req: 0 (0%), data_move_in: 0, data_move_out: 0
I20260924 13:06:45.169366 1845529 Coordinator.h:310] commit: 12565 abort: 261 (0/261/0), persistence latency 0, txn latency 0, queued lock latency 0, lock latency 0, active_txns 0, n_failed_read_lock 0, n_failed_write_lock 0, n_failed_cmd_not_ready 0, n_failed_no_cmd 0, network size: 0, avg network size: 0, si_in_serializable: 0 0 %, local: 0 %, local_access: 95151, local_cxl_access: 0 (0%), remote_access: 31742, remote_access_with_req: 0 (0%), data_move_in: 0, data_move_out: 0
I20260924 13:06:46.169462 1845529 Coordinator.h:310] commit: 12628 abort: 282 (0/282/0), persistence latency 0, txn latency 0, queued lock latency 0, lock latency 0, active_txns 0, n_failed_read_lock 0, n_failed_write_lock 0, n_failed_cmd_not_ready 0, n_failed_no_cmd 0, network size: 0, avg network size: 0, si_in_serializable: 0 0 %, local: 0 %, local_access: 95708, local_cxl_access: 0 (0%), remote_access: 31950, remote_access_with_req: 0 (0%), data_move_in: 0, data_move_out: 0
I20260924 13:06:47.171005 1845529 Coordinator.h:310] commit: 12647 abort: 264 (0/264/0), persistence latency 0, txn latency 0, queued lock latency 0, lock latency 0, active_txns 0, n_failed_read_lock 0, n_failed_write_lock 0, n_failed_cmd_not_ready 0, n_failed_no_cmd 0, network size: 0, avg network size: 0, si_in_serializable: 0 0 %, local: 0 %, local_access: 95642, local_cxl_access: 0 (0%), remote_access: 32033, remote_access_with_req: 0 (0%), data_move_in: 0, data_move_out: 0
I20260924 13:06:48.171427 1845529 Coordinator.h:310] commit: 12616 abort: 266 (0/266/0), persistence latency 0, txn latency 0, queued lock latency 0, lock latency 0, active_txns 0, n_failed_read_lock 0, n_failed_write_lock 0, n_failed_cmd_not_ready 0, n_failed_no_cmd 0, network size: 0, avg network size: 0, si_in_serializable: 0 0 %, local: 0 %, local_access: 95576, local_cxl_access: 0 (0%), remote_access: 31861, remote_access_with_req: 0 (0%), data_move_in: 0, data_move_out: 0
I20260924 13:06:49.171527 1845529 Coordinator.h:310] commit: 12595 abort: 248 (0/248/0), persistence latency 0, txn latency 0, queued lock latency 0, lock latency 0, active_txns 0, n_failed_read_lock 0, n_failed_write_lock 0, n_failed_cmd_not_ready 0, n_failed_no_cmd 0, network size: 0, avg network size: 0, si_in_serializable: 0 0 %, local: 0 %, local_access: 95031, local_cxl_access: 0 (0%), remote_access: 32106, remote_access_with_req: 0 (0%), data_move_in: 0, data_move_out: 0
I20260924 13:06:50.171754 1845529 Coordinator.h:310] commit: 12644 abort: 215 (0/215/0), persistence latency 0, txn latency 0, queued lock latency 0, lock latency 0, active_txns 0, n_failed_read_lock 0, n_failed_write_lock 0, n_failed_cmd_not_ready 0, n_failed_no_cmd 0, network size: 0, avg network size: 0, si_in_serializable: 0 0 %, local: 0 %, local_access: 95601, local_cxl_access: 0 (0%), remote_access: 31878, remote_access_with_req: 0 (0%), data_move_in: 0, data_move_out: 0
I20260924 13:06:51.171974 1845529 Coordinator.h:310] commit: 12707 abort: 242 (0/242/0), persistence latency 0, txn latency 0, queued lock latency 0, lock latency 0, active_txns 0, n_failed_read_lock 0, n_failed_write_lock 0, n_failed_cmd_not_ready 0, n_failed_no_cmd 0, network size: 0, avg network size: 0, si_in_serializable: 0 0 %, local: 0 %, local_access: 96206, local_cxl_access: 0 (0%), remote_access: 32069, remote_access_with_req: 0 (0%), data_move_in: 0, data_move_out: 0
I20260924 13:06:52.172098 1845529 Coordinator.h:310] commit: 12685 abort: 272 (0/272/0), persistence latency 0, txn latency 0, queued lock latency 0, lock latency 0, active_txns 0, n_failed_read_lock 0, n_failed_write_lock 0, n_failed_cmd_not_ready 0, n_failed_no_cmd 0, network size: 0, avg network size: 0, si_in_serializable: 0 0 %, local: 0 %, local_access: 96209, local_cxl_access: 0 (0%), remote_access: 31835, remote_access_with_req: 0 (0%), data_move_in: 0, data_move_out: 0
I20260924 13:06:53.172322 1845529 Coordinator.h:310] commit: 12685 abort: 829 (0/829/0), persistence latency 0, txn latency 0, queued lock latency 0, lock latency 0, active_txns 0, n_failed_read_lock 0, n_failed_write_lock 0, n_failed_cmd_not_ready 0, n_failed_no_cmd 0, network size: 0, avg network size: 0, si_in_serializable: 0 0 %, local: 0 %, local_access: 98978, local_cxl_access: 0 (0%), remote_access: 31951, remote_access_with_req: 0 (0%), data_move_in: 0, data_move_out: 0
I20260924 13:06:54.172449 1845529 Coordinator.h:310] commit: 12515 abort: 277 (0/277/0), persistence latency 0, txn latency 0, queued lock latency 0, lock latency 0, active_txns 0, n_failed_read_lock 0, n_failed_write_lock 0, n_failed_cmd_not_ready 0, n_failed_no_cmd 0, network size: 0, avg network size: 0, si_in_serializable: 0 0 %, local: 0 %, local_access: 94473, local_cxl_access: 0 (0%), remote_access: 32002, remote_access_with_req: 0 (0%), data_move_in: 0, data_move_out: 0
I20260924 13:06:55.172670 1845529 Coordinator.h:310] commit: 12646 abort: 243 (0/243/0), persistence latency 0, txn latency 0, queued lock latency 0, lock latency 0, active_txns 0, n_failed_read_lock 0, n_failed_write_lock 0, n_failed_cmd_not_ready 0, n_failed_no_cmd 0, network size: 0, avg network size: 0, si_in_serializable: 0 0 %, local: 0 %, local_access: 95729, local_cxl_access: 0 (0%), remote_access: 31932, remote_access_with_req: 0 (0%), data_move_in: 0, data_move_out: 0
I20260924 13:06:56.172894 1845529 Coordinator.h:310] commit: 12605 abort: 264 (0/264/0), persistence latency 0, txn latency 0, queued lock latency 0, lock latency 0, active_txns 0, n_failed_read_lock 0, n_failed_write_lock 0, n_failed_cmd_not_ready 0, n_failed_no_cmd 0, network size: 0, avg network size: 0, si_in_serializable: 0 0 %, local: 0 %, local_access: 95258, local_cxl_access: 0 (0%), remote_access: 32022, remote_access_with_req: 0 (0%), data_move_in: 0, data_move_out: 0
I20260924 13:06:56.172920 1845529 Coordinator.h:348] average commit: 12648.2 abort: 287 (0/287/0), abort_rate: 0.0221876, network size: 0, avg network size: 0, si_in_serializable: 0 0 %, local: 0 %, local_access: 2878736, local_cxl_access: 0 (0%), remote_access: 958202, remote_access_with_req: 0 (0%), data_move_in: 0, data_move_out: 0
I20260924 13:06:56.172945 1845529 Executor.h:236] Worker 0 latency: 257 us (50%) 304 us (75%) 839 us (95%) 1208 us (99%). dist txn latency: 303 us (50%) 338 us (75%) 1110 us (95%) 1248 us (99%)  avg 403 us . local txn latency: 59 us (50%) 79 us (75%) 166 us (95%) 224 us (99%)  avg 74 us. txn commit latency: 258 us (50%) 303 us (75%) 835 us (95%) 1209 us (99%) avg 237 us.
 LOCAL txn stall 0 us,  local_work 64 us,  remote_work 0 us,  commit_work 4 us,  commit_prepare 2 us,  commit_persistence 0 us,  commit_write_back 0 us,  commit_replication 0 us,  commit_release_lock 0 us 
 DIST txn stall 0 us,  local_work 382 us,  remote_work 0 us,  commit_work 17 us,  commit_prepare 2 us,  commit_persistence 0 us,  commit_write_back 4 us,  commit_replication 0 us,  commit_release_lock 7 us 
I20260924 13:06:56.175262 1845529 Executor.h:267] message stats, type: 0 count: 0 total size: 0
I20260924 13:06:56.175271 1845529 Executor.h:267] message stats, type: 1 count: 0 total size: 0
I20260924 13:06:56.175274 1845529 Executor.h:267] message stats, type: 2 count: 0 total size: 0
I20260924 13:06:56.175277 1845529 Executor.h:267] message stats, type: 3 count: 0 total size: 0
I20260924 13:06:56.175282 1845529 Executor.h:267] message stats, type: 4 count: 0 total size: 0
I20260924 13:06:56.175285 1845529 Executor.h:267] message stats, type: 5 count: 0 total size: 0
I20260924 13:06:56.175288 1845529 Executor.h:267] message stats, type: 6 count: 0 total size: 0
I20260924 13:06:56.175292 1845529 Executor.h:267] message stats, type: 7 count: 0 total size: 0
I20260924 13:06:56.175295 1845529 Executor.h:267] message stats, type: 8 count: 0 total size: 0
I20260924 13:06:56.175299 1845529 Executor.h:267] message stats, type: 9 count: 0 total size: 0
I20260924 13:06:56.175303 1845529 Executor.h:267] message stats, type: 10 count: 0 total size: 0
I20260924 13:06:56.175307 1845529 Executor.h:267] message stats, type: 11 count: 0 total size: 0
I20260924 13:06:56.184531 1845575 Manager.h:234] Manager(worker id = 3) on the non-coordinator node exits.
I20260924 13:06:56.184527 1845574 Executor.h:231] Executor 2 exits.
I20260924 13:06:56.184527 1845573 Executor.h:231] Executor 1 exits.
I20260924 13:06:56.184527 1845572 Executor.h:231] Executor 0 exits.
I20260924 13:06:56.185173 1845529 Executor.h:236] Worker 1 latency: 261 us (50%) 304 us (75%) 864 us (95%) 1209 us (99%). dist txn latency: 303 us (50%) 340 us (75%) 1108 us (95%) 1250 us (99%)  avg 403 us . local txn latency: 59 us (50%) 81 us (75%) 168 us (95%) 230 us (99%)  avg 75 us. txn commit latency: 235 us (50%) 303 us (75%) 859 us (95%) 1204 us (99%) avg 237 us.
 LOCAL txn stall 0 us,  local_work 64 us,  remote_work 0 us,  commit_work 4 us,  commit_prepare 2 us,  commit_persistence 0 us,  commit_write_back 0 us,  commit_replication 0 us,  commit_release_lock 0 us 
 DIST txn stall 0 us,  local_work 383 us,  remote_work 0 us,  commit_work 17 us,  commit_prepare 3 us,  commit_persistence 0 us,  commit_write_back 4 us,  commit_replication 0 us,  commit_release_lock 7 us 
I20260924 13:06:56.187503 1845529 Executor.h:236] Worker 2 latency: 256 us (50%) 291 us (75%) 881 us (95%) 1228 us (99%). dist txn latency: 290 us (50%) 335 us (75%) 1115 us (95%) 1292 us (99%)  avg 400 us . local txn latency: 48 us (50%) 61 us (75%) 166 us (95%) 228 us (99%)  avg 64 us. txn commit latency: 252 us (50%) 290 us (75%) 850 us (95%) 1217 us (99%) avg 230 us.
 LOCAL txn stall 0 us,  local_work 55 us,  remote_work 0 us,  commit_work 3 us,  commit_prepare 2 us,  commit_persistence 0 us,  commit_write_back 0 us,  commit_replication 0 us,  commit_release_lock 0 us 
 DIST txn stall 0 us,  local_work 375 us,  remote_work 0 us,  commit_work 16 us,  commit_prepare 2 us,  commit_persistence 0 us,  commit_write_back 4 us,  commit_replication 0 us,  commit_release_lock 7 us 
I20260924 13:06:56.189188 1845529 CXLMemory.h:227] local CXL memory usage: size_index_usage: 0 size_metadata_usage: 0 size_data_usage: 0 size_transport_usage: 0 size_misc_usage: 0 total_size_hw_cc_usage: 0 total_usage: 0
I20260924 13:06:56.189273 1845571 Dispatcher.h:261] Handling coordinator message took 56
I20260924 13:06:57.189266 1845570 Dispatcher.h:160] Incoming Dispatcher exits, network size: 132. socket_message_recv_latency(50th) 0 socket_message_recv_latency(75th) 0 socket_message_recv_latency(95th) 0 socket_message_recv_latency(99th) 0 internal_message_recv_latency(50th) 0 socket_message_recv_cnt 0 socket_read_syscall 0 internal_message_recv_cnt 0
I20260924 13:06:57.189270 1845571 Dispatcher.h:292] Outgoing Dispatcher exits, network size: 252. msg_send_latency(50th) 0 msg_send_latency(75th) 0 msg_send_latency(95th) 0 msg_send_latency(99th) 0 msg_send_latency(avg) 0 msg_gen_to_sent_latency(50th) 0 msg_gen_to_sent_latency(75th) 0 msg_gen_to_sent_latency(95th) 0 msg_gen_to_sent_latency(99th) 0 msg_gen_to_queue_latency(50th) 0 msg_gen_to_queue_latency(75th) 0 msg_gen_to_queue_latency(95th) 0 msg_gen_to_queue_latency(99th) 0 msg_disp_ltc(50th) 0 msg_disp_ltc(75th) 0 msg_disp_ltc(95th) 0 msg_disp_ltc(99th) 0 msg_disp_ltc(100th) 0 send_ltc(50th) 0 send_ltc(75th) 0 send_ltc(95th) 0 send_ltc(99th) 0 send_ltc(100th) 0 send_ltc(avg) 0 sendto_cnt 3 network_size 252 network_msg_cnt 2 network_msg_group_size avg 0 50th 0 internal_network_size 0 internal_network_msg_cnt 0
I20260924 13:06:59.921010 1845529 Coordinator.h:420] Coordinator exits.
TIGON_RUN_END run_id=cmp_50_y_rw50_c50_r3 host_id=1 status=ok exit_code=0
