TIGON_RUN_META system=ub workload=ycsb run_id=cmp_50_y_rw50_c75_r1 host_id=1 repetition=1 mode=one-sided query=rmw transport=ubq partitions=2 workers=3 keys=300000 rw_ratio=50 zipf=0.7 cross_ratio=75 neworder_dist= payment_dist= warmup_seconds=30 run_seconds=30 total_seconds=60 logging=off
I20260924 12:54:57.061493 1841118 bench_ycsb.cpp:68] RW_RATIO = 50, ZIPF_THETA = 0.7, CROSS_RATIO = 75
I20260924 12:54:57.062417 1841118 bench_ycsb.cpp:69] checkpoint 0 to 
I20260924 12:54:57.062424 1841118 bench_ycsb.cpp:70] cross_part_num 2
I20260924 12:54:57.062428 1841118 bench_ycsb.cpp:71] lotus_sp_parallel_exec_commit 0
I20260924 12:54:57.062433 1841118 bench_ycsb.cpp:72] granules_per_partition 1
I20260924 12:54:57.062438 1841118 bench_ycsb.cpp:73] keysPerGranule 300000
[2026-09-24 12:54:57.636 +08:00][ERROR][1841118][281473781452832][shm_ipc_command.cpp:183] IpcCallShmMap response error : 800
[2026-09-24 12:54:57.636 +08:00][ERROR][1841118][281473781452832][RackMemShm.cpp:322] Failed to mmap, name=u0d6bcf86_one-sided_rmw_ubq_0, mapSize=2147483648, ret=800
[2026-09-24 12:54:57.636 +08:00][ERROR][1841118][281473781452832][mxmem_shmem.cpp:473] Failed to mmap shared memory, ret=800
[2026-09-24 12:54:57.739 +08:00][ERROR][1841118][281473781452832][shm_ipc_command.cpp:183] IpcCallShmMap response error : 800
[2026-09-24 12:54:57.739 +08:00][ERROR][1841118][281473781452832][RackMemShm.cpp:322] Failed to mmap, name=u0d6bcf86_one-sided_rmw_ubq_0, mapSize=2147483648, ret=800
[2026-09-24 12:54:57.739 +08:00][ERROR][1841118][281473781452832][mxmem_shmem.cpp:473] Failed to mmap shared memory, ret=800
[2026-09-24 12:54:57.848 +08:00][ERROR][1841118][281473781452832][shm_ipc_command.cpp:183] IpcCallShmMap response error : 800
[2026-09-24 12:54:57.848 +08:00][ERROR][1841118][281473781452832][RackMemShm.cpp:322] Failed to mmap, name=u0d6bcf86_one-sided_rmw_ubq_0, mapSize=2147483648, ret=800
[2026-09-24 12:54:57.848 +08:00][ERROR][1841118][281473781452832][mxmem_shmem.cpp:473] Failed to mmap shared memory, ret=800
[2026-09-24 12:54:57.951 +08:00][ERROR][1841118][281473781452832][shm_ipc_command.cpp:183] IpcCallShmMap response error : 800
[2026-09-24 12:54:57.951 +08:00][ERROR][1841118][281473781452832][RackMemShm.cpp:322] Failed to mmap, name=u0d6bcf86_one-sided_rmw_ubq_0, mapSize=2147483648, ret=800
[2026-09-24 12:54:57.951 +08:00][ERROR][1841118][281473781452832][mxmem_shmem.cpp:473] Failed to mmap shared memory, ret=800
[2026-09-24 12:54:58.054 +08:00][ERROR][1841118][281473781452832][shm_ipc_command.cpp:183] IpcCallShmMap response error : 800
[2026-09-24 12:54:58.054 +08:00][ERROR][1841118][281473781452832][RackMemShm.cpp:322] Failed to mmap, name=u0d6bcf86_one-sided_rmw_ubq_0, mapSize=2147483648, ret=800
[2026-09-24 12:54:58.054 +08:00][ERROR][1841118][281473781452832][mxmem_shmem.cpp:473] Failed to mmap shared memory, ret=800
[2026-09-24 12:54:58.157 +08:00][ERROR][1841118][281473781452832][shm_ipc_command.cpp:183] IpcCallShmMap response error : 800
[2026-09-24 12:54:58.157 +08:00][ERROR][1841118][281473781452832][RackMemShm.cpp:322] Failed to mmap, name=u0d6bcf86_one-sided_rmw_ubq_0, mapSize=2147483648, ret=800
[2026-09-24 12:54:58.157 +08:00][ERROR][1841118][281473781452832][mxmem_shmem.cpp:473] Failed to mmap shared memory, ret=800
I20260924 12:54:58.328867 1841118 UBMemory.cpp:138] UB memory initialized: local_region=1 regions=2 mode=one-sided bytes_per_region=2147483648
I20260924 12:55:00.756119 1841118 Database.h:82] ycsb initialization finished in 2427 milliseconds.
I20260924 12:55:00.756803 1841118 Coordinator.h:459] Coordinator 1 initializes UB inbox with 4096 entries of 8192 bytes
I20260924 12:55:00.756857 1841118 Coordinator.h:100] WAL Group Commiting off. Log to file _non_group_commit.txt using Blackhole Logger
I20260924 12:55:00.756865 1841118 Coordinator.h:104] Coordinator initializes 3 workers.
I20260924 12:55:00.757392 1841142 Coordinator.h:505] Listener 0 on coordinator 1 listening on 76.53.137.99:10010 tcp_no_delay 1 tcp_quick_ack 0
I20260924 12:55:00.758987 1841118 Coordinator.h:551] Coordinator 1 failed to connect 0(76.53.137.98:10010)'s listener 0, retry in 5 seconds.
I20260924 12:55:00.803962 1841142 Socket.h:69] Disabling nagle
I20260924 12:55:00.803987 1841142 Coordinator.h:520] Listener accepted connection from coordinator 0
I20260924 12:55:00.803992 1841142 Coordinator.h:523] Listener 0 on coordinator 1 exits.
I20260924 12:55:05.759747 1841118 Socket.h:69] Disabling nagle
I20260924 12:55:05.759785 1841118 Coordinator.h:560] Coordinator 1 connected to 0
I20260924 12:55:05.759816 1841118 Coordinator.h:572] Coordinator 1 connected to all peers.
I20260924 12:55:05.759827 1841118 Dispatcher.h:41] IncomingDispatcher 0 coord_id 1
I20260924 12:55:05.759845 1841118 Dispatcher.h:234] OutgoingDispatcher 0 coord_id 1
I20260924 12:55:05.759919 1841118 Coordinator.h:669] pinned thread to core 0
I20260924 12:55:05.759980 1841118 Coordinator.h:669] pinned thread to core 1
I20260924 12:55:05.759992 1841118 Coordinator.h:219] Coordinator starts to run 4 workers.
I20260924 12:55:05.760025 1841118 Coordinator.h:669] pinned thread to core 2
I20260924 12:55:05.760102 1841118 Coordinator.h:669] pinned thread to core 3
I20260924 12:55:05.760169 1841118 Coordinator.h:669] pinned thread to core 4
I20260924 12:55:05.760177 1841214 Executor.h:79] Executor 0 starts.
I20260924 12:55:05.760205 1841215 Executor.h:79] Executor 1 starts.
I20260924 12:55:05.760315 1841217 Manager.h:232] Manager(worker id = 3) on the non-coordinator node started.
I20260924 12:55:05.760809 1841212 Dispatcher.h:63] Incoming Dispatcher started, numCoordinators = 2, numWorkers = 3, group id = 0, coordinator = 1
I20260924 12:55:05.760319 1841216 Executor.h:79] Executor 2 starts.
I20260924 12:55:05.764767 1841213 Dispatcher.h:246] Outgoing Dispatcher started, numCoordinators = 2, numWorkers = 4, group id = 0
I20260924 12:55:06.760314 1841118 Coordinator.h:310] commit: 9276 abort: 219 (0/219/0), persistence latency 0, txn latency 0, queued lock latency 0, lock latency 0, active_txns 0, n_failed_read_lock 0, n_failed_write_lock 0, n_failed_cmd_not_ready 0, n_failed_no_cmd 0, network size: 0, avg network size: 0, si_in_serializable: 0 0 %, local: 0 %, local_access: 58882, local_cxl_access: 0 (0%), remote_access: 34868, remote_access_with_req: 0 (0%), data_move_in: 0, data_move_out: 0
I20260924 12:55:07.760439 1841118 Coordinator.h:310] commit: 9413 abort: 203 (0/203/0), persistence latency 0, txn latency 0, queued lock latency 0, lock latency 0, active_txns 0, n_failed_read_lock 0, n_failed_write_lock 0, n_failed_cmd_not_ready 0, n_failed_no_cmd 0, network size: 0, avg network size: 0, si_in_serializable: 0 0 %, local: 0 %, local_access: 59377, local_cxl_access: 0 (0%), remote_access: 35760, remote_access_with_req: 0 (0%), data_move_in: 0, data_move_out: 0
I20260924 12:55:08.760663 1841118 Coordinator.h:310] commit: 9393 abort: 193 (0/193/0), persistence latency 0, txn latency 0, queued lock latency 0, lock latency 0, active_txns 0, n_failed_read_lock 0, n_failed_write_lock 0, n_failed_cmd_not_ready 0, n_failed_no_cmd 0, network size: 0, avg network size: 0, si_in_serializable: 0 0 %, local: 0 %, local_access: 59243, local_cxl_access: 0 (0%), remote_access: 35597, remote_access_with_req: 0 (0%), data_move_in: 0, data_move_out: 0
I20260924 12:55:09.760771 1841118 Coordinator.h:310] commit: 9416 abort: 183 (0/183/0), persistence latency 0, txn latency 0, queued lock latency 0, lock latency 0, active_txns 0, n_failed_read_lock 0, n_failed_write_lock 0, n_failed_cmd_not_ready 0, n_failed_no_cmd 0, network size: 0, avg network size: 0, si_in_serializable: 0 0 %, local: 0 %, local_access: 59025, local_cxl_access: 0 (0%), remote_access: 35908, remote_access_with_req: 0 (0%), data_move_in: 0, data_move_out: 0
I20260924 12:55:10.760866 1841118 Coordinator.h:310] commit: 9435 abort: 176 (0/176/0), persistence latency 0, txn latency 0, queued lock latency 0, lock latency 0, active_txns 0, n_failed_read_lock 0, n_failed_write_lock 0, n_failed_cmd_not_ready 0, n_failed_no_cmd 0, network size: 0, avg network size: 0, si_in_serializable: 0 0 %, local: 0 %, local_access: 59609, local_cxl_access: 0 (0%), remote_access: 35628, remote_access_with_req: 0 (0%), data_move_in: 0, data_move_out: 0
I20260924 12:55:11.761085 1841118 Coordinator.h:310] commit: 9366 abort: 205 (0/205/0), persistence latency 0, txn latency 0, queued lock latency 0, lock latency 0, active_txns 0, n_failed_read_lock 0, n_failed_write_lock 0, n_failed_cmd_not_ready 0, n_failed_no_cmd 0, network size: 0, avg network size: 0, si_in_serializable: 0 0 %, local: 0 %, local_access: 58737, local_cxl_access: 0 (0%), remote_access: 35939, remote_access_with_req: 0 (0%), data_move_in: 0, data_move_out: 0
I20260924 12:55:12.761180 1841118 Coordinator.h:310] commit: 9317 abort: 188 (0/188/0), persistence latency 0, txn latency 0, queued lock latency 0, lock latency 0, active_txns 0, n_failed_read_lock 0, n_failed_write_lock 0, n_failed_cmd_not_ready 0, n_failed_no_cmd 0, network size: 0, avg network size: 0, si_in_serializable: 0 0 %, local: 0 %, local_access: 58306, local_cxl_access: 0 (0%), remote_access: 35643, remote_access_with_req: 0 (0%), data_move_in: 0, data_move_out: 0
I20260924 12:55:13.761409 1841118 Coordinator.h:310] commit: 9503 abort: 168 (0/168/0), persistence latency 0, txn latency 0, queued lock latency 0, lock latency 0, active_txns 0, n_failed_read_lock 0, n_failed_write_lock 0, n_failed_cmd_not_ready 0, n_failed_no_cmd 0, network size: 0, avg network size: 0, si_in_serializable: 0 0 %, local: 0 %, local_access: 60122, local_cxl_access: 0 (0%), remote_access: 35742, remote_access_with_req: 0 (0%), data_move_in: 0, data_move_out: 0
I20260924 12:55:14.762063 1841118 Coordinator.h:310] commit: 9439 abort: 177 (0/177/0), persistence latency 0, txn latency 0, queued lock latency 0, lock latency 0, active_txns 0, n_failed_read_lock 0, n_failed_write_lock 0, n_failed_cmd_not_ready 0, n_failed_no_cmd 0, network size: 0, avg network size: 0, si_in_serializable: 0 0 %, local: 0 %, local_access: 59561, local_cxl_access: 0 (0%), remote_access: 35650, remote_access_with_req: 0 (0%), data_move_in: 0, data_move_out: 0
I20260924 12:55:15.763173 1841118 Coordinator.h:310] commit: 9400 abort: 189 (0/189/0), persistence latency 0, txn latency 0, queued lock latency 0, lock latency 0, active_txns 0, n_failed_read_lock 0, n_failed_write_lock 0, n_failed_cmd_not_ready 0, n_failed_no_cmd 0, network size: 0, avg network size: 0, si_in_serializable: 0 0 %, local: 0 %, local_access: 59118, local_cxl_access: 0 (0%), remote_access: 35768, remote_access_with_req: 0 (0%), data_move_in: 0, data_move_out: 0
I20260924 12:55:16.763481 1841118 Coordinator.h:310] commit: 9389 abort: 201 (0/201/0), persistence latency 0, txn latency 0, queued lock latency 0, lock latency 0, active_txns 0, n_failed_read_lock 0, n_failed_write_lock 0, n_failed_cmd_not_ready 0, n_failed_no_cmd 0, network size: 0, avg network size: 0, si_in_serializable: 0 0 %, local: 0 %, local_access: 59298, local_cxl_access: 0 (0%), remote_access: 35523, remote_access_with_req: 0 (0%), data_move_in: 0, data_move_out: 0
I20260924 12:55:17.763727 1841118 Coordinator.h:310] commit: 9369 abort: 338 (0/338/0), persistence latency 0, txn latency 0, queued lock latency 0, lock latency 0, active_txns 0, n_failed_read_lock 0, n_failed_write_lock 0, n_failed_cmd_not_ready 0, n_failed_no_cmd 0, network size: 0, avg network size: 0, si_in_serializable: 0 0 %, local: 0 %, local_access: 59285, local_cxl_access: 0 (0%), remote_access: 35921, remote_access_with_req: 0 (0%), data_move_in: 0, data_move_out: 0
I20260924 12:55:18.763846 1841118 Coordinator.h:310] commit: 9440 abort: 190 (0/190/0), persistence latency 0, txn latency 0, queued lock latency 0, lock latency 0, active_txns 0, n_failed_read_lock 0, n_failed_write_lock 0, n_failed_cmd_not_ready 0, n_failed_no_cmd 0, network size: 0, avg network size: 0, si_in_serializable: 0 0 %, local: 0 %, local_access: 59648, local_cxl_access: 0 (0%), remote_access: 35638, remote_access_with_req: 0 (0%), data_move_in: 0, data_move_out: 0
I20260924 12:55:19.763964 1841118 Coordinator.h:310] commit: 9460 abort: 178 (0/178/0), persistence latency 0, txn latency 0, queued lock latency 0, lock latency 0, active_txns 0, n_failed_read_lock 0, n_failed_write_lock 0, n_failed_cmd_not_ready 0, n_failed_no_cmd 0, network size: 0, avg network size: 0, si_in_serializable: 0 0 %, local: 0 %, local_access: 59616, local_cxl_access: 0 (0%), remote_access: 35864, remote_access_with_req: 0 (0%), data_move_in: 0, data_move_out: 0
I20260924 12:55:20.764189 1841118 Coordinator.h:310] commit: 9453 abort: 191 (0/191/0), persistence latency 0, txn latency 0, queued lock latency 0, lock latency 0, active_txns 0, n_failed_read_lock 0, n_failed_write_lock 0, n_failed_cmd_not_ready 0, n_failed_no_cmd 0, network size: 0, avg network size: 0, si_in_serializable: 0 0 %, local: 0 %, local_access: 59792, local_cxl_access: 0 (0%), remote_access: 35571, remote_access_with_req: 0 (0%), data_move_in: 0, data_move_out: 0
I20260924 12:55:21.764407 1841118 Coordinator.h:310] commit: 9446 abort: 253 (0/253/0), persistence latency 0, txn latency 0, queued lock latency 0, lock latency 0, active_txns 0, n_failed_read_lock 0, n_failed_write_lock 0, n_failed_cmd_not_ready 0, n_failed_no_cmd 0, network size: 0, avg network size: 0, si_in_serializable: 0 0 %, local: 0 %, local_access: 60023, local_cxl_access: 0 (0%), remote_access: 35774, remote_access_with_req: 0 (0%), data_move_in: 0, data_move_out: 0
I20260924 12:55:22.764626 1841118 Coordinator.h:310] commit: 9290 abort: 188 (0/188/0), persistence latency 0, txn latency 0, queued lock latency 0, lock latency 0, active_txns 0, n_failed_read_lock 0, n_failed_write_lock 0, n_failed_cmd_not_ready 0, n_failed_no_cmd 0, network size: 0, avg network size: 0, si_in_serializable: 0 0 %, local: 0 %, local_access: 58238, local_cxl_access: 0 (0%), remote_access: 35569, remote_access_with_req: 0 (0%), data_move_in: 0, data_move_out: 0
I20260924 12:55:23.764853 1841118 Coordinator.h:310] commit: 9456 abort: 167 (0/167/0), persistence latency 0, txn latency 0, queued lock latency 0, lock latency 0, active_txns 0, n_failed_read_lock 0, n_failed_write_lock 0, n_failed_cmd_not_ready 0, n_failed_no_cmd 0, network size: 0, avg network size: 0, si_in_serializable: 0 0 %, local: 0 %, local_access: 59379, local_cxl_access: 0 (0%), remote_access: 35926, remote_access_with_req: 0 (0%), data_move_in: 0, data_move_out: 0
I20260924 12:55:24.764950 1841118 Coordinator.h:310] commit: 9348 abort: 201 (0/201/0), persistence latency 0, txn latency 0, queued lock latency 0, lock latency 0, active_txns 0, n_failed_read_lock 0, n_failed_write_lock 0, n_failed_cmd_not_ready 0, n_failed_no_cmd 0, network size: 0, avg network size: 0, si_in_serializable: 0 0 %, local: 0 %, local_access: 58734, local_cxl_access: 0 (0%), remote_access: 35708, remote_access_with_req: 0 (0%), data_move_in: 0, data_move_out: 0
I20260924 12:55:25.765173 1841118 Coordinator.h:310] commit: 9409 abort: 440 (0/440/0), persistence latency 0, txn latency 0, queued lock latency 0, lock latency 0, active_txns 0, n_failed_read_lock 0, n_failed_write_lock 0, n_failed_cmd_not_ready 0, n_failed_no_cmd 0, network size: 0, avg network size: 0, si_in_serializable: 0 0 %, local: 0 %, local_access: 59815, local_cxl_access: 0 (0%), remote_access: 35811, remote_access_with_req: 0 (0%), data_move_in: 0, data_move_out: 0
I20260924 12:55:26.765393 1841118 Coordinator.h:310] commit: 9399 abort: 188 (0/188/0), persistence latency 0, txn latency 0, queued lock latency 0, lock latency 0, active_txns 0, n_failed_read_lock 0, n_failed_write_lock 0, n_failed_cmd_not_ready 0, n_failed_no_cmd 0, network size: 0, avg network size: 0, si_in_serializable: 0 0 %, local: 0 %, local_access: 59302, local_cxl_access: 0 (0%), remote_access: 35503, remote_access_with_req: 0 (0%), data_move_in: 0, data_move_out: 0
I20260924 12:55:27.765487 1841118 Coordinator.h:310] commit: 9451 abort: 221 (0/221/0), persistence latency 0, txn latency 0, queued lock latency 0, lock latency 0, active_txns 0, n_failed_read_lock 0, n_failed_write_lock 0, n_failed_cmd_not_ready 0, n_failed_no_cmd 0, network size: 0, avg network size: 0, si_in_serializable: 0 0 %, local: 0 %, local_access: 59824, local_cxl_access: 0 (0%), remote_access: 35760, remote_access_with_req: 0 (0%), data_move_in: 0, data_move_out: 0
I20260924 12:55:28.766577 1841118 Coordinator.h:310] commit: 9384 abort: 234 (0/234/0), persistence latency 0, txn latency 0, queued lock latency 0, lock latency 0, active_txns 0, n_failed_read_lock 0, n_failed_write_lock 0, n_failed_cmd_not_ready 0, n_failed_no_cmd 0, network size: 0, avg network size: 0, si_in_serializable: 0 0 %, local: 0 %, local_access: 59354, local_cxl_access: 0 (0%), remote_access: 35546, remote_access_with_req: 0 (0%), data_move_in: 0, data_move_out: 0
I20260924 12:55:29.766817 1841118 Coordinator.h:310] commit: 9490 abort: 210 (0/210/0), persistence latency 0, txn latency 0, queued lock latency 0, lock latency 0, active_txns 0, n_failed_read_lock 0, n_failed_write_lock 0, n_failed_cmd_not_ready 0, n_failed_no_cmd 0, network size: 0, avg network size: 0, si_in_serializable: 0 0 %, local: 0 %, local_access: 60288, local_cxl_access: 0 (0%), remote_access: 35627, remote_access_with_req: 0 (0%), data_move_in: 0, data_move_out: 0
I20260924 12:55:30.767114 1841118 Coordinator.h:310] commit: 9358 abort: 232 (0/232/0), persistence latency 0, txn latency 0, queued lock latency 0, lock latency 0, active_txns 0, n_failed_read_lock 0, n_failed_write_lock 0, n_failed_cmd_not_ready 0, n_failed_no_cmd 0, network size: 0, avg network size: 0, si_in_serializable: 0 0 %, local: 0 %, local_access: 59111, local_cxl_access: 0 (0%), remote_access: 35613, remote_access_with_req: 0 (0%), data_move_in: 0, data_move_out: 0
I20260924 12:55:31.767182 1841118 Coordinator.h:310] commit: 9518 abort: 296 (0/296/0), persistence latency 0, txn latency 0, queued lock latency 0, lock latency 0, active_txns 0, n_failed_read_lock 0, n_failed_write_lock 0, n_failed_cmd_not_ready 0, n_failed_no_cmd 0, network size: 0, avg network size: 0, si_in_serializable: 0 0 %, local: 0 %, local_access: 60753, local_cxl_access: 0 (0%), remote_access: 35836, remote_access_with_req: 0 (0%), data_move_in: 0, data_move_out: 0
I20260924 12:55:32.767437 1841118 Coordinator.h:310] commit: 9337 abort: 203 (0/203/0), persistence latency 0, txn latency 0, queued lock latency 0, lock latency 0, active_txns 0, n_failed_read_lock 0, n_failed_write_lock 0, n_failed_cmd_not_ready 0, n_failed_no_cmd 0, network size: 0, avg network size: 0, si_in_serializable: 0 0 %, local: 0 %, local_access: 58665, local_cxl_access: 0 (0%), remote_access: 35707, remote_access_with_req: 0 (0%), data_move_in: 0, data_move_out: 0
I20260924 12:55:33.767535 1841118 Coordinator.h:310] commit: 9381 abort: 206 (0/206/0), persistence latency 0, txn latency 0, queued lock latency 0, lock latency 0, active_txns 0, n_failed_read_lock 0, n_failed_write_lock 0, n_failed_cmd_not_ready 0, n_failed_no_cmd 0, network size: 0, avg network size: 0, si_in_serializable: 0 0 %, local: 0 %, local_access: 58978, local_cxl_access: 0 (0%), remote_access: 35879, remote_access_with_req: 0 (0%), data_move_in: 0, data_move_out: 0
I20260924 12:55:34.767637 1841118 Coordinator.h:310] commit: 9342 abort: 201 (0/201/0), persistence latency 0, txn latency 0, queued lock latency 0, lock latency 0, active_txns 0, n_failed_read_lock 0, n_failed_write_lock 0, n_failed_cmd_not_ready 0, n_failed_no_cmd 0, network size: 0, avg network size: 0, si_in_serializable: 0 0 %, local: 0 %, local_access: 58701, local_cxl_access: 0 (0%), remote_access: 35630, remote_access_with_req: 0 (0%), data_move_in: 0, data_move_out: 0
I20260924 12:55:35.767735 1841118 Coordinator.h:310] commit: 9520 abort: 154 (0/154/0), persistence latency 0, txn latency 0, queued lock latency 0, lock latency 0, active_txns 0, n_failed_read_lock 0, n_failed_write_lock 0, n_failed_cmd_not_ready 0, n_failed_no_cmd 0, network size: 0, avg network size: 0, si_in_serializable: 0 0 %, local: 0 %, local_access: 60166, local_cxl_access: 0 (0%), remote_access: 35798, remote_access_with_req: 0 (0%), data_move_in: 0, data_move_out: 0
I20260924 12:55:36.767828 1841118 Coordinator.h:310] commit: 9358 abort: 205 (0/205/0), persistence latency 0, txn latency 0, queued lock latency 0, lock latency 0, active_txns 0, n_failed_read_lock 0, n_failed_write_lock 0, n_failed_cmd_not_ready 0, n_failed_no_cmd 0, network size: 0, avg network size: 0, si_in_serializable: 0 0 %, local: 0 %, local_access: 59326, local_cxl_access: 0 (0%), remote_access: 35249, remote_access_with_req: 0 (0%), data_move_in: 0, data_move_out: 0
I20260924 12:55:37.767926 1841118 Coordinator.h:310] commit: 9355 abort: 169 (0/169/0), persistence latency 0, txn latency 0, queued lock latency 0, lock latency 0, active_txns 0, n_failed_read_lock 0, n_failed_write_lock 0, n_failed_cmd_not_ready 0, n_failed_no_cmd 0, network size: 0, avg network size: 0, si_in_serializable: 0 0 %, local: 0 %, local_access: 58970, local_cxl_access: 0 (0%), remote_access: 35445, remote_access_with_req: 0 (0%), data_move_in: 0, data_move_out: 0
I20260924 12:55:38.768057 1841118 Coordinator.h:310] commit: 9308 abort: 181 (0/181/0), persistence latency 0, txn latency 0, queued lock latency 0, lock latency 0, active_txns 0, n_failed_read_lock 0, n_failed_write_lock 0, n_failed_cmd_not_ready 0, n_failed_no_cmd 0, network size: 0, avg network size: 0, si_in_serializable: 0 0 %, local: 0 %, local_access: 58344, local_cxl_access: 0 (0%), remote_access: 35623, remote_access_with_req: 0 (0%), data_move_in: 0, data_move_out: 0
I20260924 12:55:39.768290 1841118 Coordinator.h:310] commit: 9487 abort: 388 (0/388/0), persistence latency 0, txn latency 0, queued lock latency 0, lock latency 0, active_txns 0, n_failed_read_lock 0, n_failed_write_lock 0, n_failed_cmd_not_ready 0, n_failed_no_cmd 0, network size: 0, avg network size: 0, si_in_serializable: 0 0 %, local: 0 %, local_access: 61653, local_cxl_access: 0 (0%), remote_access: 35651, remote_access_with_req: 0 (0%), data_move_in: 0, data_move_out: 0
I20260924 12:55:40.768409 1841118 Coordinator.h:310] commit: 9425 abort: 206 (0/206/0), persistence latency 0, txn latency 0, queued lock latency 0, lock latency 0, active_txns 0, n_failed_read_lock 0, n_failed_write_lock 0, n_failed_cmd_not_ready 0, n_failed_no_cmd 0, network size: 0, avg network size: 0, si_in_serializable: 0 0 %, local: 0 %, local_access: 59574, local_cxl_access: 0 (0%), remote_access: 35598, remote_access_with_req: 0 (0%), data_move_in: 0, data_move_out: 0
I20260924 12:55:41.768631 1841118 Coordinator.h:310] commit: 9426 abort: 1360 (0/1360/0), persistence latency 0, txn latency 0, queued lock latency 0, lock latency 0, active_txns 0, n_failed_read_lock 0, n_failed_write_lock 0, n_failed_cmd_not_ready 0, n_failed_no_cmd 0, network size: 0, avg network size: 0, si_in_serializable: 0 0 %, local: 0 %, local_access: 60601, local_cxl_access: 0 (0%), remote_access: 35826, remote_access_with_req: 0 (0%), data_move_in: 0, data_move_out: 0
I20260924 12:55:42.768854 1841118 Coordinator.h:310] commit: 9309 abort: 222 (0/222/0), persistence latency 0, txn latency 0, queued lock latency 0, lock latency 0, active_txns 0, n_failed_read_lock 0, n_failed_write_lock 0, n_failed_cmd_not_ready 0, n_failed_no_cmd 0, network size: 0, avg network size: 0, si_in_serializable: 0 0 %, local: 0 %, local_access: 58384, local_cxl_access: 0 (0%), remote_access: 35748, remote_access_with_req: 0 (0%), data_move_in: 0, data_move_out: 0
I20260924 12:55:43.769078 1841118 Coordinator.h:310] commit: 9409 abort: 222 (0/222/0), persistence latency 0, txn latency 0, queued lock latency 0, lock latency 0, active_txns 0, n_failed_read_lock 0, n_failed_write_lock 0, n_failed_cmd_not_ready 0, n_failed_no_cmd 0, network size: 0, avg network size: 0, si_in_serializable: 0 0 %, local: 0 %, local_access: 59502, local_cxl_access: 0 (0%), remote_access: 35701, remote_access_with_req: 0 (0%), data_move_in: 0, data_move_out: 0
I20260924 12:55:44.769301 1841118 Coordinator.h:310] commit: 9405 abort: 201 (0/201/0), persistence latency 0, txn latency 0, queued lock latency 0, lock latency 0, active_txns 0, n_failed_read_lock 0, n_failed_write_lock 0, n_failed_cmd_not_ready 0, n_failed_no_cmd 0, network size: 0, avg network size: 0, si_in_serializable: 0 0 %, local: 0 %, local_access: 59471, local_cxl_access: 0 (0%), remote_access: 35443, remote_access_with_req: 0 (0%), data_move_in: 0, data_move_out: 0
I20260924 12:55:45.769595 1841118 Coordinator.h:310] commit: 9424 abort: 215 (0/215/0), persistence latency 0, txn latency 0, queued lock latency 0, lock latency 0, active_txns 0, n_failed_read_lock 0, n_failed_write_lock 0, n_failed_cmd_not_ready 0, n_failed_no_cmd 0, network size: 0, avg network size: 0, si_in_serializable: 0 0 %, local: 0 %, local_access: 59525, local_cxl_access: 0 (0%), remote_access: 35767, remote_access_with_req: 0 (0%), data_move_in: 0, data_move_out: 0
I20260924 12:55:46.770431 1841118 Coordinator.h:310] commit: 9463 abort: 175 (0/175/0), persistence latency 0, txn latency 0, queued lock latency 0, lock latency 0, active_txns 0, n_failed_read_lock 0, n_failed_write_lock 0, n_failed_cmd_not_ready 0, n_failed_no_cmd 0, network size: 0, avg network size: 0, si_in_serializable: 0 0 %, local: 0 %, local_access: 59897, local_cxl_access: 0 (0%), remote_access: 35530, remote_access_with_req: 0 (0%), data_move_in: 0, data_move_out: 0
I20260924 12:55:47.770808 1841118 Coordinator.h:310] commit: 9472 abort: 186 (0/186/0), persistence latency 0, txn latency 0, queued lock latency 0, lock latency 0, active_txns 0, n_failed_read_lock 0, n_failed_write_lock 0, n_failed_cmd_not_ready 0, n_failed_no_cmd 0, network size: 0, avg network size: 0, si_in_serializable: 0 0 %, local: 0 %, local_access: 59645, local_cxl_access: 0 (0%), remote_access: 36013, remote_access_with_req: 0 (0%), data_move_in: 0, data_move_out: 0
I20260924 12:55:48.770902 1841118 Coordinator.h:310] commit: 9423 abort: 166 (0/166/0), persistence latency 0, txn latency 0, queued lock latency 0, lock latency 0, active_txns 0, n_failed_read_lock 0, n_failed_write_lock 0, n_failed_cmd_not_ready 0, n_failed_no_cmd 0, network size: 0, avg network size: 0, si_in_serializable: 0 0 %, local: 0 %, local_access: 59499, local_cxl_access: 0 (0%), remote_access: 35533, remote_access_with_req: 0 (0%), data_move_in: 0, data_move_out: 0
I20260924 12:55:49.771561 1841118 Coordinator.h:310] commit: 9453 abort: 326 (0/326/0), persistence latency 0, txn latency 0, queued lock latency 0, lock latency 0, active_txns 0, n_failed_read_lock 0, n_failed_write_lock 0, n_failed_cmd_not_ready 0, n_failed_no_cmd 0, network size: 0, avg network size: 0, si_in_serializable: 0 0 %, local: 0 %, local_access: 60678, local_cxl_access: 0 (0%), remote_access: 35720, remote_access_with_req: 0 (0%), data_move_in: 0, data_move_out: 0
I20260924 12:55:50.771688 1841118 Coordinator.h:310] commit: 9439 abort: 191 (0/191/0), persistence latency 0, txn latency 0, queued lock latency 0, lock latency 0, active_txns 0, n_failed_read_lock 0, n_failed_write_lock 0, n_failed_cmd_not_ready 0, n_failed_no_cmd 0, network size: 0, avg network size: 0, si_in_serializable: 0 0 %, local: 0 %, local_access: 59606, local_cxl_access: 0 (0%), remote_access: 35625, remote_access_with_req: 0 (0%), data_move_in: 0, data_move_out: 0
I20260924 12:55:51.771780 1841118 Coordinator.h:310] commit: 9434 abort: 198 (0/198/0), persistence latency 0, txn latency 0, queued lock latency 0, lock latency 0, active_txns 0, n_failed_read_lock 0, n_failed_write_lock 0, n_failed_cmd_not_ready 0, n_failed_no_cmd 0, network size: 0, avg network size: 0, si_in_serializable: 0 0 %, local: 0 %, local_access: 59371, local_cxl_access: 0 (0%), remote_access: 35852, remote_access_with_req: 0 (0%), data_move_in: 0, data_move_out: 0
I20260924 12:55:52.771899 1841118 Coordinator.h:310] commit: 9462 abort: 185 (0/185/0), persistence latency 0, txn latency 0, queued lock latency 0, lock latency 0, active_txns 0, n_failed_read_lock 0, n_failed_write_lock 0, n_failed_cmd_not_ready 0, n_failed_no_cmd 0, network size: 0, avg network size: 0, si_in_serializable: 0 0 %, local: 0 %, local_access: 59872, local_cxl_access: 0 (0%), remote_access: 35593, remote_access_with_req: 0 (0%), data_move_in: 0, data_move_out: 0
I20260924 12:55:53.772118 1841118 Coordinator.h:310] commit: 9459 abort: 458 (0/458/0), persistence latency 0, txn latency 0, queued lock latency 0, lock latency 0, active_txns 0, n_failed_read_lock 0, n_failed_write_lock 0, n_failed_cmd_not_ready 0, n_failed_no_cmd 0, network size: 0, avg network size: 0, si_in_serializable: 0 0 %, local: 0 %, local_access: 62030, local_cxl_access: 0 (0%), remote_access: 35781, remote_access_with_req: 0 (0%), data_move_in: 0, data_move_out: 0
I20260924 12:55:54.772341 1841118 Coordinator.h:310] commit: 9428 abort: 163 (0/163/0), persistence latency 0, txn latency 0, queued lock latency 0, lock latency 0, active_txns 0, n_failed_read_lock 0, n_failed_write_lock 0, n_failed_cmd_not_ready 0, n_failed_no_cmd 0, network size: 0, avg network size: 0, si_in_serializable: 0 0 %, local: 0 %, local_access: 59355, local_cxl_access: 0 (0%), remote_access: 35700, remote_access_with_req: 0 (0%), data_move_in: 0, data_move_out: 0
I20260924 12:55:55.772436 1841118 Coordinator.h:310] commit: 9504 abort: 187 (0/187/0), persistence latency 0, txn latency 0, queued lock latency 0, lock latency 0, active_txns 0, n_failed_read_lock 0, n_failed_write_lock 0, n_failed_cmd_not_ready 0, n_failed_no_cmd 0, network size: 0, avg network size: 0, si_in_serializable: 0 0 %, local: 0 %, local_access: 60178, local_cxl_access: 0 (0%), remote_access: 35654, remote_access_with_req: 0 (0%), data_move_in: 0, data_move_out: 0
I20260924 12:55:56.772657 1841118 Coordinator.h:310] commit: 9366 abort: 219 (0/219/0), persistence latency 0, txn latency 0, queued lock latency 0, lock latency 0, active_txns 0, n_failed_read_lock 0, n_failed_write_lock 0, n_failed_cmd_not_ready 0, n_failed_no_cmd 0, network size: 0, avg network size: 0, si_in_serializable: 0 0 %, local: 0 %, local_access: 58978, local_cxl_access: 0 (0%), remote_access: 35659, remote_access_with_req: 0 (0%), data_move_in: 0, data_move_out: 0
I20260924 12:55:57.772876 1841118 Coordinator.h:310] commit: 9402 abort: 216 (0/216/0), persistence latency 0, txn latency 0, queued lock latency 0, lock latency 0, active_txns 0, n_failed_read_lock 0, n_failed_write_lock 0, n_failed_cmd_not_ready 0, n_failed_no_cmd 0, network size: 0, avg network size: 0, si_in_serializable: 0 0 %, local: 0 %, local_access: 59320, local_cxl_access: 0 (0%), remote_access: 35729, remote_access_with_req: 0 (0%), data_move_in: 0, data_move_out: 0
I20260924 12:55:58.772989 1841118 Coordinator.h:310] commit: 9422 abort: 185 (0/185/0), persistence latency 0, txn latency 0, queued lock latency 0, lock latency 0, active_txns 0, n_failed_read_lock 0, n_failed_write_lock 0, n_failed_cmd_not_ready 0, n_failed_no_cmd 0, network size: 0, avg network size: 0, si_in_serializable: 0 0 %, local: 0 %, local_access: 59290, local_cxl_access: 0 (0%), remote_access: 35716, remote_access_with_req: 0 (0%), data_move_in: 0, data_move_out: 0
I20260924 12:55:59.773208 1841118 Coordinator.h:310] commit: 9515 abort: 201 (0/201/0), persistence latency 0, txn latency 0, queued lock latency 0, lock latency 0, active_txns 0, n_failed_read_lock 0, n_failed_write_lock 0, n_failed_cmd_not_ready 0, n_failed_no_cmd 0, network size: 0, avg network size: 0, si_in_serializable: 0 0 %, local: 0 %, local_access: 60309, local_cxl_access: 0 (0%), remote_access: 35787, remote_access_with_req: 0 (0%), data_move_in: 0, data_move_out: 0
I20260924 12:56:00.773304 1841118 Coordinator.h:310] commit: 9310 abort: 248 (0/248/0), persistence latency 0, txn latency 0, queued lock latency 0, lock latency 0, active_txns 0, n_failed_read_lock 0, n_failed_write_lock 0, n_failed_cmd_not_ready 0, n_failed_no_cmd 0, network size: 0, avg network size: 0, si_in_serializable: 0 0 %, local: 0 %, local_access: 58947, local_cxl_access: 0 (0%), remote_access: 35545, remote_access_with_req: 0 (0%), data_move_in: 0, data_move_out: 0
I20260924 12:56:01.773655 1841118 Coordinator.h:310] commit: 9450 abort: 188 (0/188/0), persistence latency 0, txn latency 0, queued lock latency 0, lock latency 0, active_txns 0, n_failed_read_lock 0, n_failed_write_lock 0, n_failed_cmd_not_ready 0, n_failed_no_cmd 0, network size: 0, avg network size: 0, si_in_serializable: 0 0 %, local: 0 %, local_access: 59369, local_cxl_access: 0 (0%), remote_access: 35979, remote_access_with_req: 0 (0%), data_move_in: 0, data_move_out: 0
I20260924 12:56:02.775043 1841118 Coordinator.h:310] commit: 9428 abort: 164 (0/164/0), persistence latency 0, txn latency 0, queued lock latency 0, lock latency 0, active_txns 0, n_failed_read_lock 0, n_failed_write_lock 0, n_failed_cmd_not_ready 0, n_failed_no_cmd 0, network size: 0, avg network size: 0, si_in_serializable: 0 0 %, local: 0 %, local_access: 59207, local_cxl_access: 0 (0%), remote_access: 35802, remote_access_with_req: 0 (0%), data_move_in: 0, data_move_out: 0
I20260924 12:56:03.775169 1841118 Coordinator.h:310] commit: 9447 abort: 180 (0/180/0), persistence latency 0, txn latency 0, queued lock latency 0, lock latency 0, active_txns 0, n_failed_read_lock 0, n_failed_write_lock 0, n_failed_cmd_not_ready 0, n_failed_no_cmd 0, network size: 0, avg network size: 0, si_in_serializable: 0 0 %, local: 0 %, local_access: 59718, local_cxl_access: 0 (0%), remote_access: 35713, remote_access_with_req: 0 (0%), data_move_in: 0, data_move_out: 0
I20260924 12:56:04.775281 1841118 Coordinator.h:310] commit: 9388 abort: 197 (0/197/0), persistence latency 0, txn latency 0, queued lock latency 0, lock latency 0, active_txns 0, n_failed_read_lock 0, n_failed_write_lock 0, n_failed_cmd_not_ready 0, n_failed_no_cmd 0, network size: 0, avg network size: 0, si_in_serializable: 0 0 %, local: 0 %, local_access: 59221, local_cxl_access: 0 (0%), remote_access: 35671, remote_access_with_req: 0 (0%), data_move_in: 0, data_move_out: 0
I20260924 12:56:05.775381 1841118 Coordinator.h:310] commit: 9468 abort: 232 (0/232/0), persistence latency 0, txn latency 0, queued lock latency 0, lock latency 0, active_txns 0, n_failed_read_lock 0, n_failed_write_lock 0, n_failed_cmd_not_ready 0, n_failed_no_cmd 0, network size: 0, avg network size: 0, si_in_serializable: 0 0 %, local: 0 %, local_access: 60073, local_cxl_access: 0 (0%), remote_access: 35651, remote_access_with_req: 0 (0%), data_move_in: 0, data_move_out: 0
I20260924 12:56:05.775410 1841118 Coordinator.h:348] average commit: 9421.3 abort: 254.467 (0/254.467/0), abort_rate: 0.0262994, network size: 0, avg network size: 0, si_in_serializable: 0 0 %, local: 0 %, local_access: 1789913, local_cxl_access: 0 (0%), remote_access: 1070304, remote_access_with_req: 0 (0%), data_move_in: 0, data_move_out: 0
I20260924 12:56:05.775435 1841118 Executor.h:236] Worker 0 latency: 298 us (50%) 332 us (75%) 1005 us (95%) 1213 us (99%). dist txn latency: 311 us (50%) 349 us (75%) 1104 us (95%) 1225 us (99%)  avg 404 us . local txn latency: 61 us (50%) 103 us (75%) 169 us (95%) 232 us (99%)  avg 80 us. txn commit latency: 298 us (50%) 332 us (75%) 1008 us (95%) 1211 us (99%) avg 321 us.
 LOCAL txn stall 0 us,  local_work 69 us,  remote_work 0 us,  commit_work 4 us,  commit_prepare 3 us,  commit_persistence 0 us,  commit_write_back 0 us,  commit_replication 0 us,  commit_release_lock 0 us 
 DIST txn stall 0 us,  local_work 375 us,  remote_work 0 us,  commit_work 17 us,  commit_prepare 2 us,  commit_persistence 0 us,  commit_write_back 4 us,  commit_replication 0 us,  commit_release_lock 7 us 
I20260924 12:56:05.776783 1841118 Executor.h:267] message stats, type: 0 count: 0 total size: 0
I20260924 12:56:05.776790 1841118 Executor.h:267] message stats, type: 1 count: 0 total size: 0
I20260924 12:56:05.776794 1841118 Executor.h:267] message stats, type: 2 count: 0 total size: 0
I20260924 12:56:05.776798 1841118 Executor.h:267] message stats, type: 3 count: 0 total size: 0
I20260924 12:56:05.776801 1841118 Executor.h:267] message stats, type: 4 count: 0 total size: 0
I20260924 12:56:05.776805 1841118 Executor.h:267] message stats, type: 5 count: 0 total size: 0
I20260924 12:56:05.776808 1841118 Executor.h:267] message stats, type: 6 count: 0 total size: 0
I20260924 12:56:05.776813 1841118 Executor.h:267] message stats, type: 7 count: 0 total size: 0
I20260924 12:56:05.776815 1841118 Executor.h:267] message stats, type: 8 count: 0 total size: 0
I20260924 12:56:05.776819 1841118 Executor.h:267] message stats, type: 9 count: 0 total size: 0
I20260924 12:56:05.776822 1841118 Executor.h:267] message stats, type: 10 count: 0 total size: 0
I20260924 12:56:05.776826 1841118 Executor.h:267] message stats, type: 11 count: 0 total size: 0
I20260924 12:56:05.792352 1841217 Manager.h:234] Manager(worker id = 3) on the non-coordinator node exits.
I20260924 12:56:05.792349 1841216 Executor.h:231] Executor 2 exits.
I20260924 12:56:05.792349 1841214 Executor.h:231] Executor 0 exits.
I20260924 12:56:05.792349 1841215 Executor.h:231] Executor 1 exits.
I20260924 12:56:05.792738 1841118 Executor.h:236] Worker 1 latency: 300 us (50%) 333 us (75%) 1037 us (95%) 1209 us (99%). dist txn latency: 311 us (50%) 347 us (75%) 1096 us (95%) 1231 us (99%)  avg 399 us . local txn latency: 61 us (50%) 105 us (75%) 173 us (95%) 240 us (99%)  avg 80 us. txn commit latency: 299 us (50%) 332 us (75%) 1030 us (95%) 1215 us (99%) avg 325 us.
 LOCAL txn stall 0 us,  local_work 69 us,  remote_work 0 us,  commit_work 4 us,  commit_prepare 2 us,  commit_persistence 0 us,  commit_write_back 0 us,  commit_replication 0 us,  commit_release_lock 0 us 
 DIST txn stall 0 us,  local_work 378 us,  remote_work 0 us,  commit_work 16 us,  commit_prepare 2 us,  commit_persistence 0 us,  commit_write_back 4 us,  commit_replication 0 us,  commit_release_lock 7 us 
I20260924 12:56:05.794376 1841118 Executor.h:236] Worker 2 latency: 286 us (50%) 331 us (75%) 983 us (95%) 1191 us (99%). dist txn latency: 300 us (50%) 356 us (75%) 1071 us (95%) 1193 us (99%)  avg 392 us . local txn latency: 52 us (50%) 90 us (75%) 175 us (95%) 225 us (99%)  avg 72 us. txn commit latency: 286 us (50%) 328 us (75%) 974 us (95%) 1180 us (99%) avg 309 us.
 LOCAL txn stall 0 us,  local_work 62 us,  remote_work 0 us,  commit_work 4 us,  commit_prepare 2 us,  commit_persistence 0 us,  commit_write_back 0 us,  commit_replication 0 us,  commit_release_lock 0 us 
 DIST txn stall 0 us,  local_work 368 us,  remote_work 0 us,  commit_work 16 us,  commit_prepare 2 us,  commit_persistence 0 us,  commit_write_back 4 us,  commit_replication 0 us,  commit_release_lock 7 us 
I20260924 12:56:05.795853 1841118 CXLMemory.h:227] local CXL memory usage: size_index_usage: 0 size_metadata_usage: 0 size_data_usage: 0 size_transport_usage: 0 size_misc_usage: 0 total_size_hw_cc_usage: 0 total_usage: 0
I20260924 12:56:05.798640 1841213 Dispatcher.h:261] Handling coordinator message took 4
I20260924 12:56:06.795936 1841212 Dispatcher.h:160] Incoming Dispatcher exits, network size: 132. socket_message_recv_latency(50th) 0 socket_message_recv_latency(75th) 0 socket_message_recv_latency(95th) 0 socket_message_recv_latency(99th) 0 internal_message_recv_latency(50th) 0 socket_message_recv_cnt 0 socket_read_syscall 0 internal_message_recv_cnt 0
I20260924 12:56:06.795943 1841213 Dispatcher.h:292] Outgoing Dispatcher exits, network size: 252. msg_send_latency(50th) 0 msg_send_latency(75th) 0 msg_send_latency(95th) 0 msg_send_latency(99th) 0 msg_send_latency(avg) 0 msg_gen_to_sent_latency(50th) 0 msg_gen_to_sent_latency(75th) 0 msg_gen_to_sent_latency(95th) 0 msg_gen_to_sent_latency(99th) 0 msg_gen_to_queue_latency(50th) 0 msg_gen_to_queue_latency(75th) 0 msg_gen_to_queue_latency(95th) 0 msg_gen_to_queue_latency(99th) 0 msg_disp_ltc(50th) 0 msg_disp_ltc(75th) 0 msg_disp_ltc(95th) 0 msg_disp_ltc(99th) 0 msg_disp_ltc(100th) 0 send_ltc(50th) 0 send_ltc(75th) 0 send_ltc(95th) 0 send_ltc(99th) 0 send_ltc(100th) 0 send_ltc(avg) 0 sendto_cnt 3 network_size 252 network_msg_cnt 2 network_msg_group_size avg 0 50th 0 internal_network_size 0 internal_network_msg_cnt 0
I20260924 12:56:10.179363 1841118 Coordinator.h:420] Coordinator exits.
TIGON_RUN_END run_id=cmp_50_y_rw50_c75_r1 host_id=1 status=ok exit_code=0
