TIGON_RUN_META system=ub workload=ycsb run_id=cmp_50_y_rw50_c75_r2 host_id=1 repetition=2 mode=one-sided query=rmw transport=ubq partitions=2 workers=3 keys=300000 rw_ratio=50 zipf=0.7 cross_ratio=75 neworder_dist= payment_dist= warmup_seconds=30 run_seconds=30 total_seconds=60 logging=off
I20260924 13:00:58.537421 1843545 bench_ycsb.cpp:68] RW_RATIO = 50, ZIPF_THETA = 0.7, CROSS_RATIO = 75
I20260924 13:00:58.537537 1843545 bench_ycsb.cpp:69] checkpoint 0 to 
I20260924 13:00:58.537544 1843545 bench_ycsb.cpp:70] cross_part_num 2
I20260924 13:00:58.537547 1843545 bench_ycsb.cpp:71] lotus_sp_parallel_exec_commit 0
I20260924 13:00:58.537552 1843545 bench_ycsb.cpp:72] granules_per_partition 1
I20260924 13:00:58.537559 1843545 bench_ycsb.cpp:73] keysPerGranule 300000
[2026-09-24 13:00:59.068 +08:00][ERROR][1843545][281473236783136][shm_ipc_command.cpp:183] IpcCallShmMap response error : 800
[2026-09-24 13:00:59.068 +08:00][ERROR][1843545][281473236783136][RackMemShm.cpp:322] Failed to mmap, name=u7f809055_one-sided_rmw_ubq_0, mapSize=2147483648, ret=800
[2026-09-24 13:00:59.068 +08:00][ERROR][1843545][281473236783136][mxmem_shmem.cpp:473] Failed to mmap shared memory, ret=800
[2026-09-24 13:00:59.171 +08:00][ERROR][1843545][281473236783136][shm_ipc_command.cpp:183] IpcCallShmMap response error : 800
[2026-09-24 13:00:59.171 +08:00][ERROR][1843545][281473236783136][RackMemShm.cpp:322] Failed to mmap, name=u7f809055_one-sided_rmw_ubq_0, mapSize=2147483648, ret=800
[2026-09-24 13:00:59.171 +08:00][ERROR][1843545][281473236783136][mxmem_shmem.cpp:473] Failed to mmap shared memory, ret=800
[2026-09-24 13:00:59.273 +08:00][ERROR][1843545][281473236783136][shm_ipc_command.cpp:183] IpcCallShmMap response error : 800
[2026-09-24 13:00:59.273 +08:00][ERROR][1843545][281473236783136][RackMemShm.cpp:322] Failed to mmap, name=u7f809055_one-sided_rmw_ubq_0, mapSize=2147483648, ret=800
[2026-09-24 13:00:59.273 +08:00][ERROR][1843545][281473236783136][mxmem_shmem.cpp:473] Failed to mmap shared memory, ret=800
[2026-09-24 13:00:59.377 +08:00][ERROR][1843545][281473236783136][shm_ipc_command.cpp:183] IpcCallShmMap response error : 800
[2026-09-24 13:00:59.377 +08:00][ERROR][1843545][281473236783136][RackMemShm.cpp:322] Failed to mmap, name=u7f809055_one-sided_rmw_ubq_0, mapSize=2147483648, ret=800
[2026-09-24 13:00:59.377 +08:00][ERROR][1843545][281473236783136][mxmem_shmem.cpp:473] Failed to mmap shared memory, ret=800
[2026-09-24 13:00:59.480 +08:00][ERROR][1843545][281473236783136][shm_ipc_command.cpp:183] IpcCallShmMap response error : 800
[2026-09-24 13:00:59.480 +08:00][ERROR][1843545][281473236783136][RackMemShm.cpp:322] Failed to mmap, name=u7f809055_one-sided_rmw_ubq_0, mapSize=2147483648, ret=800
[2026-09-24 13:00:59.480 +08:00][ERROR][1843545][281473236783136][mxmem_shmem.cpp:473] Failed to mmap shared memory, ret=800
I20260924 13:00:59.666712 1843545 UBMemory.cpp:138] UB memory initialized: local_region=1 regions=2 mode=one-sided bytes_per_region=2147483648
I20260924 13:01:02.128624 1843545 Database.h:82] ycsb initialization finished in 2461 milliseconds.
I20260924 13:01:02.129307 1843545 Coordinator.h:459] Coordinator 1 initializes UB inbox with 4096 entries of 8192 bytes
I20260924 13:01:02.129369 1843545 Coordinator.h:100] WAL Group Commiting off. Log to file _non_group_commit.txt using Blackhole Logger
I20260924 13:01:02.129379 1843545 Coordinator.h:104] Coordinator initializes 3 workers.
I20260924 13:01:02.130968 1843637 Coordinator.h:505] Listener 0 on coordinator 1 listening on 76.53.137.99:10010 tcp_no_delay 1 tcp_quick_ack 0
I20260924 13:01:02.131963 1843545 Coordinator.h:551] Coordinator 1 failed to connect 0(76.53.137.98:10010)'s listener 0, retry in 5 seconds.
I20260924 13:01:02.267208 1843637 Socket.h:69] Disabling nagle
I20260924 13:01:02.267241 1843637 Coordinator.h:520] Listener accepted connection from coordinator 0
I20260924 13:01:02.267246 1843637 Coordinator.h:523] Listener 0 on coordinator 1 exits.
I20260924 13:01:07.132759 1843545 Socket.h:69] Disabling nagle
I20260924 13:01:07.132802 1843545 Coordinator.h:560] Coordinator 1 connected to 0
I20260924 13:01:07.132833 1843545 Coordinator.h:572] Coordinator 1 connected to all peers.
I20260924 13:01:07.132845 1843545 Dispatcher.h:41] IncomingDispatcher 0 coord_id 1
I20260924 13:01:07.132866 1843545 Dispatcher.h:234] OutgoingDispatcher 0 coord_id 1
I20260924 13:01:07.132954 1843545 Coordinator.h:669] pinned thread to core 0
I20260924 13:01:07.133004 1843545 Coordinator.h:669] pinned thread to core 1
I20260924 13:01:07.133016 1843545 Coordinator.h:219] Coordinator starts to run 4 workers.
I20260924 13:01:07.133055 1843650 Dispatcher.h:63] Incoming Dispatcher started, numCoordinators = 2, numWorkers = 3, group id = 0, coordinator = 1
I20260924 13:01:07.133114 1843652 Executor.h:79] Executor 0 starts.
I20260924 13:01:07.133036 1843651 Dispatcher.h:246] Outgoing Dispatcher started, numCoordinators = 2, numWorkers = 4, group id = 0
I20260924 13:01:07.133047 1843545 Coordinator.h:669] pinned thread to core 2
I20260924 13:01:07.133811 1843545 Coordinator.h:669] pinned thread to core 3
I20260924 13:01:07.134697 1843545 Coordinator.h:669] pinned thread to core 4
I20260924 13:01:07.134789 1843655 Manager.h:232] Manager(worker id = 3) on the non-coordinator node started.
I20260924 13:01:07.134806 1843653 Executor.h:79] Executor 1 starts.
I20260924 13:01:07.135212 1843654 Executor.h:79] Executor 2 starts.
I20260924 13:01:08.135089 1843545 Coordinator.h:310] commit: 9644 abort: 337 (0/337/0), persistence latency 0, txn latency 0, queued lock latency 0, lock latency 0, active_txns 0, n_failed_read_lock 0, n_failed_write_lock 0, n_failed_cmd_not_ready 0, n_failed_no_cmd 0, network size: 0, avg network size: 0, si_in_serializable: 0 0 %, local: 0 %, local_access: 60757, local_cxl_access: 0 (0%), remote_access: 36650, remote_access_with_req: 0 (0%), data_move_in: 0, data_move_out: 0
I20260924 13:01:09.135365 1843545 Coordinator.h:310] commit: 9790 abort: 169 (0/169/0), persistence latency 0, txn latency 0, queued lock latency 0, lock latency 0, active_txns 0, n_failed_read_lock 0, n_failed_write_lock 0, n_failed_cmd_not_ready 0, n_failed_no_cmd 0, network size: 0, avg network size: 0, si_in_serializable: 0 0 %, local: 0 %, local_access: 61774, local_cxl_access: 0 (0%), remote_access: 36981, remote_access_with_req: 0 (0%), data_move_in: 0, data_move_out: 0
I20260924 13:01:10.135470 1843545 Coordinator.h:310] commit: 9722 abort: 177 (0/177/0), persistence latency 0, txn latency 0, queued lock latency 0, lock latency 0, active_txns 0, n_failed_read_lock 0, n_failed_write_lock 0, n_failed_cmd_not_ready 0, n_failed_no_cmd 0, network size: 0, avg network size: 0, si_in_serializable: 0 0 %, local: 0 %, local_access: 61056, local_cxl_access: 0 (0%), remote_access: 37043, remote_access_with_req: 0 (0%), data_move_in: 0, data_move_out: 0
I20260924 13:01:11.135564 1843545 Coordinator.h:310] commit: 9769 abort: 214 (0/214/0), persistence latency 0, txn latency 0, queued lock latency 0, lock latency 0, active_txns 0, n_failed_read_lock 0, n_failed_write_lock 0, n_failed_cmd_not_ready 0, n_failed_no_cmd 0, network size: 0, avg network size: 0, si_in_serializable: 0 0 %, local: 0 %, local_access: 61344, local_cxl_access: 0 (0%), remote_access: 37276, remote_access_with_req: 0 (0%), data_move_in: 0, data_move_out: 0
I20260924 13:01:12.135788 1843545 Coordinator.h:310] commit: 9827 abort: 187 (0/187/0), persistence latency 0, txn latency 0, queued lock latency 0, lock latency 0, active_txns 0, n_failed_read_lock 0, n_failed_write_lock 0, n_failed_cmd_not_ready 0, n_failed_no_cmd 0, network size: 0, avg network size: 0, si_in_serializable: 0 0 %, local: 0 %, local_access: 61967, local_cxl_access: 0 (0%), remote_access: 37250, remote_access_with_req: 0 (0%), data_move_in: 0, data_move_out: 0
I20260924 13:01:13.135882 1843545 Coordinator.h:310] commit: 9890 abort: 217 (0/217/0), persistence latency 0, txn latency 0, queued lock latency 0, lock latency 0, active_txns 0, n_failed_read_lock 0, n_failed_write_lock 0, n_failed_cmd_not_ready 0, n_failed_no_cmd 0, network size: 0, avg network size: 0, si_in_serializable: 0 0 %, local: 0 %, local_access: 62914, local_cxl_access: 0 (0%), remote_access: 37107, remote_access_with_req: 0 (0%), data_move_in: 0, data_move_out: 0
I20260924 13:01:14.136111 1843545 Coordinator.h:310] commit: 9770 abort: 323 (0/323/0), persistence latency 0, txn latency 0, queued lock latency 0, lock latency 0, active_txns 0, n_failed_read_lock 0, n_failed_write_lock 0, n_failed_cmd_not_ready 0, n_failed_no_cmd 0, network size: 0, avg network size: 0, si_in_serializable: 0 0 %, local: 0 %, local_access: 61706, local_cxl_access: 0 (0%), remote_access: 37127, remote_access_with_req: 0 (0%), data_move_in: 0, data_move_out: 0
I20260924 13:01:15.136228 1843545 Coordinator.h:310] commit: 9845 abort: 166 (0/166/0), persistence latency 0, txn latency 0, queued lock latency 0, lock latency 0, active_txns 0, n_failed_read_lock 0, n_failed_write_lock 0, n_failed_cmd_not_ready 0, n_failed_no_cmd 0, network size: 0, avg network size: 0, si_in_serializable: 0 0 %, local: 0 %, local_access: 62064, local_cxl_access: 0 (0%), remote_access: 37154, remote_access_with_req: 0 (0%), data_move_in: 0, data_move_out: 0
I20260924 13:01:16.136351 1843545 Coordinator.h:310] commit: 9818 abort: 168 (0/168/0), persistence latency 0, txn latency 0, queued lock latency 0, lock latency 0, active_txns 0, n_failed_read_lock 0, n_failed_write_lock 0, n_failed_cmd_not_ready 0, n_failed_no_cmd 0, network size: 0, avg network size: 0, si_in_serializable: 0 0 %, local: 0 %, local_access: 61833, local_cxl_access: 0 (0%), remote_access: 37073, remote_access_with_req: 0 (0%), data_move_in: 0, data_move_out: 0
I20260924 13:01:17.136482 1843545 Coordinator.h:310] commit: 9885 abort: 186 (0/186/0), persistence latency 0, txn latency 0, queued lock latency 0, lock latency 0, active_txns 0, n_failed_read_lock 0, n_failed_write_lock 0, n_failed_cmd_not_ready 0, n_failed_no_cmd 0, network size: 0, avg network size: 0, si_in_serializable: 0 0 %, local: 0 %, local_access: 62678, local_cxl_access: 0 (0%), remote_access: 37065, remote_access_with_req: 0 (0%), data_move_in: 0, data_move_out: 0
I20260924 13:01:18.136700 1843545 Coordinator.h:310] commit: 9827 abort: 194 (0/194/0), persistence latency 0, txn latency 0, queued lock latency 0, lock latency 0, active_txns 0, n_failed_read_lock 0, n_failed_write_lock 0, n_failed_cmd_not_ready 0, n_failed_no_cmd 0, network size: 0, avg network size: 0, si_in_serializable: 0 0 %, local: 0 %, local_access: 62224, local_cxl_access: 0 (0%), remote_access: 37075, remote_access_with_req: 0 (0%), data_move_in: 0, data_move_out: 0
I20260924 13:01:19.136811 1843545 Coordinator.h:310] commit: 9802 abort: 179 (0/179/0), persistence latency 0, txn latency 0, queued lock latency 0, lock latency 0, active_txns 0, n_failed_read_lock 0, n_failed_write_lock 0, n_failed_cmd_not_ready 0, n_failed_no_cmd 0, network size: 0, avg network size: 0, si_in_serializable: 0 0 %, local: 0 %, local_access: 61565, local_cxl_access: 0 (0%), remote_access: 37239, remote_access_with_req: 0 (0%), data_move_in: 0, data_move_out: 0
I20260924 13:01:20.137030 1843545 Coordinator.h:310] commit: 9785 abort: 176 (0/176/0), persistence latency 0, txn latency 0, queued lock latency 0, lock latency 0, active_txns 0, n_failed_read_lock 0, n_failed_write_lock 0, n_failed_cmd_not_ready 0, n_failed_no_cmd 0, network size: 0, avg network size: 0, si_in_serializable: 0 0 %, local: 0 %, local_access: 61576, local_cxl_access: 0 (0%), remote_access: 37112, remote_access_with_req: 0 (0%), data_move_in: 0, data_move_out: 0
I20260924 13:01:21.137255 1843545 Coordinator.h:310] commit: 9793 abort: 187 (0/187/0), persistence latency 0, txn latency 0, queued lock latency 0, lock latency 0, active_txns 0, n_failed_read_lock 0, n_failed_write_lock 0, n_failed_cmd_not_ready 0, n_failed_no_cmd 0, network size: 0, avg network size: 0, si_in_serializable: 0 0 %, local: 0 %, local_access: 61692, local_cxl_access: 0 (0%), remote_access: 37120, remote_access_with_req: 0 (0%), data_move_in: 0, data_move_out: 0
I20260924 13:01:22.137351 1843545 Coordinator.h:310] commit: 9799 abort: 812 (0/812/0), persistence latency 0, txn latency 0, queued lock latency 0, lock latency 0, active_txns 0, n_failed_read_lock 0, n_failed_write_lock 0, n_failed_cmd_not_ready 0, n_failed_no_cmd 0, network size: 0, avg network size: 0, si_in_serializable: 0 0 %, local: 0 %, local_access: 62993, local_cxl_access: 0 (0%), remote_access: 37109, remote_access_with_req: 0 (0%), data_move_in: 0, data_move_out: 0
I20260924 13:01:23.137629 1843545 Coordinator.h:310] commit: 9850 abort: 162 (0/162/0), persistence latency 0, txn latency 0, queued lock latency 0, lock latency 0, active_txns 0, n_failed_read_lock 0, n_failed_write_lock 0, n_failed_cmd_not_ready 0, n_failed_no_cmd 0, network size: 0, avg network size: 0, si_in_serializable: 0 0 %, local: 0 %, local_access: 62050, local_cxl_access: 0 (0%), remote_access: 37190, remote_access_with_req: 0 (0%), data_move_in: 0, data_move_out: 0
I20260924 13:01:24.139106 1843545 Coordinator.h:310] commit: 9754 abort: 181 (0/181/0), persistence latency 0, txn latency 0, queued lock latency 0, lock latency 0, active_txns 0, n_failed_read_lock 0, n_failed_write_lock 0, n_failed_cmd_not_ready 0, n_failed_no_cmd 0, network size: 0, avg network size: 0, si_in_serializable: 0 0 %, local: 0 %, local_access: 61286, local_cxl_access: 0 (0%), remote_access: 37118, remote_access_with_req: 0 (0%), data_move_in: 0, data_move_out: 0
I20260924 13:01:25.139199 1843545 Coordinator.h:310] commit: 9738 abort: 165 (0/165/0), persistence latency 0, txn latency 0, queued lock latency 0, lock latency 0, active_txns 0, n_failed_read_lock 0, n_failed_write_lock 0, n_failed_cmd_not_ready 0, n_failed_no_cmd 0, network size: 0, avg network size: 0, si_in_serializable: 0 0 %, local: 0 %, local_access: 60920, local_cxl_access: 0 (0%), remote_access: 37274, remote_access_with_req: 0 (0%), data_move_in: 0, data_move_out: 0
I20260924 13:01:26.139302 1843545 Coordinator.h:310] commit: 9849 abort: 175 (0/175/0), persistence latency 0, txn latency 0, queued lock latency 0, lock latency 0, active_txns 0, n_failed_read_lock 0, n_failed_write_lock 0, n_failed_cmd_not_ready 0, n_failed_no_cmd 0, network size: 0, avg network size: 0, si_in_serializable: 0 0 %, local: 0 %, local_access: 62003, local_cxl_access: 0 (0%), remote_access: 37248, remote_access_with_req: 0 (0%), data_move_in: 0, data_move_out: 0
I20260924 13:01:27.139396 1843545 Coordinator.h:310] commit: 9856 abort: 196 (0/196/0), persistence latency 0, txn latency 0, queued lock latency 0, lock latency 0, active_txns 0, n_failed_read_lock 0, n_failed_write_lock 0, n_failed_cmd_not_ready 0, n_failed_no_cmd 0, network size: 0, avg network size: 0, si_in_serializable: 0 0 %, local: 0 %, local_access: 62268, local_cxl_access: 0 (0%), remote_access: 37224, remote_access_with_req: 0 (0%), data_move_in: 0, data_move_out: 0
I20260924 13:01:28.139490 1843545 Coordinator.h:310] commit: 9790 abort: 189 (0/189/0), persistence latency 0, txn latency 0, queued lock latency 0, lock latency 0, active_txns 0, n_failed_read_lock 0, n_failed_write_lock 0, n_failed_cmd_not_ready 0, n_failed_no_cmd 0, network size: 0, avg network size: 0, si_in_serializable: 0 0 %, local: 0 %, local_access: 61514, local_cxl_access: 0 (0%), remote_access: 37239, remote_access_with_req: 0 (0%), data_move_in: 0, data_move_out: 0
I20260924 13:01:29.139585 1843545 Coordinator.h:310] commit: 9823 abort: 166 (0/166/0), persistence latency 0, txn latency 0, queued lock latency 0, lock latency 0, active_txns 0, n_failed_read_lock 0, n_failed_write_lock 0, n_failed_cmd_not_ready 0, n_failed_no_cmd 0, network size: 0, avg network size: 0, si_in_serializable: 0 0 %, local: 0 %, local_access: 61935, local_cxl_access: 0 (0%), remote_access: 37175, remote_access_with_req: 0 (0%), data_move_in: 0, data_move_out: 0
I20260924 13:01:30.139678 1843545 Coordinator.h:310] commit: 9895 abort: 317 (0/317/0), persistence latency 0, txn latency 0, queued lock latency 0, lock latency 0, active_txns 0, n_failed_read_lock 0, n_failed_write_lock 0, n_failed_cmd_not_ready 0, n_failed_no_cmd 0, network size: 0, avg network size: 0, si_in_serializable: 0 0 %, local: 0 %, local_access: 62997, local_cxl_access: 0 (0%), remote_access: 37351, remote_access_with_req: 0 (0%), data_move_in: 0, data_move_out: 0
I20260924 13:01:31.139896 1843545 Coordinator.h:310] commit: 9867 abort: 163 (0/163/0), persistence latency 0, txn latency 0, queued lock latency 0, lock latency 0, active_txns 0, n_failed_read_lock 0, n_failed_write_lock 0, n_failed_cmd_not_ready 0, n_failed_no_cmd 0, network size: 0, avg network size: 0, si_in_serializable: 0 0 %, local: 0 %, local_access: 61979, local_cxl_access: 0 (0%), remote_access: 37412, remote_access_with_req: 0 (0%), data_move_in: 0, data_move_out: 0
I20260924 13:01:32.140120 1843545 Coordinator.h:310] commit: 9891 abort: 190 (0/190/0), persistence latency 0, txn latency 0, queued lock latency 0, lock latency 0, active_txns 0, n_failed_read_lock 0, n_failed_write_lock 0, n_failed_cmd_not_ready 0, n_failed_no_cmd 0, network size: 0, avg network size: 0, si_in_serializable: 0 0 %, local: 0 %, local_access: 62553, local_cxl_access: 0 (0%), remote_access: 37281, remote_access_with_req: 0 (0%), data_move_in: 0, data_move_out: 0
I20260924 13:01:33.140235 1843545 Coordinator.h:310] commit: 9909 abort: 195 (0/195/0), persistence latency 0, txn latency 0, queued lock latency 0, lock latency 0, active_txns 0, n_failed_read_lock 0, n_failed_write_lock 0, n_failed_cmd_not_ready 0, n_failed_no_cmd 0, network size: 0, avg network size: 0, si_in_serializable: 0 0 %, local: 0 %, local_access: 62781, local_cxl_access: 0 (0%), remote_access: 37277, remote_access_with_req: 0 (0%), data_move_in: 0, data_move_out: 0
I20260924 13:01:34.140357 1843545 Coordinator.h:310] commit: 9907 abort: 159 (0/159/0), persistence latency 0, txn latency 0, queued lock latency 0, lock latency 0, active_txns 0, n_failed_read_lock 0, n_failed_write_lock 0, n_failed_cmd_not_ready 0, n_failed_no_cmd 0, network size: 0, avg network size: 0, si_in_serializable: 0 0 %, local: 0 %, local_access: 62403, local_cxl_access: 0 (0%), remote_access: 37399, remote_access_with_req: 0 (0%), data_move_in: 0, data_move_out: 0
I20260924 13:01:35.140585 1843545 Coordinator.h:310] commit: 9890 abort: 187 (0/187/0), persistence latency 0, txn latency 0, queued lock latency 0, lock latency 0, active_txns 0, n_failed_read_lock 0, n_failed_write_lock 0, n_failed_cmd_not_ready 0, n_failed_no_cmd 0, network size: 0, avg network size: 0, si_in_serializable: 0 0 %, local: 0 %, local_access: 62316, local_cxl_access: 0 (0%), remote_access: 37454, remote_access_with_req: 0 (0%), data_move_in: 0, data_move_out: 0
I20260924 13:01:36.140682 1843545 Coordinator.h:310] commit: 9898 abort: 182 (0/182/0), persistence latency 0, txn latency 0, queued lock latency 0, lock latency 0, active_txns 0, n_failed_read_lock 0, n_failed_write_lock 0, n_failed_cmd_not_ready 0, n_failed_no_cmd 0, network size: 0, avg network size: 0, si_in_serializable: 0 0 %, local: 0 %, local_access: 62562, local_cxl_access: 0 (0%), remote_access: 37255, remote_access_with_req: 0 (0%), data_move_in: 0, data_move_out: 0
I20260924 13:01:37.140902 1843545 Coordinator.h:310] commit: 9844 abort: 225 (0/225/0), persistence latency 0, txn latency 0, queued lock latency 0, lock latency 0, active_txns 0, n_failed_read_lock 0, n_failed_write_lock 0, n_failed_cmd_not_ready 0, n_failed_no_cmd 0, network size: 0, avg network size: 0, si_in_serializable: 0 0 %, local: 0 %, local_access: 62163, local_cxl_access: 0 (0%), remote_access: 37359, remote_access_with_req: 0 (0%), data_move_in: 0, data_move_out: 0
I20260924 13:01:38.141125 1843545 Coordinator.h:310] commit: 9908 abort: 234 (0/234/0), persistence latency 0, txn latency 0, queued lock latency 0, lock latency 0, active_txns 0, n_failed_read_lock 0, n_failed_write_lock 0, n_failed_cmd_not_ready 0, n_failed_no_cmd 0, network size: 0, avg network size: 0, si_in_serializable: 0 0 %, local: 0 %, local_access: 62971, local_cxl_access: 0 (0%), remote_access: 37259, remote_access_with_req: 0 (0%), data_move_in: 0, data_move_out: 0
I20260924 13:01:39.141222 1843545 Coordinator.h:310] commit: 9839 abort: 182 (0/182/0), persistence latency 0, txn latency 0, queued lock latency 0, lock latency 0, active_txns 0, n_failed_read_lock 0, n_failed_write_lock 0, n_failed_cmd_not_ready 0, n_failed_no_cmd 0, network size: 0, avg network size: 0, si_in_serializable: 0 0 %, local: 0 %, local_access: 61776, local_cxl_access: 0 (0%), remote_access: 37461, remote_access_with_req: 0 (0%), data_move_in: 0, data_move_out: 0
I20260924 13:01:40.141438 1843545 Coordinator.h:310] commit: 9872 abort: 201 (0/201/0), persistence latency 0, txn latency 0, queued lock latency 0, lock latency 0, active_txns 0, n_failed_read_lock 0, n_failed_write_lock 0, n_failed_cmd_not_ready 0, n_failed_no_cmd 0, network size: 0, avg network size: 0, si_in_serializable: 0 0 %, local: 0 %, local_access: 62296, local_cxl_access: 0 (0%), remote_access: 37369, remote_access_with_req: 0 (0%), data_move_in: 0, data_move_out: 0
I20260924 13:01:41.143110 1843545 Coordinator.h:310] commit: 9918 abort: 174 (0/174/0), persistence latency 0, txn latency 0, queued lock latency 0, lock latency 0, active_txns 0, n_failed_read_lock 0, n_failed_write_lock 0, n_failed_cmd_not_ready 0, n_failed_no_cmd 0, network size: 0, avg network size: 0, si_in_serializable: 0 0 %, local: 0 %, local_access: 62614, local_cxl_access: 0 (0%), remote_access: 37280, remote_access_with_req: 0 (0%), data_move_in: 0, data_move_out: 0
I20260924 13:01:42.143280 1843545 Coordinator.h:310] commit: 9854 abort: 211 (0/211/0), persistence latency 0, txn latency 0, queued lock latency 0, lock latency 0, active_txns 0, n_failed_read_lock 0, n_failed_write_lock 0, n_failed_cmd_not_ready 0, n_failed_no_cmd 0, network size: 0, avg network size: 0, si_in_serializable: 0 0 %, local: 0 %, local_access: 62284, local_cxl_access: 0 (0%), remote_access: 37295, remote_access_with_req: 0 (0%), data_move_in: 0, data_move_out: 0
I20260924 13:01:43.143373 1843545 Coordinator.h:310] commit: 9898 abort: 173 (0/173/0), persistence latency 0, txn latency 0, queued lock latency 0, lock latency 0, active_txns 0, n_failed_read_lock 0, n_failed_write_lock 0, n_failed_cmd_not_ready 0, n_failed_no_cmd 0, network size: 0, avg network size: 0, si_in_serializable: 0 0 %, local: 0 %, local_access: 62439, local_cxl_access: 0 (0%), remote_access: 37406, remote_access_with_req: 0 (0%), data_move_in: 0, data_move_out: 0
I20260924 13:01:44.143471 1843545 Coordinator.h:310] commit: 9824 abort: 201 (0/201/0), persistence latency 0, txn latency 0, queued lock latency 0, lock latency 0, active_txns 0, n_failed_read_lock 0, n_failed_write_lock 0, n_failed_cmd_not_ready 0, n_failed_no_cmd 0, network size: 0, avg network size: 0, si_in_serializable: 0 0 %, local: 0 %, local_access: 61771, local_cxl_access: 0 (0%), remote_access: 37474, remote_access_with_req: 0 (0%), data_move_in: 0, data_move_out: 0
I20260924 13:01:45.143697 1843545 Coordinator.h:310] commit: 9863 abort: 190 (0/190/0), persistence latency 0, txn latency 0, queued lock latency 0, lock latency 0, active_txns 0, n_failed_read_lock 0, n_failed_write_lock 0, n_failed_cmd_not_ready 0, n_failed_no_cmd 0, network size: 0, avg network size: 0, si_in_serializable: 0 0 %, local: 0 %, local_access: 62088, local_cxl_access: 0 (0%), remote_access: 37417, remote_access_with_req: 0 (0%), data_move_in: 0, data_move_out: 0
I20260924 13:01:46.143790 1843545 Coordinator.h:310] commit: 9921 abort: 208 (0/208/0), persistence latency 0, txn latency 0, queued lock latency 0, lock latency 0, active_txns 0, n_failed_read_lock 0, n_failed_write_lock 0, n_failed_cmd_not_ready 0, n_failed_no_cmd 0, network size: 0, avg network size: 0, si_in_serializable: 0 0 %, local: 0 %, local_access: 62729, local_cxl_access: 0 (0%), remote_access: 37391, remote_access_with_req: 0 (0%), data_move_in: 0, data_move_out: 0
I20260924 13:01:47.144011 1843545 Coordinator.h:310] commit: 9948 abort: 158 (0/158/0), persistence latency 0, txn latency 0, queued lock latency 0, lock latency 0, active_txns 0, n_failed_read_lock 0, n_failed_write_lock 0, n_failed_cmd_not_ready 0, n_failed_no_cmd 0, network size: 0, avg network size: 0, si_in_serializable: 0 0 %, local: 0 %, local_access: 62609, local_cxl_access: 0 (0%), remote_access: 37704, remote_access_with_req: 0 (0%), data_move_in: 0, data_move_out: 0
I20260924 13:01:48.144232 1843545 Coordinator.h:310] commit: 9809 abort: 163 (0/163/0), persistence latency 0, txn latency 0, queued lock latency 0, lock latency 0, active_txns 0, n_failed_read_lock 0, n_failed_write_lock 0, n_failed_cmd_not_ready 0, n_failed_no_cmd 0, network size: 0, avg network size: 0, si_in_serializable: 0 0 %, local: 0 %, local_access: 61167, local_cxl_access: 0 (0%), remote_access: 37713, remote_access_with_req: 0 (0%), data_move_in: 0, data_move_out: 0
I20260924 13:01:49.144346 1843545 Coordinator.h:310] commit: 9925 abort: 231 (0/231/0), persistence latency 0, txn latency 0, queued lock latency 0, lock latency 0, active_txns 0, n_failed_read_lock 0, n_failed_write_lock 0, n_failed_cmd_not_ready 0, n_failed_no_cmd 0, network size: 0, avg network size: 0, si_in_serializable: 0 0 %, local: 0 %, local_access: 62340, local_cxl_access: 0 (0%), remote_access: 37887, remote_access_with_req: 0 (0%), data_move_in: 0, data_move_out: 0
I20260924 13:01:50.144459 1843545 Coordinator.h:310] commit: 9951 abort: 190 (0/190/0), persistence latency 0, txn latency 0, queued lock latency 0, lock latency 0, active_txns 0, n_failed_read_lock 0, n_failed_write_lock 0, n_failed_cmd_not_ready 0, n_failed_no_cmd 0, network size: 0, avg network size: 0, si_in_serializable: 0 0 %, local: 0 %, local_access: 62705, local_cxl_access: 0 (0%), remote_access: 37767, remote_access_with_req: 0 (0%), data_move_in: 0, data_move_out: 0
I20260924 13:01:51.144553 1843545 Coordinator.h:310] commit: 10003 abort: 196 (0/196/0), persistence latency 0, txn latency 0, queued lock latency 0, lock latency 0, active_txns 0, n_failed_read_lock 0, n_failed_write_lock 0, n_failed_cmd_not_ready 0, n_failed_no_cmd 0, network size: 0, avg network size: 0, si_in_serializable: 0 0 %, local: 0 %, local_access: 63002, local_cxl_access: 0 (0%), remote_access: 37792, remote_access_with_req: 0 (0%), data_move_in: 0, data_move_out: 0
I20260924 13:01:52.144776 1843545 Coordinator.h:310] commit: 10012 abort: 168 (0/168/0), persistence latency 0, txn latency 0, queued lock latency 0, lock latency 0, active_txns 0, n_failed_read_lock 0, n_failed_write_lock 0, n_failed_cmd_not_ready 0, n_failed_no_cmd 0, network size: 0, avg network size: 0, si_in_serializable: 0 0 %, local: 0 %, local_access: 63343, local_cxl_access: 0 (0%), remote_access: 37562, remote_access_with_req: 0 (0%), data_move_in: 0, data_move_out: 0
I20260924 13:01:53.144870 1843545 Coordinator.h:310] commit: 9973 abort: 181 (0/181/0), persistence latency 0, txn latency 0, queued lock latency 0, lock latency 0, active_txns 0, n_failed_read_lock 0, n_failed_write_lock 0, n_failed_cmd_not_ready 0, n_failed_no_cmd 0, network size: 0, avg network size: 0, si_in_serializable: 0 0 %, local: 0 %, local_access: 62950, local_cxl_access: 0 (0%), remote_access: 37612, remote_access_with_req: 0 (0%), data_move_in: 0, data_move_out: 0
I20260924 13:01:54.145092 1843545 Coordinator.h:310] commit: 9865 abort: 202 (0/202/0), persistence latency 0, txn latency 0, queued lock latency 0, lock latency 0, active_txns 0, n_failed_read_lock 0, n_failed_write_lock 0, n_failed_cmd_not_ready 0, n_failed_no_cmd 0, network size: 0, avg network size: 0, si_in_serializable: 0 0 %, local: 0 %, local_access: 61947, local_cxl_access: 0 (0%), remote_access: 37598, remote_access_with_req: 0 (0%), data_move_in: 0, data_move_out: 0
I20260924 13:01:55.145314 1843545 Coordinator.h:310] commit: 9959 abort: 177 (0/177/0), persistence latency 0, txn latency 0, queued lock latency 0, lock latency 0, active_txns 0, n_failed_read_lock 0, n_failed_write_lock 0, n_failed_cmd_not_ready 0, n_failed_no_cmd 0, network size: 0, avg network size: 0, si_in_serializable: 0 0 %, local: 0 %, local_access: 62819, local_cxl_access: 0 (0%), remote_access: 37627, remote_access_with_req: 0 (0%), data_move_in: 0, data_move_out: 0
I20260924 13:01:56.145677 1843545 Coordinator.h:310] commit: 9855 abort: 204 (0/204/0), persistence latency 0, txn latency 0, queued lock latency 0, lock latency 0, active_txns 0, n_failed_read_lock 0, n_failed_write_lock 0, n_failed_cmd_not_ready 0, n_failed_no_cmd 0, network size: 0, avg network size: 0, si_in_serializable: 0 0 %, local: 0 %, local_access: 61996, local_cxl_access: 0 (0%), remote_access: 37653, remote_access_with_req: 0 (0%), data_move_in: 0, data_move_out: 0
I20260924 13:01:57.147342 1843545 Coordinator.h:310] commit: 10018 abort: 253 (0/253/0), persistence latency 0, txn latency 0, queued lock latency 0, lock latency 0, active_txns 0, n_failed_read_lock 0, n_failed_write_lock 0, n_failed_cmd_not_ready 0, n_failed_no_cmd 0, network size: 0, avg network size: 0, si_in_serializable: 0 0 %, local: 0 %, local_access: 64095, local_cxl_access: 0 (0%), remote_access: 37484, remote_access_with_req: 0 (0%), data_move_in: 0, data_move_out: 0
I20260924 13:01:58.147569 1843545 Coordinator.h:310] commit: 10017 abort: 177 (0/177/0), persistence latency 0, txn latency 0, queued lock latency 0, lock latency 0, active_txns 0, n_failed_read_lock 0, n_failed_write_lock 0, n_failed_cmd_not_ready 0, n_failed_no_cmd 0, network size: 0, avg network size: 0, si_in_serializable: 0 0 %, local: 0 %, local_access: 63611, local_cxl_access: 0 (0%), remote_access: 37430, remote_access_with_req: 0 (0%), data_move_in: 0, data_move_out: 0
I20260924 13:01:59.147790 1843545 Coordinator.h:310] commit: 9914 abort: 177 (0/177/0), persistence latency 0, txn latency 0, queued lock latency 0, lock latency 0, active_txns 0, n_failed_read_lock 0, n_failed_write_lock 0, n_failed_cmd_not_ready 0, n_failed_no_cmd 0, network size: 0, avg network size: 0, si_in_serializable: 0 0 %, local: 0 %, local_access: 62355, local_cxl_access: 0 (0%), remote_access: 37640, remote_access_with_req: 0 (0%), data_move_in: 0, data_move_out: 0
I20260924 13:02:00.147913 1843545 Coordinator.h:310] commit: 10000 abort: 185 (0/185/0), persistence latency 0, txn latency 0, queued lock latency 0, lock latency 0, active_txns 0, n_failed_read_lock 0, n_failed_write_lock 0, n_failed_cmd_not_ready 0, n_failed_no_cmd 0, network size: 0, avg network size: 0, si_in_serializable: 0 0 %, local: 0 %, local_access: 63562, local_cxl_access: 0 (0%), remote_access: 37484, remote_access_with_req: 0 (0%), data_move_in: 0, data_move_out: 0
I20260924 13:02:01.148005 1843545 Coordinator.h:310] commit: 9988 abort: 142 (0/142/0), persistence latency 0, txn latency 0, queued lock latency 0, lock latency 0, active_txns 0, n_failed_read_lock 0, n_failed_write_lock 0, n_failed_cmd_not_ready 0, n_failed_no_cmd 0, network size: 0, avg network size: 0, si_in_serializable: 0 0 %, local: 0 %, local_access: 62942, local_cxl_access: 0 (0%), remote_access: 37631, remote_access_with_req: 0 (0%), data_move_in: 0, data_move_out: 0
I20260924 13:02:02.148232 1843545 Coordinator.h:310] commit: 9920 abort: 174 (0/174/0), persistence latency 0, txn latency 0, queued lock latency 0, lock latency 0, active_txns 0, n_failed_read_lock 0, n_failed_write_lock 0, n_failed_cmd_not_ready 0, n_failed_no_cmd 0, network size: 0, avg network size: 0, si_in_serializable: 0 0 %, local: 0 %, local_access: 62325, local_cxl_access: 0 (0%), remote_access: 37704, remote_access_with_req: 0 (0%), data_move_in: 0, data_move_out: 0
I20260924 13:02:03.148473 1843545 Coordinator.h:310] commit: 9988 abort: 153 (0/153/0), persistence latency 0, txn latency 0, queued lock latency 0, lock latency 0, active_txns 0, n_failed_read_lock 0, n_failed_write_lock 0, n_failed_cmd_not_ready 0, n_failed_no_cmd 0, network size: 0, avg network size: 0, si_in_serializable: 0 0 %, local: 0 %, local_access: 62857, local_cxl_access: 0 (0%), remote_access: 37716, remote_access_with_req: 0 (0%), data_move_in: 0, data_move_out: 0
I20260924 13:02:04.148716 1843545 Coordinator.h:310] commit: 9961 abort: 192 (0/192/0), persistence latency 0, txn latency 0, queued lock latency 0, lock latency 0, active_txns 0, n_failed_read_lock 0, n_failed_write_lock 0, n_failed_cmd_not_ready 0, n_failed_no_cmd 0, network size: 0, avg network size: 0, si_in_serializable: 0 0 %, local: 0 %, local_access: 63010, local_cxl_access: 0 (0%), remote_access: 37593, remote_access_with_req: 0 (0%), data_move_in: 0, data_move_out: 0
I20260924 13:02:05.148823 1843545 Coordinator.h:310] commit: 9933 abort: 172 (0/172/0), persistence latency 0, txn latency 0, queued lock latency 0, lock latency 0, active_txns 0, n_failed_read_lock 0, n_failed_write_lock 0, n_failed_cmd_not_ready 0, n_failed_no_cmd 0, network size: 0, avg network size: 0, si_in_serializable: 0 0 %, local: 0 %, local_access: 62366, local_cxl_access: 0 (0%), remote_access: 37775, remote_access_with_req: 0 (0%), data_move_in: 0, data_move_out: 0
I20260924 13:02:06.148921 1843545 Coordinator.h:310] commit: 9975 abort: 191 (0/191/0), persistence latency 0, txn latency 0, queued lock latency 0, lock latency 0, active_txns 0, n_failed_read_lock 0, n_failed_write_lock 0, n_failed_cmd_not_ready 0, n_failed_no_cmd 0, network size: 0, avg network size: 0, si_in_serializable: 0 0 %, local: 0 %, local_access: 62981, local_cxl_access: 0 (0%), remote_access: 37720, remote_access_with_req: 0 (0%), data_move_in: 0, data_move_out: 0
I20260924 13:02:07.149142 1843545 Coordinator.h:310] commit: 9949 abort: 170 (0/170/0), persistence latency 0, txn latency 0, queued lock latency 0, lock latency 0, active_txns 0, n_failed_read_lock 0, n_failed_write_lock 0, n_failed_cmd_not_ready 0, n_failed_no_cmd 0, network size: 0, avg network size: 0, si_in_serializable: 0 0 %, local: 0 %, local_access: 62559, local_cxl_access: 0 (0%), remote_access: 37700, remote_access_with_req: 0 (0%), data_move_in: 0, data_move_out: 0
I20260924 13:02:07.149169 1843545 Coordinator.h:348] average commit: 9928.67 abort: 187.667 (0/187.667/0), abort_rate: 0.0185509, network size: 0, avg network size: 0, si_in_serializable: 0 0 %, local: 0 %, local_access: 1878509, local_cxl_access: 0 (0%), remote_access: 1127144, remote_access_with_req: 0 (0%), data_move_in: 0, data_move_out: 0
I20260924 13:02:07.149194 1843545 Executor.h:236] Worker 0 latency: 291 us (50%) 310 us (75%) 1009 us (95%) 1210 us (99%). dist txn latency: 299 us (50%) 317 us (75%) 1061 us (95%) 1216 us (99%)  avg 381 us . local txn latency: 54 us (50%) 69 us (75%) 159 us (95%) 250 us (99%)  avg 68 us. txn commit latency: 291 us (50%) 309 us (75%) 969 us (95%) 1211 us (99%) avg 301 us.
 LOCAL txn stall 0 us,  local_work 57 us,  remote_work 0 us,  commit_work 4 us,  commit_prepare 2 us,  commit_persistence 0 us,  commit_write_back 0 us,  commit_replication 0 us,  commit_release_lock 0 us 
 DIST txn stall 0 us,  local_work 361 us,  remote_work 0 us,  commit_work 16 us,  commit_prepare 2 us,  commit_persistence 0 us,  commit_write_back 4 us,  commit_replication 0 us,  commit_release_lock 7 us 
I20260924 13:02:07.151134 1843545 Executor.h:267] message stats, type: 0 count: 0 total size: 0
I20260924 13:02:07.151142 1843545 Executor.h:267] message stats, type: 1 count: 0 total size: 0
I20260924 13:02:07.151146 1843545 Executor.h:267] message stats, type: 2 count: 0 total size: 0
I20260924 13:02:07.151149 1843545 Executor.h:267] message stats, type: 3 count: 0 total size: 0
I20260924 13:02:07.151153 1843545 Executor.h:267] message stats, type: 4 count: 0 total size: 0
I20260924 13:02:07.151157 1843545 Executor.h:267] message stats, type: 5 count: 0 total size: 0
I20260924 13:02:07.151161 1843545 Executor.h:267] message stats, type: 6 count: 0 total size: 0
I20260924 13:02:07.151165 1843545 Executor.h:267] message stats, type: 7 count: 0 total size: 0
I20260924 13:02:07.151170 1843545 Executor.h:267] message stats, type: 8 count: 0 total size: 0
I20260924 13:02:07.151173 1843545 Executor.h:267] message stats, type: 9 count: 0 total size: 0
I20260924 13:02:07.151177 1843545 Executor.h:267] message stats, type: 10 count: 0 total size: 0
I20260924 13:02:07.151181 1843545 Executor.h:267] message stats, type: 11 count: 0 total size: 0
I20260924 13:02:07.154866 1843654 Executor.h:231] Executor 2 exits.
I20260924 13:02:07.154866 1843652 Executor.h:231] Executor 0 exits.
I20260924 13:02:07.154873 1843655 Manager.h:234] Manager(worker id = 3) on the non-coordinator node exits.
I20260924 13:02:07.154866 1843653 Executor.h:231] Executor 1 exits.
I20260924 13:02:07.156976 1843545 Executor.h:236] Worker 1 latency: 291 us (50%) 309 us (75%) 1026 us (95%) 1208 us (99%). dist txn latency: 299 us (50%) 319 us (75%) 1079 us (95%) 1212 us (99%)  avg 390 us . local txn latency: 54 us (50%) 68 us (75%) 162 us (95%) 246 us (99%)  avg 67 us. txn commit latency: 291 us (50%) 309 us (75%) 985 us (95%) 1198 us (99%) avg 304 us.
 LOCAL txn stall 0 us,  local_work 56 us,  remote_work 0 us,  commit_work 4 us,  commit_prepare 2 us,  commit_persistence 0 us,  commit_write_back 0 us,  commit_replication 0 us,  commit_release_lock 0 us 
 DIST txn stall 0 us,  local_work 361 us,  remote_work 0 us,  commit_work 16 us,  commit_prepare 2 us,  commit_persistence 0 us,  commit_write_back 4 us,  commit_replication 0 us,  commit_release_lock 7 us 
I20260924 13:02:07.158984 1843545 Executor.h:236] Worker 2 latency: 280 us (50%) 297 us (75%) 971 us (95%) 1181 us (99%). dist txn latency: 287 us (50%) 305 us (75%) 1059 us (95%) 1198 us (99%)  avg 374 us . local txn latency: 46 us (50%) 59 us (75%) 158 us (95%) 226 us (99%)  avg 60 us. txn commit latency: 279 us (50%) 297 us (75%) 988 us (95%) 1192 us (99%) avg 298 us.
 LOCAL txn stall 0 us,  local_work 51 us,  remote_work 0 us,  commit_work 3 us,  commit_prepare 2 us,  commit_persistence 0 us,  commit_write_back 0 us,  commit_replication 0 us,  commit_release_lock 0 us 
 DIST txn stall 0 us,  local_work 353 us,  remote_work 0 us,  commit_work 15 us,  commit_prepare 2 us,  commit_persistence 0 us,  commit_write_back 3 us,  commit_replication 0 us,  commit_release_lock 7 us 
I20260924 13:02:07.160337 1843545 CXLMemory.h:227] local CXL memory usage: size_index_usage: 0 size_metadata_usage: 0 size_data_usage: 0 size_transport_usage: 0 size_misc_usage: 0 total_size_hw_cc_usage: 0 total_usage: 0
I20260924 13:02:07.160374 1843651 Dispatcher.h:261] Handling coordinator message took 5
I20260924 13:02:08.160580 1843650 Dispatcher.h:160] Incoming Dispatcher exits, network size: 132. socket_message_recv_latency(50th) 0 socket_message_recv_latency(75th) 0 socket_message_recv_latency(95th) 0 socket_message_recv_latency(99th) 0 internal_message_recv_latency(50th) 0 socket_message_recv_cnt 0 socket_read_syscall 0 internal_message_recv_cnt 0
I20260924 13:02:08.160586 1843651 Dispatcher.h:292] Outgoing Dispatcher exits, network size: 252. msg_send_latency(50th) 0 msg_send_latency(75th) 0 msg_send_latency(95th) 0 msg_send_latency(99th) 0 msg_send_latency(avg) 0 msg_gen_to_sent_latency(50th) 0 msg_gen_to_sent_latency(75th) 0 msg_gen_to_sent_latency(95th) 0 msg_gen_to_sent_latency(99th) 0 msg_gen_to_queue_latency(50th) 0 msg_gen_to_queue_latency(75th) 0 msg_gen_to_queue_latency(95th) 0 msg_gen_to_queue_latency(99th) 0 msg_disp_ltc(50th) 0 msg_disp_ltc(75th) 0 msg_disp_ltc(95th) 0 msg_disp_ltc(99th) 0 msg_disp_ltc(100th) 0 send_ltc(50th) 0 send_ltc(75th) 0 send_ltc(95th) 0 send_ltc(99th) 0 send_ltc(100th) 0 send_ltc(avg) 0 sendto_cnt 3 network_size 252 network_msg_cnt 2 network_msg_group_size avg 0 50th 0 internal_network_size 0 internal_network_msg_cnt 0
I20260924 13:02:10.654848 1843545 Coordinator.h:420] Coordinator exits.
TIGON_RUN_END run_id=cmp_50_y_rw50_c75_r2 host_id=1 status=ok exit_code=0
