TIGON_RUN_META system=ub workload=ycsb run_id=cmp_50_y_rw50_c25_r1 host_id=1 repetition=1 mode=one-sided query=rmw transport=ubq partitions=2 workers=3 keys=300000 rw_ratio=50 zipf=0.7 cross_ratio=25 neworder_dist= payment_dist= warmup_seconds=30 run_seconds=30 total_seconds=60 logging=off
I20260924 12:52:31.675287 1840163 bench_ycsb.cpp:68] RW_RATIO = 50, ZIPF_THETA = 0.7, CROSS_RATIO = 25
I20260924 12:52:31.675395 1840163 bench_ycsb.cpp:69] checkpoint 0 to 
I20260924 12:52:31.675400 1840163 bench_ycsb.cpp:70] cross_part_num 2
I20260924 12:52:31.675405 1840163 bench_ycsb.cpp:71] lotus_sp_parallel_exec_commit 0
I20260924 12:52:31.675408 1840163 bench_ycsb.cpp:72] granules_per_partition 1
I20260924 12:52:31.675413 1840163 bench_ycsb.cpp:73] keysPerGranule 300000
[2026-09-24 12:52:32.236 +08:00][ERROR][1840163][281473054003232][shm_ipc_command.cpp:183] IpcCallShmMap response error : 606
[2026-09-24 12:52:32.236 +08:00][ERROR][1840163][281473054003232][RackMemShm.cpp:322] Failed to mmap, name=u7ae3f71e_one-sided_rmw_ubq_0, mapSize=2147483648, ret=606
[2026-09-24 12:52:32.236 +08:00][ERROR][1840163][281473054003232][mxmem_shmem.cpp:473] Failed to mmap shared memory, ret=606
[2026-09-24 12:52:32.340 +08:00][ERROR][1840163][281473054003232][shm_ipc_command.cpp:183] IpcCallShmMap response error : 606
[2026-09-24 12:52:32.340 +08:00][ERROR][1840163][281473054003232][RackMemShm.cpp:322] Failed to mmap, name=u7ae3f71e_one-sided_rmw_ubq_0, mapSize=2147483648, ret=606
[2026-09-24 12:52:32.340 +08:00][ERROR][1840163][281473054003232][mxmem_shmem.cpp:473] Failed to mmap shared memory, ret=606
[2026-09-24 12:52:32.443 +08:00][ERROR][1840163][281473054003232][shm_ipc_command.cpp:183] IpcCallShmMap response error : 606
[2026-09-24 12:52:32.443 +08:00][ERROR][1840163][281473054003232][RackMemShm.cpp:322] Failed to mmap, name=u7ae3f71e_one-sided_rmw_ubq_0, mapSize=2147483648, ret=606
[2026-09-24 12:52:32.443 +08:00][ERROR][1840163][281473054003232][mxmem_shmem.cpp:473] Failed to mmap shared memory, ret=606
[2026-09-24 12:52:32.545 +08:00][ERROR][1840163][281473054003232][shm_ipc_command.cpp:183] IpcCallShmMap response error : 606
[2026-09-24 12:52:32.545 +08:00][ERROR][1840163][281473054003232][RackMemShm.cpp:322] Failed to mmap, name=u7ae3f71e_one-sided_rmw_ubq_0, mapSize=2147483648, ret=606
[2026-09-24 12:52:32.545 +08:00][ERROR][1840163][281473054003232][mxmem_shmem.cpp:473] Failed to mmap shared memory, ret=606
[2026-09-24 12:52:32.649 +08:00][ERROR][1840163][281473054003232][shm_ipc_command.cpp:183] IpcCallShmMap response error : 800
[2026-09-24 12:52:32.649 +08:00][ERROR][1840163][281473054003232][RackMemShm.cpp:322] Failed to mmap, name=u7ae3f71e_one-sided_rmw_ubq_0, mapSize=2147483648, ret=800
[2026-09-24 12:52:32.649 +08:00][ERROR][1840163][281473054003232][mxmem_shmem.cpp:473] Failed to mmap shared memory, ret=800
[2026-09-24 12:52:32.752 +08:00][ERROR][1840163][281473054003232][shm_ipc_command.cpp:183] IpcCallShmMap response error : 800
[2026-09-24 12:52:32.752 +08:00][ERROR][1840163][281473054003232][RackMemShm.cpp:322] Failed to mmap, name=u7ae3f71e_one-sided_rmw_ubq_0, mapSize=2147483648, ret=800
[2026-09-24 12:52:32.752 +08:00][ERROR][1840163][281473054003232][mxmem_shmem.cpp:473] Failed to mmap shared memory, ret=800
[2026-09-24 12:52:32.855 +08:00][ERROR][1840163][281473054003232][shm_ipc_command.cpp:183] IpcCallShmMap response error : 800
[2026-09-24 12:52:32.855 +08:00][ERROR][1840163][281473054003232][RackMemShm.cpp:322] Failed to mmap, name=u7ae3f71e_one-sided_rmw_ubq_0, mapSize=2147483648, ret=800
[2026-09-24 12:52:32.855 +08:00][ERROR][1840163][281473054003232][mxmem_shmem.cpp:473] Failed to mmap shared memory, ret=800
[2026-09-24 12:52:32.957 +08:00][ERROR][1840163][281473054003232][shm_ipc_command.cpp:183] IpcCallShmMap response error : 800
[2026-09-24 12:52:32.957 +08:00][ERROR][1840163][281473054003232][RackMemShm.cpp:322] Failed to mmap, name=u7ae3f71e_one-sided_rmw_ubq_0, mapSize=2147483648, ret=800
[2026-09-24 12:52:32.957 +08:00][ERROR][1840163][281473054003232][mxmem_shmem.cpp:473] Failed to mmap shared memory, ret=800
[2026-09-24 12:52:33.060 +08:00][ERROR][1840163][281473054003232][shm_ipc_command.cpp:183] IpcCallShmMap response error : 800
[2026-09-24 12:52:33.060 +08:00][ERROR][1840163][281473054003232][RackMemShm.cpp:322] Failed to mmap, name=u7ae3f71e_one-sided_rmw_ubq_0, mapSize=2147483648, ret=800
[2026-09-24 12:52:33.060 +08:00][ERROR][1840163][281473054003232][mxmem_shmem.cpp:473] Failed to mmap shared memory, ret=800
[2026-09-24 12:52:33.163 +08:00][ERROR][1840163][281473054003232][shm_ipc_command.cpp:183] IpcCallShmMap response error : 800
[2026-09-24 12:52:33.163 +08:00][ERROR][1840163][281473054003232][RackMemShm.cpp:322] Failed to mmap, name=u7ae3f71e_one-sided_rmw_ubq_0, mapSize=2147483648, ret=800
[2026-09-24 12:52:33.163 +08:00][ERROR][1840163][281473054003232][mxmem_shmem.cpp:473] Failed to mmap shared memory, ret=800
[2026-09-24 12:52:33.267 +08:00][ERROR][1840163][281473054003232][shm_ipc_command.cpp:183] IpcCallShmMap response error : 800
[2026-09-24 12:52:33.267 +08:00][ERROR][1840163][281473054003232][RackMemShm.cpp:322] Failed to mmap, name=u7ae3f71e_one-sided_rmw_ubq_0, mapSize=2147483648, ret=800
[2026-09-24 12:52:33.267 +08:00][ERROR][1840163][281473054003232][mxmem_shmem.cpp:473] Failed to mmap shared memory, ret=800
I20260924 12:52:33.420591 1840163 UBMemory.cpp:138] UB memory initialized: local_region=1 regions=2 mode=one-sided bytes_per_region=2147483648
I20260924 12:52:35.821171 1840163 Database.h:82] ycsb initialization finished in 2400 milliseconds.
I20260924 12:52:35.822780 1840163 Coordinator.h:459] Coordinator 1 initializes UB inbox with 4096 entries of 8192 bytes
I20260924 12:52:35.822840 1840163 Coordinator.h:100] WAL Group Commiting off. Log to file _non_group_commit.txt using Blackhole Logger
I20260924 12:52:35.822849 1840163 Coordinator.h:104] Coordinator initializes 3 workers.
I20260924 12:52:35.823570 1840197 Coordinator.h:505] Listener 0 on coordinator 1 listening on 76.53.137.99:10010 tcp_no_delay 1 tcp_quick_ack 0
I20260924 12:52:35.823719 1840163 Coordinator.h:551] Coordinator 1 failed to connect 0(76.53.137.98:10010)'s listener 0, retry in 5 seconds.
I20260924 12:52:35.860304 1840197 Socket.h:69] Disabling nagle
I20260924 12:52:35.860332 1840197 Coordinator.h:520] Listener accepted connection from coordinator 0
I20260924 12:52:35.860337 1840197 Coordinator.h:523] Listener 0 on coordinator 1 exits.
I20260924 12:52:40.827512 1840163 Socket.h:69] Disabling nagle
I20260924 12:52:40.827554 1840163 Coordinator.h:560] Coordinator 1 connected to 0
I20260924 12:52:40.827589 1840163 Coordinator.h:572] Coordinator 1 connected to all peers.
I20260924 12:52:40.827598 1840163 Dispatcher.h:41] IncomingDispatcher 0 coord_id 1
I20260924 12:52:40.827615 1840163 Dispatcher.h:234] OutgoingDispatcher 0 coord_id 1
I20260924 12:52:40.827692 1840163 Coordinator.h:669] pinned thread to core 0
I20260924 12:52:40.827731 1840163 Coordinator.h:669] pinned thread to core 1
I20260924 12:52:40.827742 1840163 Coordinator.h:219] Coordinator starts to run 4 workers.
I20260924 12:52:40.827764 1840225 Dispatcher.h:246] Outgoing Dispatcher started, numCoordinators = 2, numWorkers = 4, group id = 0
I20260924 12:52:40.827791 1840224 Dispatcher.h:63] Incoming Dispatcher started, numCoordinators = 2, numWorkers = 3, group id = 0, coordinator = 1
I20260924 12:52:40.827840 1840226 Executor.h:79] Executor 0 starts.
I20260924 12:52:40.827770 1840163 Coordinator.h:669] pinned thread to core 2
I20260924 12:52:40.828423 1840163 Coordinator.h:669] pinned thread to core 3
I20260924 12:52:40.828500 1840163 Coordinator.h:669] pinned thread to core 4
I20260924 12:52:40.828533 1840227 Executor.h:79] Executor 1 starts.
I20260924 12:52:40.828666 1840228 Executor.h:79] Executor 2 starts.
I20260924 12:52:40.828732 1840229 Manager.h:232] Manager(worker id = 3) on the non-coordinator node started.
I20260924 12:52:41.828632 1840163 Coordinator.h:310] commit: 18933 abort: 402 (0/402/0), persistence latency 0, txn latency 0, queued lock latency 0, lock latency 0, active_txns 0, n_failed_read_lock 0, n_failed_write_lock 0, n_failed_cmd_not_ready 0, n_failed_no_cmd 0, network size: 0, avg network size: 0, si_in_serializable: 0 0 %, local: 0 %, local_access: 167661, local_cxl_access: 0 (0%), remote_access: 23634, remote_access_with_req: 0 (0%), data_move_in: 0, data_move_out: 0
I20260924 12:52:42.828863 1840163 Coordinator.h:310] commit: 18909 abort: 498 (0/498/0), persistence latency 0, txn latency 0, queued lock latency 0, lock latency 0, active_txns 0, n_failed_read_lock 0, n_failed_write_lock 0, n_failed_cmd_not_ready 0, n_failed_no_cmd 0, network size: 0, avg network size: 0, si_in_serializable: 0 0 %, local: 0 %, local_access: 167409, local_cxl_access: 0 (0%), remote_access: 24027, remote_access_with_req: 0 (0%), data_move_in: 0, data_move_out: 0
I20260924 12:52:43.829088 1840163 Coordinator.h:310] commit: 19226 abort: 426 (0/426/0), persistence latency 0, txn latency 0, queued lock latency 0, lock latency 0, active_txns 0, n_failed_read_lock 0, n_failed_write_lock 0, n_failed_cmd_not_ready 0, n_failed_no_cmd 0, network size: 0, avg network size: 0, si_in_serializable: 0 0 %, local: 0 %, local_access: 170453, local_cxl_access: 0 (0%), remote_access: 24019, remote_access_with_req: 0 (0%), data_move_in: 0, data_move_out: 0
I20260924 12:52:44.829309 1840163 Coordinator.h:310] commit: 18854 abort: 469 (0/469/0), persistence latency 0, txn latency 0, queued lock latency 0, lock latency 0, active_txns 0, n_failed_read_lock 0, n_failed_write_lock 0, n_failed_cmd_not_ready 0, n_failed_no_cmd 0, network size: 0, avg network size: 0, si_in_serializable: 0 0 %, local: 0 %, local_access: 167009, local_cxl_access: 0 (0%), remote_access: 23916, remote_access_with_req: 0 (0%), data_move_in: 0, data_move_out: 0
I20260924 12:52:45.829408 1840163 Coordinator.h:310] commit: 19385 abort: 671 (0/671/0), persistence latency 0, txn latency 0, queued lock latency 0, lock latency 0, active_txns 0, n_failed_read_lock 0, n_failed_write_lock 0, n_failed_cmd_not_ready 0, n_failed_no_cmd 0, network size: 0, avg network size: 0, si_in_serializable: 0 0 %, local: 0 %, local_access: 173603, local_cxl_access: 0 (0%), remote_access: 24052, remote_access_with_req: 0 (0%), data_move_in: 0, data_move_out: 0
I20260924 12:52:46.829977 1840163 Coordinator.h:310] commit: 19043 abort: 477 (0/477/0), persistence latency 0, txn latency 0, queued lock latency 0, lock latency 0, active_txns 0, n_failed_read_lock 0, n_failed_write_lock 0, n_failed_cmd_not_ready 0, n_failed_no_cmd 0, network size: 0, avg network size: 0, si_in_serializable: 0 0 %, local: 0 %, local_access: 169041, local_cxl_access: 0 (0%), remote_access: 23983, remote_access_with_req: 0 (0%), data_move_in: 0, data_move_out: 0
I20260924 12:52:47.831220 1840163 Coordinator.h:310] commit: 19001 abort: 445 (0/445/0), persistence latency 0, txn latency 0, queued lock latency 0, lock latency 0, active_txns 0, n_failed_read_lock 0, n_failed_write_lock 0, n_failed_cmd_not_ready 0, n_failed_no_cmd 0, network size: 0, avg network size: 0, si_in_serializable: 0 0 %, local: 0 %, local_access: 167864, local_cxl_access: 0 (0%), remote_access: 24268, remote_access_with_req: 0 (0%), data_move_in: 0, data_move_out: 0
I20260924 12:52:48.831449 1840163 Coordinator.h:310] commit: 18591 abort: 408 (0/408/0), persistence latency 0, txn latency 0, queued lock latency 0, lock latency 0, active_txns 0, n_failed_read_lock 0, n_failed_write_lock 0, n_failed_cmd_not_ready 0, n_failed_no_cmd 0, network size: 0, avg network size: 0, si_in_serializable: 0 0 %, local: 0 %, local_access: 163741, local_cxl_access: 0 (0%), remote_access: 24171, remote_access_with_req: 0 (0%), data_move_in: 0, data_move_out: 0
I20260924 12:52:49.831540 1840163 Coordinator.h:310] commit: 19296 abort: 500 (0/500/0), persistence latency 0, txn latency 0, queued lock latency 0, lock latency 0, active_txns 0, n_failed_read_lock 0, n_failed_write_lock 0, n_failed_cmd_not_ready 0, n_failed_no_cmd 0, network size: 0, avg network size: 0, si_in_serializable: 0 0 %, local: 0 %, local_access: 171259, local_cxl_access: 0 (0%), remote_access: 23949, remote_access_with_req: 0 (0%), data_move_in: 0, data_move_out: 0
I20260924 12:52:50.831633 1840163 Coordinator.h:310] commit: 19163 abort: 410 (0/410/0), persistence latency 0, txn latency 0, queued lock latency 0, lock latency 0, active_txns 0, n_failed_read_lock 0, n_failed_write_lock 0, n_failed_cmd_not_ready 0, n_failed_no_cmd 0, network size: 0, avg network size: 0, si_in_serializable: 0 0 %, local: 0 %, local_access: 169429, local_cxl_access: 0 (0%), remote_access: 24181, remote_access_with_req: 0 (0%), data_move_in: 0, data_move_out: 0
I20260924 12:52:51.831729 1840163 Coordinator.h:310] commit: 19279 abort: 422 (0/422/0), persistence latency 0, txn latency 0, queued lock latency 0, lock latency 0, active_txns 0, n_failed_read_lock 0, n_failed_write_lock 0, n_failed_cmd_not_ready 0, n_failed_no_cmd 0, network size: 0, avg network size: 0, si_in_serializable: 0 0 %, local: 0 %, local_access: 170737, local_cxl_access: 0 (0%), remote_access: 24155, remote_access_with_req: 0 (0%), data_move_in: 0, data_move_out: 0
I20260924 12:52:52.831858 1840163 Coordinator.h:310] commit: 19226 abort: 398 (0/398/0), persistence latency 0, txn latency 0, queued lock latency 0, lock latency 0, active_txns 0, n_failed_read_lock 0, n_failed_write_lock 0, n_failed_cmd_not_ready 0, n_failed_no_cmd 0, network size: 0, avg network size: 0, si_in_serializable: 0 0 %, local: 0 %, local_access: 170492, local_cxl_access: 0 (0%), remote_access: 23753, remote_access_with_req: 0 (0%), data_move_in: 0, data_move_out: 0
I20260924 12:52:53.832078 1840163 Coordinator.h:310] commit: 19357 abort: 430 (0/430/0), persistence latency 0, txn latency 0, queued lock latency 0, lock latency 0, active_txns 0, n_failed_read_lock 0, n_failed_write_lock 0, n_failed_cmd_not_ready 0, n_failed_no_cmd 0, network size: 0, avg network size: 0, si_in_serializable: 0 0 %, local: 0 %, local_access: 171647, local_cxl_access: 0 (0%), remote_access: 24111, remote_access_with_req: 0 (0%), data_move_in: 0, data_move_out: 0
I20260924 12:52:54.832201 1840163 Coordinator.h:310] commit: 19128 abort: 541 (0/541/0), persistence latency 0, txn latency 0, queued lock latency 0, lock latency 0, active_txns 0, n_failed_read_lock 0, n_failed_write_lock 0, n_failed_cmd_not_ready 0, n_failed_no_cmd 0, network size: 0, avg network size: 0, si_in_serializable: 0 0 %, local: 0 %, local_access: 170017, local_cxl_access: 0 (0%), remote_access: 23907, remote_access_with_req: 0 (0%), data_move_in: 0, data_move_out: 0
I20260924 12:52:55.832427 1840163 Coordinator.h:310] commit: 19348 abort: 480 (0/480/0), persistence latency 0, txn latency 0, queued lock latency 0, lock latency 0, active_txns 0, n_failed_read_lock 0, n_failed_write_lock 0, n_failed_cmd_not_ready 0, n_failed_no_cmd 0, network size: 0, avg network size: 0, si_in_serializable: 0 0 %, local: 0 %, local_access: 171838, local_cxl_access: 0 (0%), remote_access: 24067, remote_access_with_req: 0 (0%), data_move_in: 0, data_move_out: 0
I20260924 12:52:56.832525 1840163 Coordinator.h:310] commit: 18844 abort: 414 (0/414/0), persistence latency 0, txn latency 0, queued lock latency 0, lock latency 0, active_txns 0, n_failed_read_lock 0, n_failed_write_lock 0, n_failed_cmd_not_ready 0, n_failed_no_cmd 0, network size: 0, avg network size: 0, si_in_serializable: 0 0 %, local: 0 %, local_access: 166450, local_cxl_access: 0 (0%), remote_access: 24068, remote_access_with_req: 0 (0%), data_move_in: 0, data_move_out: 0
I20260924 12:52:57.832623 1840163 Coordinator.h:310] commit: 19335 abort: 532 (0/532/0), persistence latency 0, txn latency 0, queued lock latency 0, lock latency 0, active_txns 0, n_failed_read_lock 0, n_failed_write_lock 0, n_failed_cmd_not_ready 0, n_failed_no_cmd 0, network size: 0, avg network size: 0, si_in_serializable: 0 0 %, local: 0 %, local_access: 172009, local_cxl_access: 0 (0%), remote_access: 23945, remote_access_with_req: 0 (0%), data_move_in: 0, data_move_out: 0
I20260924 12:52:58.832733 1840163 Coordinator.h:310] commit: 19154 abort: 407 (0/407/0), persistence latency 0, txn latency 0, queued lock latency 0, lock latency 0, active_txns 0, n_failed_read_lock 0, n_failed_write_lock 0, n_failed_cmd_not_ready 0, n_failed_no_cmd 0, network size: 0, avg network size: 0, si_in_serializable: 0 0 %, local: 0 %, local_access: 169554, local_cxl_access: 0 (0%), remote_access: 23954, remote_access_with_req: 0 (0%), data_move_in: 0, data_move_out: 0
I20260924 12:52:59.832828 1840163 Coordinator.h:310] commit: 19355 abort: 1495 (0/1495/0), persistence latency 0, txn latency 0, queued lock latency 0, lock latency 0, active_txns 0, n_failed_read_lock 0, n_failed_write_lock 0, n_failed_cmd_not_ready 0, n_failed_no_cmd 0, network size: 0, avg network size: 0, si_in_serializable: 0 0 %, local: 0 %, local_access: 177774, local_cxl_access: 0 (0%), remote_access: 23932, remote_access_with_req: 0 (0%), data_move_in: 0, data_move_out: 0
I20260924 12:53:00.832922 1840163 Coordinator.h:310] commit: 19114 abort: 435 (0/435/0), persistence latency 0, txn latency 0, queued lock latency 0, lock latency 0, active_txns 0, n_failed_read_lock 0, n_failed_write_lock 0, n_failed_cmd_not_ready 0, n_failed_no_cmd 0, network size: 0, avg network size: 0, si_in_serializable: 0 0 %, local: 0 %, local_access: 169273, local_cxl_access: 0 (0%), remote_access: 23944, remote_access_with_req: 0 (0%), data_move_in: 0, data_move_out: 0
I20260924 12:53:01.833141 1840163 Coordinator.h:310] commit: 19214 abort: 495 (0/495/0), persistence latency 0, txn latency 0, queued lock latency 0, lock latency 0, active_txns 0, n_failed_read_lock 0, n_failed_write_lock 0, n_failed_cmd_not_ready 0, n_failed_no_cmd 0, network size: 0, avg network size: 0, si_in_serializable: 0 0 %, local: 0 %, local_access: 170373, local_cxl_access: 0 (0%), remote_access: 24242, remote_access_with_req: 0 (0%), data_move_in: 0, data_move_out: 0
I20260924 12:53:02.833372 1840163 Coordinator.h:310] commit: 18923 abort: 415 (0/415/0), persistence latency 0, txn latency 0, queued lock latency 0, lock latency 0, active_txns 0, n_failed_read_lock 0, n_failed_write_lock 0, n_failed_cmd_not_ready 0, n_failed_no_cmd 0, network size: 0, avg network size: 0, si_in_serializable: 0 0 %, local: 0 %, local_access: 167072, local_cxl_access: 0 (0%), remote_access: 24197, remote_access_with_req: 0 (0%), data_move_in: 0, data_move_out: 0
I20260924 12:53:03.833951 1840163 Coordinator.h:310] commit: 18947 abort: 711 (0/711/0), persistence latency 0, txn latency 0, queued lock latency 0, lock latency 0, active_txns 0, n_failed_read_lock 0, n_failed_write_lock 0, n_failed_cmd_not_ready 0, n_failed_no_cmd 0, network size: 0, avg network size: 0, si_in_serializable: 0 0 %, local: 0 %, local_access: 169151, local_cxl_access: 0 (0%), remote_access: 24121, remote_access_with_req: 0 (0%), data_move_in: 0, data_move_out: 0
I20260924 12:53:04.834992 1840163 Coordinator.h:310] commit: 18921 abort: 453 (0/453/0), persistence latency 0, txn latency 0, queued lock latency 0, lock latency 0, active_txns 0, n_failed_read_lock 0, n_failed_write_lock 0, n_failed_cmd_not_ready 0, n_failed_no_cmd 0, network size: 0, avg network size: 0, si_in_serializable: 0 0 %, local: 0 %, local_access: 167611, local_cxl_access: 0 (0%), remote_access: 23873, remote_access_with_req: 0 (0%), data_move_in: 0, data_move_out: 0
I20260924 12:53:05.835160 1840163 Coordinator.h:310] commit: 19113 abort: 452 (0/452/0), persistence latency 0, txn latency 0, queued lock latency 0, lock latency 0, active_txns 0, n_failed_read_lock 0, n_failed_write_lock 0, n_failed_cmd_not_ready 0, n_failed_no_cmd 0, network size: 0, avg network size: 0, si_in_serializable: 0 0 %, local: 0 %, local_access: 168768, local_cxl_access: 0 (0%), remote_access: 24327, remote_access_with_req: 0 (0%), data_move_in: 0, data_move_out: 0
I20260924 12:53:06.835384 1840163 Coordinator.h:310] commit: 18958 abort: 379 (0/379/0), persistence latency 0, txn latency 0, queued lock latency 0, lock latency 0, active_txns 0, n_failed_read_lock 0, n_failed_write_lock 0, n_failed_cmd_not_ready 0, n_failed_no_cmd 0, network size: 0, avg network size: 0, si_in_serializable: 0 0 %, local: 0 %, local_access: 167447, local_cxl_access: 0 (0%), remote_access: 24018, remote_access_with_req: 0 (0%), data_move_in: 0, data_move_out: 0
I20260924 12:53:07.835492 1840163 Coordinator.h:310] commit: 19238 abort: 1231 (0/1231/0), persistence latency 0, txn latency 0, queued lock latency 0, lock latency 0, active_txns 0, n_failed_read_lock 0, n_failed_write_lock 0, n_failed_cmd_not_ready 0, n_failed_no_cmd 0, network size: 0, avg network size: 0, si_in_serializable: 0 0 %, local: 0 %, local_access: 173809, local_cxl_access: 0 (0%), remote_access: 23644, remote_access_with_req: 0 (0%), data_move_in: 0, data_move_out: 0
I20260924 12:53:08.835589 1840163 Coordinator.h:310] commit: 18953 abort: 435 (0/435/0), persistence latency 0, txn latency 0, queued lock latency 0, lock latency 0, active_txns 0, n_failed_read_lock 0, n_failed_write_lock 0, n_failed_cmd_not_ready 0, n_failed_no_cmd 0, network size: 0, avg network size: 0, si_in_serializable: 0 0 %, local: 0 %, local_access: 167857, local_cxl_access: 0 (0%), remote_access: 23761, remote_access_with_req: 0 (0%), data_move_in: 0, data_move_out: 0
I20260924 12:53:09.835822 1840163 Coordinator.h:310] commit: 18979 abort: 412 (0/412/0), persistence latency 0, txn latency 0, queued lock latency 0, lock latency 0, active_txns 0, n_failed_read_lock 0, n_failed_write_lock 0, n_failed_cmd_not_ready 0, n_failed_no_cmd 0, network size: 0, avg network size: 0, si_in_serializable: 0 0 %, local: 0 %, local_access: 167770, local_cxl_access: 0 (0%), remote_access: 24024, remote_access_with_req: 0 (0%), data_move_in: 0, data_move_out: 0
I20260924 12:53:10.836050 1840163 Coordinator.h:310] commit: 18924 abort: 399 (0/399/0), persistence latency 0, txn latency 0, queued lock latency 0, lock latency 0, active_txns 0, n_failed_read_lock 0, n_failed_write_lock 0, n_failed_cmd_not_ready 0, n_failed_no_cmd 0, network size: 0, avg network size: 0, si_in_serializable: 0 0 %, local: 0 %, local_access: 167161, local_cxl_access: 0 (0%), remote_access: 23967, remote_access_with_req: 0 (0%), data_move_in: 0, data_move_out: 0
I20260924 12:53:11.836177 1840163 Coordinator.h:310] commit: 19052 abort: 554 (0/554/0), persistence latency 0, txn latency 0, queued lock latency 0, lock latency 0, active_txns 0, n_failed_read_lock 0, n_failed_write_lock 0, n_failed_cmd_not_ready 0, n_failed_no_cmd 0, network size: 0, avg network size: 0, si_in_serializable: 0 0 %, local: 0 %, local_access: 168488, local_cxl_access: 0 (0%), remote_access: 24185, remote_access_with_req: 0 (0%), data_move_in: 0, data_move_out: 0
I20260924 12:53:12.836403 1840163 Coordinator.h:310] commit: 18971 abort: 415 (0/415/0), persistence latency 0, txn latency 0, queued lock latency 0, lock latency 0, active_txns 0, n_failed_read_lock 0, n_failed_write_lock 0, n_failed_cmd_not_ready 0, n_failed_no_cmd 0, network size: 0, avg network size: 0, si_in_serializable: 0 0 %, local: 0 %, local_access: 167991, local_cxl_access: 0 (0%), remote_access: 23832, remote_access_with_req: 0 (0%), data_move_in: 0, data_move_out: 0
I20260924 12:53:13.836503 1840163 Coordinator.h:310] commit: 19075 abort: 417 (0/417/0), persistence latency 0, txn latency 0, queued lock latency 0, lock latency 0, active_txns 0, n_failed_read_lock 0, n_failed_write_lock 0, n_failed_cmd_not_ready 0, n_failed_no_cmd 0, network size: 0, avg network size: 0, si_in_serializable: 0 0 %, local: 0 %, local_access: 168778, local_cxl_access: 0 (0%), remote_access: 23951, remote_access_with_req: 0 (0%), data_move_in: 0, data_move_out: 0
I20260924 12:53:14.836725 1840163 Coordinator.h:310] commit: 19110 abort: 476 (0/476/0), persistence latency 0, txn latency 0, queued lock latency 0, lock latency 0, active_txns 0, n_failed_read_lock 0, n_failed_write_lock 0, n_failed_cmd_not_ready 0, n_failed_no_cmd 0, network size: 0, avg network size: 0, si_in_serializable: 0 0 %, local: 0 %, local_access: 169792, local_cxl_access: 0 (0%), remote_access: 23851, remote_access_with_req: 0 (0%), data_move_in: 0, data_move_out: 0
I20260924 12:53:15.836822 1840163 Coordinator.h:310] commit: 19068 abort: 338 (0/338/0), persistence latency 0, txn latency 0, queued lock latency 0, lock latency 0, active_txns 0, n_failed_read_lock 0, n_failed_write_lock 0, n_failed_cmd_not_ready 0, n_failed_no_cmd 0, network size: 0, avg network size: 0, si_in_serializable: 0 0 %, local: 0 %, local_access: 168363, local_cxl_access: 0 (0%), remote_access: 24112, remote_access_with_req: 0 (0%), data_move_in: 0, data_move_out: 0
I20260924 12:53:16.837044 1840163 Coordinator.h:310] commit: 19004 abort: 484 (0/484/0), persistence latency 0, txn latency 0, queued lock latency 0, lock latency 0, active_txns 0, n_failed_read_lock 0, n_failed_write_lock 0, n_failed_cmd_not_ready 0, n_failed_no_cmd 0, network size: 0, avg network size: 0, si_in_serializable: 0 0 %, local: 0 %, local_access: 168582, local_cxl_access: 0 (0%), remote_access: 23962, remote_access_with_req: 0 (0%), data_move_in: 0, data_move_out: 0
I20260924 12:53:17.837261 1840163 Coordinator.h:310] commit: 19051 abort: 469 (0/469/0), persistence latency 0, txn latency 0, queued lock latency 0, lock latency 0, active_txns 0, n_failed_read_lock 0, n_failed_write_lock 0, n_failed_cmd_not_ready 0, n_failed_no_cmd 0, network size: 0, avg network size: 0, si_in_serializable: 0 0 %, local: 0 %, local_access: 168383, local_cxl_access: 0 (0%), remote_access: 24369, remote_access_with_req: 0 (0%), data_move_in: 0, data_move_out: 0
I20260924 12:53:18.837481 1840163 Coordinator.h:310] commit: 18776 abort: 392 (0/392/0), persistence latency 0, txn latency 0, queued lock latency 0, lock latency 0, active_txns 0, n_failed_read_lock 0, n_failed_write_lock 0, n_failed_cmd_not_ready 0, n_failed_no_cmd 0, network size: 0, avg network size: 0, si_in_serializable: 0 0 %, local: 0 %, local_access: 165626, local_cxl_access: 0 (0%), remote_access: 24084, remote_access_with_req: 0 (0%), data_move_in: 0, data_move_out: 0
I20260924 12:53:19.837632 1840163 Coordinator.h:310] commit: 18952 abort: 469 (0/469/0), persistence latency 0, txn latency 0, queued lock latency 0, lock latency 0, active_txns 0, n_failed_read_lock 0, n_failed_write_lock 0, n_failed_cmd_not_ready 0, n_failed_no_cmd 0, network size: 0, avg network size: 0, si_in_serializable: 0 0 %, local: 0 %, local_access: 167855, local_cxl_access: 0 (0%), remote_access: 24148, remote_access_with_req: 0 (0%), data_move_in: 0, data_move_out: 0
I20260924 12:53:20.838630 1840163 Coordinator.h:310] commit: 18916 abort: 469 (0/469/0), persistence latency 0, txn latency 0, queued lock latency 0, lock latency 0, active_txns 0, n_failed_read_lock 0, n_failed_write_lock 0, n_failed_cmd_not_ready 0, n_failed_no_cmd 0, network size: 0, avg network size: 0, si_in_serializable: 0 0 %, local: 0 %, local_access: 167719, local_cxl_access: 0 (0%), remote_access: 24059, remote_access_with_req: 0 (0%), data_move_in: 0, data_move_out: 0
I20260924 12:53:21.839115 1840163 Coordinator.h:310] commit: 18843 abort: 475 (0/475/0), persistence latency 0, txn latency 0, queued lock latency 0, lock latency 0, active_txns 0, n_failed_read_lock 0, n_failed_write_lock 0, n_failed_cmd_not_ready 0, n_failed_no_cmd 0, network size: 0, avg network size: 0, si_in_serializable: 0 0 %, local: 0 %, local_access: 166597, local_cxl_access: 0 (0%), remote_access: 24181, remote_access_with_req: 0 (0%), data_move_in: 0, data_move_out: 0
I20260924 12:53:22.839249 1840163 Coordinator.h:310] commit: 19014 abort: 472 (0/472/0), persistence latency 0, txn latency 0, queued lock latency 0, lock latency 0, active_txns 0, n_failed_read_lock 0, n_failed_write_lock 0, n_failed_cmd_not_ready 0, n_failed_no_cmd 0, network size: 0, avg network size: 0, si_in_serializable: 0 0 %, local: 0 %, local_access: 168712, local_cxl_access: 0 (0%), remote_access: 23747, remote_access_with_req: 0 (0%), data_move_in: 0, data_move_out: 0
I20260924 12:53:23.839352 1840163 Coordinator.h:310] commit: 19007 abort: 471 (0/471/0), persistence latency 0, txn latency 0, queued lock latency 0, lock latency 0, active_txns 0, n_failed_read_lock 0, n_failed_write_lock 0, n_failed_cmd_not_ready 0, n_failed_no_cmd 0, network size: 0, avg network size: 0, si_in_serializable: 0 0 %, local: 0 %, local_access: 168614, local_cxl_access: 0 (0%), remote_access: 23844, remote_access_with_req: 0 (0%), data_move_in: 0, data_move_out: 0
I20260924 12:53:24.839453 1840163 Coordinator.h:310] commit: 18869 abort: 455 (0/455/0), persistence latency 0, txn latency 0, queued lock latency 0, lock latency 0, active_txns 0, n_failed_read_lock 0, n_failed_write_lock 0, n_failed_cmd_not_ready 0, n_failed_no_cmd 0, network size: 0, avg network size: 0, si_in_serializable: 0 0 %, local: 0 %, local_access: 167125, local_cxl_access: 0 (0%), remote_access: 23947, remote_access_with_req: 0 (0%), data_move_in: 0, data_move_out: 0
I20260924 12:53:25.839586 1840163 Coordinator.h:310] commit: 19261 abort: 440 (0/440/0), persistence latency 0, txn latency 0, queued lock latency 0, lock latency 0, active_txns 0, n_failed_read_lock 0, n_failed_write_lock 0, n_failed_cmd_not_ready 0, n_failed_no_cmd 0, network size: 0, avg network size: 0, si_in_serializable: 0 0 %, local: 0 %, local_access: 170823, local_cxl_access: 0 (0%), remote_access: 23948, remote_access_with_req: 0 (0%), data_move_in: 0, data_move_out: 0
I20260924 12:53:26.839681 1840163 Coordinator.h:310] commit: 18973 abort: 392 (0/392/0), persistence latency 0, txn latency 0, queued lock latency 0, lock latency 0, active_txns 0, n_failed_read_lock 0, n_failed_write_lock 0, n_failed_cmd_not_ready 0, n_failed_no_cmd 0, network size: 0, avg network size: 0, si_in_serializable: 0 0 %, local: 0 %, local_access: 167753, local_cxl_access: 0 (0%), remote_access: 23934, remote_access_with_req: 0 (0%), data_move_in: 0, data_move_out: 0
I20260924 12:53:27.839803 1840163 Coordinator.h:310] commit: 19048 abort: 442 (0/442/0), persistence latency 0, txn latency 0, queued lock latency 0, lock latency 0, active_txns 0, n_failed_read_lock 0, n_failed_write_lock 0, n_failed_cmd_not_ready 0, n_failed_no_cmd 0, network size: 0, avg network size: 0, si_in_serializable: 0 0 %, local: 0 %, local_access: 168508, local_cxl_access: 0 (0%), remote_access: 24283, remote_access_with_req: 0 (0%), data_move_in: 0, data_move_out: 0
I20260924 12:53:28.840021 1840163 Coordinator.h:310] commit: 18995 abort: 818 (0/818/0), persistence latency 0, txn latency 0, queued lock latency 0, lock latency 0, active_txns 0, n_failed_read_lock 0, n_failed_write_lock 0, n_failed_cmd_not_ready 0, n_failed_no_cmd 0, network size: 0, avg network size: 0, si_in_serializable: 0 0 %, local: 0 %, local_access: 170115, local_cxl_access: 0 (0%), remote_access: 23999, remote_access_with_req: 0 (0%), data_move_in: 0, data_move_out: 0
I20260924 12:53:29.840242 1840163 Coordinator.h:310] commit: 19432 abort: 570 (0/570/0), persistence latency 0, txn latency 0, queued lock latency 0, lock latency 0, active_txns 0, n_failed_read_lock 0, n_failed_write_lock 0, n_failed_cmd_not_ready 0, n_failed_no_cmd 0, network size: 0, avg network size: 0, si_in_serializable: 0 0 %, local: 0 %, local_access: 172669, local_cxl_access: 0 (0%), remote_access: 23934, remote_access_with_req: 0 (0%), data_move_in: 0, data_move_out: 0
I20260924 12:53:30.840358 1840163 Coordinator.h:310] commit: 19084 abort: 444 (0/444/0), persistence latency 0, txn latency 0, queued lock latency 0, lock latency 0, active_txns 0, n_failed_read_lock 0, n_failed_write_lock 0, n_failed_cmd_not_ready 0, n_failed_no_cmd 0, network size: 0, avg network size: 0, si_in_serializable: 0 0 %, local: 0 %, local_access: 169259, local_cxl_access: 0 (0%), remote_access: 23813, remote_access_with_req: 0 (0%), data_move_in: 0, data_move_out: 0
I20260924 12:53:31.840471 1840163 Coordinator.h:310] commit: 18972 abort: 412 (0/412/0), persistence latency 0, txn latency 0, queued lock latency 0, lock latency 0, active_txns 0, n_failed_read_lock 0, n_failed_write_lock 0, n_failed_cmd_not_ready 0, n_failed_no_cmd 0, network size: 0, avg network size: 0, si_in_serializable: 0 0 %, local: 0 %, local_access: 167433, local_cxl_access: 0 (0%), remote_access: 24318, remote_access_with_req: 0 (0%), data_move_in: 0, data_move_out: 0
I20260924 12:53:32.840562 1840163 Coordinator.h:310] commit: 19069 abort: 397 (0/397/0), persistence latency 0, txn latency 0, queued lock latency 0, lock latency 0, active_txns 0, n_failed_read_lock 0, n_failed_write_lock 0, n_failed_cmd_not_ready 0, n_failed_no_cmd 0, network size: 0, avg network size: 0, si_in_serializable: 0 0 %, local: 0 %, local_access: 168921, local_cxl_access: 0 (0%), remote_access: 23640, remote_access_with_req: 0 (0%), data_move_in: 0, data_move_out: 0
I20260924 12:53:33.840848 1840163 Coordinator.h:310] commit: 18944 abort: 413 (0/413/0), persistence latency 0, txn latency 0, queued lock latency 0, lock latency 0, active_txns 0, n_failed_read_lock 0, n_failed_write_lock 0, n_failed_cmd_not_ready 0, n_failed_no_cmd 0, network size: 0, avg network size: 0, si_in_serializable: 0 0 %, local: 0 %, local_access: 167346, local_cxl_access: 0 (0%), remote_access: 24160, remote_access_with_req: 0 (0%), data_move_in: 0, data_move_out: 0
I20260924 12:53:34.840955 1840163 Coordinator.h:310] commit: 19220 abort: 562 (0/562/0), persistence latency 0, txn latency 0, queued lock latency 0, lock latency 0, active_txns 0, n_failed_read_lock 0, n_failed_write_lock 0, n_failed_cmd_not_ready 0, n_failed_no_cmd 0, network size: 0, avg network size: 0, si_in_serializable: 0 0 %, local: 0 %, local_access: 170981, local_cxl_access: 0 (0%), remote_access: 23889, remote_access_with_req: 0 (0%), data_move_in: 0, data_move_out: 0
I20260924 12:53:35.841174 1840163 Coordinator.h:310] commit: 19327 abort: 432 (0/432/0), persistence latency 0, txn latency 0, queued lock latency 0, lock latency 0, active_txns 0, n_failed_read_lock 0, n_failed_write_lock 0, n_failed_cmd_not_ready 0, n_failed_no_cmd 0, network size: 0, avg network size: 0, si_in_serializable: 0 0 %, local: 0 %, local_access: 171748, local_cxl_access: 0 (0%), remote_access: 23709, remote_access_with_req: 0 (0%), data_move_in: 0, data_move_out: 0
I20260924 12:53:36.841393 1840163 Coordinator.h:310] commit: 18951 abort: 451 (0/451/0), persistence latency 0, txn latency 0, queued lock latency 0, lock latency 0, active_txns 0, n_failed_read_lock 0, n_failed_write_lock 0, n_failed_cmd_not_ready 0, n_failed_no_cmd 0, network size: 0, avg network size: 0, si_in_serializable: 0 0 %, local: 0 %, local_access: 167747, local_cxl_access: 0 (0%), remote_access: 23889, remote_access_with_req: 0 (0%), data_move_in: 0, data_move_out: 0
I20260924 12:53:37.841493 1840163 Coordinator.h:310] commit: 18934 abort: 467 (0/467/0), persistence latency 0, txn latency 0, queued lock latency 0, lock latency 0, active_txns 0, n_failed_read_lock 0, n_failed_write_lock 0, n_failed_cmd_not_ready 0, n_failed_no_cmd 0, network size: 0, avg network size: 0, si_in_serializable: 0 0 %, local: 0 %, local_access: 167870, local_cxl_access: 0 (0%), remote_access: 23977, remote_access_with_req: 0 (0%), data_move_in: 0, data_move_out: 0
I20260924 12:53:38.842612 1840163 Coordinator.h:310] commit: 18916 abort: 437 (0/437/0), persistence latency 0, txn latency 0, queued lock latency 0, lock latency 0, active_txns 0, n_failed_read_lock 0, n_failed_write_lock 0, n_failed_cmd_not_ready 0, n_failed_no_cmd 0, network size: 0, avg network size: 0, si_in_serializable: 0 0 %, local: 0 %, local_access: 167308, local_cxl_access: 0 (0%), remote_access: 23989, remote_access_with_req: 0 (0%), data_move_in: 0, data_move_out: 0
I20260924 12:53:39.842913 1840163 Coordinator.h:310] commit: 18966 abort: 451 (0/451/0), persistence latency 0, txn latency 0, queued lock latency 0, lock latency 0, active_txns 0, n_failed_read_lock 0, n_failed_write_lock 0, n_failed_cmd_not_ready 0, n_failed_no_cmd 0, network size: 0, avg network size: 0, si_in_serializable: 0 0 %, local: 0 %, local_access: 167936, local_cxl_access: 0 (0%), remote_access: 23917, remote_access_with_req: 0 (0%), data_move_in: 0, data_move_out: 0
I20260924 12:53:40.843083 1840163 Coordinator.h:310] commit: 18836 abort: 416 (0/416/0), persistence latency 0, txn latency 0, queued lock latency 0, lock latency 0, active_txns 0, n_failed_read_lock 0, n_failed_write_lock 0, n_failed_cmd_not_ready 0, n_failed_no_cmd 0, network size: 0, avg network size: 0, si_in_serializable: 0 0 %, local: 0 %, local_access: 166381, local_cxl_access: 0 (0%), remote_access: 23981, remote_access_with_req: 0 (0%), data_move_in: 0, data_move_out: 0
I20260924 12:53:40.843139 1840163 Coordinator.h:348] average commit: 19021.2 abort: 463.333 (0/463.333/0), abort_rate: 0.0237795, network size: 0, avg network size: 0, si_in_serializable: 0 0 %, local: 0 %, local_access: 5055423, local_cxl_access: 0 (0%), remote_access: 719652, remote_access_with_req: 0 (0%), data_move_in: 0, data_move_out: 0
I20260924 12:53:40.843166 1840163 Executor.h:236] Worker 0 latency: 70 us (50%) 262 us (75%) 409 us (95%) 1127 us (99%). dist txn latency: 310 us (50%) 360 us (75%) 1090 us (95%) 1222 us (99%)  avg 420 us . local txn latency: 59 us (50%) 86 us (75%) 164 us (95%) 232 us (99%)  avg 75 us. txn commit latency: 70 us (50%) 261 us (75%) 430 us (95%) 1122 us (99%) avg 159 us.
 LOCAL txn stall 0 us,  local_work 63 us,  remote_work 0 us,  commit_work 4 us,  commit_prepare 3 us,  commit_persistence 0 us,  commit_write_back 0 us,  commit_replication 0 us,  commit_release_lock 0 us 
 DIST txn stall 0 us,  local_work 398 us,  remote_work 0 us,  commit_work 17 us,  commit_prepare 3 us,  commit_persistence 0 us,  commit_write_back 4 us,  commit_replication 0 us,  commit_release_lock 8 us 
I20260924 12:53:40.845772 1840163 Executor.h:267] message stats, type: 0 count: 0 total size: 0
I20260924 12:53:40.845779 1840163 Executor.h:267] message stats, type: 1 count: 0 total size: 0
I20260924 12:53:40.845784 1840163 Executor.h:267] message stats, type: 2 count: 0 total size: 0
I20260924 12:53:40.845799 1840163 Executor.h:267] message stats, type: 3 count: 0 total size: 0
I20260924 12:53:40.845803 1840163 Executor.h:267] message stats, type: 4 count: 0 total size: 0
I20260924 12:53:40.845834 1840163 Executor.h:267] message stats, type: 5 count: 0 total size: 0
I20260924 12:53:40.845844 1840163 Executor.h:267] message stats, type: 6 count: 0 total size: 0
I20260924 12:53:40.845857 1840163 Executor.h:267] message stats, type: 7 count: 0 total size: 0
I20260924 12:53:40.845862 1840163 Executor.h:267] message stats, type: 8 count: 0 total size: 0
I20260924 12:53:40.845865 1840163 Executor.h:267] message stats, type: 9 count: 0 total size: 0
I20260924 12:53:40.845875 1840163 Executor.h:267] message stats, type: 10 count: 0 total size: 0
I20260924 12:53:40.845880 1840163 Executor.h:267] message stats, type: 11 count: 0 total size: 0
I20260924 12:53:40.852478 1840229 Manager.h:234] Manager(worker id = 3) on the non-coordinator node exits.
I20260924 12:53:40.852473 1840226 Executor.h:231] Executor 0 exits.
I20260924 12:53:40.852473 1840227 Executor.h:231] Executor 1 exits.
I20260924 12:53:40.852473 1840228 Executor.h:231] Executor 2 exits.
I20260924 12:53:40.853155 1840163 Executor.h:236] Worker 1 latency: 69 us (50%) 263 us (75%) 409 us (95%) 1113 us (99%). dist txn latency: 308 us (50%) 354 us (75%) 1083 us (95%) 1209 us (99%)  avg 416 us . local txn latency: 59 us (50%) 85 us (75%) 162 us (95%) 229 us (99%)  avg 74 us. txn commit latency: 70 us (50%) 265 us (75%) 444 us (95%) 1107 us (99%) avg 160 us.
 LOCAL txn stall 0 us,  local_work 63 us,  remote_work 0 us,  commit_work 4 us,  commit_prepare 2 us,  commit_persistence 0 us,  commit_write_back 0 us,  commit_replication 0 us,  commit_release_lock 0 us 
 DIST txn stall 0 us,  local_work 392 us,  remote_work 0 us,  commit_work 17 us,  commit_prepare 3 us,  commit_persistence 0 us,  commit_write_back 4 us,  commit_replication 0 us,  commit_release_lock 7 us 
I20260924 12:53:40.856056 1840163 Executor.h:236] Worker 2 latency: 58 us (50%) 256 us (75%) 403 us (95%) 1090 us (99%). dist txn latency: 298 us (50%) 366 us (75%) 1071 us (95%) 1182 us (99%)  avg 413 us . local txn latency: 50 us (50%) 65 us (75%) 156 us (95%) 199 us (99%)  avg 63 us. txn commit latency: 58 us (50%) 255 us (75%) 439 us (95%) 1116 us (99%) avg 152 us.
 LOCAL txn stall 0 us,  local_work 55 us,  remote_work 0 us,  commit_work 3 us,  commit_prepare 2 us,  commit_persistence 0 us,  commit_write_back 0 us,  commit_replication 0 us,  commit_release_lock 0 us 
 DIST txn stall 0 us,  local_work 393 us,  remote_work 0 us,  commit_work 16 us,  commit_prepare 2 us,  commit_persistence 0 us,  commit_write_back 4 us,  commit_replication 0 us,  commit_release_lock 7 us 
I20260924 12:53:40.859067 1840163 CXLMemory.h:227] local CXL memory usage: size_index_usage: 0 size_metadata_usage: 0 size_data_usage: 0 size_transport_usage: 0 size_misc_usage: 0 total_size_hw_cc_usage: 0 total_usage: 0
I20260924 12:53:40.859103 1840225 Dispatcher.h:261] Handling coordinator message took 5
I20260924 12:53:41.859148 1840224 Dispatcher.h:160] Incoming Dispatcher exits, network size: 132. socket_message_recv_latency(50th) 0 socket_message_recv_latency(75th) 0 socket_message_recv_latency(95th) 0 socket_message_recv_latency(99th) 0 internal_message_recv_latency(50th) 0 socket_message_recv_cnt 0 socket_read_syscall 0 internal_message_recv_cnt 0
I20260924 12:53:41.859148 1840225 Dispatcher.h:292] Outgoing Dispatcher exits, network size: 252. msg_send_latency(50th) 0 msg_send_latency(75th) 0 msg_send_latency(95th) 0 msg_send_latency(99th) 0 msg_send_latency(avg) 0 msg_gen_to_sent_latency(50th) 0 msg_gen_to_sent_latency(75th) 0 msg_gen_to_sent_latency(95th) 0 msg_gen_to_sent_latency(99th) 0 msg_gen_to_queue_latency(50th) 0 msg_gen_to_queue_latency(75th) 0 msg_gen_to_queue_latency(95th) 0 msg_gen_to_queue_latency(99th) 0 msg_disp_ltc(50th) 0 msg_disp_ltc(75th) 0 msg_disp_ltc(95th) 0 msg_disp_ltc(99th) 0 msg_disp_ltc(100th) 0 send_ltc(50th) 0 send_ltc(75th) 0 send_ltc(95th) 0 send_ltc(99th) 0 send_ltc(100th) 0 send_ltc(avg) 0 sendto_cnt 3 network_size 252 network_msg_cnt 2 network_msg_group_size avg 1 50th 2 internal_network_size 0 internal_network_msg_cnt 0
I20260924 12:53:44.785202 1840163 Coordinator.h:420] Coordinator exits.
TIGON_RUN_END run_id=cmp_50_y_rw50_c25_r1 host_id=1 status=ok exit_code=0
