I20260923 17:56:13.012436 1382899 bench_ycsb.cpp:68] RW_RATIO = 80, ZIPF_THETA = 0, CROSS_RATIO = 100
I20260923 17:56:13.012494 1382899 bench_ycsb.cpp:69] checkpoint 0 to 
I20260923 17:56:13.012501 1382899 bench_ycsb.cpp:70] cross_part_num 2
I20260923 17:56:13.012503 1382899 bench_ycsb.cpp:71] lotus_sp_parallel_exec_commit 0
I20260923 17:56:13.012508 1382899 bench_ycsb.cpp:72] granules_per_partition 1
I20260923 17:56:13.012512 1382899 bench_ycsb.cpp:73] keysPerGranule 200000
I20260923 17:56:13.129287 1382899 UBMemory.cpp:138] UB memory initialized: local_region=1 regions=2 mode=one-sided bytes_per_region=536870912
I20260923 17:56:14.741329 1382899 Database.h:82] ycsb initialization finished in 1612 milliseconds.
I20260923 17:56:14.743167 1382899 Coordinator.h:459] Coordinator 1 initializes UB inbox with 4096 entries of 8192 bytes
I20260923 17:56:14.743237 1382899 Coordinator.h:100] WAL Group Commiting off. Log to file _non_group_commit.txt using Blackhole Logger
I20260923 17:56:14.743247 1382899 Coordinator.h:104] Coordinator initializes 1 workers.
I20260923 17:56:14.743968 1382926 Coordinator.h:505] Listener 0 on coordinator 1 listening on 76.53.137.99:10010 tcp_no_delay 1 tcp_quick_ack 0
I20260923 17:56:14.744234 1382899 Socket.h:69] Disabling nagle
I20260923 17:56:14.744262 1382899 Coordinator.h:560] Coordinator 1 connected to 0
I20260923 17:56:19.736030 1382926 Socket.h:69] Disabling nagle
I20260923 17:56:19.736063 1382926 Coordinator.h:520] Listener accepted connection from coordinator 0
I20260923 17:56:19.736068 1382926 Coordinator.h:523] Listener 0 on coordinator 1 exits.
I20260923 17:56:19.736604 1382899 Coordinator.h:572] Coordinator 1 connected to all peers.
I20260923 17:56:19.736640 1382899 Dispatcher.h:41] IncomingDispatcher 0 coord_id 1
I20260923 17:56:19.736701 1382899 Dispatcher.h:234] OutgoingDispatcher 0 coord_id 1
I20260923 17:56:19.736831 1382899 Coordinator.h:669] pinned thread to core 0
I20260923 17:56:19.736865 1382944 Dispatcher.h:63] Incoming Dispatcher started, numCoordinators = 2, numWorkers = 1, group id = 0, coordinator = 1
I20260923 17:56:19.736922 1382899 Coordinator.h:669] pinned thread to core 1
I20260923 17:56:19.736999 1382899 Coordinator.h:219] Coordinator starts to run 2 workers.
I20260923 17:56:19.737025 1382945 Dispatcher.h:246] Outgoing Dispatcher started, numCoordinators = 2, numWorkers = 2, group id = 0
I20260923 17:56:19.737078 1382899 Coordinator.h:669] pinned thread to core 2
I20260923 17:56:19.737092 1382946 Executor.h:79] Executor 0 starts.
I20260923 17:56:19.737321 1382947 Manager.h:232] Manager(worker id = 1) on the non-coordinator node started.
I20260923 17:56:20.737510 1382899 Coordinator.h:310] commit: 2732 abort: 0 (0/0/0), persistence latency 0, txn latency 0, queued lock latency 0, lock latency 0, active_txns 0, n_failed_read_lock 0, n_failed_write_lock 0, n_failed_cmd_not_ready 0, n_failed_no_cmd 0, network size: 0, avg network size: 0, si_in_serializable: 0 0 %, local: 0 %, local_access: 13664, local_cxl_access: 0 (0%), remote_access: 13664, remote_access_with_req: 0 (0%), data_move_in: 0, data_move_out: 0
I20260923 17:56:21.739641 1382899 Coordinator.h:310] commit: 2793 abort: 0 (0/0/0), persistence latency 0, txn latency 0, queued lock latency 0, lock latency 0, active_txns 0, n_failed_read_lock 0, n_failed_write_lock 0, n_failed_cmd_not_ready 0, n_failed_no_cmd 0, network size: 0, avg network size: 0, si_in_serializable: 0 0 %, local: 0 %, local_access: 13961, local_cxl_access: 0 (0%), remote_access: 13962, remote_access_with_req: 0 (0%), data_move_in: 0, data_move_out: 0
I20260923 17:56:22.739743 1382899 Coordinator.h:310] commit: 2787 abort: 0 (0/0/0), persistence latency 0, txn latency 0, queued lock latency 0, lock latency 0, active_txns 0, n_failed_read_lock 0, n_failed_write_lock 0, n_failed_cmd_not_ready 0, n_failed_no_cmd 0, network size: 0, avg network size: 0, si_in_serializable: 0 0 %, local: 0 %, local_access: 13937, local_cxl_access: 0 (0%), remote_access: 13936, remote_access_with_req: 0 (0%), data_move_in: 0, data_move_out: 0
I20260923 17:56:23.739845 1382899 Coordinator.h:310] commit: 2837 abort: 0 (0/0/0), persistence latency 0, txn latency 0, queued lock latency 0, lock latency 0, active_txns 0, n_failed_read_lock 0, n_failed_write_lock 0, n_failed_cmd_not_ready 0, n_failed_no_cmd 0, network size: 0, avg network size: 0, si_in_serializable: 0 0 %, local: 0 %, local_access: 14184, local_cxl_access: 0 (0%), remote_access: 14184, remote_access_with_req: 0 (0%), data_move_in: 0, data_move_out: 0
I20260923 17:56:24.740031 1382899 Coordinator.h:310] commit: 2787 abort: 0 (0/0/0), persistence latency 0, txn latency 0, queued lock latency 0, lock latency 0, active_txns 0, n_failed_read_lock 0, n_failed_write_lock 0, n_failed_cmd_not_ready 0, n_failed_no_cmd 0, network size: 0, avg network size: 0, si_in_serializable: 0 0 %, local: 0 %, local_access: 13934, local_cxl_access: 0 (0%), remote_access: 13934, remote_access_with_req: 0 (0%), data_move_in: 0, data_move_out: 0
I20260923 17:56:25.740135 1382899 Coordinator.h:310] commit: 2803 abort: 0 (0/0/0), persistence latency 0, txn latency 0, queued lock latency 0, lock latency 0, active_txns 0, n_failed_read_lock 0, n_failed_write_lock 0, n_failed_cmd_not_ready 0, n_failed_no_cmd 0, network size: 0, avg network size: 0, si_in_serializable: 0 0 %, local: 0 %, local_access: 14017, local_cxl_access: 0 (0%), remote_access: 14017, remote_access_with_req: 0 (0%), data_move_in: 0, data_move_out: 0
I20260923 17:56:26.740232 1382899 Coordinator.h:310] commit: 2804 abort: 0 (0/0/0), persistence latency 0, txn latency 0, queued lock latency 0, lock latency 0, active_txns 0, n_failed_read_lock 0, n_failed_write_lock 0, n_failed_cmd_not_ready 0, n_failed_no_cmd 0, network size: 0, avg network size: 0, si_in_serializable: 0 0 %, local: 0 %, local_access: 14022, local_cxl_access: 0 (0%), remote_access: 14023, remote_access_with_req: 0 (0%), data_move_in: 0, data_move_out: 0
I20260923 17:56:27.740360 1382899 Coordinator.h:310] commit: 2798 abort: 0 (0/0/0), persistence latency 0, txn latency 0, queued lock latency 0, lock latency 0, active_txns 0, n_failed_read_lock 0, n_failed_write_lock 0, n_failed_cmd_not_ready 0, n_failed_no_cmd 0, network size: 0, avg network size: 0, si_in_serializable: 0 0 %, local: 0 %, local_access: 13986, local_cxl_access: 0 (0%), remote_access: 13985, remote_access_with_req: 0 (0%), data_move_in: 0, data_move_out: 0
I20260923 17:56:28.740489 1382899 Coordinator.h:310] commit: 2793 abort: 0 (0/0/0), persistence latency 0, txn latency 0, queued lock latency 0, lock latency 0, active_txns 0, n_failed_read_lock 0, n_failed_write_lock 0, n_failed_cmd_not_ready 0, n_failed_no_cmd 0, network size: 0, avg network size: 0, si_in_serializable: 0 0 %, local: 0 %, local_access: 13966, local_cxl_access: 0 (0%), remote_access: 13966, remote_access_with_req: 0 (0%), data_move_in: 0, data_move_out: 0
I20260923 17:56:29.740726 1382899 Coordinator.h:310] commit: 2803 abort: 0 (0/0/0), persistence latency 0, txn latency 0, queued lock latency 0, lock latency 0, active_txns 0, n_failed_read_lock 0, n_failed_write_lock 0, n_failed_cmd_not_ready 0, n_failed_no_cmd 0, network size: 0, avg network size: 0, si_in_serializable: 0 0 %, local: 0 %, local_access: 14017, local_cxl_access: 0 (0%), remote_access: 14018, remote_access_with_req: 0 (0%), data_move_in: 0, data_move_out: 0
I20260923 17:56:30.740823 1382899 Coordinator.h:310] commit: 2785 abort: 0 (0/0/0), persistence latency 0, txn latency 0, queued lock latency 0, lock latency 0, active_txns 0, n_failed_read_lock 0, n_failed_write_lock 0, n_failed_cmd_not_ready 0, n_failed_no_cmd 0, network size: 0, avg network size: 0, si_in_serializable: 0 0 %, local: 0 %, local_access: 13924, local_cxl_access: 0 (0%), remote_access: 13923, remote_access_with_req: 0 (0%), data_move_in: 0, data_move_out: 0
I20260923 17:56:31.741041 1382899 Coordinator.h:310] commit: 2799 abort: 0 (0/0/0), persistence latency 0, txn latency 0, queued lock latency 0, lock latency 0, active_txns 0, n_failed_read_lock 0, n_failed_write_lock 0, n_failed_cmd_not_ready 0, n_failed_no_cmd 0, network size: 0, avg network size: 0, si_in_serializable: 0 0 %, local: 0 %, local_access: 13995, local_cxl_access: 0 (0%), remote_access: 13995, remote_access_with_req: 0 (0%), data_move_in: 0, data_move_out: 0
I20260923 17:56:32.741259 1382899 Coordinator.h:310] commit: 2796 abort: 1 (0/1/0), persistence latency 0, txn latency 0, queued lock latency 0, lock latency 0, active_txns 0, n_failed_read_lock 0, n_failed_write_lock 0, n_failed_cmd_not_ready 0, n_failed_no_cmd 0, network size: 0, avg network size: 0, si_in_serializable: 0 0 %, local: 0 %, local_access: 13980, local_cxl_access: 0 (0%), remote_access: 13982, remote_access_with_req: 0 (0%), data_move_in: 0, data_move_out: 0
I20260923 17:56:33.741374 1382899 Coordinator.h:310] commit: 2845 abort: 0 (0/0/0), persistence latency 0, txn latency 0, queued lock latency 0, lock latency 0, active_txns 0, n_failed_read_lock 0, n_failed_write_lock 0, n_failed_cmd_not_ready 0, n_failed_no_cmd 0, network size: 0, avg network size: 0, si_in_serializable: 0 0 %, local: 0 %, local_access: 14224, local_cxl_access: 0 (0%), remote_access: 14223, remote_access_with_req: 0 (0%), data_move_in: 0, data_move_out: 0
I20260923 17:56:34.742010 1382899 Coordinator.h:310] commit: 2787 abort: 0 (0/0/0), persistence latency 0, txn latency 0, queued lock latency 0, lock latency 0, active_txns 0, n_failed_read_lock 0, n_failed_write_lock 0, n_failed_cmd_not_ready 0, n_failed_no_cmd 0, network size: 0, avg network size: 0, si_in_serializable: 0 0 %, local: 0 %, local_access: 13937, local_cxl_access: 0 (0%), remote_access: 13938, remote_access_with_req: 0 (0%), data_move_in: 0, data_move_out: 0
I20260923 17:56:35.743229 1382899 Coordinator.h:310] commit: 2787 abort: 0 (0/0/0), persistence latency 0, txn latency 0, queued lock latency 0, lock latency 0, active_txns 0, n_failed_read_lock 0, n_failed_write_lock 0, n_failed_cmd_not_ready 0, n_failed_no_cmd 0, network size: 0, avg network size: 0, si_in_serializable: 0 0 %, local: 0 %, local_access: 13938, local_cxl_access: 0 (0%), remote_access: 13937, remote_access_with_req: 0 (0%), data_move_in: 0, data_move_out: 0
I20260923 17:56:36.743557 1382899 Coordinator.h:310] commit: 2784 abort: 1 (0/1/0), persistence latency 0, txn latency 0, queued lock latency 0, lock latency 0, active_txns 0, n_failed_read_lock 0, n_failed_write_lock 0, n_failed_cmd_not_ready 0, n_failed_no_cmd 0, network size: 0, avg network size: 0, si_in_serializable: 0 0 %, local: 0 %, local_access: 13920, local_cxl_access: 0 (0%), remote_access: 13921, remote_access_with_req: 0 (0%), data_move_in: 0, data_move_out: 0
I20260923 17:56:37.743708 1382899 Coordinator.h:310] commit: 2786 abort: 0 (0/0/0), persistence latency 0, txn latency 0, queued lock latency 0, lock latency 0, active_txns 0, n_failed_read_lock 0, n_failed_write_lock 0, n_failed_cmd_not_ready 0, n_failed_no_cmd 0, network size: 0, avg network size: 0, si_in_serializable: 0 0 %, local: 0 %, local_access: 13931, local_cxl_access: 0 (0%), remote_access: 13932, remote_access_with_req: 0 (0%), data_move_in: 0, data_move_out: 0
I20260923 17:56:38.743852 1382899 Coordinator.h:310] commit: 2782 abort: 0 (0/0/0), persistence latency 0, txn latency 0, queued lock latency 0, lock latency 0, active_txns 0, n_failed_read_lock 0, n_failed_write_lock 0, n_failed_cmd_not_ready 0, n_failed_no_cmd 0, network size: 0, avg network size: 0, si_in_serializable: 0 0 %, local: 0 %, local_access: 13909, local_cxl_access: 0 (0%), remote_access: 13908, remote_access_with_req: 0 (0%), data_move_in: 0, data_move_out: 0
I20260923 17:56:39.741099 1382946 Executor.h:231] Executor 0 exits.
I20260923 17:56:39.741101 1382947 Manager.h:234] Manager(worker id = 1) on the non-coordinator node exits.
I20260923 17:56:39.743976 1382899 Coordinator.h:310] commit: 2773 abort: 0 (0/0/0), persistence latency 0, txn latency 0, queued lock latency 0, lock latency 0, active_txns 0, n_failed_read_lock 0, n_failed_write_lock 0, n_failed_cmd_not_ready 0, n_failed_no_cmd 0, network size: 0, avg network size: 0, si_in_serializable: 0 0 %, local: 0 %, local_access: 13862, local_cxl_access: 0 (0%), remote_access: 13862, remote_access_with_req: 0 (0%), data_move_in: 0, data_move_out: 0
I20260923 17:56:39.744005 1382899 Coordinator.h:348] average commit: 2795 abort: 0.133333 (0/0.133333/0), abort_rate: 4.7702e-05, network size: 0, avg network size: 0, si_in_serializable: 0 0 %, local: 0 %, local_access: 209628, local_cxl_access: 0 (0%), remote_access: 209630, remote_access_with_req: 0 (0%), data_move_in: 0, data_move_out: 0
I20260923 17:56:39.744028 1382899 Executor.h:236] Worker 0 latency: 290 us (50%) 354 us (75%) 755 us (95%) 988 us (99%). dist txn latency: 291 us (50%) 354 us (75%) 762 us (95%) 1014 us (99%)  avg 355 us . local txn latency: 0 us (50%) 0 us (75%) 0 us (95%) 0 us (99%)  avg 0 us. txn commit latency: 291 us (50%) 354 us (75%) 768 us (95%) 1046 us (99%) avg 357 us.
 LOCAL txn stall 0 us,  local_work 0 us,  remote_work 0 us,  commit_work 0 us,  commit_prepare 0 us,  commit_persistence 0 us,  commit_write_back 0 us,  commit_replication 0 us,  commit_release_lock 0 us 
 DIST txn stall 0 us,  local_work 342 us,  remote_work 0 us,  commit_work 11 us,  commit_prepare 0 us,  commit_persistence 0 us,  commit_write_back 2 us,  commit_replication 0 us,  commit_release_lock 7 us 
I20260923 17:56:39.744613 1382899 Executor.h:267] message stats, type: 0 count: 0 total size: 0
I20260923 17:56:39.744617 1382899 Executor.h:267] message stats, type: 1 count: 0 total size: 0
I20260923 17:56:39.744621 1382899 Executor.h:267] message stats, type: 2 count: 0 total size: 0
I20260923 17:56:39.744625 1382899 Executor.h:267] message stats, type: 3 count: 0 total size: 0
I20260923 17:56:39.744628 1382899 Executor.h:267] message stats, type: 4 count: 0 total size: 0
I20260923 17:56:39.744632 1382899 Executor.h:267] message stats, type: 5 count: 0 total size: 0
I20260923 17:56:39.744635 1382899 Executor.h:267] message stats, type: 6 count: 0 total size: 0
I20260923 17:56:39.744639 1382899 Executor.h:267] message stats, type: 7 count: 0 total size: 0
I20260923 17:56:39.744642 1382899 Executor.h:267] message stats, type: 8 count: 0 total size: 0
I20260923 17:56:39.744647 1382899 Executor.h:267] message stats, type: 9 count: 0 total size: 0
I20260923 17:56:39.744649 1382899 Executor.h:267] message stats, type: 10 count: 0 total size: 0
I20260923 17:56:39.744653 1382899 Executor.h:267] message stats, type: 11 count: 0 total size: 0
I20260923 17:56:39.744658 1382899 CXLMemory.h:227] local CXL memory usage: size_index_usage: 0 size_metadata_usage: 0 size_data_usage: 0 size_transport_usage: 0 size_misc_usage: 0 total_size_hw_cc_usage: 0 total_usage: 0
I20260923 17:56:39.744746 1382945 Dispatcher.h:261] Handling coordinator message took 58
I20260923 17:56:40.744735 1382945 Dispatcher.h:292] Outgoing Dispatcher exits, network size: 252. msg_send_latency(50th) 0 msg_send_latency(75th) 0 msg_send_latency(95th) 0 msg_send_latency(99th) 0 msg_send_latency(avg) 0 msg_gen_to_sent_latency(50th) 0 msg_gen_to_sent_latency(75th) 0 msg_gen_to_sent_latency(95th) 0 msg_gen_to_sent_latency(99th) 0 msg_gen_to_queue_latency(50th) 0 msg_gen_to_queue_latency(75th) 0 msg_gen_to_queue_latency(95th) 0 msg_gen_to_queue_latency(99th) 0 msg_disp_ltc(50th) 0 msg_disp_ltc(75th) 0 msg_disp_ltc(95th) 0 msg_disp_ltc(99th) 0 msg_disp_ltc(100th) 0 send_ltc(50th) 0 send_ltc(75th) 0 send_ltc(95th) 0 send_ltc(99th) 0 send_ltc(100th) 0 send_ltc(avg) 0 sendto_cnt 3 network_size 252 network_msg_cnt 2 network_msg_group_size avg 0 50th 0 internal_network_size 0 internal_network_msg_cnt 0
I20260923 17:56:40.744735 1382944 Dispatcher.h:160] Incoming Dispatcher exits, network size: 132. socket_message_recv_latency(50th) 0 socket_message_recv_latency(75th) 0 socket_message_recv_latency(95th) 0 socket_message_recv_latency(99th) 0 internal_message_recv_latency(50th) 0 socket_message_recv_cnt 0 socket_read_syscall 0 internal_message_recv_cnt 0
I20260923 17:56:42.594589 1382899 Coordinator.h:420] Coordinator exits.
