I20260923 17:56:22.727061 1337143 bench_ycsb.cpp:68] RW_RATIO = 80, ZIPF_THETA = 0, CROSS_RATIO = 100
I20260923 17:56:22.727185 1337143 bench_ycsb.cpp:69] checkpoint 0 to 
I20260923 17:56:22.727191 1337143 bench_ycsb.cpp:70] cross_part_num 2
I20260923 17:56:22.727195 1337143 bench_ycsb.cpp:71] lotus_sp_parallel_exec_commit 0
I20260923 17:56:22.727200 1337143 bench_ycsb.cpp:72] granules_per_partition 1
I20260923 17:56:22.727203 1337143 bench_ycsb.cpp:73] keysPerGranule 200000
[2026-09-23 17:56:22.820 +08:00][ERROR][1337143][281472988532768][shm_ipc_command.cpp:183] IpcCallShmMap response error : 606
[2026-09-23 17:56:22.820 +08:00][ERROR][1337143][281472988532768][RackMemShm.cpp:322] Failed to mmap, name=tigon_ycsb_200k_001_1, mapSize=536870912, ret=606
[2026-09-23 17:56:22.820 +08:00][ERROR][1337143][281472988532768][mxmem_shmem.cpp:473] Failed to mmap shared memory, ret=606
[2026-09-23 17:56:22.926 +08:00][ERROR][1337143][281472988532768][shm_ipc_command.cpp:183] IpcCallShmMap response error : 606
[2026-09-23 17:56:22.926 +08:00][ERROR][1337143][281472988532768][RackMemShm.cpp:322] Failed to mmap, name=tigon_ycsb_200k_001_1, mapSize=536870912, ret=606
[2026-09-23 17:56:22.926 +08:00][ERROR][1337143][281472988532768][mxmem_shmem.cpp:473] Failed to mmap shared memory, ret=606
[2026-09-23 17:56:23.032 +08:00][ERROR][1337143][281472988532768][shm_ipc_command.cpp:183] IpcCallShmMap response error : 606
[2026-09-23 17:56:23.032 +08:00][ERROR][1337143][281472988532768][RackMemShm.cpp:322] Failed to mmap, name=tigon_ycsb_200k_001_1, mapSize=536870912, ret=606
[2026-09-23 17:56:23.032 +08:00][ERROR][1337143][281472988532768][mxmem_shmem.cpp:473] Failed to mmap shared memory, ret=606
[2026-09-23 17:56:23.135 +08:00][ERROR][1337143][281472988532768][shm_ipc_command.cpp:183] IpcCallShmMap response error : 606
[2026-09-23 17:56:23.135 +08:00][ERROR][1337143][281472988532768][RackMemShm.cpp:322] Failed to mmap, name=tigon_ycsb_200k_001_1, mapSize=536870912, ret=606
[2026-09-23 17:56:23.135 +08:00][ERROR][1337143][281472988532768][mxmem_shmem.cpp:473] Failed to mmap shared memory, ret=606
I20260923 17:56:23.258829 1337143 UBMemory.cpp:138] UB memory initialized: local_region=0 regions=2 mode=one-sided bytes_per_region=536870912
I20260923 17:56:24.862085 1337143 Database.h:82] ycsb initialization finished in 1603 milliseconds.
I20260923 17:56:24.862726 1337143 Coordinator.h:459] Coordinator 0 initializes UB inbox with 4096 entries of 8192 bytes
I20260923 17:56:24.862793 1337143 Coordinator.h:100] WAL Group Commiting off. Log to file _non_group_commit.txt using Blackhole Logger
I20260923 17:56:24.862802 1337143 Coordinator.h:104] Coordinator initializes 1 workers.
I20260923 17:56:24.863273 1337162 Coordinator.h:505] Listener 0 on coordinator 0 listening on 76.53.137.98:10010 tcp_no_delay 1 tcp_quick_ack 0
I20260923 17:56:24.864086 1337143 Coordinator.h:551] Coordinator 0 failed to connect 1(76.53.137.99:10010)'s listener 0, retry in 5 seconds.
I20260923 17:56:24.873988 1337162 Socket.h:69] Disabling nagle
I20260923 17:56:24.874014 1337162 Coordinator.h:520] Listener accepted connection from coordinator 1
I20260923 17:56:24.874019 1337162 Coordinator.h:523] Listener 0 on coordinator 0 exits.
I20260923 17:56:29.864568 1337143 Socket.h:69] Disabling nagle
I20260923 17:56:29.864609 1337143 Coordinator.h:560] Coordinator 0 connected to 1
I20260923 17:56:29.864636 1337143 Coordinator.h:572] Coordinator 0 connected to all peers.
I20260923 17:56:29.864660 1337143 Dispatcher.h:41] IncomingDispatcher 0 coord_id 0
I20260923 17:56:29.864703 1337143 Dispatcher.h:234] OutgoingDispatcher 0 coord_id 0
I20260923 17:56:29.865389 1337143 Coordinator.h:669] pinned thread to core 0
I20260923 17:56:29.865530 1337206 Dispatcher.h:63] Incoming Dispatcher started, numCoordinators = 2, numWorkers = 1, group id = 0, coordinator = 0
I20260923 17:56:29.865855 1337143 Coordinator.h:669] pinned thread to core 1
I20260923 17:56:29.865871 1337143 Coordinator.h:219] Coordinator starts to run 2 workers.
I20260923 17:56:29.865942 1337143 Coordinator.h:669] pinned thread to core 2
I20260923 17:56:29.866014 1337207 Dispatcher.h:246] Outgoing Dispatcher started, numCoordinators = 2, numWorkers = 2, group id = 0
I20260923 17:56:29.866063 1337209 Manager.h:228] Manager(worker id = 1) on the coordinator node started.
I20260923 17:56:29.866246 1337208 Executor.h:79] Executor 0 starts.
I20260923 17:56:30.866086 1337143 Coordinator.h:310] commit: 2734 abort: 0 (0/0/0), persistence latency 0, txn latency 0, queued lock latency 0, lock latency 0, active_txns 0, n_failed_read_lock 0, n_failed_write_lock 0, n_failed_cmd_not_ready 0, n_failed_no_cmd 0, network size: 0, avg network size: 0, si_in_serializable: 0 0 %, local: 0 %, local_access: 13671, local_cxl_access: 0 (0%), remote_access: 13671, remote_access_with_req: 0 (0%), data_move_in: 0, data_move_out: 0
I20260923 17:56:31.866196 1337143 Coordinator.h:310] commit: 2788 abort: 0 (0/0/0), persistence latency 0, txn latency 0, queued lock latency 0, lock latency 0, active_txns 0, n_failed_read_lock 0, n_failed_write_lock 0, n_failed_cmd_not_ready 0, n_failed_no_cmd 0, network size: 0, avg network size: 0, si_in_serializable: 0 0 %, local: 0 %, local_access: 13940, local_cxl_access: 0 (0%), remote_access: 13940, remote_access_with_req: 0 (0%), data_move_in: 0, data_move_out: 0
I20260923 17:56:32.866304 1337143 Coordinator.h:310] commit: 2807 abort: 0 (0/0/0), persistence latency 0, txn latency 0, queued lock latency 0, lock latency 0, active_txns 0, n_failed_read_lock 0, n_failed_write_lock 0, n_failed_cmd_not_ready 0, n_failed_no_cmd 0, network size: 0, avg network size: 0, si_in_serializable: 0 0 %, local: 0 %, local_access: 14038, local_cxl_access: 0 (0%), remote_access: 14039, remote_access_with_req: 0 (0%), data_move_in: 0, data_move_out: 0
I20260923 17:56:33.866415 1337143 Coordinator.h:310] commit: 2883 abort: 0 (0/0/0), persistence latency 0, txn latency 0, queued lock latency 0, lock latency 0, active_txns 0, n_failed_read_lock 0, n_failed_write_lock 0, n_failed_cmd_not_ready 0, n_failed_no_cmd 0, network size: 0, avg network size: 0, si_in_serializable: 0 0 %, local: 0 %, local_access: 14414, local_cxl_access: 0 (0%), remote_access: 14413, remote_access_with_req: 0 (0%), data_move_in: 0, data_move_out: 0
I20260923 17:56:34.866518 1337143 Coordinator.h:310] commit: 2798 abort: 0 (0/0/0), persistence latency 0, txn latency 0, queued lock latency 0, lock latency 0, active_txns 0, n_failed_read_lock 0, n_failed_write_lock 0, n_failed_cmd_not_ready 0, n_failed_no_cmd 0, network size: 0, avg network size: 0, si_in_serializable: 0 0 %, local: 0 %, local_access: 13989, local_cxl_access: 0 (0%), remote_access: 13990, remote_access_with_req: 0 (0%), data_move_in: 0, data_move_out: 0
I20260923 17:56:35.866627 1337143 Coordinator.h:310] commit: 2802 abort: 0 (0/0/0), persistence latency 0, txn latency 0, queued lock latency 0, lock latency 0, active_txns 0, n_failed_read_lock 0, n_failed_write_lock 0, n_failed_cmd_not_ready 0, n_failed_no_cmd 0, network size: 0, avg network size: 0, si_in_serializable: 0 0 %, local: 0 %, local_access: 14009, local_cxl_access: 0 (0%), remote_access: 14008, remote_access_with_req: 0 (0%), data_move_in: 0, data_move_out: 0
I20260923 17:56:36.866731 1337143 Coordinator.h:310] commit: 2803 abort: 0 (0/0/0), persistence latency 0, txn latency 0, queued lock latency 0, lock latency 0, active_txns 0, n_failed_read_lock 0, n_failed_write_lock 0, n_failed_cmd_not_ready 0, n_failed_no_cmd 0, network size: 0, avg network size: 0, si_in_serializable: 0 0 %, local: 0 %, local_access: 14016, local_cxl_access: 0 (0%), remote_access: 14016, remote_access_with_req: 0 (0%), data_move_in: 0, data_move_out: 0
I20260923 17:56:37.866838 1337143 Coordinator.h:310] commit: 2794 abort: 0 (0/0/0), persistence latency 0, txn latency 0, queued lock latency 0, lock latency 0, active_txns 0, n_failed_read_lock 0, n_failed_write_lock 0, n_failed_cmd_not_ready 0, n_failed_no_cmd 0, network size: 0, avg network size: 0, si_in_serializable: 0 0 %, local: 0 %, local_access: 13969, local_cxl_access: 0 (0%), remote_access: 13969, remote_access_with_req: 0 (0%), data_move_in: 0, data_move_out: 0
I20260923 17:56:38.866947 1337143 Coordinator.h:310] commit: 2800 abort: 0 (0/0/0), persistence latency 0, txn latency 0, queued lock latency 0, lock latency 0, active_txns 0, n_failed_read_lock 0, n_failed_write_lock 0, n_failed_cmd_not_ready 0, n_failed_no_cmd 0, network size: 0, avg network size: 0, si_in_serializable: 0 0 %, local: 0 %, local_access: 14002, local_cxl_access: 0 (0%), remote_access: 14003, remote_access_with_req: 0 (0%), data_move_in: 0, data_move_out: 0
I20260923 17:56:39.867208 1337143 Coordinator.h:310] commit: 2797 abort: 0 (0/0/0), persistence latency 0, txn latency 0, queued lock latency 0, lock latency 0, active_txns 0, n_failed_read_lock 0, n_failed_write_lock 0, n_failed_cmd_not_ready 0, n_failed_no_cmd 0, network size: 0, avg network size: 0, si_in_serializable: 0 0 %, local: 0 %, local_access: 13985, local_cxl_access: 0 (0%), remote_access: 13984, remote_access_with_req: 0 (0%), data_move_in: 0, data_move_out: 0
I20260923 17:56:40.867455 1337143 Coordinator.h:310] commit: 2792 abort: 1 (0/1/0), persistence latency 0, txn latency 0, queued lock latency 0, lock latency 0, active_txns 0, n_failed_read_lock 0, n_failed_write_lock 0, n_failed_cmd_not_ready 0, n_failed_no_cmd 0, network size: 0, avg network size: 0, si_in_serializable: 0 0 %, local: 0 %, local_access: 13958, local_cxl_access: 0 (0%), remote_access: 13959, remote_access_with_req: 0 (0%), data_move_in: 0, data_move_out: 0
I20260923 17:56:41.867568 1337143 Coordinator.h:310] commit: 2798 abort: 0 (0/0/0), persistence latency 0, txn latency 0, queued lock latency 0, lock latency 0, active_txns 0, n_failed_read_lock 0, n_failed_write_lock 0, n_failed_cmd_not_ready 0, n_failed_no_cmd 0, network size: 0, avg network size: 0, si_in_serializable: 0 0 %, local: 0 %, local_access: 13989, local_cxl_access: 0 (0%), remote_access: 13989, remote_access_with_req: 0 (0%), data_move_in: 0, data_move_out: 0
I20260923 17:56:42.867812 1337143 Coordinator.h:310] commit: 2813 abort: 0 (0/0/0), persistence latency 0, txn latency 0, queued lock latency 0, lock latency 0, active_txns 0, n_failed_read_lock 0, n_failed_write_lock 0, n_failed_cmd_not_ready 0, n_failed_no_cmd 0, network size: 0, avg network size: 0, si_in_serializable: 0 0 %, local: 0 %, local_access: 14067, local_cxl_access: 0 (0%), remote_access: 14067, remote_access_with_req: 0 (0%), data_move_in: 0, data_move_out: 0
I20260923 17:56:43.868070 1337143 Coordinator.h:310] commit: 2882 abort: 0 (0/0/0), persistence latency 0, txn latency 0, queued lock latency 0, lock latency 0, active_txns 0, n_failed_read_lock 0, n_failed_write_lock 0, n_failed_cmd_not_ready 0, n_failed_no_cmd 0, network size: 0, avg network size: 0, si_in_serializable: 0 0 %, local: 0 %, local_access: 14410, local_cxl_access: 0 (0%), remote_access: 14411, remote_access_with_req: 0 (0%), data_move_in: 0, data_move_out: 0
I20260923 17:56:44.868180 1337143 Coordinator.h:310] commit: 2794 abort: 0 (0/0/0), persistence latency 0, txn latency 0, queued lock latency 0, lock latency 0, active_txns 0, n_failed_read_lock 0, n_failed_write_lock 0, n_failed_cmd_not_ready 0, n_failed_no_cmd 0, network size: 0, avg network size: 0, si_in_serializable: 0 0 %, local: 0 %, local_access: 13968, local_cxl_access: 0 (0%), remote_access: 13967, remote_access_with_req: 0 (0%), data_move_in: 0, data_move_out: 0
I20260923 17:56:45.868446 1337143 Coordinator.h:310] commit: 2794 abort: 0 (0/0/0), persistence latency 0, txn latency 0, queued lock latency 0, lock latency 0, active_txns 0, n_failed_read_lock 0, n_failed_write_lock 0, n_failed_cmd_not_ready 0, n_failed_no_cmd 0, network size: 0, avg network size: 0, si_in_serializable: 0 0 %, local: 0 %, local_access: 13970, local_cxl_access: 0 (0%), remote_access: 13971, remote_access_with_req: 0 (0%), data_move_in: 0, data_move_out: 0
I20260923 17:56:46.868558 1337143 Coordinator.h:310] commit: 2793 abort: 0 (0/0/0), persistence latency 0, txn latency 0, queued lock latency 0, lock latency 0, active_txns 0, n_failed_read_lock 0, n_failed_write_lock 0, n_failed_cmd_not_ready 0, n_failed_no_cmd 0, network size: 0, avg network size: 0, si_in_serializable: 0 0 %, local: 0 %, local_access: 13965, local_cxl_access: 0 (0%), remote_access: 13964, remote_access_with_req: 0 (0%), data_move_in: 0, data_move_out: 0
I20260923 17:56:47.869246 1337143 Coordinator.h:310] commit: 2797 abort: 0 (0/0/0), persistence latency 0, txn latency 0, queued lock latency 0, lock latency 0, active_txns 0, n_failed_read_lock 0, n_failed_write_lock 0, n_failed_cmd_not_ready 0, n_failed_no_cmd 0, network size: 0, avg network size: 0, si_in_serializable: 0 0 %, local: 0 %, local_access: 13986, local_cxl_access: 0 (0%), remote_access: 13986, remote_access_with_req: 0 (0%), data_move_in: 0, data_move_out: 0
I20260923 17:56:48.869688 1337143 Coordinator.h:310] commit: 2795 abort: 0 (0/0/0), persistence latency 0, txn latency 0, queued lock latency 0, lock latency 0, active_txns 0, n_failed_read_lock 0, n_failed_write_lock 0, n_failed_cmd_not_ready 0, n_failed_no_cmd 0, network size: 0, avg network size: 0, si_in_serializable: 0 0 %, local: 0 %, local_access: 13974, local_cxl_access: 0 (0%), remote_access: 13975, remote_access_with_req: 0 (0%), data_move_in: 0, data_move_out: 0
I20260923 17:56:49.869843 1337143 Coordinator.h:310] commit: 2780 abort: 0 (0/0/0), persistence latency 0, txn latency 0, queued lock latency 0, lock latency 0, active_txns 0, n_failed_read_lock 0, n_failed_write_lock 0, n_failed_cmd_not_ready 0, n_failed_no_cmd 0, network size: 0, avg network size: 0, si_in_serializable: 0 0 %, local: 0 %, local_access: 13903, local_cxl_access: 0 (0%), remote_access: 13903, remote_access_with_req: 0 (0%), data_move_in: 0, data_move_out: 0
I20260923 17:56:49.869886 1337143 Coordinator.h:348] average commit: 2802.27 abort: 0.0666667 (0/0.0666667/0), abort_rate: 2.37897e-05, network size: 0, avg network size: 0, si_in_serializable: 0 0 %, local: 0 %, local_access: 210171, local_cxl_access: 0 (0%), remote_access: 210172, remote_access_with_req: 0 (0%), data_move_in: 0, data_move_out: 0
I20260923 17:56:49.870083 1337208 Executor.h:231] Executor 0 exits.
I20260923 17:56:49.870085 1337209 Manager.h:230] Manager(worker id = 1) on the coordinator node exits.
I20260923 17:56:49.869915 1337143 Executor.h:236] Worker 0 latency: 292 us (50%) 349 us (75%) 785 us (95%) 989 us (99%). dist txn latency: 291 us (50%) 348 us (75%) 790 us (95%) 1014 us (99%)  avg 355 us . local txn latency: 0 us (50%) 0 us (75%) 0 us (95%) 0 us (99%)  avg 0 us. txn commit latency: 291 us (50%) 347 us (75%) 765 us (95%) 998 us (99%) avg 353 us.
 LOCAL txn stall 0 us,  local_work 0 us,  remote_work 0 us,  commit_work 0 us,  commit_prepare 0 us,  commit_persistence 0 us,  commit_write_back 0 us,  commit_replication 0 us,  commit_release_lock 0 us 
 DIST txn stall 0 us,  local_work 343 us,  remote_work 0 us,  commit_work 12 us,  commit_prepare 0 us,  commit_persistence 0 us,  commit_write_back 2 us,  commit_replication 0 us,  commit_release_lock 7 us 
I20260923 17:56:49.870491 1337143 Executor.h:267] message stats, type: 0 count: 0 total size: 0
I20260923 17:56:49.870496 1337143 Executor.h:267] message stats, type: 1 count: 0 total size: 0
I20260923 17:56:49.870499 1337143 Executor.h:267] message stats, type: 2 count: 0 total size: 0
I20260923 17:56:49.870503 1337143 Executor.h:267] message stats, type: 3 count: 0 total size: 0
I20260923 17:56:49.870507 1337143 Executor.h:267] message stats, type: 4 count: 0 total size: 0
I20260923 17:56:49.870510 1337143 Executor.h:267] message stats, type: 5 count: 0 total size: 0
I20260923 17:56:49.870513 1337143 Executor.h:267] message stats, type: 6 count: 0 total size: 0
I20260923 17:56:49.870517 1337143 Executor.h:267] message stats, type: 7 count: 0 total size: 0
I20260923 17:56:49.870522 1337143 Executor.h:267] message stats, type: 8 count: 0 total size: 0
I20260923 17:56:49.870524 1337143 Executor.h:267] message stats, type: 9 count: 0 total size: 0
I20260923 17:56:49.870528 1337143 Executor.h:267] message stats, type: 10 count: 0 total size: 0
I20260923 17:56:49.870532 1337143 Executor.h:267] message stats, type: 11 count: 0 total size: 0
I20260923 17:56:49.871799 1337143 CXLMemory.h:227] local CXL memory usage: size_index_usage: 0 size_metadata_usage: 0 size_data_usage: 0 size_transport_usage: 0 size_misc_usage: 0 total_size_hw_cc_usage: 0 total_usage: 0
I20260923 17:56:49.873801 1337143 Coordinator.h:639] Global Stats: total_commit: 5597.27 total_size_index_usage: 0 total_size_metadata_usage: 0 total_size_data_usage: 0 total_size_transport_usage: 0 total_size_misc_usage: 0 total_hw_cc_usage: 0 total_usage: 0
I20260923 17:56:50.873906 1337207 Dispatcher.h:292] Outgoing Dispatcher exits, network size: 132. msg_send_latency(50th) 0 msg_send_latency(75th) 0 msg_send_latency(95th) 0 msg_send_latency(99th) 0 msg_send_latency(avg) 0 msg_gen_to_sent_latency(50th) 0 msg_gen_to_sent_latency(75th) 0 msg_gen_to_sent_latency(95th) 0 msg_gen_to_sent_latency(99th) 0 msg_gen_to_queue_latency(50th) 0 msg_gen_to_queue_latency(75th) 0 msg_gen_to_queue_latency(95th) 0 msg_gen_to_queue_latency(99th) 0 msg_disp_ltc(50th) 0 msg_disp_ltc(75th) 0 msg_disp_ltc(95th) 0 msg_disp_ltc(99th) 0 msg_disp_ltc(100th) 0 send_ltc(50th) 0 send_ltc(75th) 0 send_ltc(95th) 0 send_ltc(99th) 0 send_ltc(100th) 0 send_ltc(avg) 0 sendto_cnt 2 network_size 132 network_msg_cnt 2 network_msg_group_size avg 0 50th 0 internal_network_size 0 internal_network_msg_cnt 0
I20260923 17:56:50.873906 1337206 Dispatcher.h:160] Incoming Dispatcher exits, network size: 252. socket_message_recv_latency(50th) 0 socket_message_recv_latency(75th) 0 socket_message_recv_latency(95th) 0 socket_message_recv_latency(99th) 0 internal_message_recv_latency(50th) 0 socket_message_recv_cnt 0 socket_read_syscall 0 internal_message_recv_cnt 0
I20260923 17:56:51.010476 1337143 Coordinator.h:158] round_trip_latency 39 (50th) 81 (75th) 235 (95th) 235 (99th) 
I20260923 17:56:53.289079 1337143 Coordinator.h:420] Coordinator exits.
