TIGON_RUN_META system=ub workload=tpcc run_id=tpcc_001 host_id=1 repetition= mode=one-sided query=payment transport=ubq partitions=2 workers=1 keys= rw_ratio= zipf= cross_ratio= neworder_dist=100 payment_dist=100 warmup_seconds=5 run_seconds=15 total_seconds=20 logging=off
I20260924 10:16:52.826929 1775362 UBMemory.cpp:138] UB memory initialized: local_region=1 regions=2 mode=one-sided bytes_per_region=2147483648
I20260924 10:16:52.827003 1775362 Database.h:170] creating hash tables for database...
I20260924 10:16:52.828984 1775362 Database.h:150] warehouse initialization finished in 1 milliseconds.
I20260924 10:16:52.829146 1775362 Database.h:150] district initialization finished in 0 milliseconds.
I20260924 10:16:52.938798 1775362 Database.h:150] customer initialization finished in 109 milliseconds.
I20260924 10:16:52.960769 1775362 Database.h:150] customer_name_idx initialization finished in 21 milliseconds.
I20260924 10:16:52.977339 1775362 Database.h:150] history initialization finished in 16 milliseconds.
I20260924 10:16:53.725195 1775362 Database.h:150] new_order initialization finished in 747 milliseconds.
I20260924 10:16:53.736261 1775362 Database.h:150] order initialization finished in 11 milliseconds.
I20260924 10:17:01.828768 1775362 Database.h:150] order_cust initialization finished in 8092 milliseconds.
I20260924 10:20:23.645303 1775362 Database.h:150] order_line initialization finished in 201816 milliseconds.
I20260924 10:20:23.645435 1775362 Database.h:150] item initialization finished in 0 milliseconds.
I20260924 10:20:23.856007 1775362 Database.h:150] stock initialization finished in 210 milliseconds.
I20260924 10:20:23.913028 1775362 Database.h:760] TPC-C consistency check passed!
I20260924 10:20:23.914757 1775362 Coordinator.h:459] Coordinator 1 initializes UB inbox with 4096 entries of 8192 bytes
I20260924 10:20:23.914822 1775362 Coordinator.h:100] WAL Group Commiting off. Log to file _non_group_commit.txt using Blackhole Logger
I20260924 10:20:23.914829 1775362 Coordinator.h:104] Coordinator initializes 1 workers.
I20260924 10:20:23.915540 1776972 Coordinator.h:505] Listener 0 on coordinator 1 listening on 76.53.137.99:10010 tcp_no_delay 1 tcp_quick_ack 0
I20260924 10:20:23.915571 1775362 Socket.h:69] Disabling nagle
I20260924 10:20:23.915596 1775362 Coordinator.h:560] Coordinator 1 connected to 0
I20260924 10:20:26.375200 1776972 Socket.h:69] Disabling nagle
I20260924 10:20:26.375233 1776972 Coordinator.h:520] Listener accepted connection from coordinator 0
I20260924 10:20:26.375239 1776972 Coordinator.h:523] Listener 0 on coordinator 1 exits.
I20260924 10:20:26.376773 1775362 Coordinator.h:572] Coordinator 1 connected to all peers.
I20260924 10:20:26.376804 1775362 Dispatcher.h:41] IncomingDispatcher 0 coord_id 1
I20260924 10:20:26.376812 1775362 Dispatcher.h:234] OutgoingDispatcher 0 coord_id 1
I20260924 10:20:26.376880 1775362 Coordinator.h:669] pinned thread to core 0
I20260924 10:20:26.377027 1775362 Coordinator.h:669] pinned thread to core 1
I20260924 10:20:26.377064 1775362 Coordinator.h:219] Coordinator starts to run 2 workers.
I20260924 10:20:26.377183 1775362 Coordinator.h:669] pinned thread to core 2
I20260924 10:20:26.377350 1776995 Manager.h:232] Manager(worker id = 1) on the non-coordinator node started.
I20260924 10:20:26.377521 1776993 Dispatcher.h:246] Outgoing Dispatcher started, numCoordinators = 2, numWorkers = 2, group id = 0
I20260924 10:20:26.377524 1776992 Dispatcher.h:63] Incoming Dispatcher started, numCoordinators = 2, numWorkers = 1, group id = 0, coordinator = 1
I20260924 10:20:26.381510 1776994 Executor.h:79] Executor 0 starts.
I20260924 10:20:27.377702 1775362 Coordinator.h:310] commit: 10753 abort: 0 (0/0/0), persistence latency 0, txn latency 0, queued lock latency 0, lock latency 0, active_txns 0, n_failed_read_lock 0, n_failed_write_lock 0, n_failed_cmd_not_ready 0, n_failed_no_cmd 0, network size: 0, avg network size: 0, si_in_serializable: 0 0 %, local: 0 %, local_access: 21506, local_cxl_access: 0 (0%), remote_access: 10753, remote_access_with_req: 0 (0%), data_move_in: 0, data_move_out: 0
I20260924 10:20:28.378660 1775362 Coordinator.h:310] commit: 9921 abort: 0 (0/0/0), persistence latency 0, txn latency 0, queued lock latency 0, lock latency 0, active_txns 0, n_failed_read_lock 0, n_failed_write_lock 0, n_failed_cmd_not_ready 0, n_failed_no_cmd 0, network size: 0, avg network size: 0, si_in_serializable: 0 0 %, local: 0 %, local_access: 19844, local_cxl_access: 0 (0%), remote_access: 9922, remote_access_with_req: 0 (0%), data_move_in: 0, data_move_out: 0
I20260924 10:20:29.378952 1775362 Coordinator.h:310] commit: 10187 abort: 0 (0/0/0), persistence latency 0, txn latency 0, queued lock latency 0, lock latency 0, active_txns 0, n_failed_read_lock 0, n_failed_write_lock 0, n_failed_cmd_not_ready 0, n_failed_no_cmd 0, network size: 0, avg network size: 0, si_in_serializable: 0 0 %, local: 0 %, local_access: 20372, local_cxl_access: 0 (0%), remote_access: 10186, remote_access_with_req: 0 (0%), data_move_in: 0, data_move_out: 0
I20260924 10:20:30.379052 1775362 Coordinator.h:310] commit: 10221 abort: 0 (0/0/0), persistence latency 0, txn latency 0, queued lock latency 0, lock latency 0, active_txns 0, n_failed_read_lock 0, n_failed_write_lock 0, n_failed_cmd_not_ready 0, n_failed_no_cmd 0, network size: 0, avg network size: 0, si_in_serializable: 0 0 %, local: 0 %, local_access: 20442, local_cxl_access: 0 (0%), remote_access: 10222, remote_access_with_req: 0 (0%), data_move_in: 0, data_move_out: 0
I20260924 10:20:31.379153 1775362 Coordinator.h:310] commit: 10045 abort: 0 (0/0/0), persistence latency 0, txn latency 0, queued lock latency 0, lock latency 0, active_txns 0, n_failed_read_lock 0, n_failed_write_lock 0, n_failed_cmd_not_ready 0, n_failed_no_cmd 0, network size: 0, avg network size: 0, si_in_serializable: 0 0 %, local: 0 %, local_access: 20090, local_cxl_access: 0 (0%), remote_access: 10045, remote_access_with_req: 0 (0%), data_move_in: 0, data_move_out: 0
I20260924 10:20:32.379374 1775362 Coordinator.h:310] commit: 9962 abort: 0 (0/0/0), persistence latency 0, txn latency 0, queued lock latency 0, lock latency 0, active_txns 0, n_failed_read_lock 0, n_failed_write_lock 0, n_failed_cmd_not_ready 0, n_failed_no_cmd 0, network size: 0, avg network size: 0, si_in_serializable: 0 0 %, local: 0 %, local_access: 19924, local_cxl_access: 0 (0%), remote_access: 9961, remote_access_with_req: 0 (0%), data_move_in: 0, data_move_out: 0
I20260924 10:20:33.379500 1775362 Coordinator.h:310] commit: 9809 abort: 0 (0/0/0), persistence latency 0, txn latency 0, queued lock latency 0, lock latency 0, active_txns 0, n_failed_read_lock 0, n_failed_write_lock 0, n_failed_cmd_not_ready 0, n_failed_no_cmd 0, network size: 0, avg network size: 0, si_in_serializable: 0 0 %, local: 0 %, local_access: 19618, local_cxl_access: 0 (0%), remote_access: 9809, remote_access_with_req: 0 (0%), data_move_in: 0, data_move_out: 0
I20260924 10:20:34.379772 1775362 Coordinator.h:310] commit: 13970 abort: 0 (0/0/0), persistence latency 0, txn latency 0, queued lock latency 0, lock latency 0, active_txns 0, n_failed_read_lock 0, n_failed_write_lock 0, n_failed_cmd_not_ready 0, n_failed_no_cmd 0, network size: 0, avg network size: 0, si_in_serializable: 0 0 %, local: 0 %, local_access: 27940, local_cxl_access: 0 (0%), remote_access: 13971, remote_access_with_req: 0 (0%), data_move_in: 0, data_move_out: 0
I20260924 10:20:35.380012 1775362 Coordinator.h:310] commit: 15320 abort: 0 (0/0/0), persistence latency 0, txn latency 0, queued lock latency 0, lock latency 0, active_txns 0, n_failed_read_lock 0, n_failed_write_lock 0, n_failed_cmd_not_ready 0, n_failed_no_cmd 0, network size: 0, avg network size: 0, si_in_serializable: 0 0 %, local: 0 %, local_access: 30640, local_cxl_access: 0 (0%), remote_access: 15319, remote_access_with_req: 0 (0%), data_move_in: 0, data_move_out: 0
I20260924 10:20:36.380141 1775362 Coordinator.h:310] commit: 15295 abort: 0 (0/0/0), persistence latency 0, txn latency 0, queued lock latency 0, lock latency 0, active_txns 0, n_failed_read_lock 0, n_failed_write_lock 0, n_failed_cmd_not_ready 0, n_failed_no_cmd 0, network size: 0, avg network size: 0, si_in_serializable: 0 0 %, local: 0 %, local_access: 30590, local_cxl_access: 0 (0%), remote_access: 15295, remote_access_with_req: 0 (0%), data_move_in: 0, data_move_out: 0
I20260924 10:20:37.380262 1775362 Coordinator.h:310] commit: 15223 abort: 0 (0/0/0), persistence latency 0, txn latency 0, queued lock latency 0, lock latency 0, active_txns 0, n_failed_read_lock 0, n_failed_write_lock 0, n_failed_cmd_not_ready 0, n_failed_no_cmd 0, network size: 0, avg network size: 0, si_in_serializable: 0 0 %, local: 0 %, local_access: 30446, local_cxl_access: 0 (0%), remote_access: 15223, remote_access_with_req: 0 (0%), data_move_in: 0, data_move_out: 0
I20260924 10:20:38.380502 1775362 Coordinator.h:310] commit: 15268 abort: 0 (0/0/0), persistence latency 0, txn latency 0, queued lock latency 0, lock latency 0, active_txns 0, n_failed_read_lock 0, n_failed_write_lock 0, n_failed_cmd_not_ready 0, n_failed_no_cmd 0, network size: 0, avg network size: 0, si_in_serializable: 0 0 %, local: 0 %, local_access: 30536, local_cxl_access: 0 (0%), remote_access: 15268, remote_access_with_req: 0 (0%), data_move_in: 0, data_move_out: 0
I20260924 10:20:39.380615 1775362 Coordinator.h:310] commit: 15421 abort: 0 (0/0/0), persistence latency 0, txn latency 0, queued lock latency 0, lock latency 0, active_txns 0, n_failed_read_lock 0, n_failed_write_lock 0, n_failed_cmd_not_ready 0, n_failed_no_cmd 0, network size: 0, avg network size: 0, si_in_serializable: 0 0 %, local: 0 %, local_access: 30842, local_cxl_access: 0 (0%), remote_access: 15422, remote_access_with_req: 0 (0%), data_move_in: 0, data_move_out: 0
I20260924 10:20:40.380846 1775362 Coordinator.h:310] commit: 15229 abort: 0 (0/0/0), persistence latency 0, txn latency 0, queued lock latency 0, lock latency 0, active_txns 0, n_failed_read_lock 0, n_failed_write_lock 0, n_failed_cmd_not_ready 0, n_failed_no_cmd 0, network size: 0, avg network size: 0, si_in_serializable: 0 0 %, local: 0 %, local_access: 30458, local_cxl_access: 0 (0%), remote_access: 15229, remote_access_with_req: 0 (0%), data_move_in: 0, data_move_out: 0
I20260924 10:20:41.380939 1775362 Coordinator.h:310] commit: 15293 abort: 0 (0/0/0), persistence latency 0, txn latency 0, queued lock latency 0, lock latency 0, active_txns 0, n_failed_read_lock 0, n_failed_write_lock 0, n_failed_cmd_not_ready 0, n_failed_no_cmd 0, network size: 0, avg network size: 0, si_in_serializable: 0 0 %, local: 0 %, local_access: 30586, local_cxl_access: 0 (0%), remote_access: 15292, remote_access_with_req: 0 (0%), data_move_in: 0, data_move_out: 0
I20260924 10:20:42.381033 1775362 Coordinator.h:310] commit: 15132 abort: 0 (0/0/0), persistence latency 0, txn latency 0, queued lock latency 0, lock latency 0, active_txns 0, n_failed_read_lock 0, n_failed_write_lock 0, n_failed_cmd_not_ready 0, n_failed_no_cmd 0, network size: 0, avg network size: 0, si_in_serializable: 0 0 %, local: 0 %, local_access: 30264, local_cxl_access: 0 (0%), remote_access: 15132, remote_access_with_req: 0 (0%), data_move_in: 0, data_move_out: 0
I20260924 10:20:43.381131 1775362 Coordinator.h:310] commit: 15283 abort: 0 (0/0/0), persistence latency 0, txn latency 0, queued lock latency 0, lock latency 0, active_txns 0, n_failed_read_lock 0, n_failed_write_lock 0, n_failed_cmd_not_ready 0, n_failed_no_cmd 0, network size: 0, avg network size: 0, si_in_serializable: 0 0 %, local: 0 %, local_access: 30566, local_cxl_access: 0 (0%), remote_access: 15283, remote_access_with_req: 0 (0%), data_move_in: 0, data_move_out: 0
I20260924 10:20:44.381361 1775362 Coordinator.h:310] commit: 15276 abort: 0 (0/0/0), persistence latency 0, txn latency 0, queued lock latency 0, lock latency 0, active_txns 0, n_failed_read_lock 0, n_failed_write_lock 0, n_failed_cmd_not_ready 0, n_failed_no_cmd 0, network size: 0, avg network size: 0, si_in_serializable: 0 0 %, local: 0 %, local_access: 30552, local_cxl_access: 0 (0%), remote_access: 15277, remote_access_with_req: 0 (0%), data_move_in: 0, data_move_out: 0
I20260924 10:20:45.381461 1775362 Coordinator.h:310] commit: 15167 abort: 0 (0/0/0), persistence latency 0, txn latency 0, queued lock latency 0, lock latency 0, active_txns 0, n_failed_read_lock 0, n_failed_write_lock 0, n_failed_cmd_not_ready 0, n_failed_no_cmd 0, network size: 0, avg network size: 0, si_in_serializable: 0 0 %, local: 0 %, local_access: 30334, local_cxl_access: 0 (0%), remote_access: 15166, remote_access_with_req: 0 (0%), data_move_in: 0, data_move_out: 0
I20260924 10:20:46.383442 1775362 Coordinator.h:310] commit: 15077 abort: 0 (0/0/0), persistence latency 0, txn latency 0, queued lock latency 0, lock latency 0, active_txns 0, n_failed_read_lock 0, n_failed_write_lock 0, n_failed_cmd_not_ready 0, n_failed_no_cmd 0, network size: 0, avg network size: 0, si_in_serializable: 0 0 %, local: 0 %, local_access: 30154, local_cxl_access: 0 (0%), remote_access: 15077, remote_access_with_req: 0 (0%), data_move_in: 0, data_move_out: 0
I20260924 10:20:46.383476 1775362 Coordinator.h:348] average commit: 14448.3 abort: 0 (0/0/0), abort_rate: 0, network size: 0, avg network size: 0, si_in_serializable: 0 0 %, local: 0 %, local_access: 433450, local_cxl_access: 0 (0%), remote_access: 216724, remote_access_with_req: 0 (0%), data_move_in: 0, data_move_out: 0
I20260924 10:20:46.383486 1775362 Executor.h:236] Worker 0 latency: 47 us (50%) 55 us (75%) 190 us (95%) 379 us (99%). dist txn latency: 47 us (50%) 54 us (75%) 179 us (95%) 368 us (99%)  avg 66 us . local txn latency: 0 us (50%) 0 us (75%) 0 us (95%) 0 us (99%)  avg 0 us. txn commit latency: 47 us (50%) 54 us (75%) 182 us (95%) 374 us (99%) avg 66 us.
 LOCAL txn stall 0 us,  local_work 0 us,  remote_work 0 us,  commit_work 0 us,  commit_prepare 0 us,  commit_persistence 0 us,  commit_write_back 0 us,  commit_replication 0 us,  commit_release_lock 0 us 
 DIST txn stall 0 us,  local_work 115 us,  remote_work 0 us,  commit_work 6 us,  commit_prepare 1 us,  commit_persistence 0 us,  commit_write_back 1 us,  commit_replication 0 us,  commit_release_lock 1 us 
I20260924 10:20:46.385704 1775362 Executor.h:267] message stats, type: 0 count: 0 total size: 0
I20260924 10:20:46.385731 1775362 Executor.h:267] message stats, type: 1 count: 0 total size: 0
I20260924 10:20:46.385771 1775362 Executor.h:267] message stats, type: 2 count: 0 total size: 0
I20260924 10:20:46.385774 1775362 Executor.h:267] message stats, type: 3 count: 0 total size: 0
I20260924 10:20:46.385778 1775362 Executor.h:267] message stats, type: 4 count: 0 total size: 0
I20260924 10:20:46.385788 1775362 Executor.h:267] message stats, type: 5 count: 0 total size: 0
I20260924 10:20:46.385792 1775362 Executor.h:267] message stats, type: 6 count: 0 total size: 0
I20260924 10:20:46.385795 1775362 Executor.h:267] message stats, type: 7 count: 0 total size: 0
I20260924 10:20:46.385799 1775362 Executor.h:267] message stats, type: 8 count: 0 total size: 0
I20260924 10:20:46.385802 1775362 Executor.h:267] message stats, type: 9 count: 0 total size: 0
I20260924 10:20:46.385811 1775362 Executor.h:267] message stats, type: 10 count: 0 total size: 0
I20260924 10:20:46.385816 1775362 Executor.h:267] message stats, type: 11 count: 0 total size: 0
I20260924 10:20:46.392087 1776995 Manager.h:234] Manager(worker id = 1) on the non-coordinator node exits.
I20260924 10:20:46.392086 1776994 Executor.h:231] Executor 0 exits.
I20260924 10:20:46.393302 1775362 CXLMemory.h:227] local CXL memory usage: size_index_usage: 0 size_metadata_usage: 0 size_data_usage: 0 size_transport_usage: 0 size_misc_usage: 0 total_size_hw_cc_usage: 0 total_usage: 0
I20260924 10:20:46.393339 1776993 Dispatcher.h:261] Handling coordinator message took 5
I20260924 10:20:47.393399 1776992 Dispatcher.h:160] Incoming Dispatcher exits, network size: 132. socket_message_recv_latency(50th) 0 socket_message_recv_latency(75th) 0 socket_message_recv_latency(95th) 0 socket_message_recv_latency(99th) 0 internal_message_recv_latency(50th) 0 socket_message_recv_cnt 0 socket_read_syscall 0 internal_message_recv_cnt 0
I20260924 10:20:47.393404 1776993 Dispatcher.h:292] Outgoing Dispatcher exits, network size: 252. msg_send_latency(50th) 0 msg_send_latency(75th) 0 msg_send_latency(95th) 0 msg_send_latency(99th) 0 msg_send_latency(avg) 0 msg_gen_to_sent_latency(50th) 0 msg_gen_to_sent_latency(75th) 0 msg_gen_to_sent_latency(95th) 0 msg_gen_to_sent_latency(99th) 0 msg_gen_to_queue_latency(50th) 0 msg_gen_to_queue_latency(75th) 0 msg_gen_to_queue_latency(95th) 0 msg_gen_to_queue_latency(99th) 0 msg_disp_ltc(50th) 0 msg_disp_ltc(75th) 0 msg_disp_ltc(95th) 0 msg_disp_ltc(99th) 0 msg_disp_ltc(100th) 0 send_ltc(50th) 0 send_ltc(75th) 0 send_ltc(95th) 0 send_ltc(99th) 0 send_ltc(100th) 0 send_ltc(avg) 0 sendto_cnt 3 network_size 252 network_msg_cnt 2 network_msg_group_size avg 0 50th 0 internal_network_size 0 internal_network_msg_cnt 0
I20260924 10:20:50.666882 1775362 Coordinator.h:420] Coordinator exits.
TIGON_RUN_END run_id=tpcc_001 host_id=1 status=ok exit_code=0
