TIGON_RUN_META system=ub workload=ycsb run_id=ycsb_matrix host_id=1 repetition= mode=nocache query=rmw transport=tcp partitions=2 workers=1 keys=200000 rw_ratio=80 zipf=0 cross_ratio=100 neworder_dist= payment_dist= warmup_seconds=5 run_seconds=15 total_seconds=20 logging=off
[2026-09-23 18:44:34.924 +08:00][ERROR][1403739][281473100140576][shm_ipc_command.cpp:183] IpcCallShmMap response error : 606
[2026-09-23 18:44:34.924 +08:00][ERROR][1403739][281473100140576][RackMemShm.cpp:322] Failed to mmap, name=ycsb_matrix_nocache_rmw_tcp_0, mapSize=536870912, ret=606
[2026-09-23 18:44:34.924 +08:00][ERROR][1403739][281473100140576][mxmem_shmem.cpp:473] Failed to mmap shared memory, ret=606
[2026-09-23 18:44:35.027 +08:00][ERROR][1403739][281473100140576][shm_ipc_command.cpp:183] IpcCallShmMap response error : 606
[2026-09-23 18:44:35.028 +08:00][ERROR][1403739][281473100140576][RackMemShm.cpp:322] Failed to mmap, name=ycsb_matrix_nocache_rmw_tcp_0, mapSize=536870912, ret=606
[2026-09-23 18:44:35.028 +08:00][ERROR][1403739][281473100140576][mxmem_shmem.cpp:473] Failed to mmap shared memory, ret=606
[2026-09-23 18:44:35.129 +08:00][ERROR][1403739][281473100140576][shm_ipc_command.cpp:183] IpcCallShmMap response error : 606
[2026-09-23 18:44:35.129 +08:00][ERROR][1403739][281473100140576][RackMemShm.cpp:322] Failed to mmap, name=ycsb_matrix_nocache_rmw_tcp_0, mapSize=536870912, ret=606
[2026-09-23 18:44:35.129 +08:00][ERROR][1403739][281473100140576][mxmem_shmem.cpp:473] Failed to mmap shared memory, ret=606
[2026-09-23 18:44:35.233 +08:00][ERROR][1403739][281473100140576][shm_ipc_command.cpp:183] IpcCallShmMap response error : 606
[2026-09-23 18:44:35.233 +08:00][ERROR][1403739][281473100140576][RackMemShm.cpp:322] Failed to mmap, name=ycsb_matrix_nocache_rmw_tcp_0, mapSize=536870912, ret=606
[2026-09-23 18:44:35.233 +08:00][ERROR][1403739][281473100140576][mxmem_shmem.cpp:473] Failed to mmap shared memory, ret=606
[2026-09-23 18:44:35.336 +08:00][ERROR][1403739][281473100140576][shm_ipc_command.cpp:183] IpcCallShmMap response error : 606
[2026-09-23 18:44:35.336 +08:00][ERROR][1403739][281473100140576][RackMemShm.cpp:322] Failed to mmap, name=ycsb_matrix_nocache_rmw_tcp_0, mapSize=536870912, ret=606
[2026-09-23 18:44:35.336 +08:00][ERROR][1403739][281473100140576][mxmem_shmem.cpp:473] Failed to mmap shared memory, ret=606
[2026-09-23 18:44:35.439 +08:00][ERROR][1403739][281473100140576][shm_ipc_command.cpp:183] IpcCallShmMap response error : 606
[2026-09-23 18:44:35.439 +08:00][ERROR][1403739][281473100140576][RackMemShm.cpp:322] Failed to mmap, name=ycsb_matrix_nocache_rmw_tcp_0, mapSize=536870912, ret=606
[2026-09-23 18:44:35.439 +08:00][ERROR][1403739][281473100140576][mxmem_shmem.cpp:473] Failed to mmap shared memory, ret=606
[2026-09-23 18:44:35.542 +08:00][ERROR][1403739][281473100140576][shm_ipc_command.cpp:183] IpcCallShmMap response error : 800
[2026-09-23 18:44:35.542 +08:00][ERROR][1403739][281473100140576][RackMemShm.cpp:322] Failed to mmap, name=ycsb_matrix_nocache_rmw_tcp_0, mapSize=536870912, ret=800
[2026-09-23 18:44:35.542 +08:00][ERROR][1403739][281473100140576][mxmem_shmem.cpp:473] Failed to mmap shared memory, ret=800
TIGON_RUN_END run_id=ycsb_matrix host_id=1 status=ok exit_code=0
