TIGON_RUN_META system=ub workload=ycsb run_id=cmp_951_y_rw95_c50_r2 host_id=1 repetition=2 mode=one-sided query=rmw transport=ubq partitions=2 workers=3 keys=300000 rw_ratio=95 zipf=0.7 cross_ratio=50 neworder_dist= payment_dist= warmup_seconds=30 run_seconds=30 total_seconds=60 logging=off
I20260924 11:55:43.913589 1818355 bench_ycsb.cpp:68] RW_RATIO = 95, ZIPF_THETA = 0.7, CROSS_RATIO = 50
I20260924 11:55:43.914641 1818355 bench_ycsb.cpp:69] checkpoint 0 to 
I20260924 11:55:43.914649 1818355 bench_ycsb.cpp:70] cross_part_num 2
I20260924 11:55:43.914652 1818355 bench_ycsb.cpp:71] lotus_sp_parallel_exec_commit 0
I20260924 11:55:43.914659 1818355 bench_ycsb.cpp:72] granules_per_partition 1
I20260924 11:55:43.914664 1818355 bench_ycsb.cpp:73] keysPerGranule 300000
[2026-09-24 11:55:44.357 +08:00][ERROR][1818355][281473826344992][shm_ipc_command.cpp:183] IpcCallShmMap response error : 606
[2026-09-24 11:55:44.357 +08:00][ERROR][1818355][281473826344992][RackMemShm.cpp:322] Failed to mmap, name=u15abd79b_one-sided_rmw_ubq_0, mapSize=2147483648, ret=606
[2026-09-24 11:55:44.357 +08:00][ERROR][1818355][281473826344992][mxmem_shmem.cpp:473] Failed to mmap shared memory, ret=606
[2026-09-24 11:55:44.460 +08:00][ERROR][1818355][281473826344992][shm_ipc_command.cpp:183] IpcCallShmMap response error : 606
[2026-09-24 11:55:44.460 +08:00][ERROR][1818355][281473826344992][RackMemShm.cpp:322] Failed to mmap, name=u15abd79b_one-sided_rmw_ubq_0, mapSize=2147483648, ret=606
[2026-09-24 11:55:44.460 +08:00][ERROR][1818355][281473826344992][mxmem_shmem.cpp:473] Failed to mmap shared memory, ret=606
[2026-09-24 11:55:44.564 +08:00][ERROR][1818355][281473826344992][shm_ipc_command.cpp:183] IpcCallShmMap response error : 800
[2026-09-24 11:55:44.564 +08:00][ERROR][1818355][281473826344992][RackMemShm.cpp:322] Failed to mmap, name=u15abd79b_one-sided_rmw_ubq_0, mapSize=2147483648, ret=800
[2026-09-24 11:55:44.564 +08:00][ERROR][1818355][281473826344992][mxmem_shmem.cpp:473] Failed to mmap shared memory, ret=800
[2026-09-24 11:55:44.668 +08:00][ERROR][1818355][281473826344992][shm_ipc_command.cpp:183] IpcCallShmMap response error : 800
[2026-09-24 11:55:44.668 +08:00][ERROR][1818355][281473826344992][RackMemShm.cpp:322] Failed to mmap, name=u15abd79b_one-sided_rmw_ubq_0, mapSize=2147483648, ret=800
[2026-09-24 11:55:44.668 +08:00][ERROR][1818355][281473826344992][mxmem_shmem.cpp:473] Failed to mmap shared memory, ret=800
[2026-09-24 11:55:44.771 +08:00][ERROR][1818355][281473826344992][shm_ipc_command.cpp:183] IpcCallShmMap response error : 800
[2026-09-24 11:55:44.772 +08:00][ERROR][1818355][281473826344992][RackMemShm.cpp:322] Failed to mmap, name=u15abd79b_one-sided_rmw_ubq_0, mapSize=2147483648, ret=800
[2026-09-24 11:55:44.772 +08:00][ERROR][1818355][281473826344992][mxmem_shmem.cpp:473] Failed to mmap shared memory, ret=800
[2026-09-24 11:55:44.876 +08:00][ERROR][1818355][281473826344992][shm_ipc_command.cpp:183] IpcCallShmMap response error : 800
[2026-09-24 11:55:44.876 +08:00][ERROR][1818355][281473826344992][RackMemShm.cpp:322] Failed to mmap, name=u15abd79b_one-sided_rmw_ubq_0, mapSize=2147483648, ret=800
[2026-09-24 11:55:44.876 +08:00][ERROR][1818355][281473826344992][mxmem_shmem.cpp:473] Failed to mmap shared memory, ret=800
[2026-09-24 11:55:44.979 +08:00][ERROR][1818355][281473826344992][shm_ipc_command.cpp:183] IpcCallShmMap response error : 800
[2026-09-24 11:55:44.979 +08:00][ERROR][1818355][281473826344992][RackMemShm.cpp:322] Failed to mmap, name=u15abd79b_one-sided_rmw_ubq_0, mapSize=2147483648, ret=800
[2026-09-24 11:55:44.979 +08:00][ERROR][1818355][281473826344992][mxmem_shmem.cpp:473] Failed to mmap shared memory, ret=800
[2026-09-24 11:55:45.082 +08:00][ERROR][1818355][281473826344992][shm_ipc_command.cpp:183] IpcCallShmMap response error : 800
[2026-09-24 11:55:45.082 +08:00][ERROR][1818355][281473826344992][RackMemShm.cpp:322] Failed to mmap, name=u15abd79b_one-sided_rmw_ubq_0, mapSize=2147483648, ret=800
[2026-09-24 11:55:45.082 +08:00][ERROR][1818355][281473826344992][mxmem_shmem.cpp:473] Failed to mmap shared memory, ret=800
I20260924 11:55:45.251516 1818355 UBMemory.cpp:138] UB memory initialized: local_region=1 regions=2 mode=one-sided bytes_per_region=2147483648
I20260924 11:55:47.640615 1818355 Database.h:82] ycsb initialization finished in 2389 milliseconds.
I20260924 11:55:47.641269 1818355 Coordinator.h:459] Coordinator 1 initializes UB inbox with 4096 entries of 8192 bytes
I20260924 11:55:47.641322 1818355 Coordinator.h:100] WAL Group Commiting off. Log to file _non_group_commit.txt using Blackhole Logger
I20260924 11:55:47.641330 1818355 Coordinator.h:104] Coordinator initializes 3 workers.
I20260924 11:55:47.643523 1818380 Coordinator.h:505] Listener 0 on coordinator 1 listening on 76.53.137.99:10010 tcp_no_delay 1 tcp_quick_ack 0
I20260924 11:55:47.643837 1818355 Coordinator.h:551] Coordinator 1 failed to connect 0(76.53.137.98:10010)'s listener 0, retry in 5 seconds.
I20260924 11:55:47.704700 1818380 Socket.h:69] Disabling nagle
I20260924 11:55:47.704725 1818380 Coordinator.h:520] Listener accepted connection from coordinator 0
I20260924 11:55:47.704730 1818380 Coordinator.h:523] Listener 0 on coordinator 1 exits.
I20260924 11:55:52.644408 1818355 Socket.h:69] Disabling nagle
I20260924 11:55:52.644436 1818355 Coordinator.h:560] Coordinator 1 connected to 0
I20260924 11:55:52.644460 1818355 Coordinator.h:572] Coordinator 1 connected to all peers.
I20260924 11:55:52.644469 1818355 Dispatcher.h:41] IncomingDispatcher 0 coord_id 1
I20260924 11:55:52.644665 1818355 Dispatcher.h:234] OutgoingDispatcher 0 coord_id 1
I20260924 11:55:52.644719 1818355 Coordinator.h:669] pinned thread to core 0
I20260924 11:55:52.644753 1818402 Dispatcher.h:63] Incoming Dispatcher started, numCoordinators = 2, numWorkers = 3, group id = 0, coordinator = 1
I20260924 11:55:52.644761 1818355 Coordinator.h:669] pinned thread to core 1
I20260924 11:55:52.644835 1818355 Coordinator.h:219] Coordinator starts to run 4 workers.
I20260924 11:55:52.644870 1818355 Coordinator.h:669] pinned thread to core 2
I20260924 11:55:52.645095 1818405 Executor.h:79] Executor 1 starts.
I20260924 11:55:52.644940 1818355 Coordinator.h:669] pinned thread to core 3
I20260924 11:55:52.645016 1818404 Executor.h:79] Executor 0 starts.
I20260924 11:55:52.645364 1818355 Coordinator.h:669] pinned thread to core 4
I20260924 11:55:52.644924 1818403 Dispatcher.h:246] Outgoing Dispatcher started, numCoordinators = 2, numWorkers = 4, group id = 0
I20260924 11:55:52.645538 1818407 Manager.h:232] Manager(worker id = 3) on the non-coordinator node started.
I20260924 11:55:52.645875 1818406 Executor.h:79] Executor 2 starts.
I20260924 11:55:53.646646 1818355 Coordinator.h:310] commit: 17070 abort: 29 (0/29/0), persistence latency 0, txn latency 0, queued lock latency 0, lock latency 0, active_txns 0, n_failed_read_lock 0, n_failed_write_lock 0, n_failed_cmd_not_ready 0, n_failed_no_cmd 0, network size: 0, avg network size: 0, si_in_serializable: 0 0 %, local: 0 %, local_access: 127905, local_cxl_access: 0 (0%), remote_access: 42957, remote_access_with_req: 0 (0%), data_move_in: 0, data_move_out: 0
I20260924 11:55:54.646977 1818355 Coordinator.h:310] commit: 17334 abort: 35 (0/35/0), persistence latency 0, txn latency 0, queued lock latency 0, lock latency 0, active_txns 0, n_failed_read_lock 0, n_failed_write_lock 0, n_failed_cmd_not_ready 0, n_failed_no_cmd 0, network size: 0, avg network size: 0, si_in_serializable: 0 0 %, local: 0 %, local_access: 130344, local_cxl_access: 0 (0%), remote_access: 43165, remote_access_with_req: 0 (0%), data_move_in: 0, data_move_out: 0
I20260924 11:55:55.647104 1818355 Coordinator.h:310] commit: 17413 abort: 41 (0/41/0), persistence latency 0, txn latency 0, queued lock latency 0, lock latency 0, active_txns 0, n_failed_read_lock 0, n_failed_write_lock 0, n_failed_cmd_not_ready 0, n_failed_no_cmd 0, network size: 0, avg network size: 0, si_in_serializable: 0 0 %, local: 0 %, local_access: 131082, local_cxl_access: 0 (0%), remote_access: 43244, remote_access_with_req: 0 (0%), data_move_in: 0, data_move_out: 0
I20260924 11:55:56.647200 1818355 Coordinator.h:310] commit: 17258 abort: 27 (0/27/0), persistence latency 0, txn latency 0, queued lock latency 0, lock latency 0, active_txns 0, n_failed_read_lock 0, n_failed_write_lock 0, n_failed_cmd_not_ready 0, n_failed_no_cmd 0, network size: 0, avg network size: 0, si_in_serializable: 0 0 %, local: 0 %, local_access: 129631, local_cxl_access: 0 (0%), remote_access: 43129, remote_access_with_req: 0 (0%), data_move_in: 0, data_move_out: 0
I20260924 11:55:57.647296 1818355 Coordinator.h:310] commit: 17341 abort: 23 (0/23/0), persistence latency 0, txn latency 0, queued lock latency 0, lock latency 0, active_txns 0, n_failed_read_lock 0, n_failed_write_lock 0, n_failed_cmd_not_ready 0, n_failed_no_cmd 0, network size: 0, avg network size: 0, si_in_serializable: 0 0 %, local: 0 %, local_access: 130185, local_cxl_access: 0 (0%), remote_access: 43343, remote_access_with_req: 0 (0%), data_move_in: 0, data_move_out: 0
I20260924 11:55:58.647390 1818355 Coordinator.h:310] commit: 17078 abort: 45 (0/45/0), persistence latency 0, txn latency 0, queued lock latency 0, lock latency 0, active_txns 0, n_failed_read_lock 0, n_failed_write_lock 0, n_failed_cmd_not_ready 0, n_failed_no_cmd 0, network size: 0, avg network size: 0, si_in_serializable: 0 0 %, local: 0 %, local_access: 127764, local_cxl_access: 0 (0%), remote_access: 43244, remote_access_with_req: 0 (0%), data_move_in: 0, data_move_out: 0
I20260924 11:55:59.647485 1818355 Coordinator.h:310] commit: 17301 abort: 49 (0/49/0), persistence latency 0, txn latency 0, queued lock latency 0, lock latency 0, active_txns 0, n_failed_read_lock 0, n_failed_write_lock 0, n_failed_cmd_not_ready 0, n_failed_no_cmd 0, network size: 0, avg network size: 0, si_in_serializable: 0 0 %, local: 0 %, local_access: 129841, local_cxl_access: 0 (0%), remote_access: 43448, remote_access_with_req: 0 (0%), data_move_in: 0, data_move_out: 0
I20260924 11:56:00.647579 1818355 Coordinator.h:310] commit: 17298 abort: 46 (0/46/0), persistence latency 0, txn latency 0, queued lock latency 0, lock latency 0, active_txns 0, n_failed_read_lock 0, n_failed_write_lock 0, n_failed_cmd_not_ready 0, n_failed_no_cmd 0, network size: 0, avg network size: 0, si_in_serializable: 0 0 %, local: 0 %, local_access: 129817, local_cxl_access: 0 (0%), remote_access: 43372, remote_access_with_req: 0 (0%), data_move_in: 0, data_move_out: 0
I20260924 11:56:01.647673 1818355 Coordinator.h:310] commit: 17181 abort: 29 (0/29/0), persistence latency 0, txn latency 0, queued lock latency 0, lock latency 0, active_txns 0, n_failed_read_lock 0, n_failed_write_lock 0, n_failed_cmd_not_ready 0, n_failed_no_cmd 0, network size: 0, avg network size: 0, si_in_serializable: 0 0 %, local: 0 %, local_access: 128551, local_cxl_access: 0 (0%), remote_access: 43433, remote_access_with_req: 0 (0%), data_move_in: 0, data_move_out: 0
I20260924 11:56:02.647776 1818355 Coordinator.h:310] commit: 17340 abort: 52 (0/52/0), persistence latency 0, txn latency 0, queued lock latency 0, lock latency 0, active_txns 0, n_failed_read_lock 0, n_failed_write_lock 0, n_failed_cmd_not_ready 0, n_failed_no_cmd 0, network size: 0, avg network size: 0, si_in_serializable: 0 0 %, local: 0 %, local_access: 130371, local_cxl_access: 0 (0%), remote_access: 43291, remote_access_with_req: 0 (0%), data_move_in: 0, data_move_out: 0
I20260924 11:56:03.648026 1818355 Coordinator.h:310] commit: 17263 abort: 49 (0/49/0), persistence latency 0, txn latency 0, queued lock latency 0, lock latency 0, active_txns 0, n_failed_read_lock 0, n_failed_write_lock 0, n_failed_cmd_not_ready 0, n_failed_no_cmd 0, network size: 0, avg network size: 0, si_in_serializable: 0 0 %, local: 0 %, local_access: 129732, local_cxl_access: 0 (0%), remote_access: 43114, remote_access_with_req: 0 (0%), data_move_in: 0, data_move_out: 0
I20260924 11:56:04.648168 1818355 Coordinator.h:310] commit: 17070 abort: 49 (0/49/0), persistence latency 0, txn latency 0, queued lock latency 0, lock latency 0, active_txns 0, n_failed_read_lock 0, n_failed_write_lock 0, n_failed_cmd_not_ready 0, n_failed_no_cmd 0, network size: 0, avg network size: 0, si_in_serializable: 0 0 %, local: 0 %, local_access: 127769, local_cxl_access: 0 (0%), remote_access: 43171, remote_access_with_req: 0 (0%), data_move_in: 0, data_move_out: 0
I20260924 11:56:05.648293 1818355 Coordinator.h:310] commit: 17353 abort: 32 (0/32/0), persistence latency 0, txn latency 0, queued lock latency 0, lock latency 0, active_txns 0, n_failed_read_lock 0, n_failed_write_lock 0, n_failed_cmd_not_ready 0, n_failed_no_cmd 0, network size: 0, avg network size: 0, si_in_serializable: 0 0 %, local: 0 %, local_access: 130404, local_cxl_access: 0 (0%), remote_access: 43296, remote_access_with_req: 0 (0%), data_move_in: 0, data_move_out: 0
I20260924 11:56:06.648515 1818355 Coordinator.h:310] commit: 17305 abort: 42 (0/42/0), persistence latency 0, txn latency 0, queued lock latency 0, lock latency 0, active_txns 0, n_failed_read_lock 0, n_failed_write_lock 0, n_failed_cmd_not_ready 0, n_failed_no_cmd 0, network size: 0, avg network size: 0, si_in_serializable: 0 0 %, local: 0 %, local_access: 129827, local_cxl_access: 0 (0%), remote_access: 43390, remote_access_with_req: 0 (0%), data_move_in: 0, data_move_out: 0
I20260924 11:56:07.648741 1818355 Coordinator.h:310] commit: 17237 abort: 49 (0/49/0), persistence latency 0, txn latency 0, queued lock latency 0, lock latency 0, active_txns 0, n_failed_read_lock 0, n_failed_write_lock 0, n_failed_cmd_not_ready 0, n_failed_no_cmd 0, network size: 0, avg network size: 0, si_in_serializable: 0 0 %, local: 0 %, local_access: 129149, local_cxl_access: 0 (0%), remote_access: 43438, remote_access_with_req: 0 (0%), data_move_in: 0, data_move_out: 0
I20260924 11:56:08.648967 1818355 Coordinator.h:310] commit: 17151 abort: 64 (0/64/0), persistence latency 0, txn latency 0, queued lock latency 0, lock latency 0, active_txns 0, n_failed_read_lock 0, n_failed_write_lock 0, n_failed_cmd_not_ready 0, n_failed_no_cmd 0, network size: 0, avg network size: 0, si_in_serializable: 0 0 %, local: 0 %, local_access: 128408, local_cxl_access: 0 (0%), remote_access: 43341, remote_access_with_req: 0 (0%), data_move_in: 0, data_move_out: 0
I20260924 11:56:09.649065 1818355 Coordinator.h:310] commit: 17507 abort: 43 (0/43/0), persistence latency 0, txn latency 0, queued lock latency 0, lock latency 0, active_txns 0, n_failed_read_lock 0, n_failed_write_lock 0, n_failed_cmd_not_ready 0, n_failed_no_cmd 0, network size: 0, avg network size: 0, si_in_serializable: 0 0 %, local: 0 %, local_access: 131749, local_cxl_access: 0 (0%), remote_access: 43504, remote_access_with_req: 0 (0%), data_move_in: 0, data_move_out: 0
I20260924 11:56:10.649287 1818355 Coordinator.h:310] commit: 17495 abort: 32 (0/32/0), persistence latency 0, txn latency 0, queued lock latency 0, lock latency 0, active_txns 0, n_failed_read_lock 0, n_failed_write_lock 0, n_failed_cmd_not_ready 0, n_failed_no_cmd 0, network size: 0, avg network size: 0, si_in_serializable: 0 0 %, local: 0 %, local_access: 131779, local_cxl_access: 0 (0%), remote_access: 43334, remote_access_with_req: 0 (0%), data_move_in: 0, data_move_out: 0
I20260924 11:56:11.649518 1818355 Coordinator.h:310] commit: 17265 abort: 44 (0/44/0), persistence latency 0, txn latency 0, queued lock latency 0, lock latency 0, active_txns 0, n_failed_read_lock 0, n_failed_write_lock 0, n_failed_cmd_not_ready 0, n_failed_no_cmd 0, network size: 0, avg network size: 0, si_in_serializable: 0 0 %, local: 0 %, local_access: 129471, local_cxl_access: 0 (0%), remote_access: 43405, remote_access_with_req: 0 (0%), data_move_in: 0, data_move_out: 0
I20260924 11:56:12.651496 1818355 Coordinator.h:310] commit: 17125 abort: 35 (0/35/0), persistence latency 0, txn latency 0, queued lock latency 0, lock latency 0, active_txns 0, n_failed_read_lock 0, n_failed_write_lock 0, n_failed_cmd_not_ready 0, n_failed_no_cmd 0, network size: 0, avg network size: 0, si_in_serializable: 0 0 %, local: 0 %, local_access: 127940, local_cxl_access: 0 (0%), remote_access: 43462, remote_access_with_req: 0 (0%), data_move_in: 0, data_move_out: 0
I20260924 11:56:13.651724 1818355 Coordinator.h:310] commit: 17119 abort: 86 (0/86/0), persistence latency 0, txn latency 0, queued lock latency 0, lock latency 0, active_txns 0, n_failed_read_lock 0, n_failed_write_lock 0, n_failed_cmd_not_ready 0, n_failed_no_cmd 0, network size: 0, avg network size: 0, si_in_serializable: 0 0 %, local: 0 %, local_access: 128234, local_cxl_access: 0 (0%), remote_access: 43367, remote_access_with_req: 0 (0%), data_move_in: 0, data_move_out: 0
I20260924 11:56:14.651859 1818355 Coordinator.h:310] commit: 17537 abort: 71 (0/71/0), persistence latency 0, txn latency 0, queued lock latency 0, lock latency 0, active_txns 0, n_failed_read_lock 0, n_failed_write_lock 0, n_failed_cmd_not_ready 0, n_failed_no_cmd 0, network size: 0, avg network size: 0, si_in_serializable: 0 0 %, local: 0 %, local_access: 132440, local_cxl_access: 0 (0%), remote_access: 43351, remote_access_with_req: 0 (0%), data_move_in: 0, data_move_out: 0
I20260924 11:56:15.651988 1818355 Coordinator.h:310] commit: 17340 abort: 34 (0/34/0), persistence latency 0, txn latency 0, queued lock latency 0, lock latency 0, active_txns 0, n_failed_read_lock 0, n_failed_write_lock 0, n_failed_cmd_not_ready 0, n_failed_no_cmd 0, network size: 0, avg network size: 0, si_in_serializable: 0 0 %, local: 0 %, local_access: 130110, local_cxl_access: 0 (0%), remote_access: 43465, remote_access_with_req: 0 (0%), data_move_in: 0, data_move_out: 0
I20260924 11:56:16.652081 1818355 Coordinator.h:310] commit: 17087 abort: 32 (0/32/0), persistence latency 0, txn latency 0, queued lock latency 0, lock latency 0, active_txns 0, n_failed_read_lock 0, n_failed_write_lock 0, n_failed_cmd_not_ready 0, n_failed_no_cmd 0, network size: 0, avg network size: 0, si_in_serializable: 0 0 %, local: 0 %, local_access: 127747, local_cxl_access: 0 (0%), remote_access: 43270, remote_access_with_req: 0 (0%), data_move_in: 0, data_move_out: 0
I20260924 11:56:17.652305 1818355 Coordinator.h:310] commit: 17168 abort: 22 (0/22/0), persistence latency 0, txn latency 0, queued lock latency 0, lock latency 0, active_txns 0, n_failed_read_lock 0, n_failed_write_lock 0, n_failed_cmd_not_ready 0, n_failed_no_cmd 0, network size: 0, avg network size: 0, si_in_serializable: 0 0 %, local: 0 %, local_access: 128382, local_cxl_access: 0 (0%), remote_access: 43388, remote_access_with_req: 0 (0%), data_move_in: 0, data_move_out: 0
I20260924 11:56:18.652422 1818355 Coordinator.h:310] commit: 17402 abort: 40 (0/40/0), persistence latency 0, txn latency 0, queued lock latency 0, lock latency 0, active_txns 0, n_failed_read_lock 0, n_failed_write_lock 0, n_failed_cmd_not_ready 0, n_failed_no_cmd 0, network size: 0, avg network size: 0, si_in_serializable: 0 0 %, local: 0 %, local_access: 131058, local_cxl_access: 0 (0%), remote_access: 43208, remote_access_with_req: 0 (0%), data_move_in: 0, data_move_out: 0
I20260924 11:56:19.652536 1818355 Coordinator.h:310] commit: 17425 abort: 49 (0/49/0), persistence latency 0, txn latency 0, queued lock latency 0, lock latency 0, active_txns 0, n_failed_read_lock 0, n_failed_write_lock 0, n_failed_cmd_not_ready 0, n_failed_no_cmd 0, network size: 0, avg network size: 0, si_in_serializable: 0 0 %, local: 0 %, local_access: 131182, local_cxl_access: 0 (0%), remote_access: 43314, remote_access_with_req: 0 (0%), data_move_in: 0, data_move_out: 0
I20260924 11:56:20.652757 1818355 Coordinator.h:310] commit: 17344 abort: 41 (0/41/0), persistence latency 0, txn latency 0, queued lock latency 0, lock latency 0, active_txns 0, n_failed_read_lock 0, n_failed_write_lock 0, n_failed_cmd_not_ready 0, n_failed_no_cmd 0, network size: 0, avg network size: 0, si_in_serializable: 0 0 %, local: 0 %, local_access: 130245, local_cxl_access: 0 (0%), remote_access: 43418, remote_access_with_req: 0 (0%), data_move_in: 0, data_move_out: 0
I20260924 11:56:21.652977 1818355 Coordinator.h:310] commit: 17461 abort: 35 (0/35/0), persistence latency 0, txn latency 0, queued lock latency 0, lock latency 0, active_txns 0, n_failed_read_lock 0, n_failed_write_lock 0, n_failed_cmd_not_ready 0, n_failed_no_cmd 0, network size: 0, avg network size: 0, si_in_serializable: 0 0 %, local: 0 %, local_access: 131289, local_cxl_access: 0 (0%), remote_access: 43517, remote_access_with_req: 0 (0%), data_move_in: 0, data_move_out: 0
I20260924 11:56:22.653200 1818355 Coordinator.h:310] commit: 17573 abort: 47 (0/47/0), persistence latency 0, txn latency 0, queued lock latency 0, lock latency 0, active_txns 0, n_failed_read_lock 0, n_failed_write_lock 0, n_failed_cmd_not_ready 0, n_failed_no_cmd 0, network size: 0, avg network size: 0, si_in_serializable: 0 0 %, local: 0 %, local_access: 132580, local_cxl_access: 0 (0%), remote_access: 43389, remote_access_with_req: 0 (0%), data_move_in: 0, data_move_out: 0
I20260924 11:56:23.653422 1818355 Coordinator.h:310] commit: 17393 abort: 28 (0/28/0), persistence latency 0, txn latency 0, queued lock latency 0, lock latency 0, active_txns 0, n_failed_read_lock 0, n_failed_write_lock 0, n_failed_cmd_not_ready 0, n_failed_no_cmd 0, network size: 0, avg network size: 0, si_in_serializable: 0 0 %, local: 0 %, local_access: 130538, local_cxl_access: 0 (0%), remote_access: 43534, remote_access_with_req: 0 (0%), data_move_in: 0, data_move_out: 0
I20260924 11:56:24.655092 1818355 Coordinator.h:310] commit: 17361 abort: 42 (0/42/0), persistence latency 0, txn latency 0, queued lock latency 0, lock latency 0, active_txns 0, n_failed_read_lock 0, n_failed_write_lock 0, n_failed_cmd_not_ready 0, n_failed_no_cmd 0, network size: 0, avg network size: 0, si_in_serializable: 0 0 %, local: 0 %, local_access: 130361, local_cxl_access: 0 (0%), remote_access: 43449, remote_access_with_req: 0 (0%), data_move_in: 0, data_move_out: 0
I20260924 11:56:25.655189 1818355 Coordinator.h:310] commit: 17137 abort: 36 (0/36/0), persistence latency 0, txn latency 0, queued lock latency 0, lock latency 0, active_txns 0, n_failed_read_lock 0, n_failed_write_lock 0, n_failed_cmd_not_ready 0, n_failed_no_cmd 0, network size: 0, avg network size: 0, si_in_serializable: 0 0 %, local: 0 %, local_access: 128110, local_cxl_access: 0 (0%), remote_access: 43454, remote_access_with_req: 0 (0%), data_move_in: 0, data_move_out: 0
I20260924 11:56:26.655283 1818355 Coordinator.h:310] commit: 17422 abort: 32 (0/32/0), persistence latency 0, txn latency 0, queued lock latency 0, lock latency 0, active_txns 0, n_failed_read_lock 0, n_failed_write_lock 0, n_failed_cmd_not_ready 0, n_failed_no_cmd 0, network size: 0, avg network size: 0, si_in_serializable: 0 0 %, local: 0 %, local_access: 130990, local_cxl_access: 0 (0%), remote_access: 43431, remote_access_with_req: 0 (0%), data_move_in: 0, data_move_out: 0
I20260924 11:56:27.655378 1818355 Coordinator.h:310] commit: 17302 abort: 25 (0/25/0), persistence latency 0, txn latency 0, queued lock latency 0, lock latency 0, active_txns 0, n_failed_read_lock 0, n_failed_write_lock 0, n_failed_cmd_not_ready 0, n_failed_no_cmd 0, network size: 0, avg network size: 0, si_in_serializable: 0 0 %, local: 0 %, local_access: 129674, local_cxl_access: 0 (0%), remote_access: 43465, remote_access_with_req: 0 (0%), data_move_in: 0, data_move_out: 0
I20260924 11:56:28.655472 1818355 Coordinator.h:310] commit: 17270 abort: 43 (0/43/0), persistence latency 0, txn latency 0, queued lock latency 0, lock latency 0, active_txns 0, n_failed_read_lock 0, n_failed_write_lock 0, n_failed_cmd_not_ready 0, n_failed_no_cmd 0, network size: 0, avg network size: 0, si_in_serializable: 0 0 %, local: 0 %, local_access: 129663, local_cxl_access: 0 (0%), remote_access: 43285, remote_access_with_req: 0 (0%), data_move_in: 0, data_move_out: 0
I20260924 11:56:29.655630 1818355 Coordinator.h:310] commit: 17271 abort: 40 (0/40/0), persistence latency 0, txn latency 0, queued lock latency 0, lock latency 0, active_txns 0, n_failed_read_lock 0, n_failed_write_lock 0, n_failed_cmd_not_ready 0, n_failed_no_cmd 0, network size: 0, avg network size: 0, si_in_serializable: 0 0 %, local: 0 %, local_access: 129672, local_cxl_access: 0 (0%), remote_access: 43195, remote_access_with_req: 0 (0%), data_move_in: 0, data_move_out: 0
I20260924 11:56:30.655730 1818355 Coordinator.h:310] commit: 17564 abort: 35 (0/35/0), persistence latency 0, txn latency 0, queued lock latency 0, lock latency 0, active_txns 0, n_failed_read_lock 0, n_failed_write_lock 0, n_failed_cmd_not_ready 0, n_failed_no_cmd 0, network size: 0, avg network size: 0, si_in_serializable: 0 0 %, local: 0 %, local_access: 132697, local_cxl_access: 0 (0%), remote_access: 43127, remote_access_with_req: 0 (0%), data_move_in: 0, data_move_out: 0
I20260924 11:56:31.655822 1818355 Coordinator.h:310] commit: 17231 abort: 44 (0/44/0), persistence latency 0, txn latency 0, queued lock latency 0, lock latency 0, active_txns 0, n_failed_read_lock 0, n_failed_write_lock 0, n_failed_cmd_not_ready 0, n_failed_no_cmd 0, network size: 0, avg network size: 0, si_in_serializable: 0 0 %, local: 0 %, local_access: 129250, local_cxl_access: 0 (0%), remote_access: 43284, remote_access_with_req: 0 (0%), data_move_in: 0, data_move_out: 0
I20260924 11:56:32.655948 1818355 Coordinator.h:310] commit: 17390 abort: 46 (0/46/0), persistence latency 0, txn latency 0, queued lock latency 0, lock latency 0, active_txns 0, n_failed_read_lock 0, n_failed_write_lock 0, n_failed_cmd_not_ready 0, n_failed_no_cmd 0, network size: 0, avg network size: 0, si_in_serializable: 0 0 %, local: 0 %, local_access: 131025, local_cxl_access: 0 (0%), remote_access: 43086, remote_access_with_req: 0 (0%), data_move_in: 0, data_move_out: 0
I20260924 11:56:33.656075 1818355 Coordinator.h:310] commit: 17386 abort: 27 (0/27/0), persistence latency 0, txn latency 0, queued lock latency 0, lock latency 0, active_txns 0, n_failed_read_lock 0, n_failed_write_lock 0, n_failed_cmd_not_ready 0, n_failed_no_cmd 0, network size: 0, avg network size: 0, si_in_serializable: 0 0 %, local: 0 %, local_access: 130612, local_cxl_access: 0 (0%), remote_access: 43395, remote_access_with_req: 0 (0%), data_move_in: 0, data_move_out: 0
I20260924 11:56:34.656298 1818355 Coordinator.h:310] commit: 17255 abort: 33 (0/33/0), persistence latency 0, txn latency 0, queued lock latency 0, lock latency 0, active_txns 0, n_failed_read_lock 0, n_failed_write_lock 0, n_failed_cmd_not_ready 0, n_failed_no_cmd 0, network size: 0, avg network size: 0, si_in_serializable: 0 0 %, local: 0 %, local_access: 129462, local_cxl_access: 0 (0%), remote_access: 43258, remote_access_with_req: 0 (0%), data_move_in: 0, data_move_out: 0
I20260924 11:56:35.656414 1818355 Coordinator.h:310] commit: 17038 abort: 39 (0/39/0), persistence latency 0, txn latency 0, queued lock latency 0, lock latency 0, active_txns 0, n_failed_read_lock 0, n_failed_write_lock 0, n_failed_cmd_not_ready 0, n_failed_no_cmd 0, network size: 0, avg network size: 0, si_in_serializable: 0 0 %, local: 0 %, local_access: 127227, local_cxl_access: 0 (0%), remote_access: 43374, remote_access_with_req: 0 (0%), data_move_in: 0, data_move_out: 0
I20260924 11:56:36.656644 1818355 Coordinator.h:310] commit: 17008 abort: 42 (0/42/0), persistence latency 0, txn latency 0, queued lock latency 0, lock latency 0, active_txns 0, n_failed_read_lock 0, n_failed_write_lock 0, n_failed_cmd_not_ready 0, n_failed_no_cmd 0, network size: 0, avg network size: 0, si_in_serializable: 0 0 %, local: 0 %, local_access: 127038, local_cxl_access: 0 (0%), remote_access: 43253, remote_access_with_req: 0 (0%), data_move_in: 0, data_move_out: 0
I20260924 11:56:37.656742 1818355 Coordinator.h:310] commit: 17181 abort: 27 (0/27/0), persistence latency 0, txn latency 0, queued lock latency 0, lock latency 0, active_txns 0, n_failed_read_lock 0, n_failed_write_lock 0, n_failed_cmd_not_ready 0, n_failed_no_cmd 0, network size: 0, avg network size: 0, si_in_serializable: 0 0 %, local: 0 %, local_access: 128710, local_cxl_access: 0 (0%), remote_access: 43233, remote_access_with_req: 0 (0%), data_move_in: 0, data_move_out: 0
I20260924 11:56:38.656839 1818355 Coordinator.h:310] commit: 17321 abort: 41 (0/41/0), persistence latency 0, txn latency 0, queued lock latency 0, lock latency 0, active_txns 0, n_failed_read_lock 0, n_failed_write_lock 0, n_failed_cmd_not_ready 0, n_failed_no_cmd 0, network size: 0, avg network size: 0, si_in_serializable: 0 0 %, local: 0 %, local_access: 130218, local_cxl_access: 0 (0%), remote_access: 43221, remote_access_with_req: 0 (0%), data_move_in: 0, data_move_out: 0
I20260924 11:56:39.656950 1818355 Coordinator.h:310] commit: 17516 abort: 38 (0/38/0), persistence latency 0, txn latency 0, queued lock latency 0, lock latency 0, active_txns 0, n_failed_read_lock 0, n_failed_write_lock 0, n_failed_cmd_not_ready 0, n_failed_no_cmd 0, network size: 0, avg network size: 0, si_in_serializable: 0 0 %, local: 0 %, local_access: 132096, local_cxl_access: 0 (0%), remote_access: 43277, remote_access_with_req: 0 (0%), data_move_in: 0, data_move_out: 0
I20260924 11:56:40.657167 1818355 Coordinator.h:310] commit: 17353 abort: 48 (0/48/0), persistence latency 0, txn latency 0, queued lock latency 0, lock latency 0, active_txns 0, n_failed_read_lock 0, n_failed_write_lock 0, n_failed_cmd_not_ready 0, n_failed_no_cmd 0, network size: 0, avg network size: 0, si_in_serializable: 0 0 %, local: 0 %, local_access: 130576, local_cxl_access: 0 (0%), remote_access: 43180, remote_access_with_req: 0 (0%), data_move_in: 0, data_move_out: 0
I20260924 11:56:41.657261 1818355 Coordinator.h:310] commit: 17383 abort: 28 (0/28/0), persistence latency 0, txn latency 0, queued lock latency 0, lock latency 0, active_txns 0, n_failed_read_lock 0, n_failed_write_lock 0, n_failed_cmd_not_ready 0, n_failed_no_cmd 0, network size: 0, avg network size: 0, si_in_serializable: 0 0 %, local: 0 %, local_access: 130618, local_cxl_access: 0 (0%), remote_access: 43332, remote_access_with_req: 0 (0%), data_move_in: 0, data_move_out: 0
I20260924 11:56:42.657485 1818355 Coordinator.h:310] commit: 17371 abort: 28 (0/28/0), persistence latency 0, txn latency 0, queued lock latency 0, lock latency 0, active_txns 0, n_failed_read_lock 0, n_failed_write_lock 0, n_failed_cmd_not_ready 0, n_failed_no_cmd 0, network size: 0, avg network size: 0, si_in_serializable: 0 0 %, local: 0 %, local_access: 130685, local_cxl_access: 0 (0%), remote_access: 43165, remote_access_with_req: 0 (0%), data_move_in: 0, data_move_out: 0
I20260924 11:56:43.658890 1818355 Coordinator.h:310] commit: 17239 abort: 32 (0/32/0), persistence latency 0, txn latency 0, queued lock latency 0, lock latency 0, active_txns 0, n_failed_read_lock 0, n_failed_write_lock 0, n_failed_cmd_not_ready 0, n_failed_no_cmd 0, network size: 0, avg network size: 0, si_in_serializable: 0 0 %, local: 0 %, local_access: 129327, local_cxl_access: 0 (0%), remote_access: 43228, remote_access_with_req: 0 (0%), data_move_in: 0, data_move_out: 0
I20260924 11:56:44.658986 1818355 Coordinator.h:310] commit: 17210 abort: 36 (0/36/0), persistence latency 0, txn latency 0, queued lock latency 0, lock latency 0, active_txns 0, n_failed_read_lock 0, n_failed_write_lock 0, n_failed_cmd_not_ready 0, n_failed_no_cmd 0, network size: 0, avg network size: 0, si_in_serializable: 0 0 %, local: 0 %, local_access: 129009, local_cxl_access: 0 (0%), remote_access: 43254, remote_access_with_req: 0 (0%), data_move_in: 0, data_move_out: 0
I20260924 11:56:45.659060 1818355 Coordinator.h:310] commit: 17350 abort: 41 (0/41/0), persistence latency 0, txn latency 0, queued lock latency 0, lock latency 0, active_txns 0, n_failed_read_lock 0, n_failed_write_lock 0, n_failed_cmd_not_ready 0, n_failed_no_cmd 0, network size: 0, avg network size: 0, si_in_serializable: 0 0 %, local: 0 %, local_access: 130465, local_cxl_access: 0 (0%), remote_access: 43219, remote_access_with_req: 0 (0%), data_move_in: 0, data_move_out: 0
I20260924 11:56:46.659507 1818355 Coordinator.h:310] commit: 17515 abort: 55 (0/55/0), persistence latency 0, txn latency 0, queued lock latency 0, lock latency 0, active_txns 0, n_failed_read_lock 0, n_failed_write_lock 0, n_failed_cmd_not_ready 0, n_failed_no_cmd 0, network size: 0, avg network size: 0, si_in_serializable: 0 0 %, local: 0 %, local_access: 132191, local_cxl_access: 0 (0%), remote_access: 43214, remote_access_with_req: 0 (0%), data_move_in: 0, data_move_out: 0
I20260924 11:56:47.659600 1818355 Coordinator.h:310] commit: 17358 abort: 28 (0/28/0), persistence latency 0, txn latency 0, queued lock latency 0, lock latency 0, active_txns 0, n_failed_read_lock 0, n_failed_write_lock 0, n_failed_cmd_not_ready 0, n_failed_no_cmd 0, network size: 0, avg network size: 0, si_in_serializable: 0 0 %, local: 0 %, local_access: 130514, local_cxl_access: 0 (0%), remote_access: 43248, remote_access_with_req: 0 (0%), data_move_in: 0, data_move_out: 0
I20260924 11:56:48.659724 1818355 Coordinator.h:310] commit: 17282 abort: 39 (0/39/0), persistence latency 0, txn latency 0, queued lock latency 0, lock latency 0, active_txns 0, n_failed_read_lock 0, n_failed_write_lock 0, n_failed_cmd_not_ready 0, n_failed_no_cmd 0, network size: 0, avg network size: 0, si_in_serializable: 0 0 %, local: 0 %, local_access: 129912, local_cxl_access: 0 (0%), remote_access: 43098, remote_access_with_req: 0 (0%), data_move_in: 0, data_move_out: 0
I20260924 11:56:49.659848 1818355 Coordinator.h:310] commit: 17387 abort: 31 (0/31/0), persistence latency 0, txn latency 0, queued lock latency 0, lock latency 0, active_txns 0, n_failed_read_lock 0, n_failed_write_lock 0, n_failed_cmd_not_ready 0, n_failed_no_cmd 0, network size: 0, avg network size: 0, si_in_serializable: 0 0 %, local: 0 %, local_access: 130859, local_cxl_access: 0 (0%), remote_access: 43186, remote_access_with_req: 0 (0%), data_move_in: 0, data_move_out: 0
I20260924 11:56:50.660004 1818355 Coordinator.h:310] commit: 17249 abort: 38 (0/38/0), persistence latency 0, txn latency 0, queued lock latency 0, lock latency 0, active_txns 0, n_failed_read_lock 0, n_failed_write_lock 0, n_failed_cmd_not_ready 0, n_failed_no_cmd 0, network size: 0, avg network size: 0, si_in_serializable: 0 0 %, local: 0 %, local_access: 129579, local_cxl_access: 0 (0%), remote_access: 43090, remote_access_with_req: 0 (0%), data_move_in: 0, data_move_out: 0
I20260924 11:56:51.660125 1818355 Coordinator.h:310] commit: 17243 abort: 51 (0/51/0), persistence latency 0, txn latency 0, queued lock latency 0, lock latency 0, active_txns 0, n_failed_read_lock 0, n_failed_write_lock 0, n_failed_cmd_not_ready 0, n_failed_no_cmd 0, network size: 0, avg network size: 0, si_in_serializable: 0 0 %, local: 0 %, local_access: 129508, local_cxl_access: 0 (0%), remote_access: 43199, remote_access_with_req: 0 (0%), data_move_in: 0, data_move_out: 0
I20260924 11:56:52.660219 1818355 Coordinator.h:310] commit: 17407 abort: 28 (0/28/0), persistence latency 0, txn latency 0, queued lock latency 0, lock latency 0, active_txns 0, n_failed_read_lock 0, n_failed_write_lock 0, n_failed_cmd_not_ready 0, n_failed_no_cmd 0, network size: 0, avg network size: 0, si_in_serializable: 0 0 %, local: 0 %, local_access: 131195, local_cxl_access: 0 (0%), remote_access: 43001, remote_access_with_req: 0 (0%), data_move_in: 0, data_move_out: 0
I20260924 11:56:52.660247 1818355 Coordinator.h:348] average commit: 17313.1 abort: 36.7 (0/36.7/0), abort_rate: 0.0021153, network size: 0, avg network size: 0, si_in_serializable: 0 0 %, local: 0 %, local_access: 3901781, local_cxl_access: 0 (0%), remote_access: 1297735, remote_access_with_req: 0 (0%), data_move_in: 0, data_move_out: 0
I20260924 11:56:52.660271 1818355 Executor.h:236] Worker 0 latency: 148 us (50%) 257 us (75%) 534 us (95%) 1148 us (99%). dist txn latency: 257 us (50%) 267 us (75%) 988 us (95%) 1190 us (99%)  avg 329 us . local txn latency: 11 us (50%) 19 us (75%) 50 us (95%) 141 us (99%)  avg 18 us. txn commit latency: 226 us (50%) 257 us (75%) 580 us (95%) 1157 us (99%) avg 175 us.
 LOCAL txn stall 0 us,  local_work 15 us,  remote_work 0 us,  commit_work 0 us,  commit_prepare 0 us,  commit_persistence 0 us,  commit_write_back 0 us,  commit_replication 0 us,  commit_release_lock 0 us 
 DIST txn stall 0 us,  local_work 318 us,  remote_work 0 us,  commit_work 9 us,  commit_prepare 0 us,  commit_persistence 0 us,  commit_write_back 0 us,  commit_replication 0 us,  commit_release_lock 7 us 
I20260924 11:56:52.662949 1818355 Executor.h:267] message stats, type: 0 count: 0 total size: 0
I20260924 11:56:52.662956 1818355 Executor.h:267] message stats, type: 1 count: 0 total size: 0
I20260924 11:56:52.662961 1818355 Executor.h:267] message stats, type: 2 count: 0 total size: 0
I20260924 11:56:52.662964 1818355 Executor.h:267] message stats, type: 3 count: 0 total size: 0
I20260924 11:56:52.662968 1818355 Executor.h:267] message stats, type: 4 count: 0 total size: 0
I20260924 11:56:52.662971 1818355 Executor.h:267] message stats, type: 5 count: 0 total size: 0
I20260924 11:56:52.662976 1818355 Executor.h:267] message stats, type: 6 count: 0 total size: 0
I20260924 11:56:52.662979 1818355 Executor.h:267] message stats, type: 7 count: 0 total size: 0
I20260924 11:56:52.662982 1818355 Executor.h:267] message stats, type: 8 count: 0 total size: 0
I20260924 11:56:52.662986 1818355 Executor.h:267] message stats, type: 9 count: 0 total size: 0
I20260924 11:56:52.662990 1818355 Executor.h:267] message stats, type: 10 count: 0 total size: 0
I20260924 11:56:52.662994 1818355 Executor.h:267] message stats, type: 11 count: 0 total size: 0
I20260924 11:56:52.663527 1818407 Manager.h:234] Manager(worker id = 3) on the non-coordinator node exits.
I20260924 11:56:52.663522 1818406 Executor.h:231] Executor 2 exits.
I20260924 11:56:52.663522 1818405 Executor.h:231] Executor 1 exits.
I20260924 11:56:52.663522 1818404 Executor.h:231] Executor 0 exits.
I20260924 11:56:52.665171 1818355 Executor.h:236] Worker 1 latency: 234 us (50%) 257 us (75%) 553 us (95%) 1154 us (99%). dist txn latency: 257 us (50%) 267 us (75%) 985 us (95%) 1184 us (99%)  avg 329 us . local txn latency: 11 us (50%) 19 us (75%) 52 us (95%) 147 us (99%)  avg 18 us. txn commit latency: 236 us (50%) 257 us (75%) 528 us (95%) 1155 us (99%) avg 175 us.
 LOCAL txn stall 0 us,  local_work 15 us,  remote_work 0 us,  commit_work 0 us,  commit_prepare 0 us,  commit_persistence 0 us,  commit_write_back 0 us,  commit_replication 0 us,  commit_release_lock 0 us 
 DIST txn stall 0 us,  local_work 314 us,  remote_work 0 us,  commit_work 9 us,  commit_prepare 0 us,  commit_persistence 0 us,  commit_write_back 0 us,  commit_replication 0 us,  commit_release_lock 7 us 
I20260924 11:56:52.667780 1818355 Executor.h:236] Worker 2 latency: 128 us (50%) 250 us (75%) 505 us (95%) 1154 us (99%). dist txn latency: 250 us (50%) 260 us (75%) 969 us (95%) 1190 us (99%)  avg 322 us . local txn latency: 9 us (50%) 16 us (75%) 42 us (95%) 124 us (99%)  avg 16 us. txn commit latency: 127 us (50%) 250 us (75%) 547 us (95%) 1153 us (99%) avg 170 us.
 LOCAL txn stall 0 us,  local_work 13 us,  remote_work 0 us,  commit_work 0 us,  commit_prepare 0 us,  commit_persistence 0 us,  commit_write_back 0 us,  commit_replication 0 us,  commit_release_lock 0 us 
 DIST txn stall 0 us,  local_work 312 us,  remote_work 0 us,  commit_work 8 us,  commit_prepare 0 us,  commit_persistence 0 us,  commit_write_back 0 us,  commit_replication 0 us,  commit_release_lock 7 us 
I20260924 11:56:52.669754 1818355 CXLMemory.h:227] local CXL memory usage: size_index_usage: 0 size_metadata_usage: 0 size_data_usage: 0 size_transport_usage: 0 size_misc_usage: 0 total_size_hw_cc_usage: 0 total_usage: 0
I20260924 11:56:52.669869 1818403 Dispatcher.h:261] Handling coordinator message took 64
I20260924 11:56:53.671686 1818402 Dispatcher.h:160] Incoming Dispatcher exits, network size: 132. socket_message_recv_latency(50th) 0 socket_message_recv_latency(75th) 0 socket_message_recv_latency(95th) 0 socket_message_recv_latency(99th) 0 internal_message_recv_latency(50th) 0 socket_message_recv_cnt 0 socket_read_syscall 0 internal_message_recv_cnt 0
I20260924 11:56:53.671693 1818403 Dispatcher.h:292] Outgoing Dispatcher exits, network size: 252. msg_send_latency(50th) 0 msg_send_latency(75th) 0 msg_send_latency(95th) 0 msg_send_latency(99th) 0 msg_send_latency(avg) 0 msg_gen_to_sent_latency(50th) 0 msg_gen_to_sent_latency(75th) 0 msg_gen_to_sent_latency(95th) 0 msg_gen_to_sent_latency(99th) 0 msg_gen_to_queue_latency(50th) 0 msg_gen_to_queue_latency(75th) 0 msg_gen_to_queue_latency(95th) 0 msg_gen_to_queue_latency(99th) 0 msg_disp_ltc(50th) 0 msg_disp_ltc(75th) 0 msg_disp_ltc(95th) 0 msg_disp_ltc(99th) 0 msg_disp_ltc(100th) 0 send_ltc(50th) 0 send_ltc(75th) 0 send_ltc(95th) 0 send_ltc(99th) 0 send_ltc(100th) 0 send_ltc(avg) 0 sendto_cnt 3 network_size 252 network_msg_cnt 2 network_msg_group_size avg 0 50th 0 internal_network_size 0 internal_network_msg_cnt 0
I20260924 11:56:57.036696 1818355 Coordinator.h:420] Coordinator exits.
TIGON_RUN_END run_id=cmp_951_y_rw95_c50_r2 host_id=1 status=ok exit_code=0
