TIGON_RUN_META system=ub workload=ycsb run_id=cmp_951_y_rw95_c100_r3 host_id=1 repetition=3 mode=one-sided query=rmw transport=ubq partitions=2 workers=3 keys=300000 rw_ratio=95 zipf=0.7 cross_ratio=100 neworder_dist= payment_dist= warmup_seconds=30 run_seconds=30 total_seconds=60 logging=off
I20260924 12:00:33.185493 1820293 bench_ycsb.cpp:68] RW_RATIO = 95, ZIPF_THETA = 0.7, CROSS_RATIO = 100
I20260924 12:00:33.186296 1820293 bench_ycsb.cpp:69] checkpoint 0 to 
I20260924 12:00:33.186301 1820293 bench_ycsb.cpp:70] cross_part_num 2
I20260924 12:00:33.186305 1820293 bench_ycsb.cpp:71] lotus_sp_parallel_exec_commit 0
I20260924 12:00:33.186309 1820293 bench_ycsb.cpp:72] granules_per_partition 1
I20260924 12:00:33.186314 1820293 bench_ycsb.cpp:73] keysPerGranule 300000
[2026-09-24 12:00:33.587 +08:00][ERROR][1820293][281473852756000][shm_ipc_command.cpp:183] IpcCallShmMap response error : 800
[2026-09-24 12:00:33.587 +08:00][ERROR][1820293][281473852756000][RackMemShm.cpp:322] Failed to mmap, name=u919fce8b_one-sided_rmw_ubq_0, mapSize=2147483648, ret=800
[2026-09-24 12:00:33.587 +08:00][ERROR][1820293][281473852756000][mxmem_shmem.cpp:473] Failed to mmap shared memory, ret=800
[2026-09-24 12:00:33.690 +08:00][ERROR][1820293][281473852756000][shm_ipc_command.cpp:183] IpcCallShmMap response error : 800
[2026-09-24 12:00:33.690 +08:00][ERROR][1820293][281473852756000][RackMemShm.cpp:322] Failed to mmap, name=u919fce8b_one-sided_rmw_ubq_0, mapSize=2147483648, ret=800
[2026-09-24 12:00:33.690 +08:00][ERROR][1820293][281473852756000][mxmem_shmem.cpp:473] Failed to mmap shared memory, ret=800
[2026-09-24 12:00:33.800 +08:00][ERROR][1820293][281473852756000][shm_ipc_command.cpp:183] IpcCallShmMap response error : 800
[2026-09-24 12:00:33.800 +08:00][ERROR][1820293][281473852756000][RackMemShm.cpp:322] Failed to mmap, name=u919fce8b_one-sided_rmw_ubq_0, mapSize=2147483648, ret=800
[2026-09-24 12:00:33.800 +08:00][ERROR][1820293][281473852756000][mxmem_shmem.cpp:473] Failed to mmap shared memory, ret=800
I20260924 12:00:33.956787 1820293 UBMemory.cpp:138] UB memory initialized: local_region=1 regions=2 mode=one-sided bytes_per_region=2147483648
I20260924 12:00:36.375072 1820293 Database.h:82] ycsb initialization finished in 2418 milliseconds.
I20260924 12:00:36.375774 1820293 Coordinator.h:459] Coordinator 1 initializes UB inbox with 4096 entries of 8192 bytes
I20260924 12:00:36.375835 1820293 Coordinator.h:100] WAL Group Commiting off. Log to file _non_group_commit.txt using Blackhole Logger
I20260924 12:00:36.375844 1820293 Coordinator.h:104] Coordinator initializes 3 workers.
I20260924 12:00:36.376350 1820316 Coordinator.h:505] Listener 0 on coordinator 1 listening on 76.53.137.99:10010 tcp_no_delay 1 tcp_quick_ack 0
I20260924 12:00:36.376716 1820293 Coordinator.h:551] Coordinator 1 failed to connect 0(76.53.137.98:10010)'s listener 0, retry in 5 seconds.
I20260924 12:00:36.476073 1820316 Socket.h:69] Disabling nagle
I20260924 12:00:36.476097 1820316 Coordinator.h:520] Listener accepted connection from coordinator 0
I20260924 12:00:36.476102 1820316 Coordinator.h:523] Listener 0 on coordinator 1 exits.
I20260924 12:00:41.378942 1820293 Socket.h:69] Disabling nagle
I20260924 12:00:41.378971 1820293 Coordinator.h:560] Coordinator 1 connected to 0
I20260924 12:00:41.379024 1820293 Coordinator.h:572] Coordinator 1 connected to all peers.
I20260924 12:00:41.379036 1820293 Dispatcher.h:41] IncomingDispatcher 0 coord_id 1
I20260924 12:00:41.379145 1820293 Dispatcher.h:234] OutgoingDispatcher 0 coord_id 1
I20260924 12:00:41.379201 1820293 Coordinator.h:669] pinned thread to core 0
I20260924 12:00:41.379235 1820356 Dispatcher.h:63] Incoming Dispatcher started, numCoordinators = 2, numWorkers = 3, group id = 0, coordinator = 1
I20260924 12:00:41.379243 1820293 Coordinator.h:669] pinned thread to core 1
I20260924 12:00:41.379402 1820293 Coordinator.h:219] Coordinator starts to run 4 workers.
I20260924 12:00:41.379432 1820293 Coordinator.h:669] pinned thread to core 2
I20260924 12:00:41.379483 1820357 Dispatcher.h:246] Outgoing Dispatcher started, numCoordinators = 2, numWorkers = 4, group id = 0
I20260924 12:00:41.379505 1820293 Coordinator.h:669] pinned thread to core 3
I20260924 12:00:41.379554 1820359 Executor.h:79] Executor 1 starts.
I20260924 12:00:41.380294 1820360 Executor.h:79] Executor 2 starts.
I20260924 12:00:41.379580 1820358 Executor.h:79] Executor 0 starts.
I20260924 12:00:41.380149 1820293 Coordinator.h:669] pinned thread to core 4
I20260924 12:00:41.381173 1820361 Manager.h:232] Manager(worker id = 3) on the non-coordinator node started.
I20260924 12:00:42.381103 1820293 Coordinator.h:310] commit: 8507 abort: 33 (0/33/0), persistence latency 0, txn latency 0, queued lock latency 0, lock latency 0, active_txns 0, n_failed_read_lock 0, n_failed_write_lock 0, n_failed_cmd_not_ready 0, n_failed_no_cmd 0, network size: 0, avg network size: 0, si_in_serializable: 0 0 %, local: 0 %, local_access: 42592, local_cxl_access: 0 (0%), remote_access: 42616, remote_access_with_req: 0 (0%), data_move_in: 0, data_move_out: 0
I20260924 12:00:43.381206 1820293 Coordinator.h:310] commit: 8669 abort: 20 (0/20/0), persistence latency 0, txn latency 0, queued lock latency 0, lock latency 0, active_txns 0, n_failed_read_lock 0, n_failed_write_lock 0, n_failed_cmd_not_ready 0, n_failed_no_cmd 0, network size: 0, avg network size: 0, si_in_serializable: 0 0 %, local: 0 %, local_access: 43388, local_cxl_access: 0 (0%), remote_access: 43402, remote_access_with_req: 0 (0%), data_move_in: 0, data_move_out: 0
I20260924 12:00:44.381309 1820293 Coordinator.h:310] commit: 8662 abort: 19 (0/19/0), persistence latency 0, txn latency 0, queued lock latency 0, lock latency 0, active_txns 0, n_failed_read_lock 0, n_failed_write_lock 0, n_failed_cmd_not_ready 0, n_failed_no_cmd 0, network size: 0, avg network size: 0, si_in_serializable: 0 0 %, local: 0 %, local_access: 43347, local_cxl_access: 0 (0%), remote_access: 43354, remote_access_with_req: 0 (0%), data_move_in: 0, data_move_out: 0
I20260924 12:00:45.381726 1820293 Coordinator.h:310] commit: 8686 abort: 21 (0/21/0), persistence latency 0, txn latency 0, queued lock latency 0, lock latency 0, active_txns 0, n_failed_read_lock 0, n_failed_write_lock 0, n_failed_cmd_not_ready 0, n_failed_no_cmd 0, network size: 0, avg network size: 0, si_in_serializable: 0 0 %, local: 0 %, local_access: 43466, local_cxl_access: 0 (0%), remote_access: 43478, remote_access_with_req: 0 (0%), data_move_in: 0, data_move_out: 0
I20260924 12:00:46.383054 1820293 Coordinator.h:310] commit: 8656 abort: 19 (0/19/0), persistence latency 0, txn latency 0, queued lock latency 0, lock latency 0, active_txns 0, n_failed_read_lock 0, n_failed_write_lock 0, n_failed_cmd_not_ready 0, n_failed_no_cmd 0, network size: 0, avg network size: 0, si_in_serializable: 0 0 %, local: 0 %, local_access: 43328, local_cxl_access: 0 (0%), remote_access: 43337, remote_access_with_req: 0 (0%), data_move_in: 0, data_move_out: 0
I20260924 12:00:47.383179 1820293 Coordinator.h:310] commit: 8704 abort: 18 (0/18/0), persistence latency 0, txn latency 0, queued lock latency 0, lock latency 0, active_txns 0, n_failed_read_lock 0, n_failed_write_lock 0, n_failed_cmd_not_ready 0, n_failed_no_cmd 0, network size: 0, avg network size: 0, si_in_serializable: 0 0 %, local: 0 %, local_access: 43540, local_cxl_access: 0 (0%), remote_access: 43550, remote_access_with_req: 0 (0%), data_move_in: 0, data_move_out: 0
I20260924 12:00:48.383385 1820293 Coordinator.h:310] commit: 8635 abort: 18 (0/18/0), persistence latency 0, txn latency 0, queued lock latency 0, lock latency 0, active_txns 0, n_failed_read_lock 0, n_failed_write_lock 0, n_failed_cmd_not_ready 0, n_failed_no_cmd 0, network size: 0, avg network size: 0, si_in_serializable: 0 0 %, local: 0 %, local_access: 43224, local_cxl_access: 0 (0%), remote_access: 43236, remote_access_with_req: 0 (0%), data_move_in: 0, data_move_out: 0
I20260924 12:00:49.383625 1820293 Coordinator.h:310] commit: 8690 abort: 26 (0/26/0), persistence latency 0, txn latency 0, queued lock latency 0, lock latency 0, active_txns 0, n_failed_read_lock 0, n_failed_write_lock 0, n_failed_cmd_not_ready 0, n_failed_no_cmd 0, network size: 0, avg network size: 0, si_in_serializable: 0 0 %, local: 0 %, local_access: 43499, local_cxl_access: 0 (0%), remote_access: 43510, remote_access_with_req: 0 (0%), data_move_in: 0, data_move_out: 0
I20260924 12:00:50.383721 1820293 Coordinator.h:310] commit: 8653 abort: 20 (0/20/0), persistence latency 0, txn latency 0, queued lock latency 0, lock latency 0, active_txns 0, n_failed_read_lock 0, n_failed_write_lock 0, n_failed_cmd_not_ready 0, n_failed_no_cmd 0, network size: 0, avg network size: 0, si_in_serializable: 0 0 %, local: 0 %, local_access: 43296, local_cxl_access: 0 (0%), remote_access: 43307, remote_access_with_req: 0 (0%), data_move_in: 0, data_move_out: 0
I20260924 12:00:51.383844 1820293 Coordinator.h:310] commit: 8685 abort: 29 (0/29/0), persistence latency 0, txn latency 0, queued lock latency 0, lock latency 0, active_txns 0, n_failed_read_lock 0, n_failed_write_lock 0, n_failed_cmd_not_ready 0, n_failed_no_cmd 0, network size: 0, avg network size: 0, si_in_serializable: 0 0 %, local: 0 %, local_access: 43495, local_cxl_access: 0 (0%), remote_access: 43509, remote_access_with_req: 0 (0%), data_move_in: 0, data_move_out: 0
I20260924 12:00:52.384063 1820293 Coordinator.h:310] commit: 8642 abort: 8 (0/8/0), persistence latency 0, txn latency 0, queued lock latency 0, lock latency 0, active_txns 0, n_failed_read_lock 0, n_failed_write_lock 0, n_failed_cmd_not_ready 0, n_failed_no_cmd 0, network size: 0, avg network size: 0, si_in_serializable: 0 0 %, local: 0 %, local_access: 43227, local_cxl_access: 0 (0%), remote_access: 43233, remote_access_with_req: 0 (0%), data_move_in: 0, data_move_out: 0
I20260924 12:00:53.384176 1820293 Coordinator.h:310] commit: 8629 abort: 21 (0/21/0), persistence latency 0, txn latency 0, queued lock latency 0, lock latency 0, active_txns 0, n_failed_read_lock 0, n_failed_write_lock 0, n_failed_cmd_not_ready 0, n_failed_no_cmd 0, network size: 0, avg network size: 0, si_in_serializable: 0 0 %, local: 0 %, local_access: 43194, local_cxl_access: 0 (0%), remote_access: 43207, remote_access_with_req: 0 (0%), data_move_in: 0, data_move_out: 0
I20260924 12:00:54.384305 1820293 Coordinator.h:310] commit: 8587 abort: 29 (0/29/0), persistence latency 0, txn latency 0, queued lock latency 0, lock latency 0, active_txns 0, n_failed_read_lock 0, n_failed_write_lock 0, n_failed_cmd_not_ready 0, n_failed_no_cmd 0, network size: 0, avg network size: 0, si_in_serializable: 0 0 %, local: 0 %, local_access: 42998, local_cxl_access: 0 (0%), remote_access: 43012, remote_access_with_req: 0 (0%), data_move_in: 0, data_move_out: 0
I20260924 12:00:55.384527 1820293 Coordinator.h:310] commit: 8655 abort: 10 (0/10/0), persistence latency 0, txn latency 0, queued lock latency 0, lock latency 0, active_txns 0, n_failed_read_lock 0, n_failed_write_lock 0, n_failed_cmd_not_ready 0, n_failed_no_cmd 0, network size: 0, avg network size: 0, si_in_serializable: 0 0 %, local: 0 %, local_access: 43291, local_cxl_access: 0 (0%), remote_access: 43296, remote_access_with_req: 0 (0%), data_move_in: 0, data_move_out: 0
I20260924 12:00:56.384747 1820293 Coordinator.h:310] commit: 8660 abort: 16 (0/16/0), persistence latency 0, txn latency 0, queued lock latency 0, lock latency 0, active_txns 0, n_failed_read_lock 0, n_failed_write_lock 0, n_failed_cmd_not_ready 0, n_failed_no_cmd 0, network size: 0, avg network size: 0, si_in_serializable: 0 0 %, local: 0 %, local_access: 43328, local_cxl_access: 0 (0%), remote_access: 43338, remote_access_with_req: 0 (0%), data_move_in: 0, data_move_out: 0
I20260924 12:00:57.384841 1820293 Coordinator.h:310] commit: 8663 abort: 15 (0/15/0), persistence latency 0, txn latency 0, queued lock latency 0, lock latency 0, active_txns 0, n_failed_read_lock 0, n_failed_write_lock 0, n_failed_cmd_not_ready 0, n_failed_no_cmd 0, network size: 0, avg network size: 0, si_in_serializable: 0 0 %, local: 0 %, local_access: 43336, local_cxl_access: 0 (0%), remote_access: 43346, remote_access_with_req: 0 (0%), data_move_in: 0, data_move_out: 0
I20260924 12:00:58.385061 1820293 Coordinator.h:310] commit: 8620 abort: 18 (0/18/0), persistence latency 0, txn latency 0, queued lock latency 0, lock latency 0, active_txns 0, n_failed_read_lock 0, n_failed_write_lock 0, n_failed_cmd_not_ready 0, n_failed_no_cmd 0, network size: 0, avg network size: 0, si_in_serializable: 0 0 %, local: 0 %, local_access: 43144, local_cxl_access: 0 (0%), remote_access: 43159, remote_access_with_req: 0 (0%), data_move_in: 0, data_move_out: 0
I20260924 12:00:59.385155 1820293 Coordinator.h:310] commit: 8633 abort: 29 (0/29/0), persistence latency 0, txn latency 0, queued lock latency 0, lock latency 0, active_txns 0, n_failed_read_lock 0, n_failed_write_lock 0, n_failed_cmd_not_ready 0, n_failed_no_cmd 0, network size: 0, avg network size: 0, si_in_serializable: 0 0 %, local: 0 %, local_access: 43223, local_cxl_access: 0 (0%), remote_access: 43237, remote_access_with_req: 0 (0%), data_move_in: 0, data_move_out: 0
I20260924 12:01:00.385372 1820293 Coordinator.h:310] commit: 8657 abort: 9 (0/9/0), persistence latency 0, txn latency 0, queued lock latency 0, lock latency 0, active_txns 0, n_failed_read_lock 0, n_failed_write_lock 0, n_failed_cmd_not_ready 0, n_failed_no_cmd 0, network size: 0, avg network size: 0, si_in_serializable: 0 0 %, local: 0 %, local_access: 43297, local_cxl_access: 0 (0%), remote_access: 43300, remote_access_with_req: 0 (0%), data_move_in: 0, data_move_out: 0
I20260924 12:01:01.385823 1820293 Coordinator.h:310] commit: 8658 abort: 23 (0/23/0), persistence latency 0, txn latency 0, queued lock latency 0, lock latency 0, active_txns 0, n_failed_read_lock 0, n_failed_write_lock 0, n_failed_cmd_not_ready 0, n_failed_no_cmd 0, network size: 0, avg network size: 0, si_in_serializable: 0 0 %, local: 0 %, local_access: 43326, local_cxl_access: 0 (0%), remote_access: 43336, remote_access_with_req: 0 (0%), data_move_in: 0, data_move_out: 0
I20260924 12:01:02.386548 1820293 Coordinator.h:310] commit: 8643 abort: 19 (0/19/0), persistence latency 0, txn latency 0, queued lock latency 0, lock latency 0, active_txns 0, n_failed_read_lock 0, n_failed_write_lock 0, n_failed_cmd_not_ready 0, n_failed_no_cmd 0, network size: 0, avg network size: 0, si_in_serializable: 0 0 %, local: 0 %, local_access: 43270, local_cxl_access: 0 (0%), remote_access: 43281, remote_access_with_req: 0 (0%), data_move_in: 0, data_move_out: 0
I20260924 12:01:03.387223 1820293 Coordinator.h:310] commit: 8644 abort: 23 (0/23/0), persistence latency 0, txn latency 0, queued lock latency 0, lock latency 0, active_txns 0, n_failed_read_lock 0, n_failed_write_lock 0, n_failed_cmd_not_ready 0, n_failed_no_cmd 0, network size: 0, avg network size: 0, si_in_serializable: 0 0 %, local: 0 %, local_access: 43257, local_cxl_access: 0 (0%), remote_access: 43274, remote_access_with_req: 0 (0%), data_move_in: 0, data_move_out: 0
I20260924 12:01:04.387348 1820293 Coordinator.h:310] commit: 8605 abort: 18 (0/18/0), persistence latency 0, txn latency 0, queued lock latency 0, lock latency 0, active_txns 0, n_failed_read_lock 0, n_failed_write_lock 0, n_failed_cmd_not_ready 0, n_failed_no_cmd 0, network size: 0, avg network size: 0, si_in_serializable: 0 0 %, local: 0 %, local_access: 43067, local_cxl_access: 0 (0%), remote_access: 43076, remote_access_with_req: 0 (0%), data_move_in: 0, data_move_out: 0
I20260924 12:01:05.387427 1820293 Coordinator.h:310] commit: 8642 abort: 21 (0/21/0), persistence latency 0, txn latency 0, queued lock latency 0, lock latency 0, active_txns 0, n_failed_read_lock 0, n_failed_write_lock 0, n_failed_cmd_not_ready 0, n_failed_no_cmd 0, network size: 0, avg network size: 0, si_in_serializable: 0 0 %, local: 0 %, local_access: 43251, local_cxl_access: 0 (0%), remote_access: 43262, remote_access_with_req: 0 (0%), data_move_in: 0, data_move_out: 0
I20260924 12:01:06.387528 1820293 Coordinator.h:310] commit: 8631 abort: 9 (0/9/0), persistence latency 0, txn latency 0, queued lock latency 0, lock latency 0, active_txns 0, n_failed_read_lock 0, n_failed_write_lock 0, n_failed_cmd_not_ready 0, n_failed_no_cmd 0, network size: 0, avg network size: 0, si_in_serializable: 0 0 %, local: 0 %, local_access: 43176, local_cxl_access: 0 (0%), remote_access: 43180, remote_access_with_req: 0 (0%), data_move_in: 0, data_move_out: 0
I20260924 12:01:07.387630 1820293 Coordinator.h:310] commit: 8670 abort: 23 (0/23/0), persistence latency 0, txn latency 0, queued lock latency 0, lock latency 0, active_txns 0, n_failed_read_lock 0, n_failed_write_lock 0, n_failed_cmd_not_ready 0, n_failed_no_cmd 0, network size: 0, avg network size: 0, si_in_serializable: 0 0 %, local: 0 %, local_access: 43389, local_cxl_access: 0 (0%), remote_access: 43405, remote_access_with_req: 0 (0%), data_move_in: 0, data_move_out: 0
I20260924 12:01:08.387724 1820293 Coordinator.h:310] commit: 8623 abort: 17 (0/17/0), persistence latency 0, txn latency 0, queued lock latency 0, lock latency 0, active_txns 0, n_failed_read_lock 0, n_failed_write_lock 0, n_failed_cmd_not_ready 0, n_failed_no_cmd 0, network size: 0, avg network size: 0, si_in_serializable: 0 0 %, local: 0 %, local_access: 43160, local_cxl_access: 0 (0%), remote_access: 43169, remote_access_with_req: 0 (0%), data_move_in: 0, data_move_out: 0
I20260924 12:01:09.387854 1820293 Coordinator.h:310] commit: 8677 abort: 14 (0/14/0), persistence latency 0, txn latency 0, queued lock latency 0, lock latency 0, active_txns 0, n_failed_read_lock 0, n_failed_write_lock 0, n_failed_cmd_not_ready 0, n_failed_no_cmd 0, network size: 0, avg network size: 0, si_in_serializable: 0 0 %, local: 0 %, local_access: 43414, local_cxl_access: 0 (0%), remote_access: 43423, remote_access_with_req: 0 (0%), data_move_in: 0, data_move_out: 0
I20260924 12:01:10.387977 1820293 Coordinator.h:310] commit: 8623 abort: 20 (0/20/0), persistence latency 0, txn latency 0, queued lock latency 0, lock latency 0, active_txns 0, n_failed_read_lock 0, n_failed_write_lock 0, n_failed_cmd_not_ready 0, n_failed_no_cmd 0, network size: 0, avg network size: 0, si_in_serializable: 0 0 %, local: 0 %, local_access: 43161, local_cxl_access: 0 (0%), remote_access: 43170, remote_access_with_req: 0 (0%), data_move_in: 0, data_move_out: 0
I20260924 12:01:11.388199 1820293 Coordinator.h:310] commit: 8682 abort: 8 (0/8/0), persistence latency 0, txn latency 0, queued lock latency 0, lock latency 0, active_txns 0, n_failed_read_lock 0, n_failed_write_lock 0, n_failed_cmd_not_ready 0, n_failed_no_cmd 0, network size: 0, avg network size: 0, si_in_serializable: 0 0 %, local: 0 %, local_access: 43424, local_cxl_access: 0 (0%), remote_access: 43427, remote_access_with_req: 0 (0%), data_move_in: 0, data_move_out: 0
I20260924 12:01:12.388334 1820293 Coordinator.h:310] commit: 8636 abort: 33 (0/33/0), persistence latency 0, txn latency 0, queued lock latency 0, lock latency 0, active_txns 0, n_failed_read_lock 0, n_failed_write_lock 0, n_failed_cmd_not_ready 0, n_failed_no_cmd 0, network size: 0, avg network size: 0, si_in_serializable: 0 0 %, local: 0 %, local_access: 43221, local_cxl_access: 0 (0%), remote_access: 43246, remote_access_with_req: 0 (0%), data_move_in: 0, data_move_out: 0
I20260924 12:01:13.388558 1820293 Coordinator.h:310] commit: 8653 abort: 16 (0/16/0), persistence latency 0, txn latency 0, queued lock latency 0, lock latency 0, active_txns 0, n_failed_read_lock 0, n_failed_write_lock 0, n_failed_cmd_not_ready 0, n_failed_no_cmd 0, network size: 0, avg network size: 0, si_in_serializable: 0 0 %, local: 0 %, local_access: 43293, local_cxl_access: 0 (0%), remote_access: 43299, remote_access_with_req: 0 (0%), data_move_in: 0, data_move_out: 0
I20260924 12:01:14.388680 1820293 Coordinator.h:310] commit: 8648 abort: 15 (0/15/0), persistence latency 0, txn latency 0, queued lock latency 0, lock latency 0, active_txns 0, n_failed_read_lock 0, n_failed_write_lock 0, n_failed_cmd_not_ready 0, n_failed_no_cmd 0, network size: 0, avg network size: 0, si_in_serializable: 0 0 %, local: 0 %, local_access: 43282, local_cxl_access: 0 (0%), remote_access: 43290, remote_access_with_req: 0 (0%), data_move_in: 0, data_move_out: 0
I20260924 12:01:15.388906 1820293 Coordinator.h:310] commit: 8674 abort: 5 (0/5/0), persistence latency 0, txn latency 0, queued lock latency 0, lock latency 0, active_txns 0, n_failed_read_lock 0, n_failed_write_lock 0, n_failed_cmd_not_ready 0, n_failed_no_cmd 0, network size: 0, avg network size: 0, si_in_serializable: 0 0 %, local: 0 %, local_access: 43384, local_cxl_access: 0 (0%), remote_access: 43386, remote_access_with_req: 0 (0%), data_move_in: 0, data_move_out: 0
I20260924 12:01:16.389002 1820293 Coordinator.h:310] commit: 8630 abort: 15 (0/15/0), persistence latency 0, txn latency 0, queued lock latency 0, lock latency 0, active_txns 0, n_failed_read_lock 0, n_failed_write_lock 0, n_failed_cmd_not_ready 0, n_failed_no_cmd 0, network size: 0, avg network size: 0, si_in_serializable: 0 0 %, local: 0 %, local_access: 43176, local_cxl_access: 0 (0%), remote_access: 43185, remote_access_with_req: 0 (0%), data_move_in: 0, data_move_out: 0
I20260924 12:01:17.389103 1820293 Coordinator.h:310] commit: 8630 abort: 16 (0/16/0), persistence latency 0, txn latency 0, queued lock latency 0, lock latency 0, active_txns 0, n_failed_read_lock 0, n_failed_write_lock 0, n_failed_cmd_not_ready 0, n_failed_no_cmd 0, network size: 0, avg network size: 0, si_in_serializable: 0 0 %, local: 0 %, local_access: 43187, local_cxl_access: 0 (0%), remote_access: 43198, remote_access_with_req: 0 (0%), data_move_in: 0, data_move_out: 0
I20260924 12:01:18.389202 1820293 Coordinator.h:310] commit: 8620 abort: 13 (0/13/0), persistence latency 0, txn latency 0, queued lock latency 0, lock latency 0, active_txns 0, n_failed_read_lock 0, n_failed_write_lock 0, n_failed_cmd_not_ready 0, n_failed_no_cmd 0, network size: 0, avg network size: 0, si_in_serializable: 0 0 %, local: 0 %, local_access: 43129, local_cxl_access: 0 (0%), remote_access: 43137, remote_access_with_req: 0 (0%), data_move_in: 0, data_move_out: 0
I20260924 12:01:19.389427 1820293 Coordinator.h:310] commit: 8689 abort: 17 (0/17/0), persistence latency 0, txn latency 0, queued lock latency 0, lock latency 0, active_txns 0, n_failed_read_lock 0, n_failed_write_lock 0, n_failed_cmd_not_ready 0, n_failed_no_cmd 0, network size: 0, avg network size: 0, si_in_serializable: 0 0 %, local: 0 %, local_access: 43489, local_cxl_access: 0 (0%), remote_access: 43496, remote_access_with_req: 0 (0%), data_move_in: 0, data_move_out: 0
I20260924 12:01:20.390614 1820293 Coordinator.h:310] commit: 8643 abort: 34 (0/34/0), persistence latency 0, txn latency 0, queued lock latency 0, lock latency 0, active_txns 0, n_failed_read_lock 0, n_failed_write_lock 0, n_failed_cmd_not_ready 0, n_failed_no_cmd 0, network size: 0, avg network size: 0, si_in_serializable: 0 0 %, local: 0 %, local_access: 43299, local_cxl_access: 0 (0%), remote_access: 43316, remote_access_with_req: 0 (0%), data_move_in: 0, data_move_out: 0
I20260924 12:01:21.391588 1820293 Coordinator.h:310] commit: 8696 abort: 23 (0/23/0), persistence latency 0, txn latency 0, queued lock latency 0, lock latency 0, active_txns 0, n_failed_read_lock 0, n_failed_write_lock 0, n_failed_cmd_not_ready 0, n_failed_no_cmd 0, network size: 0, avg network size: 0, si_in_serializable: 0 0 %, local: 0 %, local_access: 43521, local_cxl_access: 0 (0%), remote_access: 43532, remote_access_with_req: 0 (0%), data_move_in: 0, data_move_out: 0
I20260924 12:01:22.391682 1820293 Coordinator.h:310] commit: 8637 abort: 27 (0/27/0), persistence latency 0, txn latency 0, queued lock latency 0, lock latency 0, active_txns 0, n_failed_read_lock 0, n_failed_write_lock 0, n_failed_cmd_not_ready 0, n_failed_no_cmd 0, network size: 0, avg network size: 0, si_in_serializable: 0 0 %, local: 0 %, local_access: 43248, local_cxl_access: 0 (0%), remote_access: 43263, remote_access_with_req: 0 (0%), data_move_in: 0, data_move_out: 0
I20260924 12:01:23.391775 1820293 Coordinator.h:310] commit: 8721 abort: 18 (0/18/0), persistence latency 0, txn latency 0, queued lock latency 0, lock latency 0, active_txns 0, n_failed_read_lock 0, n_failed_write_lock 0, n_failed_cmd_not_ready 0, n_failed_no_cmd 0, network size: 0, avg network size: 0, si_in_serializable: 0 0 %, local: 0 %, local_access: 43630, local_cxl_access: 0 (0%), remote_access: 43641, remote_access_with_req: 0 (0%), data_move_in: 0, data_move_out: 0
I20260924 12:01:24.392000 1820293 Coordinator.h:310] commit: 8645 abort: 23 (0/23/0), persistence latency 0, txn latency 0, queued lock latency 0, lock latency 0, active_txns 0, n_failed_read_lock 0, n_failed_write_lock 0, n_failed_cmd_not_ready 0, n_failed_no_cmd 0, network size: 0, avg network size: 0, si_in_serializable: 0 0 %, local: 0 %, local_access: 43284, local_cxl_access: 0 (0%), remote_access: 43303, remote_access_with_req: 0 (0%), data_move_in: 0, data_move_out: 0
I20260924 12:01:25.392222 1820293 Coordinator.h:310] commit: 8686 abort: 17 (0/17/0), persistence latency 0, txn latency 0, queued lock latency 0, lock latency 0, active_txns 0, n_failed_read_lock 0, n_failed_write_lock 0, n_failed_cmd_not_ready 0, n_failed_no_cmd 0, network size: 0, avg network size: 0, si_in_serializable: 0 0 %, local: 0 %, local_access: 43464, local_cxl_access: 0 (0%), remote_access: 43471, remote_access_with_req: 0 (0%), data_move_in: 0, data_move_out: 0
I20260924 12:01:26.392333 1820293 Coordinator.h:310] commit: 8642 abort: 25 (0/25/0), persistence latency 0, txn latency 0, queued lock latency 0, lock latency 0, active_txns 0, n_failed_read_lock 0, n_failed_write_lock 0, n_failed_cmd_not_ready 0, n_failed_no_cmd 0, network size: 0, avg network size: 0, si_in_serializable: 0 0 %, local: 0 %, local_access: 43277, local_cxl_access: 0 (0%), remote_access: 43288, remote_access_with_req: 0 (0%), data_move_in: 0, data_move_out: 0
I20260924 12:01:27.392562 1820293 Coordinator.h:310] commit: 8679 abort: 20 (0/20/0), persistence latency 0, txn latency 0, queued lock latency 0, lock latency 0, active_txns 0, n_failed_read_lock 0, n_failed_write_lock 0, n_failed_cmd_not_ready 0, n_failed_no_cmd 0, network size: 0, avg network size: 0, si_in_serializable: 0 0 %, local: 0 %, local_access: 43432, local_cxl_access: 0 (0%), remote_access: 43439, remote_access_with_req: 0 (0%), data_move_in: 0, data_move_out: 0
I20260924 12:01:28.392779 1820293 Coordinator.h:310] commit: 8656 abort: 21 (0/21/0), persistence latency 0, txn latency 0, queued lock latency 0, lock latency 0, active_txns 0, n_failed_read_lock 0, n_failed_write_lock 0, n_failed_cmd_not_ready 0, n_failed_no_cmd 0, network size: 0, avg network size: 0, si_in_serializable: 0 0 %, local: 0 %, local_access: 43329, local_cxl_access: 0 (0%), remote_access: 43343, remote_access_with_req: 0 (0%), data_move_in: 0, data_move_out: 0
I20260924 12:01:29.392874 1820293 Coordinator.h:310] commit: 8673 abort: 19 (0/19/0), persistence latency 0, txn latency 0, queued lock latency 0, lock latency 0, active_txns 0, n_failed_read_lock 0, n_failed_write_lock 0, n_failed_cmd_not_ready 0, n_failed_no_cmd 0, network size: 0, avg network size: 0, si_in_serializable: 0 0 %, local: 0 %, local_access: 43403, local_cxl_access: 0 (0%), remote_access: 43415, remote_access_with_req: 0 (0%), data_move_in: 0, data_move_out: 0
I20260924 12:01:30.393092 1820293 Coordinator.h:310] commit: 8661 abort: 20 (0/20/0), persistence latency 0, txn latency 0, queued lock latency 0, lock latency 0, active_txns 0, n_failed_read_lock 0, n_failed_write_lock 0, n_failed_cmd_not_ready 0, n_failed_no_cmd 0, network size: 0, avg network size: 0, si_in_serializable: 0 0 %, local: 0 %, local_access: 43344, local_cxl_access: 0 (0%), remote_access: 43360, remote_access_with_req: 0 (0%), data_move_in: 0, data_move_out: 0
I20260924 12:01:31.393191 1820293 Coordinator.h:310] commit: 8702 abort: 9 (0/9/0), persistence latency 0, txn latency 0, queued lock latency 0, lock latency 0, active_txns 0, n_failed_read_lock 0, n_failed_write_lock 0, n_failed_cmd_not_ready 0, n_failed_no_cmd 0, network size: 0, avg network size: 0, si_in_serializable: 0 0 %, local: 0 %, local_access: 43526, local_cxl_access: 0 (0%), remote_access: 43529, remote_access_with_req: 0 (0%), data_move_in: 0, data_move_out: 0
I20260924 12:01:32.393288 1820293 Coordinator.h:310] commit: 8647 abort: 21 (0/21/0), persistence latency 0, txn latency 0, queued lock latency 0, lock latency 0, active_txns 0, n_failed_read_lock 0, n_failed_write_lock 0, n_failed_cmd_not_ready 0, n_failed_no_cmd 0, network size: 0, avg network size: 0, si_in_serializable: 0 0 %, local: 0 %, local_access: 43271, local_cxl_access: 0 (0%), remote_access: 43289, remote_access_with_req: 0 (0%), data_move_in: 0, data_move_out: 0
I20260924 12:01:33.393517 1820293 Coordinator.h:310] commit: 8669 abort: 26 (0/26/0), persistence latency 0, txn latency 0, queued lock latency 0, lock latency 0, active_txns 0, n_failed_read_lock 0, n_failed_write_lock 0, n_failed_cmd_not_ready 0, n_failed_no_cmd 0, network size: 0, avg network size: 0, si_in_serializable: 0 0 %, local: 0 %, local_access: 43401, local_cxl_access: 0 (0%), remote_access: 43417, remote_access_with_req: 0 (0%), data_move_in: 0, data_move_out: 0
I20260924 12:01:34.395385 1820293 Coordinator.h:310] commit: 8674 abort: 16 (0/16/0), persistence latency 0, txn latency 0, queued lock latency 0, lock latency 0, active_txns 0, n_failed_read_lock 0, n_failed_write_lock 0, n_failed_cmd_not_ready 0, n_failed_no_cmd 0, network size: 0, avg network size: 0, si_in_serializable: 0 0 %, local: 0 %, local_access: 43405, local_cxl_access: 0 (0%), remote_access: 43414, remote_access_with_req: 0 (0%), data_move_in: 0, data_move_out: 0
I20260924 12:01:35.395637 1820293 Coordinator.h:310] commit: 8691 abort: 23 (0/23/0), persistence latency 0, txn latency 0, queued lock latency 0, lock latency 0, active_txns 0, n_failed_read_lock 0, n_failed_write_lock 0, n_failed_cmd_not_ready 0, n_failed_no_cmd 0, network size: 0, avg network size: 0, si_in_serializable: 0 0 %, local: 0 %, local_access: 43517, local_cxl_access: 0 (0%), remote_access: 43525, remote_access_with_req: 0 (0%), data_move_in: 0, data_move_out: 0
I20260924 12:01:36.395862 1820293 Coordinator.h:310] commit: 8630 abort: 28 (0/28/0), persistence latency 0, txn latency 0, queued lock latency 0, lock latency 0, active_txns 0, n_failed_read_lock 0, n_failed_write_lock 0, n_failed_cmd_not_ready 0, n_failed_no_cmd 0, network size: 0, avg network size: 0, si_in_serializable: 0 0 %, local: 0 %, local_access: 43199, local_cxl_access: 0 (0%), remote_access: 43217, remote_access_with_req: 0 (0%), data_move_in: 0, data_move_out: 0
I20260924 12:01:37.395987 1820293 Coordinator.h:310] commit: 8628 abort: 27 (0/27/0), persistence latency 0, txn latency 0, queued lock latency 0, lock latency 0, active_txns 0, n_failed_read_lock 0, n_failed_write_lock 0, n_failed_cmd_not_ready 0, n_failed_no_cmd 0, network size: 0, avg network size: 0, si_in_serializable: 0 0 %, local: 0 %, local_access: 43185, local_cxl_access: 0 (0%), remote_access: 43198, remote_access_with_req: 0 (0%), data_move_in: 0, data_move_out: 0
I20260924 12:01:38.396080 1820293 Coordinator.h:310] commit: 8635 abort: 24 (0/24/0), persistence latency 0, txn latency 0, queued lock latency 0, lock latency 0, active_txns 0, n_failed_read_lock 0, n_failed_write_lock 0, n_failed_cmd_not_ready 0, n_failed_no_cmd 0, network size: 0, avg network size: 0, si_in_serializable: 0 0 %, local: 0 %, local_access: 43232, local_cxl_access: 0 (0%), remote_access: 43248, remote_access_with_req: 0 (0%), data_move_in: 0, data_move_out: 0
I20260924 12:01:39.396194 1820293 Coordinator.h:310] commit: 8646 abort: 19 (0/19/0), persistence latency 0, txn latency 0, queued lock latency 0, lock latency 0, active_txns 0, n_failed_read_lock 0, n_failed_write_lock 0, n_failed_cmd_not_ready 0, n_failed_no_cmd 0, network size: 0, avg network size: 0, si_in_serializable: 0 0 %, local: 0 %, local_access: 43269, local_cxl_access: 0 (0%), remote_access: 43285, remote_access_with_req: 0 (0%), data_move_in: 0, data_move_out: 0
I20260924 12:01:40.396416 1820293 Coordinator.h:310] commit: 8638 abort: 10 (0/10/0), persistence latency 0, txn latency 0, queued lock latency 0, lock latency 0, active_txns 0, n_failed_read_lock 0, n_failed_write_lock 0, n_failed_cmd_not_ready 0, n_failed_no_cmd 0, network size: 0, avg network size: 0, si_in_serializable: 0 0 %, local: 0 %, local_access: 43219, local_cxl_access: 0 (0%), remote_access: 43222, remote_access_with_req: 0 (0%), data_move_in: 0, data_move_out: 0
I20260924 12:01:41.396639 1820293 Coordinator.h:310] commit: 8668 abort: 21 (0/21/0), persistence latency 0, txn latency 0, queued lock latency 0, lock latency 0, active_txns 0, n_failed_read_lock 0, n_failed_write_lock 0, n_failed_cmd_not_ready 0, n_failed_no_cmd 0, network size: 0, avg network size: 0, si_in_serializable: 0 0 %, local: 0 %, local_access: 43378, local_cxl_access: 0 (0%), remote_access: 43388, remote_access_with_req: 0 (0%), data_move_in: 0, data_move_out: 0
I20260924 12:01:41.396664 1820293 Coordinator.h:348] average commit: 8658.23 abort: 20.0333 (0/20.0333/0), abort_rate: 0.00230845, network size: 0, avg network size: 0, si_in_serializable: 0 0 %, local: 0 %, local_access: 1299994, local_cxl_access: 0 (0%), remote_access: 1300340, remote_access_with_req: 0 (0%), data_move_in: 0, data_move_out: 0
I20260924 12:01:41.396687 1820293 Executor.h:236] Worker 0 latency: 267 us (50%) 304 us (75%) 1017 us (95%) 1191 us (99%). dist txn latency: 267 us (50%) 304 us (75%) 1027 us (95%) 1194 us (99%)  avg 347 us . local txn latency: 0 us (50%) 0 us (75%) 0 us (95%) 0 us (99%)  avg 0 us. txn commit latency: 267 us (50%) 303 us (75%) 990 us (95%) 1185 us (99%) avg 341 us.
 LOCAL txn stall 0 us,  local_work 0 us,  remote_work 0 us,  commit_work 0 us,  commit_prepare 0 us,  commit_persistence 0 us,  commit_write_back 0 us,  commit_replication 0 us,  commit_release_lock 0 us 
 DIST txn stall 0 us,  local_work 338 us,  remote_work 0 us,  commit_work 9 us,  commit_prepare 0 us,  commit_persistence 0 us,  commit_write_back 0 us,  commit_replication 0 us,  commit_release_lock 7 us 
I20260924 12:01:41.397992 1820293 Executor.h:267] message stats, type: 0 count: 0 total size: 0
I20260924 12:01:41.398005 1820293 Executor.h:267] message stats, type: 1 count: 0 total size: 0
I20260924 12:01:41.398010 1820293 Executor.h:267] message stats, type: 2 count: 0 total size: 0
I20260924 12:01:41.398013 1820293 Executor.h:267] message stats, type: 3 count: 0 total size: 0
I20260924 12:01:41.398017 1820293 Executor.h:267] message stats, type: 4 count: 0 total size: 0
I20260924 12:01:41.398036 1820293 Executor.h:267] message stats, type: 5 count: 0 total size: 0
I20260924 12:01:41.398038 1820293 Executor.h:267] message stats, type: 6 count: 0 total size: 0
I20260924 12:01:41.398087 1820293 Executor.h:267] message stats, type: 7 count: 0 total size: 0
I20260924 12:01:41.398118 1820293 Executor.h:267] message stats, type: 8 count: 0 total size: 0
I20260924 12:01:41.398145 1820293 Executor.h:267] message stats, type: 9 count: 0 total size: 0
I20260924 12:01:41.398149 1820293 Executor.h:267] message stats, type: 10 count: 0 total size: 0
I20260924 12:01:41.398154 1820293 Executor.h:267] message stats, type: 11 count: 0 total size: 0
I20260924 12:01:41.408519 1820361 Manager.h:234] Manager(worker id = 3) on the non-coordinator node exits.
I20260924 12:01:41.408514 1820360 Executor.h:231] Executor 2 exits.
I20260924 12:01:41.408514 1820359 Executor.h:231] Executor 1 exits.
I20260924 12:01:41.408514 1820358 Executor.h:231] Executor 0 exits.
I20260924 12:01:41.409263 1820293 Executor.h:236] Worker 1 latency: 267 us (50%) 303 us (75%) 1030 us (95%) 1190 us (99%). dist txn latency: 267 us (50%) 303 us (75%) 1004 us (95%) 1179 us (99%)  avg 343 us . local txn latency: 0 us (50%) 0 us (75%) 0 us (95%) 0 us (99%)  avg 0 us. txn commit latency: 267 us (50%) 304 us (75%) 1045 us (95%) 1194 us (99%) avg 349 us.
 LOCAL txn stall 0 us,  local_work 0 us,  remote_work 0 us,  commit_work 0 us,  commit_prepare 0 us,  commit_persistence 0 us,  commit_write_back 0 us,  commit_replication 0 us,  commit_release_lock 0 us 
 DIST txn stall 0 us,  local_work 333 us,  remote_work 0 us,  commit_work 9 us,  commit_prepare 0 us,  commit_persistence 0 us,  commit_write_back 0 us,  commit_replication 0 us,  commit_release_lock 7 us 
I20260924 12:01:41.411041 1820293 Executor.h:236] Worker 2 latency: 259 us (50%) 312 us (75%) 1008 us (95%) 1178 us (99%). dist txn latency: 259 us (50%) 311 us (75%) 976 us (95%) 1174 us (99%)  avg 343 us . local txn latency: 0 us (50%) 0 us (75%) 0 us (95%) 0 us (99%)  avg 0 us. txn commit latency: 259 us (50%) 310 us (75%) 980 us (95%) 1171 us (99%) avg 342 us.
 LOCAL txn stall 0 us,  local_work 0 us,  remote_work 0 us,  commit_work 0 us,  commit_prepare 0 us,  commit_persistence 0 us,  commit_write_back 0 us,  commit_replication 0 us,  commit_release_lock 0 us 
 DIST txn stall 0 us,  local_work 328 us,  remote_work 0 us,  commit_work 9 us,  commit_prepare 0 us,  commit_persistence 0 us,  commit_write_back 0 us,  commit_replication 0 us,  commit_release_lock 6 us 
I20260924 12:01:41.412209 1820293 CXLMemory.h:227] local CXL memory usage: size_index_usage: 0 size_metadata_usage: 0 size_data_usage: 0 size_transport_usage: 0 size_misc_usage: 0 total_size_hw_cc_usage: 0 total_usage: 0
I20260924 12:01:41.412250 1820357 Dispatcher.h:261] Handling coordinator message took 4
I20260924 12:01:42.412447 1820356 Dispatcher.h:160] Incoming Dispatcher exits, network size: 132. socket_message_recv_latency(50th) 0 socket_message_recv_latency(75th) 0 socket_message_recv_latency(95th) 0 socket_message_recv_latency(99th) 0 internal_message_recv_latency(50th) 0 socket_message_recv_cnt 0 socket_read_syscall 0 internal_message_recv_cnt 0
I20260924 12:01:42.412453 1820357 Dispatcher.h:292] Outgoing Dispatcher exits, network size: 252. msg_send_latency(50th) 0 msg_send_latency(75th) 0 msg_send_latency(95th) 0 msg_send_latency(99th) 0 msg_send_latency(avg) 0 msg_gen_to_sent_latency(50th) 0 msg_gen_to_sent_latency(75th) 0 msg_gen_to_sent_latency(95th) 0 msg_gen_to_sent_latency(99th) 0 msg_gen_to_queue_latency(50th) 0 msg_gen_to_queue_latency(75th) 0 msg_gen_to_queue_latency(95th) 0 msg_gen_to_queue_latency(99th) 0 msg_disp_ltc(50th) 0 msg_disp_ltc(75th) 0 msg_disp_ltc(95th) 0 msg_disp_ltc(99th) 0 msg_disp_ltc(100th) 0 send_ltc(50th) 0 send_ltc(75th) 0 send_ltc(95th) 0 send_ltc(99th) 0 send_ltc(100th) 0 send_ltc(avg) 0 sendto_cnt 3 network_size 252 network_msg_cnt 2 network_msg_group_size avg 0 50th 0 internal_network_size 0 internal_network_msg_cnt 0
I20260924 12:01:44.800808 1820293 Coordinator.h:420] Coordinator exits.
TIGON_RUN_END run_id=cmp_951_y_rw95_c100_r3 host_id=1 status=ok exit_code=0
