TIGON_RUN_META system=ub workload=ycsb run_id=cmp_951_y_rw95_c50_r1 host_id=1 repetition=1 mode=one-sided query=rmw transport=ubq partitions=2 workers=3 keys=300000 rw_ratio=95 zipf=0.7 cross_ratio=50 neworder_dist= payment_dist= warmup_seconds=30 run_seconds=30 total_seconds=60 logging=off
I20260924 11:52:07.866096 1816918 bench_ycsb.cpp:68] RW_RATIO = 95, ZIPF_THETA = 0.7, CROSS_RATIO = 50
I20260924 11:52:07.866705 1816918 bench_ycsb.cpp:69] checkpoint 0 to 
I20260924 11:52:07.866711 1816918 bench_ycsb.cpp:70] cross_part_num 2
I20260924 11:52:07.866715 1816918 bench_ycsb.cpp:71] lotus_sp_parallel_exec_commit 0
I20260924 11:52:07.866720 1816918 bench_ycsb.cpp:72] granules_per_partition 1
I20260924 11:52:07.866724 1816918 bench_ycsb.cpp:73] keysPerGranule 300000
[2026-09-24 11:52:08.430 +08:00][ERROR][1816918][281473307299872][shm_ipc_command.cpp:183] IpcCallShmMap response error : 800
[2026-09-24 11:52:08.430 +08:00][ERROR][1816918][281473307299872][RackMemShm.cpp:322] Failed to mmap, name=u67408848_one-sided_rmw_ubq_0, mapSize=2147483648, ret=800
[2026-09-24 11:52:08.430 +08:00][ERROR][1816918][281473307299872][mxmem_shmem.cpp:473] Failed to mmap shared memory, ret=800
[2026-09-24 11:52:08.533 +08:00][ERROR][1816918][281473307299872][shm_ipc_command.cpp:183] IpcCallShmMap response error : 800
[2026-09-24 11:52:08.533 +08:00][ERROR][1816918][281473307299872][RackMemShm.cpp:322] Failed to mmap, name=u67408848_one-sided_rmw_ubq_0, mapSize=2147483648, ret=800
[2026-09-24 11:52:08.533 +08:00][ERROR][1816918][281473307299872][mxmem_shmem.cpp:473] Failed to mmap shared memory, ret=800
[2026-09-24 11:52:08.639 +08:00][ERROR][1816918][281473307299872][shm_ipc_command.cpp:183] IpcCallShmMap response error : 800
[2026-09-24 11:52:08.639 +08:00][ERROR][1816918][281473307299872][RackMemShm.cpp:322] Failed to mmap, name=u67408848_one-sided_rmw_ubq_0, mapSize=2147483648, ret=800
[2026-09-24 11:52:08.639 +08:00][ERROR][1816918][281473307299872][mxmem_shmem.cpp:473] Failed to mmap shared memory, ret=800
[2026-09-24 11:52:08.741 +08:00][ERROR][1816918][281473307299872][shm_ipc_command.cpp:183] IpcCallShmMap response error : 800
[2026-09-24 11:52:08.741 +08:00][ERROR][1816918][281473307299872][RackMemShm.cpp:322] Failed to mmap, name=u67408848_one-sided_rmw_ubq_0, mapSize=2147483648, ret=800
[2026-09-24 11:52:08.741 +08:00][ERROR][1816918][281473307299872][mxmem_shmem.cpp:473] Failed to mmap shared memory, ret=800
[2026-09-24 11:52:08.845 +08:00][ERROR][1816918][281473307299872][shm_ipc_command.cpp:183] IpcCallShmMap response error : 800
[2026-09-24 11:52:08.845 +08:00][ERROR][1816918][281473307299872][RackMemShm.cpp:322] Failed to mmap, name=u67408848_one-sided_rmw_ubq_0, mapSize=2147483648, ret=800
[2026-09-24 11:52:08.845 +08:00][ERROR][1816918][281473307299872][mxmem_shmem.cpp:473] Failed to mmap shared memory, ret=800
[2026-09-24 11:52:08.948 +08:00][ERROR][1816918][281473307299872][shm_ipc_command.cpp:183] IpcCallShmMap response error : 800
[2026-09-24 11:52:08.949 +08:00][ERROR][1816918][281473307299872][RackMemShm.cpp:322] Failed to mmap, name=u67408848_one-sided_rmw_ubq_0, mapSize=2147483648, ret=800
[2026-09-24 11:52:08.949 +08:00][ERROR][1816918][281473307299872][mxmem_shmem.cpp:473] Failed to mmap shared memory, ret=800
[2026-09-24 11:52:09.053 +08:00][ERROR][1816918][281473307299872][shm_ipc_command.cpp:183] IpcCallShmMap response error : 800
[2026-09-24 11:52:09.053 +08:00][ERROR][1816918][281473307299872][RackMemShm.cpp:322] Failed to mmap, name=u67408848_one-sided_rmw_ubq_0, mapSize=2147483648, ret=800
[2026-09-24 11:52:09.053 +08:00][ERROR][1816918][281473307299872][mxmem_shmem.cpp:473] Failed to mmap shared memory, ret=800
I20260924 11:52:09.223294 1816918 UBMemory.cpp:138] UB memory initialized: local_region=1 regions=2 mode=one-sided bytes_per_region=2147483648
I20260924 11:52:11.656291 1816918 Database.h:82] ycsb initialization finished in 2432 milliseconds.
I20260924 11:52:11.656939 1816918 Coordinator.h:459] Coordinator 1 initializes UB inbox with 4096 entries of 8192 bytes
I20260924 11:52:11.656992 1816918 Coordinator.h:100] WAL Group Commiting off. Log to file _non_group_commit.txt using Blackhole Logger
I20260924 11:52:11.657001 1816918 Coordinator.h:104] Coordinator initializes 3 workers.
I20260924 11:52:11.657517 1816953 Coordinator.h:505] Listener 0 on coordinator 1 listening on 76.53.137.99:10010 tcp_no_delay 1 tcp_quick_ack 0
I20260924 11:52:11.658969 1816918 Coordinator.h:551] Coordinator 1 failed to connect 0(76.53.137.98:10010)'s listener 0, retry in 5 seconds.
I20260924 11:52:11.687980 1816953 Socket.h:69] Disabling nagle
I20260924 11:52:11.688004 1816953 Coordinator.h:520] Listener accepted connection from coordinator 0
I20260924 11:52:11.688009 1816953 Coordinator.h:523] Listener 0 on coordinator 1 exits.
I20260924 11:52:16.659932 1816918 Socket.h:69] Disabling nagle
I20260924 11:52:16.659962 1816918 Coordinator.h:560] Coordinator 1 connected to 0
I20260924 11:52:16.659991 1816918 Coordinator.h:572] Coordinator 1 connected to all peers.
I20260924 11:52:16.659999 1816918 Dispatcher.h:41] IncomingDispatcher 0 coord_id 1
I20260924 11:52:16.660015 1816918 Dispatcher.h:234] OutgoingDispatcher 0 coord_id 1
I20260924 11:52:16.660080 1816918 Coordinator.h:669] pinned thread to core 0
I20260924 11:52:16.660126 1816918 Coordinator.h:669] pinned thread to core 1
I20260924 11:52:16.660137 1816918 Coordinator.h:219] Coordinator starts to run 4 workers.
I20260924 11:52:16.660172 1816997 Dispatcher.h:63] Incoming Dispatcher started, numCoordinators = 2, numWorkers = 3, group id = 0, coordinator = 1
I20260924 11:52:16.660154 1816998 Dispatcher.h:246] Outgoing Dispatcher started, numCoordinators = 2, numWorkers = 4, group id = 0
I20260924 11:52:16.660166 1816918 Coordinator.h:669] pinned thread to core 2
I20260924 11:52:16.660264 1816999 Executor.h:79] Executor 0 starts.
I20260924 11:52:16.660903 1817000 Executor.h:79] Executor 1 starts.
I20260924 11:52:16.660763 1816918 Coordinator.h:669] pinned thread to core 3
I20260924 11:52:16.661193 1816918 Coordinator.h:669] pinned thread to core 4
I20260924 11:52:16.661230 1817001 Executor.h:79] Executor 2 starts.
I20260924 11:52:16.661346 1817002 Manager.h:232] Manager(worker id = 3) on the non-coordinator node started.
I20260924 11:52:17.661460 1816918 Coordinator.h:310] commit: 15473 abort: 34 (0/34/0), persistence latency 0, txn latency 0, queued lock latency 0, lock latency 0, active_txns 0, n_failed_read_lock 0, n_failed_write_lock 0, n_failed_cmd_not_ready 0, n_failed_no_cmd 0, network size: 0, avg network size: 0, si_in_serializable: 0 0 %, local: 0 %, local_access: 116308, local_cxl_access: 0 (0%), remote_access: 38615, remote_access_with_req: 0 (0%), data_move_in: 0, data_move_out: 0
I20260924 11:52:18.662511 1816918 Coordinator.h:310] commit: 15696 abort: 21 (0/21/0), persistence latency 0, txn latency 0, queued lock latency 0, lock latency 0, active_txns 0, n_failed_read_lock 0, n_failed_write_lock 0, n_failed_cmd_not_ready 0, n_failed_no_cmd 0, network size: 0, avg network size: 0, si_in_serializable: 0 0 %, local: 0 %, local_access: 117603, local_cxl_access: 0 (0%), remote_access: 39451, remote_access_with_req: 0 (0%), data_move_in: 0, data_move_out: 0
I20260924 11:52:19.662773 1816918 Coordinator.h:310] commit: 15871 abort: 42 (0/42/0), persistence latency 0, txn latency 0, queued lock latency 0, lock latency 0, active_txns 0, n_failed_read_lock 0, n_failed_write_lock 0, n_failed_cmd_not_ready 0, n_failed_no_cmd 0, network size: 0, avg network size: 0, si_in_serializable: 0 0 %, local: 0 %, local_access: 119317, local_cxl_access: 0 (0%), remote_access: 39566, remote_access_with_req: 0 (0%), data_move_in: 0, data_move_out: 0
I20260924 11:52:20.662945 1816918 Coordinator.h:310] commit: 15743 abort: 60 (0/60/0), persistence latency 0, txn latency 0, queued lock latency 0, lock latency 0, active_txns 0, n_failed_read_lock 0, n_failed_write_lock 0, n_failed_cmd_not_ready 0, n_failed_no_cmd 0, network size: 0, avg network size: 0, si_in_serializable: 0 0 %, local: 0 %, local_access: 118408, local_cxl_access: 0 (0%), remote_access: 39254, remote_access_with_req: 0 (0%), data_move_in: 0, data_move_out: 0
I20260924 11:52:21.663043 1816918 Coordinator.h:310] commit: 16078 abort: 47 (0/47/0), persistence latency 0, txn latency 0, queued lock latency 0, lock latency 0, active_txns 0, n_failed_read_lock 0, n_failed_write_lock 0, n_failed_cmd_not_ready 0, n_failed_no_cmd 0, network size: 0, avg network size: 0, si_in_serializable: 0 0 %, local: 0 %, local_access: 121428, local_cxl_access: 0 (0%), remote_access: 39530, remote_access_with_req: 0 (0%), data_move_in: 0, data_move_out: 0
I20260924 11:52:22.663136 1816918 Coordinator.h:310] commit: 15782 abort: 40 (0/40/0), persistence latency 0, txn latency 0, queued lock latency 0, lock latency 0, active_txns 0, n_failed_read_lock 0, n_failed_write_lock 0, n_failed_cmd_not_ready 0, n_failed_no_cmd 0, network size: 0, avg network size: 0, si_in_serializable: 0 0 %, local: 0 %, local_access: 118769, local_cxl_access: 0 (0%), remote_access: 39220, remote_access_with_req: 0 (0%), data_move_in: 0, data_move_out: 0
I20260924 11:52:23.663237 1816918 Coordinator.h:310] commit: 16098 abort: 46 (0/46/0), persistence latency 0, txn latency 0, queued lock latency 0, lock latency 0, active_txns 0, n_failed_read_lock 0, n_failed_write_lock 0, n_failed_cmd_not_ready 0, n_failed_no_cmd 0, network size: 0, avg network size: 0, si_in_serializable: 0 0 %, local: 0 %, local_access: 121715, local_cxl_access: 0 (0%), remote_access: 39458, remote_access_with_req: 0 (0%), data_move_in: 0, data_move_out: 0
I20260924 11:52:24.663340 1816918 Coordinator.h:310] commit: 15795 abort: 51 (0/51/0), persistence latency 0, txn latency 0, queued lock latency 0, lock latency 0, active_txns 0, n_failed_read_lock 0, n_failed_write_lock 0, n_failed_cmd_not_ready 0, n_failed_no_cmd 0, network size: 0, avg network size: 0, si_in_serializable: 0 0 %, local: 0 %, local_access: 118831, local_cxl_access: 0 (0%), remote_access: 39391, remote_access_with_req: 0 (0%), data_move_in: 0, data_move_out: 0
I20260924 11:52:25.663575 1816918 Coordinator.h:310] commit: 15692 abort: 40 (0/40/0), persistence latency 0, txn latency 0, queued lock latency 0, lock latency 0, active_txns 0, n_failed_read_lock 0, n_failed_write_lock 0, n_failed_cmd_not_ready 0, n_failed_no_cmd 0, network size: 0, avg network size: 0, si_in_serializable: 0 0 %, local: 0 %, local_access: 117495, local_cxl_access: 0 (0%), remote_access: 39596, remote_access_with_req: 0 (0%), data_move_in: 0, data_move_out: 0
I20260924 11:52:26.663694 1816918 Coordinator.h:310] commit: 15806 abort: 53 (0/53/0), persistence latency 0, txn latency 0, queued lock latency 0, lock latency 0, active_txns 0, n_failed_read_lock 0, n_failed_write_lock 0, n_failed_cmd_not_ready 0, n_failed_no_cmd 0, network size: 0, avg network size: 0, si_in_serializable: 0 0 %, local: 0 %, local_access: 118852, local_cxl_access: 0 (0%), remote_access: 39445, remote_access_with_req: 0 (0%), data_move_in: 0, data_move_out: 0
I20260924 11:52:27.663815 1816918 Coordinator.h:310] commit: 15837 abort: 26 (0/26/0), persistence latency 0, txn latency 0, queued lock latency 0, lock latency 0, active_txns 0, n_failed_read_lock 0, n_failed_write_lock 0, n_failed_cmd_not_ready 0, n_failed_no_cmd 0, network size: 0, avg network size: 0, si_in_serializable: 0 0 %, local: 0 %, local_access: 118921, local_cxl_access: 0 (0%), remote_access: 39607, remote_access_with_req: 0 (0%), data_move_in: 0, data_move_out: 0
I20260924 11:52:28.663933 1816918 Coordinator.h:310] commit: 15605 abort: 27 (0/27/0), persistence latency 0, txn latency 0, queued lock latency 0, lock latency 0, active_txns 0, n_failed_read_lock 0, n_failed_write_lock 0, n_failed_cmd_not_ready 0, n_failed_no_cmd 0, network size: 0, avg network size: 0, si_in_serializable: 0 0 %, local: 0 %, local_access: 116744, local_cxl_access: 0 (0%), remote_access: 39436, remote_access_with_req: 0 (0%), data_move_in: 0, data_move_out: 0
I20260924 11:52:29.664155 1816918 Coordinator.h:310] commit: 15888 abort: 30 (0/30/0), persistence latency 0, txn latency 0, queued lock latency 0, lock latency 0, active_txns 0, n_failed_read_lock 0, n_failed_write_lock 0, n_failed_cmd_not_ready 0, n_failed_no_cmd 0, network size: 0, avg network size: 0, si_in_serializable: 0 0 %, local: 0 %, local_access: 119342, local_cxl_access: 0 (0%), remote_access: 39686, remote_access_with_req: 0 (0%), data_move_in: 0, data_move_out: 0
I20260924 11:52:30.664264 1816918 Coordinator.h:310] commit: 15794 abort: 49 (0/49/0), persistence latency 0, txn latency 0, queued lock latency 0, lock latency 0, active_txns 0, n_failed_read_lock 0, n_failed_write_lock 0, n_failed_cmd_not_ready 0, n_failed_no_cmd 0, network size: 0, avg network size: 0, si_in_serializable: 0 0 %, local: 0 %, local_access: 118798, local_cxl_access: 0 (0%), remote_access: 39394, remote_access_with_req: 0 (0%), data_move_in: 0, data_move_out: 0
I20260924 11:52:31.664482 1816918 Coordinator.h:310] commit: 15962 abort: 39 (0/39/0), persistence latency 0, txn latency 0, queued lock latency 0, lock latency 0, active_txns 0, n_failed_read_lock 0, n_failed_write_lock 0, n_failed_cmd_not_ready 0, n_failed_no_cmd 0, network size: 0, avg network size: 0, si_in_serializable: 0 0 %, local: 0 %, local_access: 120050, local_cxl_access: 0 (0%), remote_access: 39761, remote_access_with_req: 0 (0%), data_move_in: 0, data_move_out: 0
I20260924 11:52:32.664698 1816918 Coordinator.h:310] commit: 15781 abort: 58 (0/58/0), persistence latency 0, txn latency 0, queued lock latency 0, lock latency 0, active_txns 0, n_failed_read_lock 0, n_failed_write_lock 0, n_failed_cmd_not_ready 0, n_failed_no_cmd 0, network size: 0, avg network size: 0, si_in_serializable: 0 0 %, local: 0 %, local_access: 118658, local_cxl_access: 0 (0%), remote_access: 39444, remote_access_with_req: 0 (0%), data_move_in: 0, data_move_out: 0
I20260924 11:52:33.664808 1816918 Coordinator.h:310] commit: 15778 abort: 60 (0/60/0), persistence latency 0, txn latency 0, queued lock latency 0, lock latency 0, active_txns 0, n_failed_read_lock 0, n_failed_write_lock 0, n_failed_cmd_not_ready 0, n_failed_no_cmd 0, network size: 0, avg network size: 0, si_in_serializable: 0 0 %, local: 0 %, local_access: 118380, local_cxl_access: 0 (0%), remote_access: 39643, remote_access_with_req: 0 (0%), data_move_in: 0, data_move_out: 0
I20260924 11:52:34.664911 1816918 Coordinator.h:310] commit: 15780 abort: 42 (0/42/0), persistence latency 0, txn latency 0, queued lock latency 0, lock latency 0, active_txns 0, n_failed_read_lock 0, n_failed_write_lock 0, n_failed_cmd_not_ready 0, n_failed_no_cmd 0, network size: 0, avg network size: 0, si_in_serializable: 0 0 %, local: 0 %, local_access: 118434, local_cxl_access: 0 (0%), remote_access: 39583, remote_access_with_req: 0 (0%), data_move_in: 0, data_move_out: 0
I20260924 11:52:35.665130 1816918 Coordinator.h:310] commit: 15853 abort: 39 (0/39/0), persistence latency 0, txn latency 0, queued lock latency 0, lock latency 0, active_txns 0, n_failed_read_lock 0, n_failed_write_lock 0, n_failed_cmd_not_ready 0, n_failed_no_cmd 0, network size: 0, avg network size: 0, si_in_serializable: 0 0 %, local: 0 %, local_access: 118900, local_cxl_access: 0 (0%), remote_access: 39848, remote_access_with_req: 0 (0%), data_move_in: 0, data_move_out: 0
I20260924 11:52:36.665349 1816918 Coordinator.h:310] commit: 15743 abort: 49 (0/49/0), persistence latency 0, txn latency 0, queued lock latency 0, lock latency 0, active_txns 0, n_failed_read_lock 0, n_failed_write_lock 0, n_failed_cmd_not_ready 0, n_failed_no_cmd 0, network size: 0, avg network size: 0, si_in_serializable: 0 0 %, local: 0 %, local_access: 118246, local_cxl_access: 0 (0%), remote_access: 39422, remote_access_with_req: 0 (0%), data_move_in: 0, data_move_out: 0
I20260924 11:52:37.665445 1816918 Coordinator.h:310] commit: 15842 abort: 42 (0/42/0), persistence latency 0, txn latency 0, queued lock latency 0, lock latency 0, active_txns 0, n_failed_read_lock 0, n_failed_write_lock 0, n_failed_cmd_not_ready 0, n_failed_no_cmd 0, network size: 0, avg network size: 0, si_in_serializable: 0 0 %, local: 0 %, local_access: 118824, local_cxl_access: 0 (0%), remote_access: 39781, remote_access_with_req: 0 (0%), data_move_in: 0, data_move_out: 0
I20260924 11:52:38.667349 1816918 Coordinator.h:310] commit: 15689 abort: 62 (0/62/0), persistence latency 0, txn latency 0, queued lock latency 0, lock latency 0, active_txns 0, n_failed_read_lock 0, n_failed_write_lock 0, n_failed_cmd_not_ready 0, n_failed_no_cmd 0, network size: 0, avg network size: 0, si_in_serializable: 0 0 %, local: 0 %, local_access: 117367, local_cxl_access: 0 (0%), remote_access: 39822, remote_access_with_req: 0 (0%), data_move_in: 0, data_move_out: 0
I20260924 11:52:39.667586 1816918 Coordinator.h:310] commit: 15972 abort: 34 (0/34/0), persistence latency 0, txn latency 0, queued lock latency 0, lock latency 0, active_txns 0, n_failed_read_lock 0, n_failed_write_lock 0, n_failed_cmd_not_ready 0, n_failed_no_cmd 0, network size: 0, avg network size: 0, si_in_serializable: 0 0 %, local: 0 %, local_access: 120085, local_cxl_access: 0 (0%), remote_access: 39786, remote_access_with_req: 0 (0%), data_move_in: 0, data_move_out: 0
I20260924 11:52:40.667711 1816918 Coordinator.h:310] commit: 15848 abort: 56 (0/56/0), persistence latency 0, txn latency 0, queued lock latency 0, lock latency 0, active_txns 0, n_failed_read_lock 0, n_failed_write_lock 0, n_failed_cmd_not_ready 0, n_failed_no_cmd 0, network size: 0, avg network size: 0, si_in_serializable: 0 0 %, local: 0 %, local_access: 119159, local_cxl_access: 0 (0%), remote_access: 39618, remote_access_with_req: 0 (0%), data_move_in: 0, data_move_out: 0
I20260924 11:52:41.667840 1816918 Coordinator.h:310] commit: 15916 abort: 39 (0/39/0), persistence latency 0, txn latency 0, queued lock latency 0, lock latency 0, active_txns 0, n_failed_read_lock 0, n_failed_write_lock 0, n_failed_cmd_not_ready 0, n_failed_no_cmd 0, network size: 0, avg network size: 0, si_in_serializable: 0 0 %, local: 0 %, local_access: 119537, local_cxl_access: 0 (0%), remote_access: 39850, remote_access_with_req: 0 (0%), data_move_in: 0, data_move_out: 0
I20260924 11:52:42.668061 1816918 Coordinator.h:310] commit: 15884 abort: 41 (0/41/0), persistence latency 0, txn latency 0, queued lock latency 0, lock latency 0, active_txns 0, n_failed_read_lock 0, n_failed_write_lock 0, n_failed_cmd_not_ready 0, n_failed_no_cmd 0, network size: 0, avg network size: 0, si_in_serializable: 0 0 %, local: 0 %, local_access: 119414, local_cxl_access: 0 (0%), remote_access: 39628, remote_access_with_req: 0 (0%), data_move_in: 0, data_move_out: 0
I20260924 11:52:43.668181 1816918 Coordinator.h:310] commit: 15884 abort: 47 (0/47/0), persistence latency 0, txn latency 0, queued lock latency 0, lock latency 0, active_txns 0, n_failed_read_lock 0, n_failed_write_lock 0, n_failed_cmd_not_ready 0, n_failed_no_cmd 0, network size: 0, avg network size: 0, si_in_serializable: 0 0 %, local: 0 %, local_access: 119295, local_cxl_access: 0 (0%), remote_access: 39726, remote_access_with_req: 0 (0%), data_move_in: 0, data_move_out: 0
I20260924 11:52:44.668278 1816918 Coordinator.h:310] commit: 15709 abort: 34 (0/34/0), persistence latency 0, txn latency 0, queued lock latency 0, lock latency 0, active_txns 0, n_failed_read_lock 0, n_failed_write_lock 0, n_failed_cmd_not_ready 0, n_failed_no_cmd 0, network size: 0, avg network size: 0, si_in_serializable: 0 0 %, local: 0 %, local_access: 117586, local_cxl_access: 0 (0%), remote_access: 39703, remote_access_with_req: 0 (0%), data_move_in: 0, data_move_out: 0
I20260924 11:52:45.668392 1816918 Coordinator.h:310] commit: 16031 abort: 39 (0/39/0), persistence latency 0, txn latency 0, queued lock latency 0, lock latency 0, active_txns 0, n_failed_read_lock 0, n_failed_write_lock 0, n_failed_cmd_not_ready 0, n_failed_no_cmd 0, network size: 0, avg network size: 0, si_in_serializable: 0 0 %, local: 0 %, local_access: 120722, local_cxl_access: 0 (0%), remote_access: 39758, remote_access_with_req: 0 (0%), data_move_in: 0, data_move_out: 0
I20260924 11:52:46.668506 1816918 Coordinator.h:310] commit: 15816 abort: 37 (0/37/0), persistence latency 0, txn latency 0, queued lock latency 0, lock latency 0, active_txns 0, n_failed_read_lock 0, n_failed_write_lock 0, n_failed_cmd_not_ready 0, n_failed_no_cmd 0, network size: 0, avg network size: 0, si_in_serializable: 0 0 %, local: 0 %, local_access: 118657, local_cxl_access: 0 (0%), remote_access: 39678, remote_access_with_req: 0 (0%), data_move_in: 0, data_move_out: 0
I20260924 11:52:47.668618 1816918 Coordinator.h:310] commit: 16007 abort: 45 (0/45/0), persistence latency 0, txn latency 0, queued lock latency 0, lock latency 0, active_txns 0, n_failed_read_lock 0, n_failed_write_lock 0, n_failed_cmd_not_ready 0, n_failed_no_cmd 0, network size: 0, avg network size: 0, si_in_serializable: 0 0 %, local: 0 %, local_access: 120336, local_cxl_access: 0 (0%), remote_access: 39931, remote_access_with_req: 0 (0%), data_move_in: 0, data_move_out: 0
I20260924 11:52:48.668715 1816918 Coordinator.h:310] commit: 15596 abort: 36 (0/36/0), persistence latency 0, txn latency 0, queued lock latency 0, lock latency 0, active_txns 0, n_failed_read_lock 0, n_failed_write_lock 0, n_failed_cmd_not_ready 0, n_failed_no_cmd 0, network size: 0, avg network size: 0, si_in_serializable: 0 0 %, local: 0 %, local_access: 116409, local_cxl_access: 0 (0%), remote_access: 39706, remote_access_with_req: 0 (0%), data_move_in: 0, data_move_out: 0
I20260924 11:52:49.668933 1816918 Coordinator.h:310] commit: 15777 abort: 60 (0/60/0), persistence latency 0, txn latency 0, queued lock latency 0, lock latency 0, active_txns 0, n_failed_read_lock 0, n_failed_write_lock 0, n_failed_cmd_not_ready 0, n_failed_no_cmd 0, network size: 0, avg network size: 0, si_in_serializable: 0 0 %, local: 0 %, local_access: 117982, local_cxl_access: 0 (0%), remote_access: 40161, remote_access_with_req: 0 (0%), data_move_in: 0, data_move_out: 0
I20260924 11:52:50.669166 1816918 Coordinator.h:310] commit: 15832 abort: 34 (0/34/0), persistence latency 0, txn latency 0, queued lock latency 0, lock latency 0, active_txns 0, n_failed_read_lock 0, n_failed_write_lock 0, n_failed_cmd_not_ready 0, n_failed_no_cmd 0, network size: 0, avg network size: 0, si_in_serializable: 0 0 %, local: 0 %, local_access: 118658, local_cxl_access: 0 (0%), remote_access: 39800, remote_access_with_req: 0 (0%), data_move_in: 0, data_move_out: 0
I20260924 11:52:51.669384 1816918 Coordinator.h:310] commit: 15918 abort: 47 (0/47/0), persistence latency 0, txn latency 0, queued lock latency 0, lock latency 0, active_txns 0, n_failed_read_lock 0, n_failed_write_lock 0, n_failed_cmd_not_ready 0, n_failed_no_cmd 0, network size: 0, avg network size: 0, si_in_serializable: 0 0 %, local: 0 %, local_access: 119276, local_cxl_access: 0 (0%), remote_access: 40122, remote_access_with_req: 0 (0%), data_move_in: 0, data_move_out: 0
I20260924 11:52:52.669912 1816918 Coordinator.h:310] commit: 15901 abort: 36 (0/36/0), persistence latency 0, txn latency 0, queued lock latency 0, lock latency 0, active_txns 0, n_failed_read_lock 0, n_failed_write_lock 0, n_failed_cmd_not_ready 0, n_failed_no_cmd 0, network size: 0, avg network size: 0, si_in_serializable: 0 0 %, local: 0 %, local_access: 119242, local_cxl_access: 0 (0%), remote_access: 39966, remote_access_with_req: 0 (0%), data_move_in: 0, data_move_out: 0
I20260924 11:52:53.670634 1816918 Coordinator.h:310] commit: 16232 abort: 26 (0/26/0), persistence latency 0, txn latency 0, queued lock latency 0, lock latency 0, active_txns 0, n_failed_read_lock 0, n_failed_write_lock 0, n_failed_cmd_not_ready 0, n_failed_no_cmd 0, network size: 0, avg network size: 0, si_in_serializable: 0 0 %, local: 0 %, local_access: 122355, local_cxl_access: 0 (0%), remote_access: 40070, remote_access_with_req: 0 (0%), data_move_in: 0, data_move_out: 0
I20260924 11:52:54.670811 1816918 Coordinator.h:310] commit: 15793 abort: 43 (0/43/0), persistence latency 0, txn latency 0, queued lock latency 0, lock latency 0, active_txns 0, n_failed_read_lock 0, n_failed_write_lock 0, n_failed_cmd_not_ready 0, n_failed_no_cmd 0, network size: 0, avg network size: 0, si_in_serializable: 0 0 %, local: 0 %, local_access: 118217, local_cxl_access: 0 (0%), remote_access: 39950, remote_access_with_req: 0 (0%), data_move_in: 0, data_move_out: 0
I20260924 11:52:55.671060 1816918 Coordinator.h:310] commit: 15952 abort: 32 (0/32/0), persistence latency 0, txn latency 0, queued lock latency 0, lock latency 0, active_txns 0, n_failed_read_lock 0, n_failed_write_lock 0, n_failed_cmd_not_ready 0, n_failed_no_cmd 0, network size: 0, avg network size: 0, si_in_serializable: 0 0 %, local: 0 %, local_access: 119665, local_cxl_access: 0 (0%), remote_access: 39970, remote_access_with_req: 0 (0%), data_move_in: 0, data_move_out: 0
I20260924 11:52:56.671440 1816918 Coordinator.h:310] commit: 15741 abort: 34 (0/34/0), persistence latency 0, txn latency 0, queued lock latency 0, lock latency 0, active_txns 0, n_failed_read_lock 0, n_failed_write_lock 0, n_failed_cmd_not_ready 0, n_failed_no_cmd 0, network size: 0, avg network size: 0, si_in_serializable: 0 0 %, local: 0 %, local_access: 117644, local_cxl_access: 0 (0%), remote_access: 39886, remote_access_with_req: 0 (0%), data_move_in: 0, data_move_out: 0
I20260924 11:52:57.671535 1816918 Coordinator.h:310] commit: 15909 abort: 48 (0/48/0), persistence latency 0, txn latency 0, queued lock latency 0, lock latency 0, active_txns 0, n_failed_read_lock 0, n_failed_write_lock 0, n_failed_cmd_not_ready 0, n_failed_no_cmd 0, network size: 0, avg network size: 0, si_in_serializable: 0 0 %, local: 0 %, local_access: 119249, local_cxl_access: 0 (0%), remote_access: 40073, remote_access_with_req: 0 (0%), data_move_in: 0, data_move_out: 0
I20260924 11:52:58.671657 1816918 Coordinator.h:310] commit: 16211 abort: 34 (0/34/0), persistence latency 0, txn latency 0, queued lock latency 0, lock latency 0, active_txns 0, n_failed_read_lock 0, n_failed_write_lock 0, n_failed_cmd_not_ready 0, n_failed_no_cmd 0, network size: 0, avg network size: 0, si_in_serializable: 0 0 %, local: 0 %, local_access: 122491, local_cxl_access: 0 (0%), remote_access: 39820, remote_access_with_req: 0 (0%), data_move_in: 0, data_move_out: 0
I20260924 11:52:59.671782 1816918 Coordinator.h:310] commit: 15950 abort: 39 (0/39/0), persistence latency 0, txn latency 0, queued lock latency 0, lock latency 0, active_txns 0, n_failed_read_lock 0, n_failed_write_lock 0, n_failed_cmd_not_ready 0, n_failed_no_cmd 0, network size: 0, avg network size: 0, si_in_serializable: 0 0 %, local: 0 %, local_access: 119491, local_cxl_access: 0 (0%), remote_access: 40200, remote_access_with_req: 0 (0%), data_move_in: 0, data_move_out: 0
I20260924 11:53:00.671999 1816918 Coordinator.h:310] commit: 15868 abort: 52 (0/52/0), persistence latency 0, txn latency 0, queued lock latency 0, lock latency 0, active_txns 0, n_failed_read_lock 0, n_failed_write_lock 0, n_failed_cmd_not_ready 0, n_failed_no_cmd 0, network size: 0, avg network size: 0, si_in_serializable: 0 0 %, local: 0 %, local_access: 118915, local_cxl_access: 0 (0%), remote_access: 40072, remote_access_with_req: 0 (0%), data_move_in: 0, data_move_out: 0
I20260924 11:53:01.672097 1816918 Coordinator.h:310] commit: 16036 abort: 49 (0/49/0), persistence latency 0, txn latency 0, queued lock latency 0, lock latency 0, active_txns 0, n_failed_read_lock 0, n_failed_write_lock 0, n_failed_cmd_not_ready 0, n_failed_no_cmd 0, network size: 0, avg network size: 0, si_in_serializable: 0 0 %, local: 0 %, local_access: 120547, local_cxl_access: 0 (0%), remote_access: 40048, remote_access_with_req: 0 (0%), data_move_in: 0, data_move_out: 0
I20260924 11:53:02.672340 1816918 Coordinator.h:310] commit: 15913 abort: 39 (0/39/0), persistence latency 0, txn latency 0, queued lock latency 0, lock latency 0, active_txns 0, n_failed_read_lock 0, n_failed_write_lock 0, n_failed_cmd_not_ready 0, n_failed_no_cmd 0, network size: 0, avg network size: 0, si_in_serializable: 0 0 %, local: 0 %, local_access: 119411, local_cxl_access: 0 (0%), remote_access: 39883, remote_access_with_req: 0 (0%), data_move_in: 0, data_move_out: 0
I20260924 11:53:03.672583 1816918 Coordinator.h:310] commit: 15895 abort: 60 (0/60/0), persistence latency 0, txn latency 0, queued lock latency 0, lock latency 0, active_txns 0, n_failed_read_lock 0, n_failed_write_lock 0, n_failed_cmd_not_ready 0, n_failed_no_cmd 0, network size: 0, avg network size: 0, si_in_serializable: 0 0 %, local: 0 %, local_access: 119201, local_cxl_access: 0 (0%), remote_access: 40039, remote_access_with_req: 0 (0%), data_move_in: 0, data_move_out: 0
I20260924 11:53:04.672816 1816918 Coordinator.h:310] commit: 15978 abort: 37 (0/37/0), persistence latency 0, txn latency 0, queued lock latency 0, lock latency 0, active_txns 0, n_failed_read_lock 0, n_failed_write_lock 0, n_failed_cmd_not_ready 0, n_failed_no_cmd 0, network size: 0, avg network size: 0, si_in_serializable: 0 0 %, local: 0 %, local_access: 120137, local_cxl_access: 0 (0%), remote_access: 39850, remote_access_with_req: 0 (0%), data_move_in: 0, data_move_out: 0
I20260924 11:53:05.673038 1816918 Coordinator.h:310] commit: 16022 abort: 38 (0/38/0), persistence latency 0, txn latency 0, queued lock latency 0, lock latency 0, active_txns 0, n_failed_read_lock 0, n_failed_write_lock 0, n_failed_cmd_not_ready 0, n_failed_no_cmd 0, network size: 0, avg network size: 0, si_in_serializable: 0 0 %, local: 0 %, local_access: 120120, local_cxl_access: 0 (0%), remote_access: 40249, remote_access_with_req: 0 (0%), data_move_in: 0, data_move_out: 0
I20260924 11:53:06.673260 1816918 Coordinator.h:310] commit: 15886 abort: 90 (0/90/0), persistence latency 0, txn latency 0, queued lock latency 0, lock latency 0, active_txns 0, n_failed_read_lock 0, n_failed_write_lock 0, n_failed_cmd_not_ready 0, n_failed_no_cmd 0, network size: 0, avg network size: 0, si_in_serializable: 0 0 %, local: 0 %, local_access: 119340, local_cxl_access: 0 (0%), remote_access: 39998, remote_access_with_req: 0 (0%), data_move_in: 0, data_move_out: 0
I20260924 11:53:07.673485 1816918 Coordinator.h:310] commit: 15992 abort: 46 (0/46/0), persistence latency 0, txn latency 0, queued lock latency 0, lock latency 0, active_txns 0, n_failed_read_lock 0, n_failed_write_lock 0, n_failed_cmd_not_ready 0, n_failed_no_cmd 0, network size: 0, avg network size: 0, si_in_serializable: 0 0 %, local: 0 %, local_access: 120060, local_cxl_access: 0 (0%), remote_access: 40077, remote_access_with_req: 0 (0%), data_move_in: 0, data_move_out: 0
I20260924 11:53:08.675297 1816918 Coordinator.h:310] commit: 15871 abort: 37 (0/37/0), persistence latency 0, txn latency 0, queued lock latency 0, lock latency 0, active_txns 0, n_failed_read_lock 0, n_failed_write_lock 0, n_failed_cmd_not_ready 0, n_failed_no_cmd 0, network size: 0, avg network size: 0, si_in_serializable: 0 0 %, local: 0 %, local_access: 118786, local_cxl_access: 0 (0%), remote_access: 40116, remote_access_with_req: 0 (0%), data_move_in: 0, data_move_out: 0
I20260924 11:53:09.675452 1816918 Coordinator.h:310] commit: 16044 abort: 55 (0/55/0), persistence latency 0, txn latency 0, queued lock latency 0, lock latency 0, active_txns 0, n_failed_read_lock 0, n_failed_write_lock 0, n_failed_cmd_not_ready 0, n_failed_no_cmd 0, network size: 0, avg network size: 0, si_in_serializable: 0 0 %, local: 0 %, local_access: 120442, local_cxl_access: 0 (0%), remote_access: 40278, remote_access_with_req: 0 (0%), data_move_in: 0, data_move_out: 0
I20260924 11:53:10.675563 1816918 Coordinator.h:310] commit: 15968 abort: 44 (0/44/0), persistence latency 0, txn latency 0, queued lock latency 0, lock latency 0, active_txns 0, n_failed_read_lock 0, n_failed_write_lock 0, n_failed_cmd_not_ready 0, n_failed_no_cmd 0, network size: 0, avg network size: 0, si_in_serializable: 0 0 %, local: 0 %, local_access: 119724, local_cxl_access: 0 (0%), remote_access: 40156, remote_access_with_req: 0 (0%), data_move_in: 0, data_move_out: 0
I20260924 11:53:11.675786 1816918 Coordinator.h:310] commit: 16023 abort: 27 (0/27/0), persistence latency 0, txn latency 0, queued lock latency 0, lock latency 0, active_txns 0, n_failed_read_lock 0, n_failed_write_lock 0, n_failed_cmd_not_ready 0, n_failed_no_cmd 0, network size: 0, avg network size: 0, si_in_serializable: 0 0 %, local: 0 %, local_access: 120016, local_cxl_access: 0 (0%), remote_access: 40379, remote_access_with_req: 0 (0%), data_move_in: 0, data_move_out: 0
I20260924 11:53:12.676007 1816918 Coordinator.h:310] commit: 15994 abort: 37 (0/37/0), persistence latency 0, txn latency 0, queued lock latency 0, lock latency 0, active_txns 0, n_failed_read_lock 0, n_failed_write_lock 0, n_failed_cmd_not_ready 0, n_failed_no_cmd 0, network size: 0, avg network size: 0, si_in_serializable: 0 0 %, local: 0 %, local_access: 120176, local_cxl_access: 0 (0%), remote_access: 39959, remote_access_with_req: 0 (0%), data_move_in: 0, data_move_out: 0
I20260924 11:53:13.676231 1816918 Coordinator.h:310] commit: 15930 abort: 47 (0/47/0), persistence latency 0, txn latency 0, queued lock latency 0, lock latency 0, active_txns 0, n_failed_read_lock 0, n_failed_write_lock 0, n_failed_cmd_not_ready 0, n_failed_no_cmd 0, network size: 0, avg network size: 0, si_in_serializable: 0 0 %, local: 0 %, local_access: 119153, local_cxl_access: 0 (0%), remote_access: 40317, remote_access_with_req: 0 (0%), data_move_in: 0, data_move_out: 0
I20260924 11:53:14.676330 1816918 Coordinator.h:310] commit: 16208 abort: 48 (0/48/0), persistence latency 0, txn latency 0, queued lock latency 0, lock latency 0, active_txns 0, n_failed_read_lock 0, n_failed_write_lock 0, n_failed_cmd_not_ready 0, n_failed_no_cmd 0, network size: 0, avg network size: 0, si_in_serializable: 0 0 %, local: 0 %, local_access: 122159, local_cxl_access: 0 (0%), remote_access: 40166, remote_access_with_req: 0 (0%), data_move_in: 0, data_move_out: 0
I20260924 11:53:15.676554 1816918 Coordinator.h:310] commit: 16044 abort: 43 (0/43/0), persistence latency 0, txn latency 0, queued lock latency 0, lock latency 0, active_txns 0, n_failed_read_lock 0, n_failed_write_lock 0, n_failed_cmd_not_ready 0, n_failed_no_cmd 0, network size: 0, avg network size: 0, si_in_serializable: 0 0 %, local: 0 %, local_access: 120245, local_cxl_access: 0 (0%), remote_access: 40363, remote_access_with_req: 0 (0%), data_move_in: 0, data_move_out: 0
I20260924 11:53:16.676652 1816918 Coordinator.h:310] commit: 15876 abort: 28 (0/28/0), persistence latency 0, txn latency 0, queued lock latency 0, lock latency 0, active_txns 0, n_failed_read_lock 0, n_failed_write_lock 0, n_failed_cmd_not_ready 0, n_failed_no_cmd 0, network size: 0, avg network size: 0, si_in_serializable: 0 0 %, local: 0 %, local_access: 118736, local_cxl_access: 0 (0%), remote_access: 40130, remote_access_with_req: 0 (0%), data_move_in: 0, data_move_out: 0
I20260924 11:53:16.676679 1816918 Coordinator.h:348] average commit: 15945.6 abort: 43.0333 (0/43.0333/0), abort_rate: 0.0026915, network size: 0, avg network size: 0, si_in_serializable: 0 0 %, local: 0 %, local_access: 3588183, local_cxl_access: 0 (0%), remote_access: 1201735, remote_access_with_req: 0 (0%), data_move_in: 0, data_move_out: 0
I20260924 11:53:16.676702 1816918 Executor.h:236] Worker 0 latency: 236 us (50%) 262 us (75%) 609 us (95%) 1147 us (99%). dist txn latency: 261 us (50%) 286 us (75%) 1009 us (95%) 1184 us (99%)  avg 342 us . local txn latency: 16 us (50%) 28 us (75%) 115 us (95%) 153 us (99%)  avg 31 us. txn commit latency: 182 us (50%) 262 us (75%) 636 us (95%) 1151 us (99%) avg 187 us.
 LOCAL txn stall 0 us,  local_work 28 us,  remote_work 0 us,  commit_work 0 us,  commit_prepare 0 us,  commit_persistence 0 us,  commit_write_back 0 us,  commit_replication 0 us,  commit_release_lock 0 us 
 DIST txn stall 0 us,  local_work 334 us,  remote_work 0 us,  commit_work 8 us,  commit_prepare 0 us,  commit_persistence 0 us,  commit_write_back 0 us,  commit_replication 0 us,  commit_release_lock 6 us 
I20260924 11:53:16.679143 1816918 Executor.h:267] message stats, type: 0 count: 0 total size: 0
I20260924 11:53:16.679152 1816918 Executor.h:267] message stats, type: 1 count: 0 total size: 0
I20260924 11:53:16.679154 1816918 Executor.h:267] message stats, type: 2 count: 0 total size: 0
I20260924 11:53:16.679158 1816918 Executor.h:267] message stats, type: 3 count: 0 total size: 0
I20260924 11:53:16.679162 1816918 Executor.h:267] message stats, type: 4 count: 0 total size: 0
I20260924 11:53:16.679165 1816918 Executor.h:267] message stats, type: 5 count: 0 total size: 0
I20260924 11:53:16.679169 1816918 Executor.h:267] message stats, type: 6 count: 0 total size: 0
I20260924 11:53:16.679173 1816918 Executor.h:267] message stats, type: 7 count: 0 total size: 0
I20260924 11:53:16.679176 1816918 Executor.h:267] message stats, type: 8 count: 0 total size: 0
I20260924 11:53:16.679180 1816918 Executor.h:267] message stats, type: 9 count: 0 total size: 0
I20260924 11:53:16.679183 1816918 Executor.h:267] message stats, type: 10 count: 0 total size: 0
I20260924 11:53:16.679188 1816918 Executor.h:267] message stats, type: 11 count: 0 total size: 0
I20260924 11:53:16.682246 1817001 Executor.h:231] Executor 2 exits.
I20260924 11:53:16.682246 1816999 Executor.h:231] Executor 0 exits.
I20260924 11:53:16.682299 1817002 Manager.h:234] Manager(worker id = 3) on the non-coordinator node exits.
I20260924 11:53:16.682246 1817000 Executor.h:231] Executor 1 exits.
I20260924 11:53:16.685323 1816918 Executor.h:236] Worker 1 latency: 233 us (50%) 262 us (75%) 641 us (95%) 1145 us (99%). dist txn latency: 262 us (50%) 289 us (75%) 1028 us (95%) 1187 us (99%)  avg 348 us . local txn latency: 16 us (50%) 28 us (75%) 115 us (95%) 151 us (99%)  avg 31 us. txn commit latency: 164 us (50%) 261 us (75%) 610 us (95%) 1148 us (99%) avg 185 us.
 LOCAL txn stall 0 us,  local_work 27 us,  remote_work 0 us,  commit_work 0 us,  commit_prepare 0 us,  commit_persistence 0 us,  commit_write_back 0 us,  commit_replication 0 us,  commit_release_lock 0 us 
 DIST txn stall 0 us,  local_work 326 us,  remote_work 0 us,  commit_work 8 us,  commit_prepare 0 us,  commit_persistence 0 us,  commit_write_back 0 us,  commit_replication 0 us,  commit_release_lock 7 us 
I20260924 11:53:16.687718 1816918 Executor.h:236] Worker 2 latency: 232 us (50%) 255 us (75%) 668 us (95%) 1138 us (99%). dist txn latency: 255 us (50%) 289 us (75%) 1007 us (95%) 1180 us (99%)  avg 339 us . local txn latency: 15 us (50%) 23 us (75%) 117 us (95%) 150 us (99%)  avg 29 us. txn commit latency: 228 us (50%) 254 us (75%) 597 us (95%) 1133 us (99%) avg 184 us.
 LOCAL txn stall 0 us,  local_work 26 us,  remote_work 0 us,  commit_work 0 us,  commit_prepare 0 us,  commit_persistence 0 us,  commit_write_back 0 us,  commit_replication 0 us,  commit_release_lock 0 us 
 DIST txn stall 0 us,  local_work 325 us,  remote_work 0 us,  commit_work 8 us,  commit_prepare 0 us,  commit_persistence 0 us,  commit_write_back 0 us,  commit_replication 0 us,  commit_release_lock 6 us 
I20260924 11:53:16.689705 1816918 CXLMemory.h:227] local CXL memory usage: size_index_usage: 0 size_metadata_usage: 0 size_data_usage: 0 size_transport_usage: 0 size_misc_usage: 0 total_size_hw_cc_usage: 0 total_usage: 0
I20260924 11:53:16.689831 1816998 Dispatcher.h:261] Handling coordinator message took 26
I20260924 11:53:17.691326 1816997 Dispatcher.h:160] Incoming Dispatcher exits, network size: 132. socket_message_recv_latency(50th) 0 socket_message_recv_latency(75th) 0 socket_message_recv_latency(95th) 0 socket_message_recv_latency(99th) 0 internal_message_recv_latency(50th) 0 socket_message_recv_cnt 0 socket_read_syscall 0 internal_message_recv_cnt 0
I20260924 11:53:17.691332 1816998 Dispatcher.h:292] Outgoing Dispatcher exits, network size: 252. msg_send_latency(50th) 0 msg_send_latency(75th) 0 msg_send_latency(95th) 0 msg_send_latency(99th) 0 msg_send_latency(avg) 0 msg_gen_to_sent_latency(50th) 0 msg_gen_to_sent_latency(75th) 0 msg_gen_to_sent_latency(95th) 0 msg_gen_to_sent_latency(99th) 0 msg_gen_to_queue_latency(50th) 0 msg_gen_to_queue_latency(75th) 0 msg_gen_to_queue_latency(95th) 0 msg_gen_to_queue_latency(99th) 0 msg_disp_ltc(50th) 0 msg_disp_ltc(75th) 0 msg_disp_ltc(95th) 0 msg_disp_ltc(99th) 0 msg_disp_ltc(100th) 0 send_ltc(50th) 0 send_ltc(75th) 0 send_ltc(95th) 0 send_ltc(99th) 0 send_ltc(100th) 0 send_ltc(avg) 0 sendto_cnt 3 network_size 252 network_msg_cnt 2 network_msg_group_size avg 0 50th 0 internal_network_size 0 internal_network_msg_cnt 0
I20260924 11:53:20.481515 1816918 Coordinator.h:420] Coordinator exits.
TIGON_RUN_END run_id=cmp_951_y_rw95_c50_r1 host_id=1 status=ok exit_code=0
