TIGON_RUN_META system=ub workload=ycsb run_id=cmp_951_y_rw95_c50_r3 host_id=1 repetition=3 mode=one-sided query=rmw transport=ubq partitions=2 workers=3 keys=300000 rw_ratio=95 zipf=0.7 cross_ratio=50 neworder_dist= payment_dist= warmup_seconds=30 run_seconds=30 total_seconds=60 logging=off
I20260924 11:59:21.002794 1819820 bench_ycsb.cpp:68] RW_RATIO = 95, ZIPF_THETA = 0.7, CROSS_RATIO = 50
I20260924 11:59:21.002918 1819820 bench_ycsb.cpp:69] checkpoint 0 to 
I20260924 11:59:21.002924 1819820 bench_ycsb.cpp:70] cross_part_num 2
I20260924 11:59:21.002928 1819820 bench_ycsb.cpp:71] lotus_sp_parallel_exec_commit 0
I20260924 11:59:21.002933 1819820 bench_ycsb.cpp:72] granules_per_partition 1
I20260924 11:59:21.002936 1819820 bench_ycsb.cpp:73] keysPerGranule 300000
[2026-09-24 11:59:21.549 +08:00][ERROR][1819820][281473121112096][shm_ipc_command.cpp:183] IpcCallShmMap response error : 800
[2026-09-24 11:59:21.549 +08:00][ERROR][1819820][281473121112096][RackMemShm.cpp:322] Failed to mmap, name=uc7b21647_one-sided_rmw_ubq_0, mapSize=2147483648, ret=800
[2026-09-24 11:59:21.549 +08:00][ERROR][1819820][281473121112096][mxmem_shmem.cpp:473] Failed to mmap shared memory, ret=800
[2026-09-24 11:59:21.653 +08:00][ERROR][1819820][281473121112096][shm_ipc_command.cpp:183] IpcCallShmMap response error : 800
[2026-09-24 11:59:21.653 +08:00][ERROR][1819820][281473121112096][RackMemShm.cpp:322] Failed to mmap, name=uc7b21647_one-sided_rmw_ubq_0, mapSize=2147483648, ret=800
[2026-09-24 11:59:21.653 +08:00][ERROR][1819820][281473121112096][mxmem_shmem.cpp:473] Failed to mmap shared memory, ret=800
I20260924 11:59:21.866566 1819820 UBMemory.cpp:138] UB memory initialized: local_region=1 regions=2 mode=one-sided bytes_per_region=2147483648
I20260924 11:59:24.243364 1819820 Database.h:82] ycsb initialization finished in 2376 milliseconds.
I20260924 11:59:24.244050 1819820 Coordinator.h:459] Coordinator 1 initializes UB inbox with 4096 entries of 8192 bytes
I20260924 11:59:24.244109 1819820 Coordinator.h:100] WAL Group Commiting off. Log to file _non_group_commit.txt using Blackhole Logger
I20260924 11:59:24.244117 1819820 Coordinator.h:104] Coordinator initializes 3 workers.
I20260924 11:59:24.244623 1819843 Coordinator.h:505] Listener 0 on coordinator 1 listening on 76.53.137.99:10010 tcp_no_delay 1 tcp_quick_ack 0
I20260924 11:59:24.244957 1819820 Coordinator.h:551] Coordinator 1 failed to connect 0(76.53.137.98:10010)'s listener 0, retry in 5 seconds.
I20260924 11:59:24.318735 1819843 Socket.h:69] Disabling nagle
I20260924 11:59:24.318763 1819843 Coordinator.h:520] Listener accepted connection from coordinator 0
I20260924 11:59:24.318766 1819843 Coordinator.h:523] Listener 0 on coordinator 1 exits.
I20260924 11:59:29.247665 1819820 Socket.h:69] Disabling nagle
I20260924 11:59:29.247702 1819820 Coordinator.h:560] Coordinator 1 connected to 0
I20260924 11:59:29.247735 1819820 Coordinator.h:572] Coordinator 1 connected to all peers.
I20260924 11:59:29.247745 1819820 Dispatcher.h:41] IncomingDispatcher 0 coord_id 1
I20260924 11:59:29.247761 1819820 Dispatcher.h:234] OutgoingDispatcher 0 coord_id 1
I20260924 11:59:29.247834 1819820 Coordinator.h:669] pinned thread to core 0
I20260924 11:59:29.247874 1819883 Dispatcher.h:63] Incoming Dispatcher started, numCoordinators = 2, numWorkers = 3, group id = 0, coordinator = 1
I20260924 11:59:29.247900 1819820 Coordinator.h:669] pinned thread to core 1
I20260924 11:59:29.248009 1819820 Coordinator.h:219] Coordinator starts to run 4 workers.
I20260924 11:59:29.248046 1819820 Coordinator.h:669] pinned thread to core 2
I20260924 11:59:29.248122 1819820 Coordinator.h:669] pinned thread to core 3
I20260924 11:59:29.248127 1819884 Dispatcher.h:246] Outgoing Dispatcher started, numCoordinators = 2, numWorkers = 4, group id = 0
I20260924 11:59:29.248579 1819885 Executor.h:79] Executor 0 starts.
I20260924 11:59:29.248582 1819886 Executor.h:79] Executor 1 starts.
I20260924 11:59:29.248200 1819820 Coordinator.h:669] pinned thread to core 4
I20260924 11:59:29.248631 1819887 Executor.h:79] Executor 2 starts.
I20260924 11:59:29.249418 1819888 Manager.h:232] Manager(worker id = 3) on the non-coordinator node started.
I20260924 11:59:30.249697 1819820 Coordinator.h:310] commit: 15762 abort: 26 (0/26/0), persistence latency 0, txn latency 0, queued lock latency 0, lock latency 0, active_txns 0, n_failed_read_lock 0, n_failed_write_lock 0, n_failed_cmd_not_ready 0, n_failed_no_cmd 0, network size: 0, avg network size: 0, si_in_serializable: 0 0 %, local: 0 %, local_access: 118232, local_cxl_access: 0 (0%), remote_access: 39549, remote_access_with_req: 0 (0%), data_move_in: 0, data_move_out: 0
I20260924 11:59:31.251157 1819820 Coordinator.h:310] commit: 16076 abort: 33 (0/33/0), persistence latency 0, txn latency 0, queued lock latency 0, lock latency 0, active_txns 0, n_failed_read_lock 0, n_failed_write_lock 0, n_failed_cmd_not_ready 0, n_failed_no_cmd 0, network size: 0, avg network size: 0, si_in_serializable: 0 0 %, local: 0 %, local_access: 120722, local_cxl_access: 0 (0%), remote_access: 40198, remote_access_with_req: 0 (0%), data_move_in: 0, data_move_out: 0
I20260924 11:59:32.251554 1819820 Coordinator.h:310] commit: 16066 abort: 44 (0/44/0), persistence latency 0, txn latency 0, queued lock latency 0, lock latency 0, active_txns 0, n_failed_read_lock 0, n_failed_write_lock 0, n_failed_cmd_not_ready 0, n_failed_no_cmd 0, network size: 0, avg network size: 0, si_in_serializable: 0 0 %, local: 0 %, local_access: 120880, local_cxl_access: 0 (0%), remote_access: 40015, remote_access_with_req: 0 (0%), data_move_in: 0, data_move_out: 0
I20260924 11:59:33.251677 1819820 Coordinator.h:310] commit: 15907 abort: 29 (0/29/0), persistence latency 0, txn latency 0, queued lock latency 0, lock latency 0, active_txns 0, n_failed_read_lock 0, n_failed_write_lock 0, n_failed_cmd_not_ready 0, n_failed_no_cmd 0, network size: 0, avg network size: 0, si_in_serializable: 0 0 %, local: 0 %, local_access: 119190, local_cxl_access: 0 (0%), remote_access: 39995, remote_access_with_req: 0 (0%), data_move_in: 0, data_move_out: 0
I20260924 11:59:34.251899 1819820 Coordinator.h:310] commit: 16029 abort: 44 (0/44/0), persistence latency 0, txn latency 0, queued lock latency 0, lock latency 0, active_txns 0, n_failed_read_lock 0, n_failed_write_lock 0, n_failed_cmd_not_ready 0, n_failed_no_cmd 0, network size: 0, avg network size: 0, si_in_serializable: 0 0 %, local: 0 %, local_access: 120657, local_cxl_access: 0 (0%), remote_access: 39876, remote_access_with_req: 0 (0%), data_move_in: 0, data_move_out: 0
I20260924 11:59:35.252012 1819820 Coordinator.h:310] commit: 15912 abort: 45 (0/45/0), persistence latency 0, txn latency 0, queued lock latency 0, lock latency 0, active_txns 0, n_failed_read_lock 0, n_failed_write_lock 0, n_failed_cmd_not_ready 0, n_failed_no_cmd 0, network size: 0, avg network size: 0, si_in_serializable: 0 0 %, local: 0 %, local_access: 119205, local_cxl_access: 0 (0%), remote_access: 40126, remote_access_with_req: 0 (0%), data_move_in: 0, data_move_out: 0
I20260924 11:59:36.252106 1819820 Coordinator.h:310] commit: 15956 abort: 41 (0/41/0), persistence latency 0, txn latency 0, queued lock latency 0, lock latency 0, active_txns 0, n_failed_read_lock 0, n_failed_write_lock 0, n_failed_cmd_not_ready 0, n_failed_no_cmd 0, network size: 0, avg network size: 0, si_in_serializable: 0 0 %, local: 0 %, local_access: 119856, local_cxl_access: 0 (0%), remote_access: 39890, remote_access_with_req: 0 (0%), data_move_in: 0, data_move_out: 0
I20260924 11:59:37.252326 1819820 Coordinator.h:310] commit: 15943 abort: 50 (0/50/0), persistence latency 0, txn latency 0, queued lock latency 0, lock latency 0, active_txns 0, n_failed_read_lock 0, n_failed_write_lock 0, n_failed_cmd_not_ready 0, n_failed_no_cmd 0, network size: 0, avg network size: 0, si_in_serializable: 0 0 %, local: 0 %, local_access: 119727, local_cxl_access: 0 (0%), remote_access: 39966, remote_access_with_req: 0 (0%), data_move_in: 0, data_move_out: 0
I20260924 11:59:38.252547 1819820 Coordinator.h:310] commit: 15972 abort: 29 (0/29/0), persistence latency 0, txn latency 0, queued lock latency 0, lock latency 0, active_txns 0, n_failed_read_lock 0, n_failed_write_lock 0, n_failed_cmd_not_ready 0, n_failed_no_cmd 0, network size: 0, avg network size: 0, si_in_serializable: 0 0 %, local: 0 %, local_access: 119984, local_cxl_access: 0 (0%), remote_access: 39874, remote_access_with_req: 0 (0%), data_move_in: 0, data_move_out: 0
I20260924 11:59:39.252769 1819820 Coordinator.h:310] commit: 15865 abort: 35 (0/35/0), persistence latency 0, txn latency 0, queued lock latency 0, lock latency 0, active_txns 0, n_failed_read_lock 0, n_failed_write_lock 0, n_failed_cmd_not_ready 0, n_failed_no_cmd 0, network size: 0, avg network size: 0, si_in_serializable: 0 0 %, local: 0 %, local_access: 118779, local_cxl_access: 0 (0%), remote_access: 40043, remote_access_with_req: 0 (0%), data_move_in: 0, data_move_out: 0
I20260924 11:59:40.252864 1819820 Coordinator.h:310] commit: 15894 abort: 45 (0/45/0), persistence latency 0, txn latency 0, queued lock latency 0, lock latency 0, active_txns 0, n_failed_read_lock 0, n_failed_write_lock 0, n_failed_cmd_not_ready 0, n_failed_no_cmd 0, network size: 0, avg network size: 0, si_in_serializable: 0 0 %, local: 0 %, local_access: 119281, local_cxl_access: 0 (0%), remote_access: 39892, remote_access_with_req: 0 (0%), data_move_in: 0, data_move_out: 0
I20260924 11:59:41.253080 1819820 Coordinator.h:310] commit: 15922 abort: 55 (0/55/0), persistence latency 0, txn latency 0, queued lock latency 0, lock latency 0, active_txns 0, n_failed_read_lock 0, n_failed_write_lock 0, n_failed_cmd_not_ready 0, n_failed_no_cmd 0, network size: 0, avg network size: 0, si_in_serializable: 0 0 %, local: 0 %, local_access: 119428, local_cxl_access: 0 (0%), remote_access: 40023, remote_access_with_req: 0 (0%), data_move_in: 0, data_move_out: 0
I20260924 11:59:42.253306 1819820 Coordinator.h:310] commit: 15928 abort: 41 (0/41/0), persistence latency 0, txn latency 0, queued lock latency 0, lock latency 0, active_txns 0, n_failed_read_lock 0, n_failed_write_lock 0, n_failed_cmd_not_ready 0, n_failed_no_cmd 0, network size: 0, avg network size: 0, si_in_serializable: 0 0 %, local: 0 %, local_access: 119569, local_cxl_access: 0 (0%), remote_access: 39940, remote_access_with_req: 0 (0%), data_move_in: 0, data_move_out: 0
I20260924 11:59:43.253683 1819820 Coordinator.h:310] commit: 15871 abort: 50 (0/50/0), persistence latency 0, txn latency 0, queued lock latency 0, lock latency 0, active_txns 0, n_failed_read_lock 0, n_failed_write_lock 0, n_failed_cmd_not_ready 0, n_failed_no_cmd 0, network size: 0, avg network size: 0, si_in_serializable: 0 0 %, local: 0 %, local_access: 119005, local_cxl_access: 0 (0%), remote_access: 39966, remote_access_with_req: 0 (0%), data_move_in: 0, data_move_out: 0
I20260924 11:59:44.254971 1819820 Coordinator.h:310] commit: 15971 abort: 40 (0/40/0), persistence latency 0, txn latency 0, queued lock latency 0, lock latency 0, active_txns 0, n_failed_read_lock 0, n_failed_write_lock 0, n_failed_cmd_not_ready 0, n_failed_no_cmd 0, network size: 0, avg network size: 0, si_in_serializable: 0 0 %, local: 0 %, local_access: 120045, local_cxl_access: 0 (0%), remote_access: 39916, remote_access_with_req: 0 (0%), data_move_in: 0, data_move_out: 0
I20260924 11:59:45.255071 1819820 Coordinator.h:310] commit: 15858 abort: 38 (0/38/0), persistence latency 0, txn latency 0, queued lock latency 0, lock latency 0, active_txns 0, n_failed_read_lock 0, n_failed_write_lock 0, n_failed_cmd_not_ready 0, n_failed_no_cmd 0, network size: 0, avg network size: 0, si_in_serializable: 0 0 %, local: 0 %, local_access: 118883, local_cxl_access: 0 (0%), remote_access: 39895, remote_access_with_req: 0 (0%), data_move_in: 0, data_move_out: 0
I20260924 11:59:46.255167 1819820 Coordinator.h:310] commit: 15818 abort: 52 (0/52/0), persistence latency 0, txn latency 0, queued lock latency 0, lock latency 0, active_txns 0, n_failed_read_lock 0, n_failed_write_lock 0, n_failed_cmd_not_ready 0, n_failed_no_cmd 0, network size: 0, avg network size: 0, si_in_serializable: 0 0 %, local: 0 %, local_access: 118660, local_cxl_access: 0 (0%), remote_access: 39762, remote_access_with_req: 0 (0%), data_move_in: 0, data_move_out: 0
I20260924 11:59:47.255262 1819820 Coordinator.h:310] commit: 15782 abort: 21 (0/21/0), persistence latency 0, txn latency 0, queued lock latency 0, lock latency 0, active_txns 0, n_failed_read_lock 0, n_failed_write_lock 0, n_failed_cmd_not_ready 0, n_failed_no_cmd 0, network size: 0, avg network size: 0, si_in_serializable: 0 0 %, local: 0 %, local_access: 117857, local_cxl_access: 0 (0%), remote_access: 40084, remote_access_with_req: 0 (0%), data_move_in: 0, data_move_out: 0
I20260924 11:59:48.255357 1819820 Coordinator.h:310] commit: 15793 abort: 49 (0/49/0), persistence latency 0, txn latency 0, queued lock latency 0, lock latency 0, active_txns 0, n_failed_read_lock 0, n_failed_write_lock 0, n_failed_cmd_not_ready 0, n_failed_no_cmd 0, network size: 0, avg network size: 0, si_in_serializable: 0 0 %, local: 0 %, local_access: 118482, local_cxl_access: 0 (0%), remote_access: 39677, remote_access_with_req: 0 (0%), data_move_in: 0, data_move_out: 0
I20260924 11:59:49.255452 1819820 Coordinator.h:310] commit: 15946 abort: 38 (0/38/0), persistence latency 0, txn latency 0, queued lock latency 0, lock latency 0, active_txns 0, n_failed_read_lock 0, n_failed_write_lock 0, n_failed_cmd_not_ready 0, n_failed_no_cmd 0, network size: 0, avg network size: 0, si_in_serializable: 0 0 %, local: 0 %, local_access: 119799, local_cxl_access: 0 (0%), remote_access: 39891, remote_access_with_req: 0 (0%), data_move_in: 0, data_move_out: 0
I20260924 11:59:50.255545 1819820 Coordinator.h:310] commit: 15732 abort: 39 (0/39/0), persistence latency 0, txn latency 0, queued lock latency 0, lock latency 0, active_txns 0, n_failed_read_lock 0, n_failed_write_lock 0, n_failed_cmd_not_ready 0, n_failed_no_cmd 0, network size: 0, avg network size: 0, si_in_serializable: 0 0 %, local: 0 %, local_access: 117921, local_cxl_access: 0 (0%), remote_access: 39619, remote_access_with_req: 0 (0%), data_move_in: 0, data_move_out: 0
I20260924 11:59:51.255769 1819820 Coordinator.h:310] commit: 15981 abort: 38 (0/38/0), persistence latency 0, txn latency 0, queued lock latency 0, lock latency 0, active_txns 0, n_failed_read_lock 0, n_failed_write_lock 0, n_failed_cmd_not_ready 0, n_failed_no_cmd 0, network size: 0, avg network size: 0, si_in_serializable: 0 0 %, local: 0 %, local_access: 120256, local_cxl_access: 0 (0%), remote_access: 39758, remote_access_with_req: 0 (0%), data_move_in: 0, data_move_out: 0
I20260924 11:59:52.255991 1819820 Coordinator.h:310] commit: 15727 abort: 47 (0/47/0), persistence latency 0, txn latency 0, queued lock latency 0, lock latency 0, active_txns 0, n_failed_read_lock 0, n_failed_write_lock 0, n_failed_cmd_not_ready 0, n_failed_no_cmd 0, network size: 0, avg network size: 0, si_in_serializable: 0 0 %, local: 0 %, local_access: 117877, local_cxl_access: 0 (0%), remote_access: 39641, remote_access_with_req: 0 (0%), data_move_in: 0, data_move_out: 0
I20260924 11:59:53.256088 1819820 Coordinator.h:310] commit: 15920 abort: 50 (0/50/0), persistence latency 0, txn latency 0, queued lock latency 0, lock latency 0, active_txns 0, n_failed_read_lock 0, n_failed_write_lock 0, n_failed_cmd_not_ready 0, n_failed_no_cmd 0, network size: 0, avg network size: 0, si_in_serializable: 0 0 %, local: 0 %, local_access: 119569, local_cxl_access: 0 (0%), remote_access: 39879, remote_access_with_req: 0 (0%), data_move_in: 0, data_move_out: 0
I20260924 11:59:54.256316 1819820 Coordinator.h:310] commit: 15930 abort: 31 (0/31/0), persistence latency 0, txn latency 0, queued lock latency 0, lock latency 0, active_txns 0, n_failed_read_lock 0, n_failed_write_lock 0, n_failed_cmd_not_ready 0, n_failed_no_cmd 0, network size: 0, avg network size: 0, si_in_serializable: 0 0 %, local: 0 %, local_access: 119724, local_cxl_access: 0 (0%), remote_access: 39735, remote_access_with_req: 0 (0%), data_move_in: 0, data_move_out: 0
I20260924 11:59:55.256537 1819820 Coordinator.h:310] commit: 15905 abort: 36 (0/36/0), persistence latency 0, txn latency 0, queued lock latency 0, lock latency 0, active_txns 0, n_failed_read_lock 0, n_failed_write_lock 0, n_failed_cmd_not_ready 0, n_failed_no_cmd 0, network size: 0, avg network size: 0, si_in_serializable: 0 0 %, local: 0 %, local_access: 119540, local_cxl_access: 0 (0%), remote_access: 39703, remote_access_with_req: 0 (0%), data_move_in: 0, data_move_out: 0
I20260924 11:59:56.256632 1819820 Coordinator.h:310] commit: 15871 abort: 154 (0/154/0), persistence latency 0, txn latency 0, queued lock latency 0, lock latency 0, active_txns 0, n_failed_read_lock 0, n_failed_write_lock 0, n_failed_cmd_not_ready 0, n_failed_no_cmd 0, network size: 0, avg network size: 0, si_in_serializable: 0 0 %, local: 0 %, local_access: 119619, local_cxl_access: 0 (0%), remote_access: 39513, remote_access_with_req: 0 (0%), data_move_in: 0, data_move_out: 0
I20260924 11:59:57.256727 1819820 Coordinator.h:310] commit: 15718 abort: 52 (0/52/0), persistence latency 0, txn latency 0, queued lock latency 0, lock latency 0, active_txns 0, n_failed_read_lock 0, n_failed_write_lock 0, n_failed_cmd_not_ready 0, n_failed_no_cmd 0, network size: 0, avg network size: 0, si_in_serializable: 0 0 %, local: 0 %, local_access: 117663, local_cxl_access: 0 (0%), remote_access: 39752, remote_access_with_req: 0 (0%), data_move_in: 0, data_move_out: 0
I20260924 11:59:58.256822 1819820 Coordinator.h:310] commit: 15754 abort: 52 (0/52/0), persistence latency 0, txn latency 0, queued lock latency 0, lock latency 0, active_txns 0, n_failed_read_lock 0, n_failed_write_lock 0, n_failed_cmd_not_ready 0, n_failed_no_cmd 0, network size: 0, avg network size: 0, si_in_serializable: 0 0 %, local: 0 %, local_access: 118312, local_cxl_access: 0 (0%), remote_access: 39478, remote_access_with_req: 0 (0%), data_move_in: 0, data_move_out: 0
I20260924 11:59:59.256930 1819820 Coordinator.h:310] commit: 15877 abort: 31 (0/31/0), persistence latency 0, txn latency 0, queued lock latency 0, lock latency 0, active_txns 0, n_failed_read_lock 0, n_failed_write_lock 0, n_failed_cmd_not_ready 0, n_failed_no_cmd 0, network size: 0, avg network size: 0, si_in_serializable: 0 0 %, local: 0 %, local_access: 119235, local_cxl_access: 0 (0%), remote_access: 39675, remote_access_with_req: 0 (0%), data_move_in: 0, data_move_out: 0
I20260924 12:00:00.257304 1819820 Coordinator.h:310] commit: 15884 abort: 55 (0/55/0), persistence latency 0, txn latency 0, queued lock latency 0, lock latency 0, active_txns 0, n_failed_read_lock 0, n_failed_write_lock 0, n_failed_cmd_not_ready 0, n_failed_no_cmd 0, network size: 0, avg network size: 0, si_in_serializable: 0 0 %, local: 0 %, local_access: 119707, local_cxl_access: 0 (0%), remote_access: 39421, remote_access_with_req: 0 (0%), data_move_in: 0, data_move_out: 0
I20260924 12:00:01.257650 1819820 Coordinator.h:310] commit: 15966 abort: 42 (0/42/0), persistence latency 0, txn latency 0, queued lock latency 0, lock latency 0, active_txns 0, n_failed_read_lock 0, n_failed_write_lock 0, n_failed_cmd_not_ready 0, n_failed_no_cmd 0, network size: 0, avg network size: 0, si_in_serializable: 0 0 %, local: 0 %, local_access: 120572, local_cxl_access: 0 (0%), remote_access: 39358, remote_access_with_req: 0 (0%), data_move_in: 0, data_move_out: 0
I20260924 12:00:02.258993 1819820 Coordinator.h:310] commit: 15701 abort: 39 (0/39/0), persistence latency 0, txn latency 0, queued lock latency 0, lock latency 0, active_txns 0, n_failed_read_lock 0, n_failed_write_lock 0, n_failed_cmd_not_ready 0, n_failed_no_cmd 0, network size: 0, avg network size: 0, si_in_serializable: 0 0 %, local: 0 %, local_access: 117592, local_cxl_access: 0 (0%), remote_access: 39602, remote_access_with_req: 0 (0%), data_move_in: 0, data_move_out: 0
I20260924 12:00:03.259686 1819820 Coordinator.h:310] commit: 15773 abort: 42 (0/42/0), persistence latency 0, txn latency 0, queued lock latency 0, lock latency 0, active_txns 0, n_failed_read_lock 0, n_failed_write_lock 0, n_failed_cmd_not_ready 0, n_failed_no_cmd 0, network size: 0, avg network size: 0, si_in_serializable: 0 0 %, local: 0 %, local_access: 118360, local_cxl_access: 0 (0%), remote_access: 39580, remote_access_with_req: 0 (0%), data_move_in: 0, data_move_out: 0
I20260924 12:00:04.259833 1819820 Coordinator.h:310] commit: 15825 abort: 33 (0/33/0), persistence latency 0, txn latency 0, queued lock latency 0, lock latency 0, active_txns 0, n_failed_read_lock 0, n_failed_write_lock 0, n_failed_cmd_not_ready 0, n_failed_no_cmd 0, network size: 0, avg network size: 0, si_in_serializable: 0 0 %, local: 0 %, local_access: 119078, local_cxl_access: 0 (0%), remote_access: 39336, remote_access_with_req: 0 (0%), data_move_in: 0, data_move_out: 0
I20260924 12:00:05.260076 1819820 Coordinator.h:310] commit: 15835 abort: 42 (0/42/0), persistence latency 0, txn latency 0, queued lock latency 0, lock latency 0, active_txns 0, n_failed_read_lock 0, n_failed_write_lock 0, n_failed_cmd_not_ready 0, n_failed_no_cmd 0, network size: 0, avg network size: 0, si_in_serializable: 0 0 %, local: 0 %, local_access: 119007, local_cxl_access: 0 (0%), remote_access: 39591, remote_access_with_req: 0 (0%), data_move_in: 0, data_move_out: 0
I20260924 12:00:06.260303 1819820 Coordinator.h:310] commit: 15718 abort: 38 (0/38/0), persistence latency 0, txn latency 0, queued lock latency 0, lock latency 0, active_txns 0, n_failed_read_lock 0, n_failed_write_lock 0, n_failed_cmd_not_ready 0, n_failed_no_cmd 0, network size: 0, avg network size: 0, si_in_serializable: 0 0 %, local: 0 %, local_access: 117975, local_cxl_access: 0 (0%), remote_access: 39377, remote_access_with_req: 0 (0%), data_move_in: 0, data_move_out: 0
I20260924 12:00:07.260424 1819820 Coordinator.h:310] commit: 15890 abort: 47 (0/47/0), persistence latency 0, txn latency 0, queued lock latency 0, lock latency 0, active_txns 0, n_failed_read_lock 0, n_failed_write_lock 0, n_failed_cmd_not_ready 0, n_failed_no_cmd 0, network size: 0, avg network size: 0, si_in_serializable: 0 0 %, local: 0 %, local_access: 119597, local_cxl_access: 0 (0%), remote_access: 39523, remote_access_with_req: 0 (0%), data_move_in: 0, data_move_out: 0
I20260924 12:00:08.260545 1819820 Coordinator.h:310] commit: 15582 abort: 49 (0/49/0), persistence latency 0, txn latency 0, queued lock latency 0, lock latency 0, active_txns 0, n_failed_read_lock 0, n_failed_write_lock 0, n_failed_cmd_not_ready 0, n_failed_no_cmd 0, network size: 0, avg network size: 0, si_in_serializable: 0 0 %, local: 0 %, local_access: 116658, local_cxl_access: 0 (0%), remote_access: 39470, remote_access_with_req: 0 (0%), data_move_in: 0, data_move_out: 0
I20260924 12:00:09.260663 1819820 Coordinator.h:310] commit: 15865 abort: 46 (0/46/0), persistence latency 0, txn latency 0, queued lock latency 0, lock latency 0, active_txns 0, n_failed_read_lock 0, n_failed_write_lock 0, n_failed_cmd_not_ready 0, n_failed_no_cmd 0, network size: 0, avg network size: 0, si_in_serializable: 0 0 %, local: 0 %, local_access: 119330, local_cxl_access: 0 (0%), remote_access: 39601, remote_access_with_req: 0 (0%), data_move_in: 0, data_move_out: 0
I20260924 12:00:10.260757 1819820 Coordinator.h:310] commit: 15550 abort: 30 (0/30/0), persistence latency 0, txn latency 0, queued lock latency 0, lock latency 0, active_txns 0, n_failed_read_lock 0, n_failed_write_lock 0, n_failed_cmd_not_ready 0, n_failed_no_cmd 0, network size: 0, avg network size: 0, si_in_serializable: 0 0 %, local: 0 %, local_access: 116384, local_cxl_access: 0 (0%), remote_access: 39263, remote_access_with_req: 0 (0%), data_move_in: 0, data_move_out: 0
I20260924 12:00:11.260867 1819820 Coordinator.h:310] commit: 15759 abort: 43 (0/43/0), persistence latency 0, txn latency 0, queued lock latency 0, lock latency 0, active_txns 0, n_failed_read_lock 0, n_failed_write_lock 0, n_failed_cmd_not_ready 0, n_failed_no_cmd 0, network size: 0, avg network size: 0, si_in_serializable: 0 0 %, local: 0 %, local_access: 118207, local_cxl_access: 0 (0%), remote_access: 39598, remote_access_with_req: 0 (0%), data_move_in: 0, data_move_out: 0
I20260924 12:00:12.260987 1819820 Coordinator.h:310] commit: 15727 abort: 49 (0/49/0), persistence latency 0, txn latency 0, queued lock latency 0, lock latency 0, active_txns 0, n_failed_read_lock 0, n_failed_write_lock 0, n_failed_cmd_not_ready 0, n_failed_no_cmd 0, network size: 0, avg network size: 0, si_in_serializable: 0 0 %, local: 0 %, local_access: 118139, local_cxl_access: 0 (0%), remote_access: 39359, remote_access_with_req: 0 (0%), data_move_in: 0, data_move_out: 0
I20260924 12:00:13.261221 1819820 Coordinator.h:310] commit: 15714 abort: 40 (0/40/0), persistence latency 0, txn latency 0, queued lock latency 0, lock latency 0, active_txns 0, n_failed_read_lock 0, n_failed_write_lock 0, n_failed_cmd_not_ready 0, n_failed_no_cmd 0, network size: 0, avg network size: 0, si_in_serializable: 0 0 %, local: 0 %, local_access: 117994, local_cxl_access: 0 (0%), remote_access: 39354, remote_access_with_req: 0 (0%), data_move_in: 0, data_move_out: 0
I20260924 12:00:14.261446 1819820 Coordinator.h:310] commit: 15739 abort: 45 (0/45/0), persistence latency 0, txn latency 0, queued lock latency 0, lock latency 0, active_txns 0, n_failed_read_lock 0, n_failed_write_lock 0, n_failed_cmd_not_ready 0, n_failed_no_cmd 0, network size: 0, avg network size: 0, si_in_serializable: 0 0 %, local: 0 %, local_access: 118216, local_cxl_access: 0 (0%), remote_access: 39399, remote_access_with_req: 0 (0%), data_move_in: 0, data_move_out: 0
I20260924 12:00:15.262605 1819820 Coordinator.h:310] commit: 15782 abort: 35 (0/35/0), persistence latency 0, txn latency 0, queued lock latency 0, lock latency 0, active_txns 0, n_failed_read_lock 0, n_failed_write_lock 0, n_failed_cmd_not_ready 0, n_failed_no_cmd 0, network size: 0, avg network size: 0, si_in_serializable: 0 0 %, local: 0 %, local_access: 118554, local_cxl_access: 0 (0%), remote_access: 39450, remote_access_with_req: 0 (0%), data_move_in: 0, data_move_out: 0
I20260924 12:00:16.262704 1819820 Coordinator.h:310] commit: 15787 abort: 31 (0/31/0), persistence latency 0, txn latency 0, queued lock latency 0, lock latency 0, active_txns 0, n_failed_read_lock 0, n_failed_write_lock 0, n_failed_cmd_not_ready 0, n_failed_no_cmd 0, network size: 0, avg network size: 0, si_in_serializable: 0 0 %, local: 0 %, local_access: 118715, local_cxl_access: 0 (0%), remote_access: 39338, remote_access_with_req: 0 (0%), data_move_in: 0, data_move_out: 0
I20260924 12:00:17.263127 1819820 Coordinator.h:310] commit: 15798 abort: 46 (0/46/0), persistence latency 0, txn latency 0, queued lock latency 0, lock latency 0, active_txns 0, n_failed_read_lock 0, n_failed_write_lock 0, n_failed_cmd_not_ready 0, n_failed_no_cmd 0, network size: 0, avg network size: 0, si_in_serializable: 0 0 %, local: 0 %, local_access: 118833, local_cxl_access: 0 (0%), remote_access: 39343, remote_access_with_req: 0 (0%), data_move_in: 0, data_move_out: 0
I20260924 12:00:18.263233 1819820 Coordinator.h:310] commit: 15662 abort: 42 (0/42/0), persistence latency 0, txn latency 0, queued lock latency 0, lock latency 0, active_txns 0, n_failed_read_lock 0, n_failed_write_lock 0, n_failed_cmd_not_ready 0, n_failed_no_cmd 0, network size: 0, avg network size: 0, si_in_serializable: 0 0 %, local: 0 %, local_access: 117594, local_cxl_access: 0 (0%), remote_access: 39234, remote_access_with_req: 0 (0%), data_move_in: 0, data_move_out: 0
I20260924 12:00:19.263327 1819820 Coordinator.h:310] commit: 15610 abort: 46 (0/46/0), persistence latency 0, txn latency 0, queued lock latency 0, lock latency 0, active_txns 0, n_failed_read_lock 0, n_failed_write_lock 0, n_failed_cmd_not_ready 0, n_failed_no_cmd 0, network size: 0, avg network size: 0, si_in_serializable: 0 0 %, local: 0 %, local_access: 116713, local_cxl_access: 0 (0%), remote_access: 39598, remote_access_with_req: 0 (0%), data_move_in: 0, data_move_out: 0
I20260924 12:00:20.263423 1819820 Coordinator.h:310] commit: 15595 abort: 44 (0/44/0), persistence latency 0, txn latency 0, queued lock latency 0, lock latency 0, active_txns 0, n_failed_read_lock 0, n_failed_write_lock 0, n_failed_cmd_not_ready 0, n_failed_no_cmd 0, network size: 0, avg network size: 0, si_in_serializable: 0 0 %, local: 0 %, local_access: 117017, local_cxl_access: 0 (0%), remote_access: 39158, remote_access_with_req: 0 (0%), data_move_in: 0, data_move_out: 0
I20260924 12:00:21.263652 1819820 Coordinator.h:310] commit: 15939 abort: 42 (0/42/0), persistence latency 0, txn latency 0, queued lock latency 0, lock latency 0, active_txns 0, n_failed_read_lock 0, n_failed_write_lock 0, n_failed_cmd_not_ready 0, n_failed_no_cmd 0, network size: 0, avg network size: 0, si_in_serializable: 0 0 %, local: 0 %, local_access: 120186, local_cxl_access: 0 (0%), remote_access: 39420, remote_access_with_req: 0 (0%), data_move_in: 0, data_move_out: 0
I20260924 12:00:22.263747 1819820 Coordinator.h:310] commit: 15711 abort: 29 (0/29/0), persistence latency 0, txn latency 0, queued lock latency 0, lock latency 0, active_txns 0, n_failed_read_lock 0, n_failed_write_lock 0, n_failed_cmd_not_ready 0, n_failed_no_cmd 0, network size: 0, avg network size: 0, si_in_serializable: 0 0 %, local: 0 %, local_access: 117934, local_cxl_access: 0 (0%), remote_access: 39350, remote_access_with_req: 0 (0%), data_move_in: 0, data_move_out: 0
I20260924 12:00:23.263875 1819820 Coordinator.h:310] commit: 15581 abort: 52 (0/52/0), persistence latency 0, txn latency 0, queued lock latency 0, lock latency 0, active_txns 0, n_failed_read_lock 0, n_failed_write_lock 0, n_failed_cmd_not_ready 0, n_failed_no_cmd 0, network size: 0, avg network size: 0, si_in_serializable: 0 0 %, local: 0 %, local_access: 116719, local_cxl_access: 0 (0%), remote_access: 39356, remote_access_with_req: 0 (0%), data_move_in: 0, data_move_out: 0
I20260924 12:00:24.263972 1819820 Coordinator.h:310] commit: 15723 abort: 36 (0/36/0), persistence latency 0, txn latency 0, queued lock latency 0, lock latency 0, active_txns 0, n_failed_read_lock 0, n_failed_write_lock 0, n_failed_cmd_not_ready 0, n_failed_no_cmd 0, network size: 0, avg network size: 0, si_in_serializable: 0 0 %, local: 0 %, local_access: 118158, local_cxl_access: 0 (0%), remote_access: 39238, remote_access_with_req: 0 (0%), data_move_in: 0, data_move_out: 0
I20260924 12:00:25.264194 1819820 Coordinator.h:310] commit: 15669 abort: 35 (0/35/0), persistence latency 0, txn latency 0, queued lock latency 0, lock latency 0, active_txns 0, n_failed_read_lock 0, n_failed_write_lock 0, n_failed_cmd_not_ready 0, n_failed_no_cmd 0, network size: 0, avg network size: 0, si_in_serializable: 0 0 %, local: 0 %, local_access: 117468, local_cxl_access: 0 (0%), remote_access: 39401, remote_access_with_req: 0 (0%), data_move_in: 0, data_move_out: 0
I20260924 12:00:26.264308 1819820 Coordinator.h:310] commit: 15842 abort: 54 (0/54/0), persistence latency 0, txn latency 0, queued lock latency 0, lock latency 0, active_txns 0, n_failed_read_lock 0, n_failed_write_lock 0, n_failed_cmd_not_ready 0, n_failed_no_cmd 0, network size: 0, avg network size: 0, si_in_serializable: 0 0 %, local: 0 %, local_access: 119458, local_cxl_access: 0 (0%), remote_access: 39207, remote_access_with_req: 0 (0%), data_move_in: 0, data_move_out: 0
I20260924 12:00:27.264526 1819820 Coordinator.h:310] commit: 15748 abort: 48 (0/48/0), persistence latency 0, txn latency 0, queued lock latency 0, lock latency 0, active_txns 0, n_failed_read_lock 0, n_failed_write_lock 0, n_failed_cmd_not_ready 0, n_failed_no_cmd 0, network size: 0, avg network size: 0, si_in_serializable: 0 0 %, local: 0 %, local_access: 118219, local_cxl_access: 0 (0%), remote_access: 39479, remote_access_with_req: 0 (0%), data_move_in: 0, data_move_out: 0
I20260924 12:00:28.264645 1819820 Coordinator.h:310] commit: 15788 abort: 39 (0/39/0), persistence latency 0, txn latency 0, queued lock latency 0, lock latency 0, active_txns 0, n_failed_read_lock 0, n_failed_write_lock 0, n_failed_cmd_not_ready 0, n_failed_no_cmd 0, network size: 0, avg network size: 0, si_in_serializable: 0 0 %, local: 0 %, local_access: 118768, local_cxl_access: 0 (0%), remote_access: 39291, remote_access_with_req: 0 (0%), data_move_in: 0, data_move_out: 0
I20260924 12:00:29.264755 1819820 Coordinator.h:310] commit: 15880 abort: 28 (0/28/0), persistence latency 0, txn latency 0, queued lock latency 0, lock latency 0, active_txns 0, n_failed_read_lock 0, n_failed_write_lock 0, n_failed_cmd_not_ready 0, n_failed_no_cmd 0, network size: 0, avg network size: 0, si_in_serializable: 0 0 %, local: 0 %, local_access: 119595, local_cxl_access: 0 (0%), remote_access: 39342, remote_access_with_req: 0 (0%), data_move_in: 0, data_move_out: 0
I20260924 12:00:29.264780 1819820 Coordinator.h:348] average commit: 15754.8 abort: 41.5667 (0/41.5667/0), abort_rate: 0.00263141, network size: 0, avg network size: 0, si_in_serializable: 0 0 %, local: 0 %, local_access: 3550747, local_cxl_access: 0 (0%), remote_access: 1182037, remote_access_with_req: 0 (0%), data_move_in: 0, data_move_out: 0
I20260924 12:00:29.264803 1819820 Executor.h:236] Worker 0 latency: 144 us (50%) 261 us (75%) 656 us (95%) 1192 us (99%). dist txn latency: 261 us (50%) 289 us (75%) 1092 us (95%) 1220 us (99%)  avg 350 us . local txn latency: 16 us (50%) 29 us (75%) 112 us (95%) 147 us (99%)  avg 31 us. txn commit latency: 237 us (50%) 261 us (75%) 660 us (95%) 1188 us (99%) avg 191 us.
 LOCAL txn stall 0 us,  local_work 28 us,  remote_work 0 us,  commit_work 0 us,  commit_prepare 0 us,  commit_persistence 0 us,  commit_write_back 0 us,  commit_replication 0 us,  commit_release_lock 0 us 
 DIST txn stall 0 us,  local_work 335 us,  remote_work 0 us,  commit_work 9 us,  commit_prepare 0 us,  commit_persistence 0 us,  commit_write_back 0 us,  commit_replication 0 us,  commit_release_lock 7 us 
I20260924 12:00:29.267253 1819820 Executor.h:267] message stats, type: 0 count: 0 total size: 0
I20260924 12:00:29.267261 1819820 Executor.h:267] message stats, type: 1 count: 0 total size: 0
I20260924 12:00:29.267266 1819820 Executor.h:267] message stats, type: 2 count: 0 total size: 0
I20260924 12:00:29.267269 1819820 Executor.h:267] message stats, type: 3 count: 0 total size: 0
I20260924 12:00:29.267272 1819820 Executor.h:267] message stats, type: 4 count: 0 total size: 0
I20260924 12:00:29.267277 1819820 Executor.h:267] message stats, type: 5 count: 0 total size: 0
I20260924 12:00:29.267279 1819820 Executor.h:267] message stats, type: 6 count: 0 total size: 0
I20260924 12:00:29.267283 1819820 Executor.h:267] message stats, type: 7 count: 0 total size: 0
I20260924 12:00:29.267287 1819820 Executor.h:267] message stats, type: 8 count: 0 total size: 0
I20260924 12:00:29.267290 1819820 Executor.h:267] message stats, type: 9 count: 0 total size: 0
I20260924 12:00:29.267294 1819820 Executor.h:267] message stats, type: 10 count: 0 total size: 0
I20260924 12:00:29.267297 1819820 Executor.h:267] message stats, type: 11 count: 0 total size: 0
I20260924 12:00:29.273561 1819888 Manager.h:234] Manager(worker id = 3) on the non-coordinator node exits.
I20260924 12:00:29.273555 1819887 Executor.h:231] Executor 2 exits.
I20260924 12:00:29.273556 1819886 Executor.h:231] Executor 1 exits.
I20260924 12:00:29.273556 1819885 Executor.h:231] Executor 0 exits.
I20260924 12:00:29.278014 1819820 Executor.h:236] Worker 1 latency: 237 us (50%) 261 us (75%) 708 us (95%) 1188 us (99%). dist txn latency: 261 us (50%) 288 us (75%) 1069 us (95%) 1213 us (99%)  avg 349 us . local txn latency: 16 us (50%) 29 us (75%) 112 us (95%) 149 us (99%)  avg 31 us. txn commit latency: 234 us (50%) 261 us (75%) 678 us (95%) 1183 us (99%) avg 191 us.
 LOCAL txn stall 0 us,  local_work 28 us,  remote_work 0 us,  commit_work 0 us,  commit_prepare 0 us,  commit_persistence 0 us,  commit_write_back 0 us,  commit_replication 0 us,  commit_release_lock 0 us 
 DIST txn stall 0 us,  local_work 337 us,  remote_work 0 us,  commit_work 9 us,  commit_prepare 0 us,  commit_persistence 0 us,  commit_write_back 0 us,  commit_replication 0 us,  commit_release_lock 7 us 
I20260924 12:00:29.280522 1819820 Executor.h:236] Worker 2 latency: 167 us (50%) 254 us (75%) 680 us (95%) 1167 us (99%). dist txn latency: 254 us (50%) 289 us (75%) 1061 us (95%) 1207 us (99%)  avg 348 us . local txn latency: 15 us (50%) 23 us (75%) 115 us (95%) 161 us (99%)  avg 29 us. txn commit latency: 227 us (50%) 254 us (75%) 663 us (95%) 1164 us (99%) avg 186 us.
 LOCAL txn stall 0 us,  local_work 25 us,  remote_work 0 us,  commit_work 0 us,  commit_prepare 0 us,  commit_persistence 0 us,  commit_write_back 0 us,  commit_replication 0 us,  commit_release_lock 0 us 
 DIST txn stall 0 us,  local_work 333 us,  remote_work 0 us,  commit_work 9 us,  commit_prepare 0 us,  commit_persistence 0 us,  commit_write_back 0 us,  commit_replication 0 us,  commit_release_lock 7 us 
I20260924 12:00:29.283345 1819820 CXLMemory.h:227] local CXL memory usage: size_index_usage: 0 size_metadata_usage: 0 size_data_usage: 0 size_transport_usage: 0 size_misc_usage: 0 total_size_hw_cc_usage: 0 total_usage: 0
I20260924 12:00:29.283391 1819884 Dispatcher.h:261] Handling coordinator message took 5
I20260924 12:00:30.283429 1819883 Dispatcher.h:160] Incoming Dispatcher exits, network size: 132. socket_message_recv_latency(50th) 0 socket_message_recv_latency(75th) 0 socket_message_recv_latency(95th) 0 socket_message_recv_latency(99th) 0 internal_message_recv_latency(50th) 0 socket_message_recv_cnt 0 socket_read_syscall 0 internal_message_recv_cnt 0
I20260924 12:00:30.283444 1819884 Dispatcher.h:292] Outgoing Dispatcher exits, network size: 252. msg_send_latency(50th) 0 msg_send_latency(75th) 0 msg_send_latency(95th) 0 msg_send_latency(99th) 0 msg_send_latency(avg) 0 msg_gen_to_sent_latency(50th) 0 msg_gen_to_sent_latency(75th) 0 msg_gen_to_sent_latency(95th) 0 msg_gen_to_sent_latency(99th) 0 msg_gen_to_queue_latency(50th) 0 msg_gen_to_queue_latency(75th) 0 msg_gen_to_queue_latency(95th) 0 msg_gen_to_queue_latency(99th) 0 msg_disp_ltc(50th) 0 msg_disp_ltc(75th) 0 msg_disp_ltc(95th) 0 msg_disp_ltc(99th) 0 msg_disp_ltc(100th) 0 send_ltc(50th) 0 send_ltc(75th) 0 send_ltc(95th) 0 send_ltc(99th) 0 send_ltc(100th) 0 send_ltc(avg) 0 sendto_cnt 3 network_size 252 network_msg_cnt 2 network_msg_group_size avg 0 50th 0 internal_network_size 0 internal_network_msg_cnt 0
I20260924 12:00:33.125167 1819820 Coordinator.h:420] Coordinator exits.
TIGON_RUN_END run_id=cmp_951_y_rw95_c50_r3 host_id=1 status=ok exit_code=0
