TIGON_RUN_META system=ub workload=ycsb run_id=cmp_952_y_rw95_c75_r2 host_id=1 repetition=2 mode=one-sided query=rmw transport=ubq partitions=2 workers=3 keys=300000 rw_ratio=95 zipf=0.7 cross_ratio=75 neworder_dist= payment_dist= warmup_seconds=30 run_seconds=30 total_seconds=60 logging=off
I20260924 12:45:02.355386 1837093 bench_ycsb.cpp:68] RW_RATIO = 95, ZIPF_THETA = 0.7, CROSS_RATIO = 75
I20260924 12:45:02.355516 1837093 bench_ycsb.cpp:69] checkpoint 0 to 
I20260924 12:45:02.355522 1837093 bench_ycsb.cpp:70] cross_part_num 2
I20260924 12:45:02.355525 1837093 bench_ycsb.cpp:71] lotus_sp_parallel_exec_commit 0
I20260924 12:45:02.355530 1837093 bench_ycsb.cpp:72] granules_per_partition 1
I20260924 12:45:02.355533 1837093 bench_ycsb.cpp:73] keysPerGranule 300000
[2026-09-24 12:45:02.777 +08:00][ERROR][1837093][281472913231904][shm_ipc_command.cpp:183] IpcCallShmMap response error : 606
[2026-09-24 12:45:02.777 +08:00][ERROR][1837093][281472913231904][RackMemShm.cpp:322] Failed to mmap, name=u3adae82b_one-sided_rmw_ubq_0, mapSize=2147483648, ret=606
[2026-09-24 12:45:02.777 +08:00][ERROR][1837093][281472913231904][mxmem_shmem.cpp:473] Failed to mmap shared memory, ret=606
[2026-09-24 12:45:02.880 +08:00][ERROR][1837093][281472913231904][shm_ipc_command.cpp:183] IpcCallShmMap response error : 606
[2026-09-24 12:45:02.880 +08:00][ERROR][1837093][281472913231904][RackMemShm.cpp:322] Failed to mmap, name=u3adae82b_one-sided_rmw_ubq_0, mapSize=2147483648, ret=606
[2026-09-24 12:45:02.880 +08:00][ERROR][1837093][281472913231904][mxmem_shmem.cpp:473] Failed to mmap shared memory, ret=606
[2026-09-24 12:45:02.984 +08:00][ERROR][1837093][281472913231904][shm_ipc_command.cpp:183] IpcCallShmMap response error : 800
[2026-09-24 12:45:02.984 +08:00][ERROR][1837093][281472913231904][RackMemShm.cpp:322] Failed to mmap, name=u3adae82b_one-sided_rmw_ubq_0, mapSize=2147483648, ret=800
[2026-09-24 12:45:02.984 +08:00][ERROR][1837093][281472913231904][mxmem_shmem.cpp:473] Failed to mmap shared memory, ret=800
[2026-09-24 12:45:03.087 +08:00][ERROR][1837093][281472913231904][shm_ipc_command.cpp:183] IpcCallShmMap response error : 800
[2026-09-24 12:45:03.087 +08:00][ERROR][1837093][281472913231904][RackMemShm.cpp:322] Failed to mmap, name=u3adae82b_one-sided_rmw_ubq_0, mapSize=2147483648, ret=800
[2026-09-24 12:45:03.087 +08:00][ERROR][1837093][281472913231904][mxmem_shmem.cpp:473] Failed to mmap shared memory, ret=800
[2026-09-24 12:45:03.189 +08:00][ERROR][1837093][281472913231904][shm_ipc_command.cpp:183] IpcCallShmMap response error : 800
[2026-09-24 12:45:03.189 +08:00][ERROR][1837093][281472913231904][RackMemShm.cpp:322] Failed to mmap, name=u3adae82b_one-sided_rmw_ubq_0, mapSize=2147483648, ret=800
[2026-09-24 12:45:03.189 +08:00][ERROR][1837093][281472913231904][mxmem_shmem.cpp:473] Failed to mmap shared memory, ret=800
[2026-09-24 12:45:03.293 +08:00][ERROR][1837093][281472913231904][shm_ipc_command.cpp:183] IpcCallShmMap response error : 800
[2026-09-24 12:45:03.293 +08:00][ERROR][1837093][281472913231904][RackMemShm.cpp:322] Failed to mmap, name=u3adae82b_one-sided_rmw_ubq_0, mapSize=2147483648, ret=800
[2026-09-24 12:45:03.293 +08:00][ERROR][1837093][281472913231904][mxmem_shmem.cpp:473] Failed to mmap shared memory, ret=800
[2026-09-24 12:45:03.396 +08:00][ERROR][1837093][281472913231904][shm_ipc_command.cpp:183] IpcCallShmMap response error : 800
[2026-09-24 12:45:03.396 +08:00][ERROR][1837093][281472913231904][RackMemShm.cpp:322] Failed to mmap, name=u3adae82b_one-sided_rmw_ubq_0, mapSize=2147483648, ret=800
[2026-09-24 12:45:03.396 +08:00][ERROR][1837093][281472913231904][mxmem_shmem.cpp:473] Failed to mmap shared memory, ret=800
[2026-09-24 12:45:03.499 +08:00][ERROR][1837093][281472913231904][shm_ipc_command.cpp:183] IpcCallShmMap response error : 800
[2026-09-24 12:45:03.499 +08:00][ERROR][1837093][281472913231904][RackMemShm.cpp:322] Failed to mmap, name=u3adae82b_one-sided_rmw_ubq_0, mapSize=2147483648, ret=800
[2026-09-24 12:45:03.499 +08:00][ERROR][1837093][281472913231904][mxmem_shmem.cpp:473] Failed to mmap shared memory, ret=800
[2026-09-24 12:45:03.601 +08:00][ERROR][1837093][281472913231904][shm_ipc_command.cpp:183] IpcCallShmMap response error : 800
[2026-09-24 12:45:03.601 +08:00][ERROR][1837093][281472913231904][RackMemShm.cpp:322] Failed to mmap, name=u3adae82b_one-sided_rmw_ubq_0, mapSize=2147483648, ret=800
[2026-09-24 12:45:03.601 +08:00][ERROR][1837093][281472913231904][mxmem_shmem.cpp:473] Failed to mmap shared memory, ret=800
I20260924 12:45:03.758756 1837093 UBMemory.cpp:138] UB memory initialized: local_region=1 regions=2 mode=one-sided bytes_per_region=2147483648
I20260924 12:45:06.164860 1837093 Database.h:82] ycsb initialization finished in 2406 milliseconds.
I20260924 12:45:06.167058 1837093 Coordinator.h:459] Coordinator 1 initializes UB inbox with 4096 entries of 8192 bytes
I20260924 12:45:06.167130 1837093 Coordinator.h:100] WAL Group Commiting off. Log to file _non_group_commit.txt using Blackhole Logger
I20260924 12:45:06.167140 1837093 Coordinator.h:104] Coordinator initializes 3 workers.
I20260924 12:45:06.168483 1837093 Coordinator.h:551] Coordinator 1 failed to connect 0(76.53.137.98:10010)'s listener 0, retry in 5 seconds.
I20260924 12:45:06.168617 1837124 Coordinator.h:505] Listener 0 on coordinator 1 listening on 76.53.137.99:10010 tcp_no_delay 1 tcp_quick_ack 0
I20260924 12:45:06.280094 1837124 Socket.h:69] Disabling nagle
I20260924 12:45:06.280118 1837124 Coordinator.h:520] Listener accepted connection from coordinator 0
I20260924 12:45:06.280123 1837124 Coordinator.h:523] Listener 0 on coordinator 1 exits.
I20260924 12:45:11.169219 1837093 Socket.h:69] Disabling nagle
I20260924 12:45:11.169255 1837093 Coordinator.h:560] Coordinator 1 connected to 0
I20260924 12:45:11.169287 1837093 Coordinator.h:572] Coordinator 1 connected to all peers.
I20260924 12:45:11.169297 1837093 Dispatcher.h:41] IncomingDispatcher 0 coord_id 1
I20260924 12:45:11.169430 1837093 Dispatcher.h:234] OutgoingDispatcher 0 coord_id 1
I20260924 12:45:11.169529 1837093 Coordinator.h:669] pinned thread to core 0
I20260924 12:45:11.169744 1837093 Coordinator.h:669] pinned thread to core 1
I20260924 12:45:11.169808 1837093 Coordinator.h:219] Coordinator starts to run 4 workers.
I20260924 12:45:11.169929 1837093 Coordinator.h:669] pinned thread to core 2
I20260924 12:45:11.169963 1837154 Dispatcher.h:63] Incoming Dispatcher started, numCoordinators = 2, numWorkers = 3, group id = 0, coordinator = 1
I20260924 12:45:11.171370 1837157 Executor.h:79] Executor 1 starts.
I20260924 12:45:11.170303 1837156 Executor.h:79] Executor 0 starts.
I20260924 12:45:11.170866 1837093 Coordinator.h:669] pinned thread to core 3
I20260924 12:45:11.171119 1837155 Dispatcher.h:246] Outgoing Dispatcher started, numCoordinators = 2, numWorkers = 4, group id = 0
I20260924 12:45:11.172533 1837158 Executor.h:79] Executor 2 starts.
I20260924 12:45:11.172305 1837093 Coordinator.h:669] pinned thread to core 4
I20260924 12:45:11.173293 1837159 Manager.h:232] Manager(worker id = 3) on the non-coordinator node started.
I20260924 12:45:12.173257 1837093 Coordinator.h:310] commit: 11689 abort: 20 (0/20/0), persistence latency 0, txn latency 0, queued lock latency 0, lock latency 0, active_txns 0, n_failed_read_lock 0, n_failed_write_lock 0, n_failed_cmd_not_ready 0, n_failed_no_cmd 0, network size: 0, avg network size: 0, si_in_serializable: 0 0 %, local: 0 %, local_access: 73163, local_cxl_access: 0 (0%), remote_access: 43851, remote_access_with_req: 0 (0%), data_move_in: 0, data_move_out: 0
I20260924 12:45:13.173429 1837093 Coordinator.h:310] commit: 11800 abort: 15 (0/15/0), persistence latency 0, txn latency 0, queued lock latency 0, lock latency 0, active_txns 0, n_failed_read_lock 0, n_failed_write_lock 0, n_failed_cmd_not_ready 0, n_failed_no_cmd 0, network size: 0, avg network size: 0, si_in_serializable: 0 0 %, local: 0 %, local_access: 73766, local_cxl_access: 0 (0%), remote_access: 44312, remote_access_with_req: 0 (0%), data_move_in: 0, data_move_out: 0
I20260924 12:45:14.173946 1837093 Coordinator.h:310] commit: 11821 abort: 38 (0/38/0), persistence latency 0, txn latency 0, queued lock latency 0, lock latency 0, active_txns 0, n_failed_read_lock 0, n_failed_write_lock 0, n_failed_cmd_not_ready 0, n_failed_no_cmd 0, network size: 0, avg network size: 0, si_in_serializable: 0 0 %, local: 0 %, local_access: 74182, local_cxl_access: 0 (0%), remote_access: 44226, remote_access_with_req: 0 (0%), data_move_in: 0, data_move_out: 0
I20260924 12:45:15.174149 1837093 Coordinator.h:310] commit: 11715 abort: 32 (0/32/0), persistence latency 0, txn latency 0, queued lock latency 0, lock latency 0, active_txns 0, n_failed_read_lock 0, n_failed_write_lock 0, n_failed_cmd_not_ready 0, n_failed_no_cmd 0, network size: 0, avg network size: 0, si_in_serializable: 0 0 %, local: 0 %, local_access: 73010, local_cxl_access: 0 (0%), remote_access: 44281, remote_access_with_req: 0 (0%), data_move_in: 0, data_move_out: 0
I20260924 12:45:16.174352 1837093 Coordinator.h:310] commit: 11859 abort: 30 (0/30/0), persistence latency 0, txn latency 0, queued lock latency 0, lock latency 0, active_txns 0, n_failed_read_lock 0, n_failed_write_lock 0, n_failed_cmd_not_ready 0, n_failed_no_cmd 0, network size: 0, avg network size: 0, si_in_serializable: 0 0 %, local: 0 %, local_access: 74392, local_cxl_access: 0 (0%), remote_access: 44340, remote_access_with_req: 0 (0%), data_move_in: 0, data_move_out: 0
I20260924 12:45:17.174507 1837093 Coordinator.h:310] commit: 11822 abort: 42 (0/42/0), persistence latency 0, txn latency 0, queued lock latency 0, lock latency 0, active_txns 0, n_failed_read_lock 0, n_failed_write_lock 0, n_failed_cmd_not_ready 0, n_failed_no_cmd 0, network size: 0, avg network size: 0, si_in_serializable: 0 0 %, local: 0 %, local_access: 74081, local_cxl_access: 0 (0%), remote_access: 44328, remote_access_with_req: 0 (0%), data_move_in: 0, data_move_out: 0
I20260924 12:45:18.174757 1837093 Coordinator.h:310] commit: 11864 abort: 30 (0/30/0), persistence latency 0, txn latency 0, queued lock latency 0, lock latency 0, active_txns 0, n_failed_read_lock 0, n_failed_write_lock 0, n_failed_cmd_not_ready 0, n_failed_no_cmd 0, network size: 0, avg network size: 0, si_in_serializable: 0 0 %, local: 0 %, local_access: 74503, local_cxl_access: 0 (0%), remote_access: 44283, remote_access_with_req: 0 (0%), data_move_in: 0, data_move_out: 0
I20260924 12:45:19.175200 1837093 Coordinator.h:310] commit: 11882 abort: 33 (0/33/0), persistence latency 0, txn latency 0, queued lock latency 0, lock latency 0, active_txns 0, n_failed_read_lock 0, n_failed_write_lock 0, n_failed_cmd_not_ready 0, n_failed_no_cmd 0, network size: 0, avg network size: 0, si_in_serializable: 0 0 %, local: 0 %, local_access: 74587, local_cxl_access: 0 (0%), remote_access: 44372, remote_access_with_req: 0 (0%), data_move_in: 0, data_move_out: 0
I20260924 12:45:20.175293 1837093 Coordinator.h:310] commit: 11767 abort: 17 (0/17/0), persistence latency 0, txn latency 0, queued lock latency 0, lock latency 0, active_txns 0, n_failed_read_lock 0, n_failed_write_lock 0, n_failed_cmd_not_ready 0, n_failed_no_cmd 0, network size: 0, avg network size: 0, si_in_serializable: 0 0 %, local: 0 %, local_access: 73440, local_cxl_access: 0 (0%), remote_access: 44319, remote_access_with_req: 0 (0%), data_move_in: 0, data_move_out: 0
I20260924 12:45:21.175520 1837093 Coordinator.h:310] commit: 11855 abort: 27 (0/27/0), persistence latency 0, txn latency 0, queued lock latency 0, lock latency 0, active_txns 0, n_failed_read_lock 0, n_failed_write_lock 0, n_failed_cmd_not_ready 0, n_failed_no_cmd 0, network size: 0, avg network size: 0, si_in_serializable: 0 0 %, local: 0 %, local_access: 74324, local_cxl_access: 0 (0%), remote_access: 44366, remote_access_with_req: 0 (0%), data_move_in: 0, data_move_out: 0
I20260924 12:45:22.175613 1837093 Coordinator.h:310] commit: 11742 abort: 15 (0/15/0), persistence latency 0, txn latency 0, queued lock latency 0, lock latency 0, active_txns 0, n_failed_read_lock 0, n_failed_write_lock 0, n_failed_cmd_not_ready 0, n_failed_no_cmd 0, network size: 0, avg network size: 0, si_in_serializable: 0 0 %, local: 0 %, local_access: 73286, local_cxl_access: 0 (0%), remote_access: 44204, remote_access_with_req: 0 (0%), data_move_in: 0, data_move_out: 0
I20260924 12:45:23.175707 1837093 Coordinator.h:310] commit: 11771 abort: 169 (0/169/0), persistence latency 0, txn latency 0, queued lock latency 0, lock latency 0, active_txns 0, n_failed_read_lock 0, n_failed_write_lock 0, n_failed_cmd_not_ready 0, n_failed_no_cmd 0, network size: 0, avg network size: 0, si_in_serializable: 0 0 %, local: 0 %, local_access: 74320, local_cxl_access: 0 (0%), remote_access: 44378, remote_access_with_req: 0 (0%), data_move_in: 0, data_move_out: 0
I20260924 12:45:24.175804 1837093 Coordinator.h:310] commit: 11901 abort: 17 (0/17/0), persistence latency 0, txn latency 0, queued lock latency 0, lock latency 0, active_txns 0, n_failed_read_lock 0, n_failed_write_lock 0, n_failed_cmd_not_ready 0, n_failed_no_cmd 0, network size: 0, avg network size: 0, si_in_serializable: 0 0 %, local: 0 %, local_access: 74663, local_cxl_access: 0 (0%), remote_access: 44429, remote_access_with_req: 0 (0%), data_move_in: 0, data_move_out: 0
I20260924 12:45:25.175913 1837093 Coordinator.h:310] commit: 11812 abort: 34 (0/34/0), persistence latency 0, txn latency 0, queued lock latency 0, lock latency 0, active_txns 0, n_failed_read_lock 0, n_failed_write_lock 0, n_failed_cmd_not_ready 0, n_failed_no_cmd 0, network size: 0, avg network size: 0, si_in_serializable: 0 0 %, local: 0 %, local_access: 73920, local_cxl_access: 0 (0%), remote_access: 44365, remote_access_with_req: 0 (0%), data_move_in: 0, data_move_out: 0
I20260924 12:45:26.176141 1837093 Coordinator.h:310] commit: 11865 abort: 29 (0/29/0), persistence latency 0, txn latency 0, queued lock latency 0, lock latency 0, active_txns 0, n_failed_read_lock 0, n_failed_write_lock 0, n_failed_cmd_not_ready 0, n_failed_no_cmd 0, network size: 0, avg network size: 0, si_in_serializable: 0 0 %, local: 0 %, local_access: 74368, local_cxl_access: 0 (0%), remote_access: 44434, remote_access_with_req: 0 (0%), data_move_in: 0, data_move_out: 0
I20260924 12:45:27.176318 1837093 Coordinator.h:310] commit: 11925 abort: 21 (0/21/0), persistence latency 0, txn latency 0, queued lock latency 0, lock latency 0, active_txns 0, n_failed_read_lock 0, n_failed_write_lock 0, n_failed_cmd_not_ready 0, n_failed_no_cmd 0, network size: 0, avg network size: 0, si_in_serializable: 0 0 %, local: 0 %, local_access: 74715, local_cxl_access: 0 (0%), remote_access: 44643, remote_access_with_req: 0 (0%), data_move_in: 0, data_move_out: 0
I20260924 12:45:28.176487 1837093 Coordinator.h:310] commit: 11933 abort: 29 (0/29/0), persistence latency 0, txn latency 0, queued lock latency 0, lock latency 0, active_txns 0, n_failed_read_lock 0, n_failed_write_lock 0, n_failed_cmd_not_ready 0, n_failed_no_cmd 0, network size: 0, avg network size: 0, si_in_serializable: 0 0 %, local: 0 %, local_access: 74697, local_cxl_access: 0 (0%), remote_access: 44752, remote_access_with_req: 0 (0%), data_move_in: 0, data_move_out: 0
I20260924 12:45:29.176654 1837093 Coordinator.h:310] commit: 11907 abort: 29 (0/29/0), persistence latency 0, txn latency 0, queued lock latency 0, lock latency 0, active_txns 0, n_failed_read_lock 0, n_failed_write_lock 0, n_failed_cmd_not_ready 0, n_failed_no_cmd 0, network size: 0, avg network size: 0, si_in_serializable: 0 0 %, local: 0 %, local_access: 74525, local_cxl_access: 0 (0%), remote_access: 44676, remote_access_with_req: 0 (0%), data_move_in: 0, data_move_out: 0
I20260924 12:45:30.176745 1837093 Coordinator.h:310] commit: 11939 abort: 21 (0/21/0), persistence latency 0, txn latency 0, queued lock latency 0, lock latency 0, active_txns 0, n_failed_read_lock 0, n_failed_write_lock 0, n_failed_cmd_not_ready 0, n_failed_no_cmd 0, network size: 0, avg network size: 0, si_in_serializable: 0 0 %, local: 0 %, local_access: 74655, local_cxl_access: 0 (0%), remote_access: 44843, remote_access_with_req: 0 (0%), data_move_in: 0, data_move_out: 0
I20260924 12:45:31.176839 1837093 Coordinator.h:310] commit: 11887 abort: 26 (0/26/0), persistence latency 0, txn latency 0, queued lock latency 0, lock latency 0, active_txns 0, n_failed_read_lock 0, n_failed_write_lock 0, n_failed_cmd_not_ready 0, n_failed_no_cmd 0, network size: 0, avg network size: 0, si_in_serializable: 0 0 %, local: 0 %, local_access: 74227, local_cxl_access: 0 (0%), remote_access: 44768, remote_access_with_req: 0 (0%), data_move_in: 0, data_move_out: 0
I20260924 12:45:32.177059 1837093 Coordinator.h:310] commit: 11993 abort: 10 (0/10/0), persistence latency 0, txn latency 0, queued lock latency 0, lock latency 0, active_txns 0, n_failed_read_lock 0, n_failed_write_lock 0, n_failed_cmd_not_ready 0, n_failed_no_cmd 0, network size: 0, avg network size: 0, si_in_serializable: 0 0 %, local: 0 %, local_access: 75203, local_cxl_access: 0 (0%), remote_access: 44762, remote_access_with_req: 0 (0%), data_move_in: 0, data_move_out: 0
I20260924 12:45:33.177280 1837093 Coordinator.h:310] commit: 11974 abort: 28 (0/28/0), persistence latency 0, txn latency 0, queued lock latency 0, lock latency 0, active_txns 0, n_failed_read_lock 0, n_failed_write_lock 0, n_failed_cmd_not_ready 0, n_failed_no_cmd 0, network size: 0, avg network size: 0, si_in_serializable: 0 0 %, local: 0 %, local_access: 75087, local_cxl_access: 0 (0%), remote_access: 44788, remote_access_with_req: 0 (0%), data_move_in: 0, data_move_out: 0
I20260924 12:45:34.177522 1837093 Coordinator.h:310] commit: 11879 abort: 27 (0/27/0), persistence latency 0, txn latency 0, queued lock latency 0, lock latency 0, active_txns 0, n_failed_read_lock 0, n_failed_write_lock 0, n_failed_cmd_not_ready 0, n_failed_no_cmd 0, network size: 0, avg network size: 0, si_in_serializable: 0 0 %, local: 0 %, local_access: 74182, local_cxl_access: 0 (0%), remote_access: 44741, remote_access_with_req: 0 (0%), data_move_in: 0, data_move_out: 0
I20260924 12:45:35.177940 1837093 Coordinator.h:310] commit: 11981 abort: 24 (0/24/0), persistence latency 0, txn latency 0, queued lock latency 0, lock latency 0, active_txns 0, n_failed_read_lock 0, n_failed_write_lock 0, n_failed_cmd_not_ready 0, n_failed_no_cmd 0, network size: 0, avg network size: 0, si_in_serializable: 0 0 %, local: 0 %, local_access: 75029, local_cxl_access: 0 (0%), remote_access: 44883, remote_access_with_req: 0 (0%), data_move_in: 0, data_move_out: 0
I20260924 12:45:36.179111 1837093 Coordinator.h:310] commit: 11903 abort: 19 (0/19/0), persistence latency 0, txn latency 0, queued lock latency 0, lock latency 0, active_txns 0, n_failed_read_lock 0, n_failed_write_lock 0, n_failed_cmd_not_ready 0, n_failed_no_cmd 0, network size: 0, avg network size: 0, si_in_serializable: 0 0 %, local: 0 %, local_access: 74318, local_cxl_access: 0 (0%), remote_access: 44828, remote_access_with_req: 0 (0%), data_move_in: 0, data_move_out: 0
I20260924 12:45:37.179265 1837093 Coordinator.h:310] commit: 11949 abort: 21 (0/21/0), persistence latency 0, txn latency 0, queued lock latency 0, lock latency 0, active_txns 0, n_failed_read_lock 0, n_failed_write_lock 0, n_failed_cmd_not_ready 0, n_failed_no_cmd 0, network size: 0, avg network size: 0, si_in_serializable: 0 0 %, local: 0 %, local_access: 74688, local_cxl_access: 0 (0%), remote_access: 44884, remote_access_with_req: 0 (0%), data_move_in: 0, data_move_out: 0
I20260924 12:45:38.179402 1837093 Coordinator.h:310] commit: 11926 abort: 20 (0/20/0), persistence latency 0, txn latency 0, queued lock latency 0, lock latency 0, active_txns 0, n_failed_read_lock 0, n_failed_write_lock 0, n_failed_cmd_not_ready 0, n_failed_no_cmd 0, network size: 0, avg network size: 0, si_in_serializable: 0 0 %, local: 0 %, local_access: 74555, local_cxl_access: 0 (0%), remote_access: 44805, remote_access_with_req: 0 (0%), data_move_in: 0, data_move_out: 0
I20260924 12:45:39.179576 1837093 Coordinator.h:310] commit: 12016 abort: 27 (0/27/0), persistence latency 0, txn latency 0, queued lock latency 0, lock latency 0, active_txns 0, n_failed_read_lock 0, n_failed_write_lock 0, n_failed_cmd_not_ready 0, n_failed_no_cmd 0, network size: 0, avg network size: 0, si_in_serializable: 0 0 %, local: 0 %, local_access: 75319, local_cxl_access: 0 (0%), remote_access: 44932, remote_access_with_req: 0 (0%), data_move_in: 0, data_move_out: 0
I20260924 12:45:40.179754 1837093 Coordinator.h:310] commit: 11918 abort: 27 (0/27/0), persistence latency 0, txn latency 0, queued lock latency 0, lock latency 0, active_txns 0, n_failed_read_lock 0, n_failed_write_lock 0, n_failed_cmd_not_ready 0, n_failed_no_cmd 0, network size: 0, avg network size: 0, si_in_serializable: 0 0 %, local: 0 %, local_access: 74457, local_cxl_access: 0 (0%), remote_access: 44839, remote_access_with_req: 0 (0%), data_move_in: 0, data_move_out: 0
I20260924 12:45:41.179971 1837093 Coordinator.h:310] commit: 11938 abort: 22 (0/22/0), persistence latency 0, txn latency 0, queued lock latency 0, lock latency 0, active_txns 0, n_failed_read_lock 0, n_failed_write_lock 0, n_failed_cmd_not_ready 0, n_failed_no_cmd 0, network size: 0, avg network size: 0, si_in_serializable: 0 0 %, local: 0 %, local_access: 74495, local_cxl_access: 0 (0%), remote_access: 44973, remote_access_with_req: 0 (0%), data_move_in: 0, data_move_out: 0
I20260924 12:45:42.180065 1837093 Coordinator.h:310] commit: 12056 abort: 44 (0/44/0), persistence latency 0, txn latency 0, queued lock latency 0, lock latency 0, active_txns 0, n_failed_read_lock 0, n_failed_write_lock 0, n_failed_cmd_not_ready 0, n_failed_no_cmd 0, network size: 0, avg network size: 0, si_in_serializable: 0 0 %, local: 0 %, local_access: 75832, local_cxl_access: 0 (0%), remote_access: 44905, remote_access_with_req: 0 (0%), data_move_in: 0, data_move_out: 0
I20260924 12:45:43.180187 1837093 Coordinator.h:310] commit: 12015 abort: 26 (0/26/0), persistence latency 0, txn latency 0, queued lock latency 0, lock latency 0, active_txns 0, n_failed_read_lock 0, n_failed_write_lock 0, n_failed_cmd_not_ready 0, n_failed_no_cmd 0, network size: 0, avg network size: 0, si_in_serializable: 0 0 %, local: 0 %, local_access: 75349, local_cxl_access: 0 (0%), remote_access: 44959, remote_access_with_req: 0 (0%), data_move_in: 0, data_move_out: 0
I20260924 12:45:44.180413 1837093 Coordinator.h:310] commit: 11945 abort: 24 (0/24/0), persistence latency 0, txn latency 0, queued lock latency 0, lock latency 0, active_txns 0, n_failed_read_lock 0, n_failed_write_lock 0, n_failed_cmd_not_ready 0, n_failed_no_cmd 0, network size: 0, avg network size: 0, si_in_serializable: 0 0 %, local: 0 %, local_access: 74551, local_cxl_access: 0 (0%), remote_access: 44994, remote_access_with_req: 0 (0%), data_move_in: 0, data_move_out: 0
I20260924 12:45:45.180507 1837093 Coordinator.h:310] commit: 11917 abort: 30 (0/30/0), persistence latency 0, txn latency 0, queued lock latency 0, lock latency 0, active_txns 0, n_failed_read_lock 0, n_failed_write_lock 0, n_failed_cmd_not_ready 0, n_failed_no_cmd 0, network size: 0, avg network size: 0, si_in_serializable: 0 0 %, local: 0 %, local_access: 74374, local_cxl_access: 0 (0%), remote_access: 44912, remote_access_with_req: 0 (0%), data_move_in: 0, data_move_out: 0
I20260924 12:45:46.180730 1837093 Coordinator.h:310] commit: 11921 abort: 37 (0/37/0), persistence latency 0, txn latency 0, queued lock latency 0, lock latency 0, active_txns 0, n_failed_read_lock 0, n_failed_write_lock 0, n_failed_cmd_not_ready 0, n_failed_no_cmd 0, network size: 0, avg network size: 0, si_in_serializable: 0 0 %, local: 0 %, local_access: 74504, local_cxl_access: 0 (0%), remote_access: 44897, remote_access_with_req: 0 (0%), data_move_in: 0, data_move_out: 0
I20260924 12:45:47.180948 1837093 Coordinator.h:310] commit: 11917 abort: 19 (0/19/0), persistence latency 0, txn latency 0, queued lock latency 0, lock latency 0, active_txns 0, n_failed_read_lock 0, n_failed_write_lock 0, n_failed_cmd_not_ready 0, n_failed_no_cmd 0, network size: 0, avg network size: 0, si_in_serializable: 0 0 %, local: 0 %, local_access: 74519, local_cxl_access: 0 (0%), remote_access: 44750, remote_access_with_req: 0 (0%), data_move_in: 0, data_move_out: 0
I20260924 12:45:48.181167 1837093 Coordinator.h:310] commit: 11808 abort: 29 (0/29/0), persistence latency 0, txn latency 0, queued lock latency 0, lock latency 0, active_txns 0, n_failed_read_lock 0, n_failed_write_lock 0, n_failed_cmd_not_ready 0, n_failed_no_cmd 0, network size: 0, avg network size: 0, si_in_serializable: 0 0 %, local: 0 %, local_access: 73586, local_cxl_access: 0 (0%), remote_access: 44649, remote_access_with_req: 0 (0%), data_move_in: 0, data_move_out: 0
I20260924 12:45:49.181386 1837093 Coordinator.h:310] commit: 11989 abort: 28 (0/28/0), persistence latency 0, txn latency 0, queued lock latency 0, lock latency 0, active_txns 0, n_failed_read_lock 0, n_failed_write_lock 0, n_failed_cmd_not_ready 0, n_failed_no_cmd 0, network size: 0, avg network size: 0, si_in_serializable: 0 0 %, local: 0 %, local_access: 75433, local_cxl_access: 0 (0%), remote_access: 44604, remote_access_with_req: 0 (0%), data_move_in: 0, data_move_out: 0
I20260924 12:45:50.181895 1837093 Coordinator.h:310] commit: 11899 abort: 20 (0/20/0), persistence latency 0, txn latency 0, queued lock latency 0, lock latency 0, active_txns 0, n_failed_read_lock 0, n_failed_write_lock 0, n_failed_cmd_not_ready 0, n_failed_no_cmd 0, network size: 0, avg network size: 0, si_in_serializable: 0 0 %, local: 0 %, local_access: 74416, local_cxl_access: 0 (0%), remote_access: 44689, remote_access_with_req: 0 (0%), data_move_in: 0, data_move_out: 0
I20260924 12:45:51.182756 1837093 Coordinator.h:310] commit: 11916 abort: 30 (0/30/0), persistence latency 0, txn latency 0, queued lock latency 0, lock latency 0, active_txns 0, n_failed_read_lock 0, n_failed_write_lock 0, n_failed_cmd_not_ready 0, n_failed_no_cmd 0, network size: 0, avg network size: 0, si_in_serializable: 0 0 %, local: 0 %, local_access: 74415, local_cxl_access: 0 (0%), remote_access: 44881, remote_access_with_req: 0 (0%), data_move_in: 0, data_move_out: 0
I20260924 12:45:52.183346 1837093 Coordinator.h:310] commit: 11843 abort: 21 (0/21/0), persistence latency 0, txn latency 0, queued lock latency 0, lock latency 0, active_txns 0, n_failed_read_lock 0, n_failed_write_lock 0, n_failed_cmd_not_ready 0, n_failed_no_cmd 0, network size: 0, avg network size: 0, si_in_serializable: 0 0 %, local: 0 %, local_access: 73805, local_cxl_access: 0 (0%), remote_access: 44759, remote_access_with_req: 0 (0%), data_move_in: 0, data_move_out: 0
I20260924 12:45:53.183447 1837093 Coordinator.h:310] commit: 11909 abort: 30 (0/30/0), persistence latency 0, txn latency 0, queued lock latency 0, lock latency 0, active_txns 0, n_failed_read_lock 0, n_failed_write_lock 0, n_failed_cmd_not_ready 0, n_failed_no_cmd 0, network size: 0, avg network size: 0, si_in_serializable: 0 0 %, local: 0 %, local_access: 74553, local_cxl_access: 0 (0%), remote_access: 44690, remote_access_with_req: 0 (0%), data_move_in: 0, data_move_out: 0
I20260924 12:45:54.183549 1837093 Coordinator.h:310] commit: 11983 abort: 22 (0/22/0), persistence latency 0, txn latency 0, queued lock latency 0, lock latency 0, active_txns 0, n_failed_read_lock 0, n_failed_write_lock 0, n_failed_cmd_not_ready 0, n_failed_no_cmd 0, network size: 0, avg network size: 0, si_in_serializable: 0 0 %, local: 0 %, local_access: 75322, local_cxl_access: 0 (0%), remote_access: 44618, remote_access_with_req: 0 (0%), data_move_in: 0, data_move_out: 0
I20260924 12:45:55.183646 1837093 Coordinator.h:310] commit: 11856 abort: 17 (0/17/0), persistence latency 0, txn latency 0, queued lock latency 0, lock latency 0, active_txns 0, n_failed_read_lock 0, n_failed_write_lock 0, n_failed_cmd_not_ready 0, n_failed_no_cmd 0, network size: 0, avg network size: 0, si_in_serializable: 0 0 %, local: 0 %, local_access: 73821, local_cxl_access: 0 (0%), remote_access: 44835, remote_access_with_req: 0 (0%), data_move_in: 0, data_move_out: 0
I20260924 12:45:56.183740 1837093 Coordinator.h:310] commit: 11914 abort: 27 (0/27/0), persistence latency 0, txn latency 0, queued lock latency 0, lock latency 0, active_txns 0, n_failed_read_lock 0, n_failed_write_lock 0, n_failed_cmd_not_ready 0, n_failed_no_cmd 0, network size: 0, avg network size: 0, si_in_serializable: 0 0 %, local: 0 %, local_access: 74555, local_cxl_access: 0 (0%), remote_access: 44719, remote_access_with_req: 0 (0%), data_move_in: 0, data_move_out: 0
I20260924 12:45:57.183866 1837093 Coordinator.h:310] commit: 11908 abort: 30 (0/30/0), persistence latency 0, txn latency 0, queued lock latency 0, lock latency 0, active_txns 0, n_failed_read_lock 0, n_failed_write_lock 0, n_failed_cmd_not_ready 0, n_failed_no_cmd 0, network size: 0, avg network size: 0, si_in_serializable: 0 0 %, local: 0 %, local_access: 74451, local_cxl_access: 0 (0%), remote_access: 44795, remote_access_with_req: 0 (0%), data_move_in: 0, data_move_out: 0
I20260924 12:45:58.184087 1837093 Coordinator.h:310] commit: 11896 abort: 59 (0/59/0), persistence latency 0, txn latency 0, queued lock latency 0, lock latency 0, active_txns 0, n_failed_read_lock 0, n_failed_write_lock 0, n_failed_cmd_not_ready 0, n_failed_no_cmd 0, network size: 0, avg network size: 0, si_in_serializable: 0 0 %, local: 0 %, local_access: 74320, local_cxl_access: 0 (0%), remote_access: 44831, remote_access_with_req: 0 (0%), data_move_in: 0, data_move_out: 0
I20260924 12:45:59.184307 1837093 Coordinator.h:310] commit: 12091 abort: 23 (0/23/0), persistence latency 0, txn latency 0, queued lock latency 0, lock latency 0, active_txns 0, n_failed_read_lock 0, n_failed_write_lock 0, n_failed_cmd_not_ready 0, n_failed_no_cmd 0, network size: 0, avg network size: 0, si_in_serializable: 0 0 %, local: 0 %, local_access: 76135, local_cxl_access: 0 (0%), remote_access: 44879, remote_access_with_req: 0 (0%), data_move_in: 0, data_move_out: 0
I20260924 12:46:00.184553 1837093 Coordinator.h:310] commit: 12074 abort: 84 (0/84/0), persistence latency 0, txn latency 0, queued lock latency 0, lock latency 0, active_txns 0, n_failed_read_lock 0, n_failed_write_lock 0, n_failed_cmd_not_ready 0, n_failed_no_cmd 0, network size: 0, avg network size: 0, si_in_serializable: 0 0 %, local: 0 %, local_access: 76305, local_cxl_access: 0 (0%), remote_access: 44849, remote_access_with_req: 0 (0%), data_move_in: 0, data_move_out: 0
I20260924 12:46:01.184644 1837093 Coordinator.h:310] commit: 11864 abort: 24 (0/24/0), persistence latency 0, txn latency 0, queued lock latency 0, lock latency 0, active_txns 0, n_failed_read_lock 0, n_failed_write_lock 0, n_failed_cmd_not_ready 0, n_failed_no_cmd 0, network size: 0, avg network size: 0, si_in_serializable: 0 0 %, local: 0 %, local_access: 73833, local_cxl_access: 0 (0%), remote_access: 44911, remote_access_with_req: 0 (0%), data_move_in: 0, data_move_out: 0
I20260924 12:46:02.184734 1837093 Coordinator.h:310] commit: 12012 abort: 25 (0/25/0), persistence latency 0, txn latency 0, queued lock latency 0, lock latency 0, active_txns 0, n_failed_read_lock 0, n_failed_write_lock 0, n_failed_cmd_not_ready 0, n_failed_no_cmd 0, network size: 0, avg network size: 0, si_in_serializable: 0 0 %, local: 0 %, local_access: 75482, local_cxl_access: 0 (0%), remote_access: 44771, remote_access_with_req: 0 (0%), data_move_in: 0, data_move_out: 0
I20260924 12:46:03.184844 1837093 Coordinator.h:310] commit: 11931 abort: 24 (0/24/0), persistence latency 0, txn latency 0, queued lock latency 0, lock latency 0, active_txns 0, n_failed_read_lock 0, n_failed_write_lock 0, n_failed_cmd_not_ready 0, n_failed_no_cmd 0, network size: 0, avg network size: 0, si_in_serializable: 0 0 %, local: 0 %, local_access: 74530, local_cxl_access: 0 (0%), remote_access: 44903, remote_access_with_req: 0 (0%), data_move_in: 0, data_move_out: 0
I20260924 12:46:04.185088 1837093 Coordinator.h:310] commit: 11895 abort: 26 (0/26/0), persistence latency 0, txn latency 0, queued lock latency 0, lock latency 0, active_txns 0, n_failed_read_lock 0, n_failed_write_lock 0, n_failed_cmd_not_ready 0, n_failed_no_cmd 0, network size: 0, avg network size: 0, si_in_serializable: 0 0 %, local: 0 %, local_access: 74232, local_cxl_access: 0 (0%), remote_access: 44826, remote_access_with_req: 0 (0%), data_move_in: 0, data_move_out: 0
I20260924 12:46:05.185194 1837093 Coordinator.h:310] commit: 11895 abort: 22 (0/22/0), persistence latency 0, txn latency 0, queued lock latency 0, lock latency 0, active_txns 0, n_failed_read_lock 0, n_failed_write_lock 0, n_failed_cmd_not_ready 0, n_failed_no_cmd 0, network size: 0, avg network size: 0, si_in_serializable: 0 0 %, local: 0 %, local_access: 74210, local_cxl_access: 0 (0%), remote_access: 44846, remote_access_with_req: 0 (0%), data_move_in: 0, data_move_out: 0
I20260924 12:46:06.185418 1837093 Coordinator.h:310] commit: 11980 abort: 33 (0/33/0), persistence latency 0, txn latency 0, queued lock latency 0, lock latency 0, active_txns 0, n_failed_read_lock 0, n_failed_write_lock 0, n_failed_cmd_not_ready 0, n_failed_no_cmd 0, network size: 0, avg network size: 0, si_in_serializable: 0 0 %, local: 0 %, local_access: 75179, local_cxl_access: 0 (0%), remote_access: 44829, remote_access_with_req: 0 (0%), data_move_in: 0, data_move_out: 0
I20260924 12:46:07.186476 1837093 Coordinator.h:310] commit: 12011 abort: 25 (0/25/0), persistence latency 0, txn latency 0, queued lock latency 0, lock latency 0, active_txns 0, n_failed_read_lock 0, n_failed_write_lock 0, n_failed_cmd_not_ready 0, n_failed_no_cmd 0, network size: 0, avg network size: 0, si_in_serializable: 0 0 %, local: 0 %, local_access: 75248, local_cxl_access: 0 (0%), remote_access: 45001, remote_access_with_req: 0 (0%), data_move_in: 0, data_move_out: 0
I20260924 12:46:08.186803 1837093 Coordinator.h:310] commit: 12030 abort: 36 (0/36/0), persistence latency 0, txn latency 0, queued lock latency 0, lock latency 0, active_txns 0, n_failed_read_lock 0, n_failed_write_lock 0, n_failed_cmd_not_ready 0, n_failed_no_cmd 0, network size: 0, avg network size: 0, si_in_serializable: 0 0 %, local: 0 %, local_access: 75407, local_cxl_access: 0 (0%), remote_access: 45053, remote_access_with_req: 0 (0%), data_move_in: 0, data_move_out: 0
I20260924 12:46:09.187088 1837093 Coordinator.h:310] commit: 11908 abort: 23 (0/23/0), persistence latency 0, txn latency 0, queued lock latency 0, lock latency 0, active_txns 0, n_failed_read_lock 0, n_failed_write_lock 0, n_failed_cmd_not_ready 0, n_failed_no_cmd 0, network size: 0, avg network size: 0, si_in_serializable: 0 0 %, local: 0 %, local_access: 74216, local_cxl_access: 0 (0%), remote_access: 44952, remote_access_with_req: 0 (0%), data_move_in: 0, data_move_out: 0
I20260924 12:46:10.187163 1837093 Coordinator.h:310] commit: 11992 abort: 31 (0/31/0), persistence latency 0, txn latency 0, queued lock latency 0, lock latency 0, active_txns 0, n_failed_read_lock 0, n_failed_write_lock 0, n_failed_cmd_not_ready 0, n_failed_no_cmd 0, network size: 0, avg network size: 0, si_in_serializable: 0 0 %, local: 0 %, local_access: 75151, local_cxl_access: 0 (0%), remote_access: 44893, remote_access_with_req: 0 (0%), data_move_in: 0, data_move_out: 0
I20260924 12:46:11.187391 1837093 Coordinator.h:310] commit: 11906 abort: 30 (0/30/0), persistence latency 0, txn latency 0, queued lock latency 0, lock latency 0, active_txns 0, n_failed_read_lock 0, n_failed_write_lock 0, n_failed_cmd_not_ready 0, n_failed_no_cmd 0, network size: 0, avg network size: 0, si_in_serializable: 0 0 %, local: 0 %, local_access: 74262, local_cxl_access: 0 (0%), remote_access: 44947, remote_access_with_req: 0 (0%), data_move_in: 0, data_move_out: 0
I20260924 12:46:11.187425 1837093 Coordinator.h:348] average commit: 11942.7 abort: 29.9667 (0/29.9667/0), abort_rate: 0.00250292, network size: 0, avg network size: 0, si_in_serializable: 0 0 %, local: 0 %, local_access: 2241996, local_cxl_access: 0 (0%), remote_access: 1345147, remote_access_with_req: 0 (0%), data_move_in: 0, data_move_out: 0
I20260924 12:46:11.187450 1837093 Executor.h:236] Worker 0 latency: 253 us (50%) 264 us (75%) 845 us (95%) 1150 us (99%). dist txn latency: 258 us (50%) 268 us (75%) 984 us (95%) 1169 us (99%)  avg 330 us . local txn latency: 12 us (50%) 19 us (75%) 83 us (95%) 151 us (99%)  avg 20 us. txn commit latency: 252 us (50%) 264 us (75%) 856 us (95%) 1152 us (99%) avg 252 us.
 LOCAL txn stall 0 us,  local_work 17 us,  remote_work 0 us,  commit_work 0 us,  commit_prepare 0 us,  commit_persistence 0 us,  commit_write_back 0 us,  commit_replication 0 us,  commit_release_lock 0 us 
 DIST txn stall 0 us,  local_work 314 us,  remote_work 0 us,  commit_work 9 us,  commit_prepare 0 us,  commit_persistence 0 us,  commit_write_back 0 us,  commit_replication 0 us,  commit_release_lock 7 us 
I20260924 12:46:11.188895 1837093 Executor.h:267] message stats, type: 0 count: 0 total size: 0
I20260924 12:46:11.188899 1837093 Executor.h:267] message stats, type: 1 count: 0 total size: 0
I20260924 12:46:11.188903 1837093 Executor.h:267] message stats, type: 2 count: 0 total size: 0
I20260924 12:46:11.188907 1837093 Executor.h:267] message stats, type: 3 count: 0 total size: 0
I20260924 12:46:11.188910 1837093 Executor.h:267] message stats, type: 4 count: 0 total size: 0
I20260924 12:46:11.188915 1837093 Executor.h:267] message stats, type: 5 count: 0 total size: 0
I20260924 12:46:11.188917 1837093 Executor.h:267] message stats, type: 6 count: 0 total size: 0
I20260924 12:46:11.188921 1837093 Executor.h:267] message stats, type: 7 count: 0 total size: 0
I20260924 12:46:11.188925 1837093 Executor.h:267] message stats, type: 8 count: 0 total size: 0
I20260924 12:46:11.188928 1837093 Executor.h:267] message stats, type: 9 count: 0 total size: 0
I20260924 12:46:11.188932 1837093 Executor.h:267] message stats, type: 10 count: 0 total size: 0
I20260924 12:46:11.188935 1837093 Executor.h:267] message stats, type: 11 count: 0 total size: 0
I20260924 12:46:11.194813 1837156 Executor.h:231] Executor 0 exits.
I20260924 12:46:11.194813 1837158 Executor.h:231] Executor 2 exits.
I20260924 12:46:11.194818 1837159 Manager.h:234] Manager(worker id = 3) on the non-coordinator node exits.
I20260924 12:46:11.194813 1837157 Executor.h:231] Executor 1 exits.
I20260924 12:46:11.197082 1837093 Executor.h:236] Worker 1 latency: 253 us (50%) 264 us (75%) 896 us (95%) 1164 us (99%). dist txn latency: 258 us (50%) 268 us (75%) 968 us (95%) 1173 us (99%)  avg 328 us . local txn latency: 12 us (50%) 20 us (75%) 80 us (95%) 165 us (99%)  avg 21 us. txn commit latency: 252 us (50%) 264 us (75%) 842 us (95%) 1150 us (99%) avg 251 us.
 LOCAL txn stall 0 us,  local_work 17 us,  remote_work 0 us,  commit_work 0 us,  commit_prepare 0 us,  commit_persistence 0 us,  commit_write_back 0 us,  commit_replication 0 us,  commit_release_lock 0 us 
 DIST txn stall 0 us,  local_work 319 us,  remote_work 0 us,  commit_work 9 us,  commit_prepare 0 us,  commit_persistence 0 us,  commit_write_back 0 us,  commit_replication 0 us,  commit_release_lock 7 us 
I20260924 12:46:11.199185 1837093 Executor.h:236] Worker 2 latency: 246 us (50%) 257 us (75%) 846 us (95%) 1150 us (99%). dist txn latency: 251 us (50%) 261 us (75%) 957 us (95%) 1162 us (99%)  avg 321 us . local txn latency: 10 us (50%) 17 us (75%) 92 us (95%) 137 us (99%)  avg 20 us. txn commit latency: 246 us (50%) 256 us (75%) 833 us (95%) 1149 us (99%) avg 247 us.
 LOCAL txn stall 0 us,  local_work 16 us,  remote_work 0 us,  commit_work 0 us,  commit_prepare 0 us,  commit_persistence 0 us,  commit_write_back 0 us,  commit_replication 0 us,  commit_release_lock 0 us 
 DIST txn stall 0 us,  local_work 311 us,  remote_work 0 us,  commit_work 8 us,  commit_prepare 0 us,  commit_persistence 0 us,  commit_write_back 0 us,  commit_replication 0 us,  commit_release_lock 6 us 
I20260924 12:46:11.200615 1837093 CXLMemory.h:227] local CXL memory usage: size_index_usage: 0 size_metadata_usage: 0 size_data_usage: 0 size_transport_usage: 0 size_misc_usage: 0 total_size_hw_cc_usage: 0 total_usage: 0
I20260924 12:46:11.200637 1837155 Dispatcher.h:261] Handling coordinator message took 5
I20260924 12:46:12.200714 1837154 Dispatcher.h:160] Incoming Dispatcher exits, network size: 132. socket_message_recv_latency(50th) 0 socket_message_recv_latency(75th) 0 socket_message_recv_latency(95th) 0 socket_message_recv_latency(99th) 0 internal_message_recv_latency(50th) 0 socket_message_recv_cnt 0 socket_read_syscall 0 internal_message_recv_cnt 0
I20260924 12:46:12.200714 1837155 Dispatcher.h:292] Outgoing Dispatcher exits, network size: 252. msg_send_latency(50th) 0 msg_send_latency(75th) 0 msg_send_latency(95th) 0 msg_send_latency(99th) 0 msg_send_latency(avg) 0 msg_gen_to_sent_latency(50th) 0 msg_gen_to_sent_latency(75th) 0 msg_gen_to_sent_latency(95th) 0 msg_gen_to_sent_latency(99th) 0 msg_gen_to_queue_latency(50th) 0 msg_gen_to_queue_latency(75th) 0 msg_gen_to_queue_latency(95th) 0 msg_gen_to_queue_latency(99th) 0 msg_disp_ltc(50th) 0 msg_disp_ltc(75th) 0 msg_disp_ltc(95th) 0 msg_disp_ltc(99th) 0 msg_disp_ltc(100th) 0 send_ltc(50th) 0 send_ltc(75th) 0 send_ltc(95th) 0 send_ltc(99th) 0 send_ltc(100th) 0 send_ltc(avg) 0 sendto_cnt 3 network_size 252 network_msg_cnt 2 network_msg_group_size avg 0 50th 0 internal_network_size 0 internal_network_msg_cnt 0
I20260924 12:46:15.474857 1837093 Coordinator.h:420] Coordinator exits.
TIGON_RUN_END run_id=cmp_952_y_rw95_c75_r2 host_id=1 status=ok exit_code=0
