TIGON_RUN_META system=ub workload=ycsb run_id=cmp_952_y_rw95_c75_r3 host_id=1 repetition=3 mode=one-sided query=rmw transport=ubq partitions=2 workers=3 keys=300000 rw_ratio=95 zipf=0.7 cross_ratio=75 neworder_dist= payment_dist= warmup_seconds=30 run_seconds=30 total_seconds=60 logging=off
I20260924 12:47:27.241184 1838061 bench_ycsb.cpp:68] RW_RATIO = 95, ZIPF_THETA = 0.7, CROSS_RATIO = 75
I20260924 12:47:27.241284 1838061 bench_ycsb.cpp:69] checkpoint 0 to 
I20260924 12:47:27.241290 1838061 bench_ycsb.cpp:70] cross_part_num 2
I20260924 12:47:27.241294 1838061 bench_ycsb.cpp:71] lotus_sp_parallel_exec_commit 0
I20260924 12:47:27.241298 1838061 bench_ycsb.cpp:72] granules_per_partition 1
I20260924 12:47:27.241302 1838061 bench_ycsb.cpp:73] keysPerGranule 300000
[2026-09-24 12:47:27.796 +08:00][ERROR][1838061][281473659424800][shm_ipc_command.cpp:183] IpcCallShmMap response error : 606
[2026-09-24 12:47:27.796 +08:00][ERROR][1838061][281473659424800][RackMemShm.cpp:322] Failed to mmap, name=ue8c329f7_one-sided_rmw_ubq_0, mapSize=2147483648, ret=606
[2026-09-24 12:47:27.796 +08:00][ERROR][1838061][281473659424800][mxmem_shmem.cpp:473] Failed to mmap shared memory, ret=606
[2026-09-24 12:47:27.901 +08:00][ERROR][1838061][281473659424800][shm_ipc_command.cpp:183] IpcCallShmMap response error : 800
[2026-09-24 12:47:27.901 +08:00][ERROR][1838061][281473659424800][RackMemShm.cpp:322] Failed to mmap, name=ue8c329f7_one-sided_rmw_ubq_0, mapSize=2147483648, ret=800
[2026-09-24 12:47:27.901 +08:00][ERROR][1838061][281473659424800][mxmem_shmem.cpp:473] Failed to mmap shared memory, ret=800
[2026-09-24 12:47:28.004 +08:00][ERROR][1838061][281473659424800][shm_ipc_command.cpp:183] IpcCallShmMap response error : 800
[2026-09-24 12:47:28.004 +08:00][ERROR][1838061][281473659424800][RackMemShm.cpp:322] Failed to mmap, name=ue8c329f7_one-sided_rmw_ubq_0, mapSize=2147483648, ret=800
[2026-09-24 12:47:28.004 +08:00][ERROR][1838061][281473659424800][mxmem_shmem.cpp:473] Failed to mmap shared memory, ret=800
[2026-09-24 12:47:28.108 +08:00][ERROR][1838061][281473659424800][shm_ipc_command.cpp:183] IpcCallShmMap response error : 800
[2026-09-24 12:47:28.108 +08:00][ERROR][1838061][281473659424800][RackMemShm.cpp:322] Failed to mmap, name=ue8c329f7_one-sided_rmw_ubq_0, mapSize=2147483648, ret=800
[2026-09-24 12:47:28.108 +08:00][ERROR][1838061][281473659424800][mxmem_shmem.cpp:473] Failed to mmap shared memory, ret=800
[2026-09-24 12:47:28.211 +08:00][ERROR][1838061][281473659424800][shm_ipc_command.cpp:183] IpcCallShmMap response error : 800
[2026-09-24 12:47:28.211 +08:00][ERROR][1838061][281473659424800][RackMemShm.cpp:322] Failed to mmap, name=ue8c329f7_one-sided_rmw_ubq_0, mapSize=2147483648, ret=800
[2026-09-24 12:47:28.211 +08:00][ERROR][1838061][281473659424800][mxmem_shmem.cpp:473] Failed to mmap shared memory, ret=800
[2026-09-24 12:47:28.315 +08:00][ERROR][1838061][281473659424800][shm_ipc_command.cpp:183] IpcCallShmMap response error : 800
[2026-09-24 12:47:28.315 +08:00][ERROR][1838061][281473659424800][RackMemShm.cpp:322] Failed to mmap, name=ue8c329f7_one-sided_rmw_ubq_0, mapSize=2147483648, ret=800
[2026-09-24 12:47:28.315 +08:00][ERROR][1838061][281473659424800][mxmem_shmem.cpp:473] Failed to mmap shared memory, ret=800
[2026-09-24 12:47:28.418 +08:00][ERROR][1838061][281473659424800][shm_ipc_command.cpp:183] IpcCallShmMap response error : 800
[2026-09-24 12:47:28.418 +08:00][ERROR][1838061][281473659424800][RackMemShm.cpp:322] Failed to mmap, name=ue8c329f7_one-sided_rmw_ubq_0, mapSize=2147483648, ret=800
[2026-09-24 12:47:28.418 +08:00][ERROR][1838061][281473659424800][mxmem_shmem.cpp:473] Failed to mmap shared memory, ret=800
I20260924 12:47:28.589293 1838061 UBMemory.cpp:138] UB memory initialized: local_region=1 regions=2 mode=one-sided bytes_per_region=2147483648
I20260924 12:47:31.003767 1838061 Database.h:82] ycsb initialization finished in 2414 milliseconds.
I20260924 12:47:31.004601 1838061 Coordinator.h:459] Coordinator 1 initializes UB inbox with 4096 entries of 8192 bytes
I20260924 12:47:31.004658 1838061 Coordinator.h:100] WAL Group Commiting off. Log to file _non_group_commit.txt using Blackhole Logger
I20260924 12:47:31.004667 1838061 Coordinator.h:104] Coordinator initializes 3 workers.
I20260924 12:47:31.005188 1838080 Coordinator.h:505] Listener 0 on coordinator 1 listening on 76.53.137.99:10010 tcp_no_delay 1 tcp_quick_ack 0
I20260924 12:47:31.005219 1838061 Coordinator.h:551] Coordinator 1 failed to connect 0(76.53.137.98:10010)'s listener 0, retry in 5 seconds.
I20260924 12:47:31.110812 1838080 Socket.h:69] Disabling nagle
I20260924 12:47:31.110847 1838080 Coordinator.h:520] Listener accepted connection from coordinator 0
I20260924 12:47:31.110852 1838080 Coordinator.h:523] Listener 0 on coordinator 1 exits.
I20260924 12:47:36.007498 1838061 Socket.h:69] Disabling nagle
I20260924 12:47:36.007531 1838061 Coordinator.h:560] Coordinator 1 connected to 0
I20260924 12:47:36.007561 1838061 Coordinator.h:572] Coordinator 1 connected to all peers.
I20260924 12:47:36.007572 1838061 Dispatcher.h:41] IncomingDispatcher 0 coord_id 1
I20260924 12:47:36.007676 1838061 Dispatcher.h:234] OutgoingDispatcher 0 coord_id 1
I20260924 12:47:36.007742 1838061 Coordinator.h:669] pinned thread to core 0
I20260924 12:47:36.007776 1838121 Dispatcher.h:63] Incoming Dispatcher started, numCoordinators = 2, numWorkers = 3, group id = 0, coordinator = 1
I20260924 12:47:36.008103 1838122 Dispatcher.h:246] Outgoing Dispatcher started, numCoordinators = 2, numWorkers = 4, group id = 0
I20260924 12:47:36.007783 1838061 Coordinator.h:669] pinned thread to core 1
I20260924 12:47:36.008659 1838061 Coordinator.h:219] Coordinator starts to run 4 workers.
I20260924 12:47:36.008735 1838061 Coordinator.h:669] pinned thread to core 2
I20260924 12:47:36.008810 1838061 Coordinator.h:669] pinned thread to core 3
I20260924 12:47:36.008876 1838061 Coordinator.h:669] pinned thread to core 4
I20260924 12:47:36.008899 1838123 Executor.h:79] Executor 0 starts.
I20260924 12:47:36.008948 1838124 Executor.h:79] Executor 1 starts.
I20260924 12:47:36.009033 1838125 Executor.h:79] Executor 2 starts.
I20260924 12:47:36.009096 1838126 Manager.h:232] Manager(worker id = 3) on the non-coordinator node started.
I20260924 12:47:37.009004 1838061 Coordinator.h:310] commit: 11799 abort: 25 (0/25/0), persistence latency 0, txn latency 0, queued lock latency 0, lock latency 0, active_txns 0, n_failed_read_lock 0, n_failed_write_lock 0, n_failed_cmd_not_ready 0, n_failed_no_cmd 0, network size: 0, avg network size: 0, si_in_serializable: 0 0 %, local: 0 %, local_access: 73858, local_cxl_access: 0 (0%), remote_access: 44264, remote_access_with_req: 0 (0%), data_move_in: 0, data_move_out: 0
I20260924 12:47:38.009107 1838061 Coordinator.h:310] commit: 11832 abort: 28 (0/28/0), persistence latency 0, txn latency 0, queued lock latency 0, lock latency 0, active_txns 0, n_failed_read_lock 0, n_failed_write_lock 0, n_failed_cmd_not_ready 0, n_failed_no_cmd 0, network size: 0, avg network size: 0, si_in_serializable: 0 0 %, local: 0 %, local_access: 73900, local_cxl_access: 0 (0%), remote_access: 44567, remote_access_with_req: 0 (0%), data_move_in: 0, data_move_out: 0
I20260924 12:47:39.009327 1838061 Coordinator.h:310] commit: 11769 abort: 21 (0/21/0), persistence latency 0, txn latency 0, queued lock latency 0, lock latency 0, active_txns 0, n_failed_read_lock 0, n_failed_write_lock 0, n_failed_cmd_not_ready 0, n_failed_no_cmd 0, network size: 0, avg network size: 0, si_in_serializable: 0 0 %, local: 0 %, local_access: 73244, local_cxl_access: 0 (0%), remote_access: 44536, remote_access_with_req: 0 (0%), data_move_in: 0, data_move_out: 0
I20260924 12:47:40.009423 1838061 Coordinator.h:310] commit: 11859 abort: 25 (0/25/0), persistence latency 0, txn latency 0, queued lock latency 0, lock latency 0, active_txns 0, n_failed_read_lock 0, n_failed_write_lock 0, n_failed_cmd_not_ready 0, n_failed_no_cmd 0, network size: 0, avg network size: 0, si_in_serializable: 0 0 %, local: 0 %, local_access: 74087, local_cxl_access: 0 (0%), remote_access: 44609, remote_access_with_req: 0 (0%), data_move_in: 0, data_move_out: 0
I20260924 12:47:41.010629 1838061 Coordinator.h:310] commit: 11858 abort: 17 (0/17/0), persistence latency 0, txn latency 0, queued lock latency 0, lock latency 0, active_txns 0, n_failed_read_lock 0, n_failed_write_lock 0, n_failed_cmd_not_ready 0, n_failed_no_cmd 0, network size: 0, avg network size: 0, si_in_serializable: 0 0 %, local: 0 %, local_access: 74171, local_cxl_access: 0 (0%), remote_access: 44487, remote_access_with_req: 0 (0%), data_move_in: 0, data_move_out: 0
I20260924 12:47:42.011329 1838061 Coordinator.h:310] commit: 11855 abort: 25 (0/25/0), persistence latency 0, txn latency 0, queued lock latency 0, lock latency 0, active_txns 0, n_failed_read_lock 0, n_failed_write_lock 0, n_failed_cmd_not_ready 0, n_failed_no_cmd 0, network size: 0, avg network size: 0, si_in_serializable: 0 0 %, local: 0 %, local_access: 74086, local_cxl_access: 0 (0%), remote_access: 44551, remote_access_with_req: 0 (0%), data_move_in: 0, data_move_out: 0
I20260924 12:47:43.011425 1838061 Coordinator.h:310] commit: 11796 abort: 15 (0/15/0), persistence latency 0, txn latency 0, queued lock latency 0, lock latency 0, active_txns 0, n_failed_read_lock 0, n_failed_write_lock 0, n_failed_cmd_not_ready 0, n_failed_no_cmd 0, network size: 0, avg network size: 0, si_in_serializable: 0 0 %, local: 0 %, local_access: 73434, local_cxl_access: 0 (0%), remote_access: 44598, remote_access_with_req: 0 (0%), data_move_in: 0, data_move_out: 0
I20260924 12:47:44.011523 1838061 Coordinator.h:310] commit: 11811 abort: 18 (0/18/0), persistence latency 0, txn latency 0, queued lock latency 0, lock latency 0, active_txns 0, n_failed_read_lock 0, n_failed_write_lock 0, n_failed_cmd_not_ready 0, n_failed_no_cmd 0, network size: 0, avg network size: 0, si_in_serializable: 0 0 %, local: 0 %, local_access: 73701, local_cxl_access: 0 (0%), remote_access: 44523, remote_access_with_req: 0 (0%), data_move_in: 0, data_move_out: 0
I20260924 12:47:45.011616 1838061 Coordinator.h:310] commit: 11763 abort: 25 (0/25/0), persistence latency 0, txn latency 0, queued lock latency 0, lock latency 0, active_txns 0, n_failed_read_lock 0, n_failed_write_lock 0, n_failed_cmd_not_ready 0, n_failed_no_cmd 0, network size: 0, avg network size: 0, si_in_serializable: 0 0 %, local: 0 %, local_access: 73351, local_cxl_access: 0 (0%), remote_access: 44399, remote_access_with_req: 0 (0%), data_move_in: 0, data_move_out: 0
I20260924 12:47:46.011713 1838061 Coordinator.h:310] commit: 11913 abort: 24 (0/24/0), persistence latency 0, txn latency 0, queued lock latency 0, lock latency 0, active_txns 0, n_failed_read_lock 0, n_failed_write_lock 0, n_failed_cmd_not_ready 0, n_failed_no_cmd 0, network size: 0, avg network size: 0, si_in_serializable: 0 0 %, local: 0 %, local_access: 74756, local_cxl_access: 0 (0%), remote_access: 44483, remote_access_with_req: 0 (0%), data_move_in: 0, data_move_out: 0
I20260924 12:47:47.011937 1838061 Coordinator.h:310] commit: 11805 abort: 30 (0/30/0), persistence latency 0, txn latency 0, queued lock latency 0, lock latency 0, active_txns 0, n_failed_read_lock 0, n_failed_write_lock 0, n_failed_cmd_not_ready 0, n_failed_no_cmd 0, network size: 0, avg network size: 0, si_in_serializable: 0 0 %, local: 0 %, local_access: 73702, local_cxl_access: 0 (0%), remote_access: 44486, remote_access_with_req: 0 (0%), data_move_in: 0, data_move_out: 0
I20260924 12:47:48.012061 1838061 Coordinator.h:310] commit: 11881 abort: 33 (0/33/0), persistence latency 0, txn latency 0, queued lock latency 0, lock latency 0, active_txns 0, n_failed_read_lock 0, n_failed_write_lock 0, n_failed_cmd_not_ready 0, n_failed_no_cmd 0, network size: 0, avg network size: 0, si_in_serializable: 0 0 %, local: 0 %, local_access: 74524, local_cxl_access: 0 (0%), remote_access: 44451, remote_access_with_req: 0 (0%), data_move_in: 0, data_move_out: 0
I20260924 12:47:49.012284 1838061 Coordinator.h:310] commit: 11930 abort: 20 (0/20/0), persistence latency 0, txn latency 0, queued lock latency 0, lock latency 0, active_txns 0, n_failed_read_lock 0, n_failed_write_lock 0, n_failed_cmd_not_ready 0, n_failed_no_cmd 0, network size: 0, avg network size: 0, si_in_serializable: 0 0 %, local: 0 %, local_access: 75155, local_cxl_access: 0 (0%), remote_access: 44230, remote_access_with_req: 0 (0%), data_move_in: 0, data_move_out: 0
I20260924 12:47:50.012508 1838061 Coordinator.h:310] commit: 11791 abort: 20 (0/20/0), persistence latency 0, txn latency 0, queued lock latency 0, lock latency 0, active_txns 0, n_failed_read_lock 0, n_failed_write_lock 0, n_failed_cmd_not_ready 0, n_failed_no_cmd 0, network size: 0, avg network size: 0, si_in_serializable: 0 0 %, local: 0 %, local_access: 73586, local_cxl_access: 0 (0%), remote_access: 44412, remote_access_with_req: 0 (0%), data_move_in: 0, data_move_out: 0
I20260924 12:47:51.012727 1838061 Coordinator.h:310] commit: 11748 abort: 34 (0/34/0), persistence latency 0, txn latency 0, queued lock latency 0, lock latency 0, active_txns 0, n_failed_read_lock 0, n_failed_write_lock 0, n_failed_cmd_not_ready 0, n_failed_no_cmd 0, network size: 0, avg network size: 0, si_in_serializable: 0 0 %, local: 0 %, local_access: 73384, local_cxl_access: 0 (0%), remote_access: 44277, remote_access_with_req: 0 (0%), data_move_in: 0, data_move_out: 0
I20260924 12:47:52.012948 1838061 Coordinator.h:310] commit: 11784 abort: 18 (0/18/0), persistence latency 0, txn latency 0, queued lock latency 0, lock latency 0, active_txns 0, n_failed_read_lock 0, n_failed_write_lock 0, n_failed_cmd_not_ready 0, n_failed_no_cmd 0, network size: 0, avg network size: 0, si_in_serializable: 0 0 %, local: 0 %, local_access: 73574, local_cxl_access: 0 (0%), remote_access: 44361, remote_access_with_req: 0 (0%), data_move_in: 0, data_move_out: 0
I20260924 12:47:53.013167 1838061 Coordinator.h:310] commit: 11797 abort: 29 (0/29/0), persistence latency 0, txn latency 0, queued lock latency 0, lock latency 0, active_txns 0, n_failed_read_lock 0, n_failed_write_lock 0, n_failed_cmd_not_ready 0, n_failed_no_cmd 0, network size: 0, avg network size: 0, si_in_serializable: 0 0 %, local: 0 %, local_access: 73893, local_cxl_access: 0 (0%), remote_access: 44218, remote_access_with_req: 0 (0%), data_move_in: 0, data_move_out: 0
I20260924 12:47:54.013264 1838061 Coordinator.h:310] commit: 11827 abort: 23 (0/23/0), persistence latency 0, txn latency 0, queued lock latency 0, lock latency 0, active_txns 0, n_failed_read_lock 0, n_failed_write_lock 0, n_failed_cmd_not_ready 0, n_failed_no_cmd 0, network size: 0, avg network size: 0, si_in_serializable: 0 0 %, local: 0 %, local_access: 74117, local_cxl_access: 0 (0%), remote_access: 44274, remote_access_with_req: 0 (0%), data_move_in: 0, data_move_out: 0
I20260924 12:47:55.013362 1838061 Coordinator.h:310] commit: 11695 abort: 27 (0/27/0), persistence latency 0, txn latency 0, queued lock latency 0, lock latency 0, active_txns 0, n_failed_read_lock 0, n_failed_write_lock 0, n_failed_cmd_not_ready 0, n_failed_no_cmd 0, network size: 0, avg network size: 0, si_in_serializable: 0 0 %, local: 0 %, local_access: 72741, local_cxl_access: 0 (0%), remote_access: 44340, remote_access_with_req: 0 (0%), data_move_in: 0, data_move_out: 0
I20260924 12:47:56.013459 1838061 Coordinator.h:310] commit: 11793 abort: 29 (0/29/0), persistence latency 0, txn latency 0, queued lock latency 0, lock latency 0, active_txns 0, n_failed_read_lock 0, n_failed_write_lock 0, n_failed_cmd_not_ready 0, n_failed_no_cmd 0, network size: 0, avg network size: 0, si_in_serializable: 0 0 %, local: 0 %, local_access: 73819, local_cxl_access: 0 (0%), remote_access: 44269, remote_access_with_req: 0 (0%), data_move_in: 0, data_move_out: 0
I20260924 12:47:57.014885 1838061 Coordinator.h:310] commit: 11681 abort: 15 (0/15/0), persistence latency 0, txn latency 0, queued lock latency 0, lock latency 0, active_txns 0, n_failed_read_lock 0, n_failed_write_lock 0, n_failed_cmd_not_ready 0, n_failed_no_cmd 0, network size: 0, avg network size: 0, si_in_serializable: 0 0 %, local: 0 %, local_access: 72533, local_cxl_access: 0 (0%), remote_access: 44328, remote_access_with_req: 0 (0%), data_move_in: 0, data_move_out: 0
I20260924 12:47:58.015152 1838061 Coordinator.h:310] commit: 11707 abort: 28 (0/28/0), persistence latency 0, txn latency 0, queued lock latency 0, lock latency 0, active_txns 0, n_failed_read_lock 0, n_failed_write_lock 0, n_failed_cmd_not_ready 0, n_failed_no_cmd 0, network size: 0, avg network size: 0, si_in_serializable: 0 0 %, local: 0 %, local_access: 72980, local_cxl_access: 0 (0%), remote_access: 44242, remote_access_with_req: 0 (0%), data_move_in: 0, data_move_out: 0
I20260924 12:47:59.015246 1838061 Coordinator.h:310] commit: 11739 abort: 59 (0/59/0), persistence latency 0, txn latency 0, queued lock latency 0, lock latency 0, active_txns 0, n_failed_read_lock 0, n_failed_write_lock 0, n_failed_cmd_not_ready 0, n_failed_no_cmd 0, network size: 0, avg network size: 0, si_in_serializable: 0 0 %, local: 0 %, local_access: 73493, local_cxl_access: 0 (0%), remote_access: 44227, remote_access_with_req: 0 (0%), data_move_in: 0, data_move_out: 0
I20260924 12:48:00.015491 1838061 Coordinator.h:310] commit: 11765 abort: 17 (0/17/0), persistence latency 0, txn latency 0, queued lock latency 0, lock latency 0, active_txns 0, n_failed_read_lock 0, n_failed_write_lock 0, n_failed_cmd_not_ready 0, n_failed_no_cmd 0, network size: 0, avg network size: 0, si_in_serializable: 0 0 %, local: 0 %, local_access: 73491, local_cxl_access: 0 (0%), remote_access: 44225, remote_access_with_req: 0 (0%), data_move_in: 0, data_move_out: 0
I20260924 12:48:01.015589 1838061 Coordinator.h:310] commit: 11816 abort: 23 (0/23/0), persistence latency 0, txn latency 0, queued lock latency 0, lock latency 0, active_txns 0, n_failed_read_lock 0, n_failed_write_lock 0, n_failed_cmd_not_ready 0, n_failed_no_cmd 0, network size: 0, avg network size: 0, si_in_serializable: 0 0 %, local: 0 %, local_access: 74045, local_cxl_access: 0 (0%), remote_access: 44220, remote_access_with_req: 0 (0%), data_move_in: 0, data_move_out: 0
I20260924 12:48:02.015951 1838061 Coordinator.h:310] commit: 11852 abort: 30 (0/30/0), persistence latency 0, txn latency 0, queued lock latency 0, lock latency 0, active_txns 0, n_failed_read_lock 0, n_failed_write_lock 0, n_failed_cmd_not_ready 0, n_failed_no_cmd 0, network size: 0, avg network size: 0, si_in_serializable: 0 0 %, local: 0 %, local_access: 74337, local_cxl_access: 0 (0%), remote_access: 44331, remote_access_with_req: 0 (0%), data_move_in: 0, data_move_out: 0
I20260924 12:48:03.016183 1838061 Coordinator.h:310] commit: 11760 abort: 16 (0/16/0), persistence latency 0, txn latency 0, queued lock latency 0, lock latency 0, active_txns 0, n_failed_read_lock 0, n_failed_write_lock 0, n_failed_cmd_not_ready 0, n_failed_no_cmd 0, network size: 0, avg network size: 0, si_in_serializable: 0 0 %, local: 0 %, local_access: 73407, local_cxl_access: 0 (0%), remote_access: 44310, remote_access_with_req: 0 (0%), data_move_in: 0, data_move_out: 0
I20260924 12:48:04.016430 1838061 Coordinator.h:310] commit: 11810 abort: 35 (0/35/0), persistence latency 0, txn latency 0, queued lock latency 0, lock latency 0, active_txns 0, n_failed_read_lock 0, n_failed_write_lock 0, n_failed_cmd_not_ready 0, n_failed_no_cmd 0, network size: 0, avg network size: 0, si_in_serializable: 0 0 %, local: 0 %, local_access: 74086, local_cxl_access: 0 (0%), remote_access: 44175, remote_access_with_req: 0 (0%), data_move_in: 0, data_move_out: 0
I20260924 12:48:05.016539 1838061 Coordinator.h:310] commit: 11769 abort: 26 (0/26/0), persistence latency 0, txn latency 0, queued lock latency 0, lock latency 0, active_txns 0, n_failed_read_lock 0, n_failed_write_lock 0, n_failed_cmd_not_ready 0, n_failed_no_cmd 0, network size: 0, avg network size: 0, si_in_serializable: 0 0 %, local: 0 %, local_access: 73631, local_cxl_access: 0 (0%), remote_access: 44214, remote_access_with_req: 0 (0%), data_move_in: 0, data_move_out: 0
I20260924 12:48:06.016762 1838061 Coordinator.h:310] commit: 11743 abort: 19 (0/19/0), persistence latency 0, txn latency 0, queued lock latency 0, lock latency 0, active_txns 0, n_failed_read_lock 0, n_failed_write_lock 0, n_failed_cmd_not_ready 0, n_failed_no_cmd 0, network size: 0, avg network size: 0, si_in_serializable: 0 0 %, local: 0 %, local_access: 73342, local_cxl_access: 0 (0%), remote_access: 44199, remote_access_with_req: 0 (0%), data_move_in: 0, data_move_out: 0
I20260924 12:48:07.016857 1838061 Coordinator.h:310] commit: 11673 abort: 21 (0/21/0), persistence latency 0, txn latency 0, queued lock latency 0, lock latency 0, active_txns 0, n_failed_read_lock 0, n_failed_write_lock 0, n_failed_cmd_not_ready 0, n_failed_no_cmd 0, network size: 0, avg network size: 0, si_in_serializable: 0 0 %, local: 0 %, local_access: 72979, local_cxl_access: 0 (0%), remote_access: 43826, remote_access_with_req: 0 (0%), data_move_in: 0, data_move_out: 0
I20260924 12:48:08.016953 1838061 Coordinator.h:310] commit: 11546 abort: 38 (0/38/0), persistence latency 0, txn latency 0, queued lock latency 0, lock latency 0, active_txns 0, n_failed_read_lock 0, n_failed_write_lock 0, n_failed_cmd_not_ready 0, n_failed_no_cmd 0, network size: 0, avg network size: 0, si_in_serializable: 0 0 %, local: 0 %, local_access: 71817, local_cxl_access: 0 (0%), remote_access: 43845, remote_access_with_req: 0 (0%), data_move_in: 0, data_move_out: 0
I20260924 12:48:09.017172 1838061 Coordinator.h:310] commit: 11789 abort: 23 (0/23/0), persistence latency 0, txn latency 0, queued lock latency 0, lock latency 0, active_txns 0, n_failed_read_lock 0, n_failed_write_lock 0, n_failed_cmd_not_ready 0, n_failed_no_cmd 0, network size: 0, avg network size: 0, si_in_serializable: 0 0 %, local: 0 %, local_access: 74178, local_cxl_access: 0 (0%), remote_access: 43807, remote_access_with_req: 0 (0%), data_move_in: 0, data_move_out: 0
I20260924 12:48:10.017270 1838061 Coordinator.h:310] commit: 11680 abort: 25 (0/25/0), persistence latency 0, txn latency 0, queued lock latency 0, lock latency 0, active_txns 0, n_failed_read_lock 0, n_failed_write_lock 0, n_failed_cmd_not_ready 0, n_failed_no_cmd 0, network size: 0, avg network size: 0, si_in_serializable: 0 0 %, local: 0 %, local_access: 73184, local_cxl_access: 0 (0%), remote_access: 43745, remote_access_with_req: 0 (0%), data_move_in: 0, data_move_out: 0
I20260924 12:48:11.017367 1838061 Coordinator.h:310] commit: 11590 abort: 31 (0/31/0), persistence latency 0, txn latency 0, queued lock latency 0, lock latency 0, active_txns 0, n_failed_read_lock 0, n_failed_write_lock 0, n_failed_cmd_not_ready 0, n_failed_no_cmd 0, network size: 0, avg network size: 0, si_in_serializable: 0 0 %, local: 0 %, local_access: 72392, local_cxl_access: 0 (0%), remote_access: 43677, remote_access_with_req: 0 (0%), data_move_in: 0, data_move_out: 0
I20260924 12:48:12.017681 1838061 Coordinator.h:310] commit: 11580 abort: 28 (0/28/0), persistence latency 0, txn latency 0, queued lock latency 0, lock latency 0, active_txns 0, n_failed_read_lock 0, n_failed_write_lock 0, n_failed_cmd_not_ready 0, n_failed_no_cmd 0, network size: 0, avg network size: 0, si_in_serializable: 0 0 %, local: 0 %, local_access: 72210, local_cxl_access: 0 (0%), remote_access: 43723, remote_access_with_req: 0 (0%), data_move_in: 0, data_move_out: 0
I20260924 12:48:13.018999 1838061 Coordinator.h:310] commit: 11667 abort: 41 (0/41/0), persistence latency 0, txn latency 0, queued lock latency 0, lock latency 0, active_txns 0, n_failed_read_lock 0, n_failed_write_lock 0, n_failed_cmd_not_ready 0, n_failed_no_cmd 0, network size: 0, avg network size: 0, si_in_serializable: 0 0 %, local: 0 %, local_access: 73332, local_cxl_access: 0 (0%), remote_access: 43568, remote_access_with_req: 0 (0%), data_move_in: 0, data_move_out: 0
I20260924 12:48:14.019271 1838061 Coordinator.h:310] commit: 11669 abort: 22 (0/22/0), persistence latency 0, txn latency 0, queued lock latency 0, lock latency 0, active_txns 0, n_failed_read_lock 0, n_failed_write_lock 0, n_failed_cmd_not_ready 0, n_failed_no_cmd 0, network size: 0, avg network size: 0, si_in_serializable: 0 0 %, local: 0 %, local_access: 73071, local_cxl_access: 0 (0%), remote_access: 43713, remote_access_with_req: 0 (0%), data_move_in: 0, data_move_out: 0
I20260924 12:48:15.019376 1838061 Coordinator.h:310] commit: 11642 abort: 21 (0/21/0), persistence latency 0, txn latency 0, queued lock latency 0, lock latency 0, active_txns 0, n_failed_read_lock 0, n_failed_write_lock 0, n_failed_cmd_not_ready 0, n_failed_no_cmd 0, network size: 0, avg network size: 0, si_in_serializable: 0 0 %, local: 0 %, local_access: 72741, local_cxl_access: 0 (0%), remote_access: 43784, remote_access_with_req: 0 (0%), data_move_in: 0, data_move_out: 0
I20260924 12:48:16.019477 1838061 Coordinator.h:310] commit: 11636 abort: 18 (0/18/0), persistence latency 0, txn latency 0, queued lock latency 0, lock latency 0, active_txns 0, n_failed_read_lock 0, n_failed_write_lock 0, n_failed_cmd_not_ready 0, n_failed_no_cmd 0, network size: 0, avg network size: 0, si_in_serializable: 0 0 %, local: 0 %, local_access: 72665, local_cxl_access: 0 (0%), remote_access: 43783, remote_access_with_req: 0 (0%), data_move_in: 0, data_move_out: 0
I20260924 12:48:17.019573 1838061 Coordinator.h:310] commit: 11680 abort: 28 (0/28/0), persistence latency 0, txn latency 0, queued lock latency 0, lock latency 0, active_txns 0, n_failed_read_lock 0, n_failed_write_lock 0, n_failed_cmd_not_ready 0, n_failed_no_cmd 0, network size: 0, avg network size: 0, si_in_serializable: 0 0 %, local: 0 %, local_access: 73255, local_cxl_access: 0 (0%), remote_access: 43670, remote_access_with_req: 0 (0%), data_move_in: 0, data_move_out: 0
I20260924 12:48:18.019666 1838061 Coordinator.h:310] commit: 11706 abort: 30 (0/30/0), persistence latency 0, txn latency 0, queued lock latency 0, lock latency 0, active_txns 0, n_failed_read_lock 0, n_failed_write_lock 0, n_failed_cmd_not_ready 0, n_failed_no_cmd 0, network size: 0, avg network size: 0, si_in_serializable: 0 0 %, local: 0 %, local_access: 73456, local_cxl_access: 0 (0%), remote_access: 43759, remote_access_with_req: 0 (0%), data_move_in: 0, data_move_out: 0
I20260924 12:48:19.019894 1838061 Coordinator.h:310] commit: 11641 abort: 25 (0/25/0), persistence latency 0, txn latency 0, queued lock latency 0, lock latency 0, active_txns 0, n_failed_read_lock 0, n_failed_write_lock 0, n_failed_cmd_not_ready 0, n_failed_no_cmd 0, network size: 0, avg network size: 0, si_in_serializable: 0 0 %, local: 0 %, local_access: 72786, local_cxl_access: 0 (0%), remote_access: 43735, remote_access_with_req: 0 (0%), data_move_in: 0, data_move_out: 0
I20260924 12:48:20.020115 1838061 Coordinator.h:310] commit: 11666 abort: 19 (0/19/0), persistence latency 0, txn latency 0, queued lock latency 0, lock latency 0, active_txns 0, n_failed_read_lock 0, n_failed_write_lock 0, n_failed_cmd_not_ready 0, n_failed_no_cmd 0, network size: 0, avg network size: 0, si_in_serializable: 0 0 %, local: 0 %, local_access: 73034, local_cxl_access: 0 (0%), remote_access: 43694, remote_access_with_req: 0 (0%), data_move_in: 0, data_move_out: 0
I20260924 12:48:21.020337 1838061 Coordinator.h:310] commit: 11461 abort: 28 (0/28/0), persistence latency 0, txn latency 0, queued lock latency 0, lock latency 0, active_txns 0, n_failed_read_lock 0, n_failed_write_lock 0, n_failed_cmd_not_ready 0, n_failed_no_cmd 0, network size: 0, avg network size: 0, si_in_serializable: 0 0 %, local: 0 %, local_access: 71034, local_cxl_access: 0 (0%), remote_access: 43745, remote_access_with_req: 0 (0%), data_move_in: 0, data_move_out: 0
I20260924 12:48:22.020453 1838061 Coordinator.h:310] commit: 11616 abort: 25 (0/25/0), persistence latency 0, txn latency 0, queued lock latency 0, lock latency 0, active_txns 0, n_failed_read_lock 0, n_failed_write_lock 0, n_failed_cmd_not_ready 0, n_failed_no_cmd 0, network size: 0, avg network size: 0, si_in_serializable: 0 0 %, local: 0 %, local_access: 72457, local_cxl_access: 0 (0%), remote_access: 43806, remote_access_with_req: 0 (0%), data_move_in: 0, data_move_out: 0
I20260924 12:48:23.020673 1838061 Coordinator.h:310] commit: 11675 abort: 19 (0/19/0), persistence latency 0, txn latency 0, queued lock latency 0, lock latency 0, active_txns 0, n_failed_read_lock 0, n_failed_write_lock 0, n_failed_cmd_not_ready 0, n_failed_no_cmd 0, network size: 0, avg network size: 0, si_in_serializable: 0 0 %, local: 0 %, local_access: 73217, local_cxl_access: 0 (0%), remote_access: 43636, remote_access_with_req: 0 (0%), data_move_in: 0, data_move_out: 0
I20260924 12:48:24.020893 1838061 Coordinator.h:310] commit: 11666 abort: 30 (0/30/0), persistence latency 0, txn latency 0, queued lock latency 0, lock latency 0, active_txns 0, n_failed_read_lock 0, n_failed_write_lock 0, n_failed_cmd_not_ready 0, n_failed_no_cmd 0, network size: 0, avg network size: 0, si_in_serializable: 0 0 %, local: 0 %, local_access: 73114, local_cxl_access: 0 (0%), remote_access: 43685, remote_access_with_req: 0 (0%), data_move_in: 0, data_move_out: 0
I20260924 12:48:25.021005 1838061 Coordinator.h:310] commit: 11656 abort: 24 (0/24/0), persistence latency 0, txn latency 0, queued lock latency 0, lock latency 0, active_txns 0, n_failed_read_lock 0, n_failed_write_lock 0, n_failed_cmd_not_ready 0, n_failed_no_cmd 0, network size: 0, avg network size: 0, si_in_serializable: 0 0 %, local: 0 %, local_access: 73129, local_cxl_access: 0 (0%), remote_access: 43526, remote_access_with_req: 0 (0%), data_move_in: 0, data_move_out: 0
I20260924 12:48:26.021229 1838061 Coordinator.h:310] commit: 11580 abort: 33 (0/33/0), persistence latency 0, txn latency 0, queued lock latency 0, lock latency 0, active_txns 0, n_failed_read_lock 0, n_failed_write_lock 0, n_failed_cmd_not_ready 0, n_failed_no_cmd 0, network size: 0, avg network size: 0, si_in_serializable: 0 0 %, local: 0 %, local_access: 72400, local_cxl_access: 0 (0%), remote_access: 43578, remote_access_with_req: 0 (0%), data_move_in: 0, data_move_out: 0
I20260924 12:48:27.021447 1838061 Coordinator.h:310] commit: 11647 abort: 25 (0/25/0), persistence latency 0, txn latency 0, queued lock latency 0, lock latency 0, active_txns 0, n_failed_read_lock 0, n_failed_write_lock 0, n_failed_cmd_not_ready 0, n_failed_no_cmd 0, network size: 0, avg network size: 0, si_in_serializable: 0 0 %, local: 0 %, local_access: 73002, local_cxl_access: 0 (0%), remote_access: 43578, remote_access_with_req: 0 (0%), data_move_in: 0, data_move_out: 0
I20260924 12:48:28.022665 1838061 Coordinator.h:310] commit: 11609 abort: 40 (0/40/0), persistence latency 0, txn latency 0, queued lock latency 0, lock latency 0, active_txns 0, n_failed_read_lock 0, n_failed_write_lock 0, n_failed_cmd_not_ready 0, n_failed_no_cmd 0, network size: 0, avg network size: 0, si_in_serializable: 0 0 %, local: 0 %, local_access: 72830, local_cxl_access: 0 (0%), remote_access: 43413, remote_access_with_req: 0 (0%), data_move_in: 0, data_move_out: 0
I20260924 12:48:29.022765 1838061 Coordinator.h:310] commit: 11657 abort: 28 (0/28/0), persistence latency 0, txn latency 0, queued lock latency 0, lock latency 0, active_txns 0, n_failed_read_lock 0, n_failed_write_lock 0, n_failed_cmd_not_ready 0, n_failed_no_cmd 0, network size: 0, avg network size: 0, si_in_serializable: 0 0 %, local: 0 %, local_access: 73196, local_cxl_access: 0 (0%), remote_access: 43515, remote_access_with_req: 0 (0%), data_move_in: 0, data_move_out: 0
I20260924 12:48:30.022859 1838061 Coordinator.h:310] commit: 11572 abort: 24 (0/24/0), persistence latency 0, txn latency 0, queued lock latency 0, lock latency 0, active_txns 0, n_failed_read_lock 0, n_failed_write_lock 0, n_failed_cmd_not_ready 0, n_failed_no_cmd 0, network size: 0, avg network size: 0, si_in_serializable: 0 0 %, local: 0 %, local_access: 72226, local_cxl_access: 0 (0%), remote_access: 43612, remote_access_with_req: 0 (0%), data_move_in: 0, data_move_out: 0
I20260924 12:48:31.022982 1838061 Coordinator.h:310] commit: 11583 abort: 25 (0/25/0), persistence latency 0, txn latency 0, queued lock latency 0, lock latency 0, active_txns 0, n_failed_read_lock 0, n_failed_write_lock 0, n_failed_cmd_not_ready 0, n_failed_no_cmd 0, network size: 0, avg network size: 0, si_in_serializable: 0 0 %, local: 0 %, local_access: 72297, local_cxl_access: 0 (0%), remote_access: 43656, remote_access_with_req: 0 (0%), data_move_in: 0, data_move_out: 0
I20260924 12:48:32.023077 1838061 Coordinator.h:310] commit: 11545 abort: 35 (0/35/0), persistence latency 0, txn latency 0, queued lock latency 0, lock latency 0, active_txns 0, n_failed_read_lock 0, n_failed_write_lock 0, n_failed_cmd_not_ready 0, n_failed_no_cmd 0, network size: 0, avg network size: 0, si_in_serializable: 0 0 %, local: 0 %, local_access: 72139, local_cxl_access: 0 (0%), remote_access: 43477, remote_access_with_req: 0 (0%), data_move_in: 0, data_move_out: 0
I20260924 12:48:33.023173 1838061 Coordinator.h:310] commit: 11501 abort: 25 (0/25/0), persistence latency 0, txn latency 0, queued lock latency 0, lock latency 0, active_txns 0, n_failed_read_lock 0, n_failed_write_lock 0, n_failed_cmd_not_ready 0, n_failed_no_cmd 0, network size: 0, avg network size: 0, si_in_serializable: 0 0 %, local: 0 %, local_access: 71646, local_cxl_access: 0 (0%), remote_access: 43458, remote_access_with_req: 0 (0%), data_move_in: 0, data_move_out: 0
I20260924 12:48:34.023272 1838061 Coordinator.h:310] commit: 11659 abort: 40 (0/40/0), persistence latency 0, txn latency 0, queued lock latency 0, lock latency 0, active_txns 0, n_failed_read_lock 0, n_failed_write_lock 0, n_failed_cmd_not_ready 0, n_failed_no_cmd 0, network size: 0, avg network size: 0, si_in_serializable: 0 0 %, local: 0 %, local_access: 73217, local_cxl_access: 0 (0%), remote_access: 43618, remote_access_with_req: 0 (0%), data_move_in: 0, data_move_out: 0
I20260924 12:48:35.023368 1838061 Coordinator.h:310] commit: 11570 abort: 24 (0/24/0), persistence latency 0, txn latency 0, queued lock latency 0, lock latency 0, active_txns 0, n_failed_read_lock 0, n_failed_write_lock 0, n_failed_cmd_not_ready 0, n_failed_no_cmd 0, network size: 0, avg network size: 0, si_in_serializable: 0 0 %, local: 0 %, local_access: 72277, local_cxl_access: 0 (0%), remote_access: 43545, remote_access_with_req: 0 (0%), data_move_in: 0, data_move_out: 0
I20260924 12:48:36.023602 1838061 Coordinator.h:310] commit: 11573 abort: 36 (0/36/0), persistence latency 0, txn latency 0, queued lock latency 0, lock latency 0, active_txns 0, n_failed_read_lock 0, n_failed_write_lock 0, n_failed_cmd_not_ready 0, n_failed_no_cmd 0, network size: 0, avg network size: 0, si_in_serializable: 0 0 %, local: 0 %, local_access: 72473, local_cxl_access: 0 (0%), remote_access: 43430, remote_access_with_req: 0 (0%), data_move_in: 0, data_move_out: 0
I20260924 12:48:36.023627 1838061 Coordinator.h:348] average commit: 11624.5 abort: 27.7 (0/27.7/0), abort_rate: 0.00237723, network size: 0, avg network size: 0, si_in_serializable: 0 0 %, local: 0 %, local_access: 2181754, local_cxl_access: 0 (0%), remote_access: 1309607, remote_access_with_req: 0 (0%), data_move_in: 0, data_move_out: 0
I20260924 12:48:36.023651 1838061 Executor.h:236] Worker 0 latency: 253 us (50%) 265 us (75%) 917 us (95%) 1181 us (99%). dist txn latency: 258 us (50%) 270 us (75%) 1012 us (95%) 1194 us (99%)  avg 331 us . local txn latency: 13 us (50%) 21 us (75%) 105 us (95%) 147 us (99%)  avg 25 us. txn commit latency: 253 us (50%) 265 us (75%) 930 us (95%) 1184 us (99%) avg 259 us.
 LOCAL txn stall 0 us,  local_work 22 us,  remote_work 0 us,  commit_work 0 us,  commit_prepare 0 us,  commit_persistence 0 us,  commit_write_back 0 us,  commit_replication 0 us,  commit_release_lock 0 us 
 DIST txn stall 0 us,  local_work 325 us,  remote_work 0 us,  commit_work 9 us,  commit_prepare 0 us,  commit_persistence 0 us,  commit_write_back 0 us,  commit_replication 0 us,  commit_release_lock 7 us 
I20260924 12:48:36.025085 1838061 Executor.h:267] message stats, type: 0 count: 0 total size: 0
I20260924 12:48:36.025090 1838061 Executor.h:267] message stats, type: 1 count: 0 total size: 0
I20260924 12:48:36.025094 1838061 Executor.h:267] message stats, type: 2 count: 0 total size: 0
I20260924 12:48:36.025098 1838061 Executor.h:267] message stats, type: 3 count: 0 total size: 0
I20260924 12:48:36.025101 1838061 Executor.h:267] message stats, type: 4 count: 0 total size: 0
I20260924 12:48:36.025105 1838061 Executor.h:267] message stats, type: 5 count: 0 total size: 0
I20260924 12:48:36.025108 1838061 Executor.h:267] message stats, type: 6 count: 0 total size: 0
I20260924 12:48:36.025112 1838061 Executor.h:267] message stats, type: 7 count: 0 total size: 0
I20260924 12:48:36.025116 1838061 Executor.h:267] message stats, type: 8 count: 0 total size: 0
I20260924 12:48:36.025120 1838061 Executor.h:267] message stats, type: 9 count: 0 total size: 0
I20260924 12:48:36.025123 1838061 Executor.h:267] message stats, type: 10 count: 0 total size: 0
I20260924 12:48:36.025126 1838061 Executor.h:267] message stats, type: 11 count: 0 total size: 0
I20260924 12:48:36.028817 1838126 Manager.h:234] Manager(worker id = 3) on the non-coordinator node exits.
I20260924 12:48:36.028812 1838124 Executor.h:231] Executor 1 exits.
I20260924 12:48:36.028812 1838123 Executor.h:231] Executor 0 exits.
I20260924 12:48:36.028812 1838125 Executor.h:231] Executor 2 exits.
I20260924 12:48:36.029825 1838061 Executor.h:236] Worker 1 latency: 253 us (50%) 265 us (75%) 921 us (95%) 1190 us (99%). dist txn latency: 258 us (50%) 271 us (75%) 1019 us (95%) 1198 us (99%)  avg 333 us . local txn latency: 13 us (50%) 21 us (75%) 102 us (95%) 148 us (99%)  avg 25 us. txn commit latency: 253 us (50%) 265 us (75%) 910 us (95%) 1187 us (99%) avg 256 us.
 LOCAL txn stall 0 us,  local_work 21 us,  remote_work 0 us,  commit_work 0 us,  commit_prepare 0 us,  commit_persistence 0 us,  commit_write_back 0 us,  commit_replication 0 us,  commit_release_lock 0 us 
 DIST txn stall 0 us,  local_work 325 us,  remote_work 0 us,  commit_work 9 us,  commit_prepare 0 us,  commit_persistence 0 us,  commit_write_back 0 us,  commit_replication 0 us,  commit_release_lock 7 us 
I20260924 12:48:36.031839 1838061 Executor.h:236] Worker 2 latency: 247 us (50%) 258 us (75%) 859 us (95%) 1210 us (99%). dist txn latency: 252 us (50%) 264 us (75%) 1009 us (95%) 1214 us (99%)  avg 331 us . local txn latency: 15 us (50%) 18 us (75%) 101 us (95%) 145 us (99%)  avg 23 us. txn commit latency: 247 us (50%) 258 us (75%) 920 us (95%) 1205 us (99%) avg 256 us.
 LOCAL txn stall 0 us,  local_work 21 us,  remote_work 0 us,  commit_work 0 us,  commit_prepare 0 us,  commit_persistence 0 us,  commit_write_back 0 us,  commit_replication 0 us,  commit_release_lock 0 us 
 DIST txn stall 0 us,  local_work 321 us,  remote_work 0 us,  commit_work 9 us,  commit_prepare 0 us,  commit_persistence 0 us,  commit_write_back 0 us,  commit_replication 0 us,  commit_release_lock 7 us 
I20260924 12:48:36.033241 1838061 CXLMemory.h:227] local CXL memory usage: size_index_usage: 0 size_metadata_usage: 0 size_data_usage: 0 size_transport_usage: 0 size_misc_usage: 0 total_size_hw_cc_usage: 0 total_usage: 0
I20260924 12:48:36.033293 1838122 Dispatcher.h:261] Handling coordinator message took 30
I20260924 12:48:37.033447 1838121 Dispatcher.h:160] Incoming Dispatcher exits, network size: 132. socket_message_recv_latency(50th) 0 socket_message_recv_latency(75th) 0 socket_message_recv_latency(95th) 0 socket_message_recv_latency(99th) 0 internal_message_recv_latency(50th) 0 socket_message_recv_cnt 0 socket_read_syscall 0 internal_message_recv_cnt 0
I20260924 12:48:37.033447 1838122 Dispatcher.h:292] Outgoing Dispatcher exits, network size: 252. msg_send_latency(50th) 0 msg_send_latency(75th) 0 msg_send_latency(95th) 0 msg_send_latency(99th) 0 msg_send_latency(avg) 0 msg_gen_to_sent_latency(50th) 0 msg_gen_to_sent_latency(75th) 0 msg_gen_to_sent_latency(95th) 0 msg_gen_to_sent_latency(99th) 0 msg_gen_to_queue_latency(50th) 0 msg_gen_to_queue_latency(75th) 0 msg_gen_to_queue_latency(95th) 0 msg_gen_to_queue_latency(99th) 0 msg_disp_ltc(50th) 0 msg_disp_ltc(75th) 0 msg_disp_ltc(95th) 0 msg_disp_ltc(99th) 0 msg_disp_ltc(100th) 0 send_ltc(50th) 0 send_ltc(75th) 0 send_ltc(95th) 0 send_ltc(99th) 0 send_ltc(100th) 0 send_ltc(avg) 0 sendto_cnt 3 network_size 252 network_msg_cnt 2 network_msg_group_size avg 0 50th 0 internal_network_size 0 internal_network_msg_cnt 0
I20260924 12:48:40.357288 1838061 Coordinator.h:420] Coordinator exits.
TIGON_RUN_END run_id=cmp_952_y_rw95_c75_r3 host_id=1 status=ok exit_code=0
