TIGON_RUN_META system=ub workload=ycsb run_id=cmp_952_y_rw95_c75_r1 host_id=1 repetition=1 mode=one-sided query=rmw transport=ubq partitions=2 workers=3 keys=300000 rw_ratio=95 zipf=0.7 cross_ratio=75 neworder_dist= payment_dist= warmup_seconds=30 run_seconds=30 total_seconds=60 logging=off
I20260924 12:42:38.473938 1836094 bench_ycsb.cpp:68] RW_RATIO = 95, ZIPF_THETA = 0.7, CROSS_RATIO = 75
I20260924 12:42:38.474674 1836094 bench_ycsb.cpp:69] checkpoint 0 to 
I20260924 12:42:38.474680 1836094 bench_ycsb.cpp:70] cross_part_num 2
I20260924 12:42:38.474684 1836094 bench_ycsb.cpp:71] lotus_sp_parallel_exec_commit 0
I20260924 12:42:38.474687 1836094 bench_ycsb.cpp:72] granules_per_partition 1
I20260924 12:42:38.474691 1836094 bench_ycsb.cpp:73] keysPerGranule 300000
[2026-09-24 12:42:39.008 +08:00][ERROR][1836094][281473775161376][shm_ipc_command.cpp:183] IpcCallShmMap response error : 800
[2026-09-24 12:42:39.008 +08:00][ERROR][1836094][281473775161376][RackMemShm.cpp:322] Failed to mmap, name=u4831b7f8_one-sided_rmw_ubq_0, mapSize=2147483648, ret=800
[2026-09-24 12:42:39.008 +08:00][ERROR][1836094][281473775161376][mxmem_shmem.cpp:473] Failed to mmap shared memory, ret=800
[2026-09-24 12:42:39.112 +08:00][ERROR][1836094][281473775161376][shm_ipc_command.cpp:183] IpcCallShmMap response error : 800
[2026-09-24 12:42:39.112 +08:00][ERROR][1836094][281473775161376][RackMemShm.cpp:322] Failed to mmap, name=u4831b7f8_one-sided_rmw_ubq_0, mapSize=2147483648, ret=800
[2026-09-24 12:42:39.112 +08:00][ERROR][1836094][281473775161376][mxmem_shmem.cpp:473] Failed to mmap shared memory, ret=800
I20260924 12:42:39.287207 1836094 UBMemory.cpp:138] UB memory initialized: local_region=1 regions=2 mode=one-sided bytes_per_region=2147483648
I20260924 12:42:41.708272 1836094 Database.h:82] ycsb initialization finished in 2421 milliseconds.
I20260924 12:42:41.708922 1836094 Coordinator.h:459] Coordinator 1 initializes UB inbox with 4096 entries of 8192 bytes
I20260924 12:42:41.708974 1836094 Coordinator.h:100] WAL Group Commiting off. Log to file _non_group_commit.txt using Blackhole Logger
I20260924 12:42:41.708982 1836094 Coordinator.h:104] Coordinator initializes 3 workers.
I20260924 12:42:41.709486 1836130 Coordinator.h:505] Listener 0 on coordinator 1 listening on 76.53.137.99:10010 tcp_no_delay 1 tcp_quick_ack 0
I20260924 12:42:41.711150 1836094 Coordinator.h:551] Coordinator 1 failed to connect 0(76.53.137.98:10010)'s listener 0, retry in 5 seconds.
I20260924 12:42:41.848564 1836130 Socket.h:69] Disabling nagle
I20260924 12:42:41.848591 1836130 Coordinator.h:520] Listener accepted connection from coordinator 0
I20260924 12:42:41.848596 1836130 Coordinator.h:523] Listener 0 on coordinator 1 exits.
I20260924 12:42:46.712066 1836094 Socket.h:69] Disabling nagle
I20260924 12:42:46.712097 1836094 Coordinator.h:560] Coordinator 1 connected to 0
I20260924 12:42:46.712124 1836094 Coordinator.h:572] Coordinator 1 connected to all peers.
I20260924 12:42:46.712134 1836094 Dispatcher.h:41] IncomingDispatcher 0 coord_id 1
I20260924 12:42:46.712150 1836094 Dispatcher.h:234] OutgoingDispatcher 0 coord_id 1
I20260924 12:42:46.712334 1836094 Coordinator.h:669] pinned thread to core 0
I20260924 12:42:46.712370 1836167 Dispatcher.h:63] Incoming Dispatcher started, numCoordinators = 2, numWorkers = 3, group id = 0, coordinator = 1
I20260924 12:42:46.712491 1836168 Dispatcher.h:246] Outgoing Dispatcher started, numCoordinators = 2, numWorkers = 4, group id = 0
I20260924 12:42:46.712381 1836094 Coordinator.h:669] pinned thread to core 1
I20260924 12:42:46.712900 1836094 Coordinator.h:219] Coordinator starts to run 4 workers.
I20260924 12:42:46.712949 1836094 Coordinator.h:669] pinned thread to core 2
I20260924 12:42:46.712978 1836169 Executor.h:79] Executor 0 starts.
I20260924 12:42:46.713028 1836094 Coordinator.h:669] pinned thread to core 3
I20260924 12:42:46.713047 1836170 Executor.h:79] Executor 1 starts.
I20260924 12:42:46.713246 1836094 Coordinator.h:669] pinned thread to core 4
I20260924 12:42:46.713256 1836171 Executor.h:79] Executor 2 starts.
I20260924 12:42:46.713492 1836172 Manager.h:232] Manager(worker id = 3) on the non-coordinator node started.
I20260924 12:42:47.715093 1836094 Coordinator.h:310] commit: 11157 abort: 15 (0/15/0), persistence latency 0, txn latency 0, queued lock latency 0, lock latency 0, active_txns 0, n_failed_read_lock 0, n_failed_write_lock 0, n_failed_cmd_not_ready 0, n_failed_no_cmd 0, network size: 0, avg network size: 0, si_in_serializable: 0 0 %, local: 0 %, local_access: 69493, local_cxl_access: 0 (0%), remote_access: 42182, remote_access_with_req: 0 (0%), data_move_in: 0, data_move_out: 0
I20260924 12:42:48.715458 1836094 Coordinator.h:310] commit: 11347 abort: 17 (0/17/0), persistence latency 0, txn latency 0, queued lock latency 0, lock latency 0, active_txns 0, n_failed_read_lock 0, n_failed_write_lock 0, n_failed_cmd_not_ready 0, n_failed_no_cmd 0, network size: 0, avg network size: 0, si_in_serializable: 0 0 %, local: 0 %, local_access: 71257, local_cxl_access: 0 (0%), remote_access: 42280, remote_access_with_req: 0 (0%), data_move_in: 0, data_move_out: 0
I20260924 12:42:49.715556 1836094 Coordinator.h:310] commit: 11394 abort: 20 (0/20/0), persistence latency 0, txn latency 0, queued lock latency 0, lock latency 0, active_txns 0, n_failed_read_lock 0, n_failed_write_lock 0, n_failed_cmd_not_ready 0, n_failed_no_cmd 0, network size: 0, avg network size: 0, si_in_serializable: 0 0 %, local: 0 %, local_access: 71376, local_cxl_access: 0 (0%), remote_access: 42649, remote_access_with_req: 0 (0%), data_move_in: 0, data_move_out: 0
I20260924 12:42:50.715657 1836094 Coordinator.h:310] commit: 11413 abort: 21 (0/21/0), persistence latency 0, txn latency 0, queued lock latency 0, lock latency 0, active_txns 0, n_failed_read_lock 0, n_failed_write_lock 0, n_failed_cmd_not_ready 0, n_failed_no_cmd 0, network size: 0, avg network size: 0, si_in_serializable: 0 0 %, local: 0 %, local_access: 71845, local_cxl_access: 0 (0%), remote_access: 42396, remote_access_with_req: 0 (0%), data_move_in: 0, data_move_out: 0
I20260924 12:42:51.715880 1836094 Coordinator.h:310] commit: 11261 abort: 25 (0/25/0), persistence latency 0, txn latency 0, queued lock latency 0, lock latency 0, active_txns 0, n_failed_read_lock 0, n_failed_write_lock 0, n_failed_cmd_not_ready 0, n_failed_no_cmd 0, network size: 0, avg network size: 0, si_in_serializable: 0 0 %, local: 0 %, local_access: 70009, local_cxl_access: 0 (0%), remote_access: 42747, remote_access_with_req: 0 (0%), data_move_in: 0, data_move_out: 0
I20260924 12:42:52.716003 1836094 Coordinator.h:310] commit: 11304 abort: 28 (0/28/0), persistence latency 0, txn latency 0, queued lock latency 0, lock latency 0, active_txns 0, n_failed_read_lock 0, n_failed_write_lock 0, n_failed_cmd_not_ready 0, n_failed_no_cmd 0, network size: 0, avg network size: 0, si_in_serializable: 0 0 %, local: 0 %, local_access: 70963, local_cxl_access: 0 (0%), remote_access: 42255, remote_access_with_req: 0 (0%), data_move_in: 0, data_move_out: 0
I20260924 12:42:53.716228 1836094 Coordinator.h:310] commit: 11480 abort: 21 (0/21/0), persistence latency 0, txn latency 0, queued lock latency 0, lock latency 0, active_txns 0, n_failed_read_lock 0, n_failed_write_lock 0, n_failed_cmd_not_ready 0, n_failed_no_cmd 0, network size: 0, avg network size: 0, si_in_serializable: 0 0 %, local: 0 %, local_access: 72244, local_cxl_access: 0 (0%), remote_access: 42620, remote_access_with_req: 0 (0%), data_move_in: 0, data_move_out: 0
I20260924 12:42:54.716450 1836094 Coordinator.h:310] commit: 11340 abort: 14 (0/14/0), persistence latency 0, txn latency 0, queued lock latency 0, lock latency 0, active_txns 0, n_failed_read_lock 0, n_failed_write_lock 0, n_failed_cmd_not_ready 0, n_failed_no_cmd 0, network size: 0, avg network size: 0, si_in_serializable: 0 0 %, local: 0 %, local_access: 70854, local_cxl_access: 0 (0%), remote_access: 42610, remote_access_with_req: 0 (0%), data_move_in: 0, data_move_out: 0
I20260924 12:42:55.716671 1836094 Coordinator.h:310] commit: 11382 abort: 30 (0/30/0), persistence latency 0, txn latency 0, queued lock latency 0, lock latency 0, active_txns 0, n_failed_read_lock 0, n_failed_write_lock 0, n_failed_cmd_not_ready 0, n_failed_no_cmd 0, network size: 0, avg network size: 0, si_in_serializable: 0 0 %, local: 0 %, local_access: 71237, local_cxl_access: 0 (0%), remote_access: 42701, remote_access_with_req: 0 (0%), data_move_in: 0, data_move_out: 0
I20260924 12:42:56.716890 1836094 Coordinator.h:310] commit: 11270 abort: 19 (0/19/0), persistence latency 0, txn latency 0, queued lock latency 0, lock latency 0, active_txns 0, n_failed_read_lock 0, n_failed_write_lock 0, n_failed_cmd_not_ready 0, n_failed_no_cmd 0, network size: 0, avg network size: 0, si_in_serializable: 0 0 %, local: 0 %, local_access: 70304, local_cxl_access: 0 (0%), remote_access: 42496, remote_access_with_req: 0 (0%), data_move_in: 0, data_move_out: 0
I20260924 12:42:57.717111 1836094 Coordinator.h:310] commit: 11333 abort: 26 (0/26/0), persistence latency 0, txn latency 0, queued lock latency 0, lock latency 0, active_txns 0, n_failed_read_lock 0, n_failed_write_lock 0, n_failed_cmd_not_ready 0, n_failed_no_cmd 0, network size: 0, avg network size: 0, si_in_serializable: 0 0 %, local: 0 %, local_access: 71074, local_cxl_access: 0 (0%), remote_access: 42396, remote_access_with_req: 0 (0%), data_move_in: 0, data_move_out: 0
I20260924 12:42:58.717208 1836094 Coordinator.h:310] commit: 11234 abort: 29 (0/29/0), persistence latency 0, txn latency 0, queued lock latency 0, lock latency 0, active_txns 0, n_failed_read_lock 0, n_failed_write_lock 0, n_failed_cmd_not_ready 0, n_failed_no_cmd 0, network size: 0, avg network size: 0, si_in_serializable: 0 0 %, local: 0 %, local_access: 70107, local_cxl_access: 0 (0%), remote_access: 42338, remote_access_with_req: 0 (0%), data_move_in: 0, data_move_out: 0
I20260924 12:42:59.717425 1836094 Coordinator.h:310] commit: 11316 abort: 24 (0/24/0), persistence latency 0, txn latency 0, queued lock latency 0, lock latency 0, active_txns 0, n_failed_read_lock 0, n_failed_write_lock 0, n_failed_cmd_not_ready 0, n_failed_no_cmd 0, network size: 0, avg network size: 0, si_in_serializable: 0 0 %, local: 0 %, local_access: 70477, local_cxl_access: 0 (0%), remote_access: 42827, remote_access_with_req: 0 (0%), data_move_in: 0, data_move_out: 0
I20260924 12:43:00.718559 1836094 Coordinator.h:310] commit: 11337 abort: 24 (0/24/0), persistence latency 0, txn latency 0, queued lock latency 0, lock latency 0, active_txns 0, n_failed_read_lock 0, n_failed_write_lock 0, n_failed_cmd_not_ready 0, n_failed_no_cmd 0, network size: 0, avg network size: 0, si_in_serializable: 0 0 %, local: 0 %, local_access: 70835, local_cxl_access: 0 (0%), remote_access: 42630, remote_access_with_req: 0 (0%), data_move_in: 0, data_move_out: 0
I20260924 12:43:01.719072 1836094 Coordinator.h:310] commit: 11438 abort: 21 (0/21/0), persistence latency 0, txn latency 0, queued lock latency 0, lock latency 0, active_txns 0, n_failed_read_lock 0, n_failed_write_lock 0, n_failed_cmd_not_ready 0, n_failed_no_cmd 0, network size: 0, avg network size: 0, si_in_serializable: 0 0 %, local: 0 %, local_access: 71608, local_cxl_access: 0 (0%), remote_access: 42876, remote_access_with_req: 0 (0%), data_move_in: 0, data_move_out: 0
I20260924 12:43:02.719182 1836094 Coordinator.h:310] commit: 11282 abort: 21 (0/21/0), persistence latency 0, txn latency 0, queued lock latency 0, lock latency 0, active_txns 0, n_failed_read_lock 0, n_failed_write_lock 0, n_failed_cmd_not_ready 0, n_failed_no_cmd 0, network size: 0, avg network size: 0, si_in_serializable: 0 0 %, local: 0 %, local_access: 70425, local_cxl_access: 0 (0%), remote_access: 42468, remote_access_with_req: 0 (0%), data_move_in: 0, data_move_out: 0
I20260924 12:43:03.719305 1836094 Coordinator.h:310] commit: 11373 abort: 39 (0/39/0), persistence latency 0, txn latency 0, queued lock latency 0, lock latency 0, active_txns 0, n_failed_read_lock 0, n_failed_write_lock 0, n_failed_cmd_not_ready 0, n_failed_no_cmd 0, network size: 0, avg network size: 0, si_in_serializable: 0 0 %, local: 0 %, local_access: 71222, local_cxl_access: 0 (0%), remote_access: 42704, remote_access_with_req: 0 (0%), data_move_in: 0, data_move_out: 0
I20260924 12:43:04.719455 1836094 Coordinator.h:310] commit: 11274 abort: 26 (0/26/0), persistence latency 0, txn latency 0, queued lock latency 0, lock latency 0, active_txns 0, n_failed_read_lock 0, n_failed_write_lock 0, n_failed_cmd_not_ready 0, n_failed_no_cmd 0, network size: 0, avg network size: 0, si_in_serializable: 0 0 %, local: 0 %, local_access: 70140, local_cxl_access: 0 (0%), remote_access: 42694, remote_access_with_req: 0 (0%), data_move_in: 0, data_move_out: 0
I20260924 12:43:05.719595 1836094 Coordinator.h:310] commit: 11399 abort: 39 (0/39/0), persistence latency 0, txn latency 0, queued lock latency 0, lock latency 0, active_txns 0, n_failed_read_lock 0, n_failed_write_lock 0, n_failed_cmd_not_ready 0, n_failed_no_cmd 0, network size: 0, avg network size: 0, si_in_serializable: 0 0 %, local: 0 %, local_access: 71298, local_cxl_access: 0 (0%), remote_access: 42881, remote_access_with_req: 0 (0%), data_move_in: 0, data_move_out: 0
I20260924 12:43:06.719694 1836094 Coordinator.h:310] commit: 11365 abort: 20 (0/20/0), persistence latency 0, txn latency 0, queued lock latency 0, lock latency 0, active_txns 0, n_failed_read_lock 0, n_failed_write_lock 0, n_failed_cmd_not_ready 0, n_failed_no_cmd 0, network size: 0, avg network size: 0, si_in_serializable: 0 0 %, local: 0 %, local_access: 70994, local_cxl_access: 0 (0%), remote_access: 42776, remote_access_with_req: 0 (0%), data_move_in: 0, data_move_out: 0
I20260924 12:43:07.719928 1836094 Coordinator.h:310] commit: 11282 abort: 19 (0/19/0), persistence latency 0, txn latency 0, queued lock latency 0, lock latency 0, active_txns 0, n_failed_read_lock 0, n_failed_write_lock 0, n_failed_cmd_not_ready 0, n_failed_no_cmd 0, network size: 0, avg network size: 0, si_in_serializable: 0 0 %, local: 0 %, local_access: 70505, local_cxl_access: 0 (0%), remote_access: 42419, remote_access_with_req: 0 (0%), data_move_in: 0, data_move_out: 0
I20260924 12:43:08.720156 1836094 Coordinator.h:310] commit: 11210 abort: 16 (0/16/0), persistence latency 0, txn latency 0, queued lock latency 0, lock latency 0, active_txns 0, n_failed_read_lock 0, n_failed_write_lock 0, n_failed_cmd_not_ready 0, n_failed_no_cmd 0, network size: 0, avg network size: 0, si_in_serializable: 0 0 %, local: 0 %, local_access: 69792, local_cxl_access: 0 (0%), remote_access: 42368, remote_access_with_req: 0 (0%), data_move_in: 0, data_move_out: 0
I20260924 12:43:09.720250 1836094 Coordinator.h:310] commit: 11448 abort: 27 (0/27/0), persistence latency 0, txn latency 0, queued lock latency 0, lock latency 0, active_txns 0, n_failed_read_lock 0, n_failed_write_lock 0, n_failed_cmd_not_ready 0, n_failed_no_cmd 0, network size: 0, avg network size: 0, si_in_serializable: 0 0 %, local: 0 %, local_access: 71932, local_cxl_access: 0 (0%), remote_access: 42685, remote_access_with_req: 0 (0%), data_move_in: 0, data_move_out: 0
I20260924 12:43:10.720469 1836094 Coordinator.h:310] commit: 11464 abort: 23 (0/23/0), persistence latency 0, txn latency 0, queued lock latency 0, lock latency 0, active_txns 0, n_failed_read_lock 0, n_failed_write_lock 0, n_failed_cmd_not_ready 0, n_failed_no_cmd 0, network size: 0, avg network size: 0, si_in_serializable: 0 0 %, local: 0 %, local_access: 71905, local_cxl_access: 0 (0%), remote_access: 42827, remote_access_with_req: 0 (0%), data_move_in: 0, data_move_out: 0
I20260924 12:43:11.720688 1836094 Coordinator.h:310] commit: 11457 abort: 34 (0/34/0), persistence latency 0, txn latency 0, queued lock latency 0, lock latency 0, active_txns 0, n_failed_read_lock 0, n_failed_write_lock 0, n_failed_cmd_not_ready 0, n_failed_no_cmd 0, network size: 0, avg network size: 0, si_in_serializable: 0 0 %, local: 0 %, local_access: 71702, local_cxl_access: 0 (0%), remote_access: 42980, remote_access_with_req: 0 (0%), data_move_in: 0, data_move_out: 0
I20260924 12:43:12.720909 1836094 Coordinator.h:310] commit: 11243 abort: 13 (0/13/0), persistence latency 0, txn latency 0, queued lock latency 0, lock latency 0, active_txns 0, n_failed_read_lock 0, n_failed_write_lock 0, n_failed_cmd_not_ready 0, n_failed_no_cmd 0, network size: 0, avg network size: 0, si_in_serializable: 0 0 %, local: 0 %, local_access: 69990, local_cxl_access: 0 (0%), remote_access: 42495, remote_access_with_req: 0 (0%), data_move_in: 0, data_move_out: 0
I20260924 12:43:13.721007 1836094 Coordinator.h:310] commit: 11268 abort: 22 (0/22/0), persistence latency 0, txn latency 0, queued lock latency 0, lock latency 0, active_txns 0, n_failed_read_lock 0, n_failed_write_lock 0, n_failed_cmd_not_ready 0, n_failed_no_cmd 0, network size: 0, avg network size: 0, si_in_serializable: 0 0 %, local: 0 %, local_access: 70118, local_cxl_access: 0 (0%), remote_access: 42653, remote_access_with_req: 0 (0%), data_move_in: 0, data_move_out: 0
I20260924 12:43:14.721105 1836094 Coordinator.h:310] commit: 11406 abort: 36 (0/36/0), persistence latency 0, txn latency 0, queued lock latency 0, lock latency 0, active_txns 0, n_failed_read_lock 0, n_failed_write_lock 0, n_failed_cmd_not_ready 0, n_failed_no_cmd 0, network size: 0, avg network size: 0, si_in_serializable: 0 0 %, local: 0 %, local_access: 71681, local_cxl_access: 0 (0%), remote_access: 42591, remote_access_with_req: 0 (0%), data_move_in: 0, data_move_out: 0
I20260924 12:43:15.721325 1836094 Coordinator.h:310] commit: 11439 abort: 36 (0/36/0), persistence latency 0, txn latency 0, queued lock latency 0, lock latency 0, active_txns 0, n_failed_read_lock 0, n_failed_write_lock 0, n_failed_cmd_not_ready 0, n_failed_no_cmd 0, network size: 0, avg network size: 0, si_in_serializable: 0 0 %, local: 0 %, local_access: 71505, local_cxl_access: 0 (0%), remote_access: 43094, remote_access_with_req: 0 (0%), data_move_in: 0, data_move_out: 0
I20260924 12:43:16.721644 1836094 Coordinator.h:310] commit: 11323 abort: 11 (0/11/0), persistence latency 0, txn latency 0, queued lock latency 0, lock latency 0, active_txns 0, n_failed_read_lock 0, n_failed_write_lock 0, n_failed_cmd_not_ready 0, n_failed_no_cmd 0, network size: 0, avg network size: 0, si_in_serializable: 0 0 %, local: 0 %, local_access: 70425, local_cxl_access: 0 (0%), remote_access: 42862, remote_access_with_req: 0 (0%), data_move_in: 0, data_move_out: 0
I20260924 12:43:17.722952 1836094 Coordinator.h:310] commit: 11469 abort: 37 (0/37/0), persistence latency 0, txn latency 0, queued lock latency 0, lock latency 0, active_txns 0, n_failed_read_lock 0, n_failed_write_lock 0, n_failed_cmd_not_ready 0, n_failed_no_cmd 0, network size: 0, avg network size: 0, si_in_serializable: 0 0 %, local: 0 %, local_access: 71850, local_cxl_access: 0 (0%), remote_access: 43041, remote_access_with_req: 0 (0%), data_move_in: 0, data_move_out: 0
I20260924 12:43:18.723095 1836094 Coordinator.h:310] commit: 11435 abort: 25 (0/25/0), persistence latency 0, txn latency 0, queued lock latency 0, lock latency 0, active_txns 0, n_failed_read_lock 0, n_failed_write_lock 0, n_failed_cmd_not_ready 0, n_failed_no_cmd 0, network size: 0, avg network size: 0, si_in_serializable: 0 0 %, local: 0 %, local_access: 71805, local_cxl_access: 0 (0%), remote_access: 42714, remote_access_with_req: 0 (0%), data_move_in: 0, data_move_out: 0
I20260924 12:43:19.723205 1836094 Coordinator.h:310] commit: 11478 abort: 19 (0/19/0), persistence latency 0, txn latency 0, queued lock latency 0, lock latency 0, active_txns 0, n_failed_read_lock 0, n_failed_write_lock 0, n_failed_cmd_not_ready 0, n_failed_no_cmd 0, network size: 0, avg network size: 0, si_in_serializable: 0 0 %, local: 0 %, local_access: 71937, local_cxl_access: 0 (0%), remote_access: 42915, remote_access_with_req: 0 (0%), data_move_in: 0, data_move_out: 0
I20260924 12:43:20.723304 1836094 Coordinator.h:310] commit: 11403 abort: 23 (0/23/0), persistence latency 0, txn latency 0, queued lock latency 0, lock latency 0, active_txns 0, n_failed_read_lock 0, n_failed_write_lock 0, n_failed_cmd_not_ready 0, n_failed_no_cmd 0, network size: 0, avg network size: 0, si_in_serializable: 0 0 %, local: 0 %, local_access: 71332, local_cxl_access: 0 (0%), remote_access: 42808, remote_access_with_req: 0 (0%), data_move_in: 0, data_move_out: 0
I20260924 12:43:21.723400 1836094 Coordinator.h:310] commit: 11461 abort: 20 (0/20/0), persistence latency 0, txn latency 0, queued lock latency 0, lock latency 0, active_txns 0, n_failed_read_lock 0, n_failed_write_lock 0, n_failed_cmd_not_ready 0, n_failed_no_cmd 0, network size: 0, avg network size: 0, si_in_serializable: 0 0 %, local: 0 %, local_access: 71629, local_cxl_access: 0 (0%), remote_access: 43079, remote_access_with_req: 0 (0%), data_move_in: 0, data_move_out: 0
I20260924 12:43:22.723532 1836094 Coordinator.h:310] commit: 11461 abort: 21 (0/21/0), persistence latency 0, txn latency 0, queued lock latency 0, lock latency 0, active_txns 0, n_failed_read_lock 0, n_failed_write_lock 0, n_failed_cmd_not_ready 0, n_failed_no_cmd 0, network size: 0, avg network size: 0, si_in_serializable: 0 0 %, local: 0 %, local_access: 71897, local_cxl_access: 0 (0%), remote_access: 42811, remote_access_with_req: 0 (0%), data_move_in: 0, data_move_out: 0
I20260924 12:43:23.723627 1836094 Coordinator.h:310] commit: 11483 abort: 34 (0/34/0), persistence latency 0, txn latency 0, queued lock latency 0, lock latency 0, active_txns 0, n_failed_read_lock 0, n_failed_write_lock 0, n_failed_cmd_not_ready 0, n_failed_no_cmd 0, network size: 0, avg network size: 0, si_in_serializable: 0 0 %, local: 0 %, local_access: 71960, local_cxl_access: 0 (0%), remote_access: 43042, remote_access_with_req: 0 (0%), data_move_in: 0, data_move_out: 0
I20260924 12:43:24.723856 1836094 Coordinator.h:310] commit: 11471 abort: 16 (0/16/0), persistence latency 0, txn latency 0, queued lock latency 0, lock latency 0, active_txns 0, n_failed_read_lock 0, n_failed_write_lock 0, n_failed_cmd_not_ready 0, n_failed_no_cmd 0, network size: 0, avg network size: 0, si_in_serializable: 0 0 %, local: 0 %, local_access: 71985, local_cxl_access: 0 (0%), remote_access: 42821, remote_access_with_req: 0 (0%), data_move_in: 0, data_move_out: 0
I20260924 12:43:25.723951 1836094 Coordinator.h:310] commit: 11424 abort: 29 (0/29/0), persistence latency 0, txn latency 0, queued lock latency 0, lock latency 0, active_txns 0, n_failed_read_lock 0, n_failed_write_lock 0, n_failed_cmd_not_ready 0, n_failed_no_cmd 0, network size: 0, avg network size: 0, si_in_serializable: 0 0 %, local: 0 %, local_access: 71224, local_cxl_access: 0 (0%), remote_access: 43137, remote_access_with_req: 0 (0%), data_move_in: 0, data_move_out: 0
I20260924 12:43:26.724169 1836094 Coordinator.h:310] commit: 11380 abort: 24 (0/24/0), persistence latency 0, txn latency 0, queued lock latency 0, lock latency 0, active_txns 0, n_failed_read_lock 0, n_failed_write_lock 0, n_failed_cmd_not_ready 0, n_failed_no_cmd 0, network size: 0, avg network size: 0, si_in_serializable: 0 0 %, local: 0 %, local_access: 71017, local_cxl_access: 0 (0%), remote_access: 42927, remote_access_with_req: 0 (0%), data_move_in: 0, data_move_out: 0
I20260924 12:43:27.724390 1836094 Coordinator.h:310] commit: 11449 abort: 20 (0/20/0), persistence latency 0, txn latency 0, queued lock latency 0, lock latency 0, active_txns 0, n_failed_read_lock 0, n_failed_write_lock 0, n_failed_cmd_not_ready 0, n_failed_no_cmd 0, network size: 0, avg network size: 0, si_in_serializable: 0 0 %, local: 0 %, local_access: 71379, local_cxl_access: 0 (0%), remote_access: 43208, remote_access_with_req: 0 (0%), data_move_in: 0, data_move_out: 0
I20260924 12:43:28.724506 1836094 Coordinator.h:310] commit: 11463 abort: 28 (0/28/0), persistence latency 0, txn latency 0, queued lock latency 0, lock latency 0, active_txns 0, n_failed_read_lock 0, n_failed_write_lock 0, n_failed_cmd_not_ready 0, n_failed_no_cmd 0, network size: 0, avg network size: 0, si_in_serializable: 0 0 %, local: 0 %, local_access: 71806, local_cxl_access: 0 (0%), remote_access: 42989, remote_access_with_req: 0 (0%), data_move_in: 0, data_move_out: 0
I20260924 12:43:29.724629 1836094 Coordinator.h:310] commit: 11468 abort: 33 (0/33/0), persistence latency 0, txn latency 0, queued lock latency 0, lock latency 0, active_txns 0, n_failed_read_lock 0, n_failed_write_lock 0, n_failed_cmd_not_ready 0, n_failed_no_cmd 0, network size: 0, avg network size: 0, si_in_serializable: 0 0 %, local: 0 %, local_access: 71614, local_cxl_access: 0 (0%), remote_access: 43229, remote_access_with_req: 0 (0%), data_move_in: 0, data_move_out: 0
I20260924 12:43:30.724725 1836094 Coordinator.h:310] commit: 11480 abort: 27 (0/27/0), persistence latency 0, txn latency 0, queued lock latency 0, lock latency 0, active_txns 0, n_failed_read_lock 0, n_failed_write_lock 0, n_failed_cmd_not_ready 0, n_failed_no_cmd 0, network size: 0, avg network size: 0, si_in_serializable: 0 0 %, local: 0 %, local_access: 72022, local_cxl_access: 0 (0%), remote_access: 42889, remote_access_with_req: 0 (0%), data_move_in: 0, data_move_out: 0
I20260924 12:43:31.724821 1836094 Coordinator.h:310] commit: 11399 abort: 22 (0/22/0), persistence latency 0, txn latency 0, queued lock latency 0, lock latency 0, active_txns 0, n_failed_read_lock 0, n_failed_write_lock 0, n_failed_cmd_not_ready 0, n_failed_no_cmd 0, network size: 0, avg network size: 0, si_in_serializable: 0 0 %, local: 0 %, local_access: 70835, local_cxl_access: 0 (0%), remote_access: 43271, remote_access_with_req: 0 (0%), data_move_in: 0, data_move_out: 0
I20260924 12:43:32.724941 1836094 Coordinator.h:310] commit: 11431 abort: 16 (0/16/0), persistence latency 0, txn latency 0, queued lock latency 0, lock latency 0, active_txns 0, n_failed_read_lock 0, n_failed_write_lock 0, n_failed_cmd_not_ready 0, n_failed_no_cmd 0, network size: 0, avg network size: 0, si_in_serializable: 0 0 %, local: 0 %, local_access: 71427, local_cxl_access: 0 (0%), remote_access: 42952, remote_access_with_req: 0 (0%), data_move_in: 0, data_move_out: 0
I20260924 12:43:33.725050 1836094 Coordinator.h:310] commit: 11509 abort: 30 (0/30/0), persistence latency 0, txn latency 0, queued lock latency 0, lock latency 0, active_txns 0, n_failed_read_lock 0, n_failed_write_lock 0, n_failed_cmd_not_ready 0, n_failed_no_cmd 0, network size: 0, avg network size: 0, si_in_serializable: 0 0 %, local: 0 %, local_access: 72078, local_cxl_access: 0 (0%), remote_access: 43150, remote_access_with_req: 0 (0%), data_move_in: 0, data_move_out: 0
I20260924 12:43:34.725152 1836094 Coordinator.h:310] commit: 11393 abort: 30 (0/30/0), persistence latency 0, txn latency 0, queued lock latency 0, lock latency 0, active_txns 0, n_failed_read_lock 0, n_failed_write_lock 0, n_failed_cmd_not_ready 0, n_failed_no_cmd 0, network size: 0, avg network size: 0, si_in_serializable: 0 0 %, local: 0 %, local_access: 70936, local_cxl_access: 0 (0%), remote_access: 43122, remote_access_with_req: 0 (0%), data_move_in: 0, data_move_out: 0
I20260924 12:43:35.725374 1836094 Coordinator.h:310] commit: 11538 abort: 33 (0/33/0), persistence latency 0, txn latency 0, queued lock latency 0, lock latency 0, active_txns 0, n_failed_read_lock 0, n_failed_write_lock 0, n_failed_cmd_not_ready 0, n_failed_no_cmd 0, network size: 0, avg network size: 0, si_in_serializable: 0 0 %, local: 0 %, local_access: 72211, local_cxl_access: 0 (0%), remote_access: 43282, remote_access_with_req: 0 (0%), data_move_in: 0, data_move_out: 0
I20260924 12:43:36.725471 1836094 Coordinator.h:310] commit: 11458 abort: 13 (0/13/0), persistence latency 0, txn latency 0, queued lock latency 0, lock latency 0, active_txns 0, n_failed_read_lock 0, n_failed_write_lock 0, n_failed_cmd_not_ready 0, n_failed_no_cmd 0, network size: 0, avg network size: 0, si_in_serializable: 0 0 %, local: 0 %, local_access: 71511, local_cxl_access: 0 (0%), remote_access: 43129, remote_access_with_req: 0 (0%), data_move_in: 0, data_move_out: 0
I20260924 12:43:37.726890 1836094 Coordinator.h:310] commit: 11506 abort: 16 (0/16/0), persistence latency 0, txn latency 0, queued lock latency 0, lock latency 0, active_txns 0, n_failed_read_lock 0, n_failed_write_lock 0, n_failed_cmd_not_ready 0, n_failed_no_cmd 0, network size: 0, avg network size: 0, si_in_serializable: 0 0 %, local: 0 %, local_access: 71823, local_cxl_access: 0 (0%), remote_access: 43315, remote_access_with_req: 0 (0%), data_move_in: 0, data_move_out: 0
I20260924 12:43:38.727078 1836094 Coordinator.h:310] commit: 11555 abort: 27 (0/27/0), persistence latency 0, txn latency 0, queued lock latency 0, lock latency 0, active_txns 0, n_failed_read_lock 0, n_failed_write_lock 0, n_failed_cmd_not_ready 0, n_failed_no_cmd 0, network size: 0, avg network size: 0, si_in_serializable: 0 0 %, local: 0 %, local_access: 72629, local_cxl_access: 0 (0%), remote_access: 43012, remote_access_with_req: 0 (0%), data_move_in: 0, data_move_out: 0
I20260924 12:43:39.727175 1836094 Coordinator.h:310] commit: 11649 abort: 28 (0/28/0), persistence latency 0, txn latency 0, queued lock latency 0, lock latency 0, active_txns 0, n_failed_read_lock 0, n_failed_write_lock 0, n_failed_cmd_not_ready 0, n_failed_no_cmd 0, network size: 0, avg network size: 0, si_in_serializable: 0 0 %, local: 0 %, local_access: 73482, local_cxl_access: 0 (0%), remote_access: 43153, remote_access_with_req: 0 (0%), data_move_in: 0, data_move_out: 0
I20260924 12:43:40.727270 1836094 Coordinator.h:310] commit: 11420 abort: 17 (0/17/0), persistence latency 0, txn latency 0, queued lock latency 0, lock latency 0, active_txns 0, n_failed_read_lock 0, n_failed_write_lock 0, n_failed_cmd_not_ready 0, n_failed_no_cmd 0, network size: 0, avg network size: 0, si_in_serializable: 0 0 %, local: 0 %, local_access: 71237, local_cxl_access: 0 (0%), remote_access: 43078, remote_access_with_req: 0 (0%), data_move_in: 0, data_move_out: 0
I20260924 12:43:41.727406 1836094 Coordinator.h:310] commit: 11639 abort: 26 (0/26/0), persistence latency 0, txn latency 0, queued lock latency 0, lock latency 0, active_txns 0, n_failed_read_lock 0, n_failed_write_lock 0, n_failed_cmd_not_ready 0, n_failed_no_cmd 0, network size: 0, avg network size: 0, si_in_serializable: 0 0 %, local: 0 %, local_access: 73107, local_cxl_access: 0 (0%), remote_access: 43418, remote_access_with_req: 0 (0%), data_move_in: 0, data_move_out: 0
I20260924 12:43:42.727499 1836094 Coordinator.h:310] commit: 11448 abort: 32 (0/32/0), persistence latency 0, txn latency 0, queued lock latency 0, lock latency 0, active_txns 0, n_failed_read_lock 0, n_failed_write_lock 0, n_failed_cmd_not_ready 0, n_failed_no_cmd 0, network size: 0, avg network size: 0, si_in_serializable: 0 0 %, local: 0 %, local_access: 71413, local_cxl_access: 0 (0%), remote_access: 43250, remote_access_with_req: 0 (0%), data_move_in: 0, data_move_out: 0
I20260924 12:43:43.727720 1836094 Coordinator.h:310] commit: 11504 abort: 18 (0/18/0), persistence latency 0, txn latency 0, queued lock latency 0, lock latency 0, active_txns 0, n_failed_read_lock 0, n_failed_write_lock 0, n_failed_cmd_not_ready 0, n_failed_no_cmd 0, network size: 0, avg network size: 0, si_in_serializable: 0 0 %, local: 0 %, local_access: 71818, local_cxl_access: 0 (0%), remote_access: 43305, remote_access_with_req: 0 (0%), data_move_in: 0, data_move_out: 0
I20260924 12:43:44.727946 1836094 Coordinator.h:310] commit: 11346 abort: 27 (0/27/0), persistence latency 0, txn latency 0, queued lock latency 0, lock latency 0, active_txns 0, n_failed_read_lock 0, n_failed_write_lock 0, n_failed_cmd_not_ready 0, n_failed_no_cmd 0, network size: 0, avg network size: 0, si_in_serializable: 0 0 %, local: 0 %, local_access: 70433, local_cxl_access: 0 (0%), remote_access: 43170, remote_access_with_req: 0 (0%), data_move_in: 0, data_move_out: 0
I20260924 12:43:45.728068 1836094 Coordinator.h:310] commit: 11558 abort: 27 (0/27/0), persistence latency 0, txn latency 0, queued lock latency 0, lock latency 0, active_txns 0, n_failed_read_lock 0, n_failed_write_lock 0, n_failed_cmd_not_ready 0, n_failed_no_cmd 0, network size: 0, avg network size: 0, si_in_serializable: 0 0 %, local: 0 %, local_access: 72350, local_cxl_access: 0 (0%), remote_access: 43379, remote_access_with_req: 0 (0%), data_move_in: 0, data_move_out: 0
I20260924 12:43:46.728289 1836094 Coordinator.h:310] commit: 11368 abort: 35 (0/35/0), persistence latency 0, txn latency 0, queued lock latency 0, lock latency 0, active_txns 0, n_failed_read_lock 0, n_failed_write_lock 0, n_failed_cmd_not_ready 0, n_failed_no_cmd 0, network size: 0, avg network size: 0, si_in_serializable: 0 0 %, local: 0 %, local_access: 70490, local_cxl_access: 0 (0%), remote_access: 43363, remote_access_with_req: 0 (0%), data_move_in: 0, data_move_out: 0
I20260924 12:43:46.728318 1836094 Coordinator.h:348] average commit: 11468.2 abort: 25.1 (0/25.1/0), abort_rate: 0.00218388, network size: 0, avg network size: 0, si_in_serializable: 0 0 %, local: 0 %, local_access: 2151237, local_cxl_access: 0 (0%), remote_access: 1292959, remote_access_with_req: 0 (0%), data_move_in: 0, data_move_out: 0
I20260924 12:43:46.728343 1836094 Executor.h:236] Worker 0 latency: 255 us (50%) 272 us (75%) 883 us (95%) 1155 us (99%). dist txn latency: 262 us (50%) 285 us (75%) 1015 us (95%) 1173 us (99%)  avg 340 us . local txn latency: 16 us (50%) 28 us (75%) 120 us (95%) 155 us (99%)  avg 32 us. txn commit latency: 255 us (50%) 272 us (75%) 885 us (95%) 1150 us (99%) avg 261 us.
 LOCAL txn stall 0 us,  local_work 28 us,  remote_work 0 us,  commit_work 0 us,  commit_prepare 0 us,  commit_persistence 0 us,  commit_write_back 0 us,  commit_replication 0 us,  commit_release_lock 0 us 
 DIST txn stall 0 us,  local_work 328 us,  remote_work 0 us,  commit_work 9 us,  commit_prepare 0 us,  commit_persistence 0 us,  commit_write_back 0 us,  commit_replication 0 us,  commit_release_lock 7 us 
I20260924 12:43:46.729950 1836094 Executor.h:267] message stats, type: 0 count: 0 total size: 0
I20260924 12:43:46.729972 1836094 Executor.h:267] message stats, type: 1 count: 0 total size: 0
I20260924 12:43:46.729976 1836094 Executor.h:267] message stats, type: 2 count: 0 total size: 0
I20260924 12:43:46.729979 1836094 Executor.h:267] message stats, type: 3 count: 0 total size: 0
I20260924 12:43:46.729983 1836094 Executor.h:267] message stats, type: 4 count: 0 total size: 0
I20260924 12:43:46.730020 1836094 Executor.h:267] message stats, type: 5 count: 0 total size: 0
I20260924 12:43:46.730067 1836094 Executor.h:267] message stats, type: 6 count: 0 total size: 0
I20260924 12:43:46.730085 1836094 Executor.h:267] message stats, type: 7 count: 0 total size: 0
I20260924 12:43:46.730118 1836094 Executor.h:267] message stats, type: 8 count: 0 total size: 0
I20260924 12:43:46.730120 1836094 Executor.h:267] message stats, type: 9 count: 0 total size: 0
I20260924 12:43:46.730124 1836094 Executor.h:267] message stats, type: 10 count: 0 total size: 0
I20260924 12:43:46.730129 1836094 Executor.h:267] message stats, type: 11 count: 0 total size: 0
I20260924 12:43:46.735108 1836172 Manager.h:234] Manager(worker id = 3) on the non-coordinator node exits.
I20260924 12:43:46.735101 1836171 Executor.h:231] Executor 2 exits.
I20260924 12:43:46.735102 1836169 Executor.h:231] Executor 0 exits.
I20260924 12:43:46.735102 1836170 Executor.h:231] Executor 1 exits.
I20260924 12:43:46.737056 1836094 Executor.h:236] Worker 1 latency: 255 us (50%) 272 us (75%) 878 us (95%) 1158 us (99%). dist txn latency: 261 us (50%) 285 us (75%) 996 us (95%) 1162 us (99%)  avg 339 us . local txn latency: 16 us (50%) 28 us (75%) 117 us (95%) 156 us (99%)  avg 31 us. txn commit latency: 255 us (50%) 272 us (75%) 879 us (95%) 1147 us (99%) avg 263 us.
 LOCAL txn stall 0 us,  local_work 28 us,  remote_work 0 us,  commit_work 0 us,  commit_prepare 0 us,  commit_persistence 0 us,  commit_write_back 0 us,  commit_replication 0 us,  commit_release_lock 0 us 
 DIST txn stall 0 us,  local_work 329 us,  remote_work 0 us,  commit_work 9 us,  commit_prepare 0 us,  commit_persistence 0 us,  commit_write_back 0 us,  commit_replication 0 us,  commit_release_lock 7 us 
I20260924 12:43:46.739305 1836094 Executor.h:236] Worker 2 latency: 249 us (50%) 265 us (75%) 866 us (95%) 1138 us (99%). dist txn latency: 254 us (50%) 289 us (75%) 955 us (95%) 1140 us (99%)  avg 331 us . local txn latency: 15 us (50%) 23 us (75%) 121 us (95%) 155 us (99%)  avg 30 us. txn commit latency: 248 us (50%) 264 us (75%) 848 us (95%) 1132 us (99%) avg 254 us.
 LOCAL txn stall 0 us,  local_work 28 us,  remote_work 0 us,  commit_work 0 us,  commit_prepare 0 us,  commit_persistence 0 us,  commit_write_back 0 us,  commit_replication 0 us,  commit_release_lock 0 us 
 DIST txn stall 0 us,  local_work 319 us,  remote_work 0 us,  commit_work 8 us,  commit_prepare 0 us,  commit_persistence 0 us,  commit_write_back 0 us,  commit_replication 0 us,  commit_release_lock 6 us 
I20260924 12:43:46.740775 1836094 CXLMemory.h:227] local CXL memory usage: size_index_usage: 0 size_metadata_usage: 0 size_data_usage: 0 size_transport_usage: 0 size_misc_usage: 0 total_size_hw_cc_usage: 0 total_usage: 0
I20260924 12:43:46.740804 1836168 Dispatcher.h:261] Handling coordinator message took 5
I20260924 12:43:47.741016 1836167 Dispatcher.h:160] Incoming Dispatcher exits, network size: 132. socket_message_recv_latency(50th) 0 socket_message_recv_latency(75th) 0 socket_message_recv_latency(95th) 0 socket_message_recv_latency(99th) 0 internal_message_recv_latency(50th) 0 socket_message_recv_cnt 0 socket_read_syscall 0 internal_message_recv_cnt 0
I20260924 12:43:47.741027 1836168 Dispatcher.h:292] Outgoing Dispatcher exits, network size: 252. msg_send_latency(50th) 0 msg_send_latency(75th) 0 msg_send_latency(95th) 0 msg_send_latency(99th) 0 msg_send_latency(avg) 0 msg_gen_to_sent_latency(50th) 0 msg_gen_to_sent_latency(75th) 0 msg_gen_to_sent_latency(95th) 0 msg_gen_to_sent_latency(99th) 0 msg_gen_to_queue_latency(50th) 0 msg_gen_to_queue_latency(75th) 0 msg_gen_to_queue_latency(95th) 0 msg_gen_to_queue_latency(99th) 0 msg_disp_ltc(50th) 0 msg_disp_ltc(75th) 0 msg_disp_ltc(95th) 0 msg_disp_ltc(99th) 0 msg_disp_ltc(100th) 0 send_ltc(50th) 0 send_ltc(75th) 0 send_ltc(95th) 0 send_ltc(99th) 0 send_ltc(100th) 0 send_ltc(avg) 0 sendto_cnt 3 network_size 252 network_msg_cnt 2 network_msg_group_size avg 0 50th 0 internal_network_size 0 internal_network_msg_cnt 0
I20260924 12:43:50.586771 1836094 Coordinator.h:420] Coordinator exits.
TIGON_RUN_END run_id=cmp_952_y_rw95_c75_r1 host_id=1 status=ok exit_code=0
