TIGON_RUN_META system=ub workload=ycsb run_id=cmp_952_y_rw95_c25_r2 host_id=1 repetition=2 mode=one-sided query=rmw transport=ubq partitions=2 workers=3 keys=300000 rw_ratio=95 zipf=0.7 cross_ratio=25 neworder_dist= payment_dist= warmup_seconds=30 run_seconds=30 total_seconds=60 logging=off
I20260924 12:43:50.663101 1836585 bench_ycsb.cpp:68] RW_RATIO = 95, ZIPF_THETA = 0.7, CROSS_RATIO = 25
I20260924 12:43:50.663223 1836585 bench_ycsb.cpp:69] checkpoint 0 to 
I20260924 12:43:50.663229 1836585 bench_ycsb.cpp:70] cross_part_num 2
I20260924 12:43:50.663233 1836585 bench_ycsb.cpp:71] lotus_sp_parallel_exec_commit 0
I20260924 12:43:50.663239 1836585 bench_ycsb.cpp:72] granules_per_partition 1
I20260924 12:43:50.663244 1836585 bench_ycsb.cpp:73] keysPerGranule 300000
[2026-09-24 12:43:51.216 +08:00][ERROR][1836585][281473133432864][shm_ipc_command.cpp:183] IpcCallShmMap response error : 800
[2026-09-24 12:43:51.217 +08:00][ERROR][1836585][281473133432864][RackMemShm.cpp:322] Failed to mmap, name=u4d52d0b3_one-sided_rmw_ubq_0, mapSize=2147483648, ret=800
[2026-09-24 12:43:51.217 +08:00][ERROR][1836585][281473133432864][mxmem_shmem.cpp:473] Failed to mmap shared memory, ret=800
[2026-09-24 12:43:51.320 +08:00][ERROR][1836585][281473133432864][shm_ipc_command.cpp:183] IpcCallShmMap response error : 800
[2026-09-24 12:43:51.320 +08:00][ERROR][1836585][281473133432864][RackMemShm.cpp:322] Failed to mmap, name=u4d52d0b3_one-sided_rmw_ubq_0, mapSize=2147483648, ret=800
[2026-09-24 12:43:51.320 +08:00][ERROR][1836585][281473133432864][mxmem_shmem.cpp:473] Failed to mmap shared memory, ret=800
I20260924 12:43:51.494513 1836585 UBMemory.cpp:138] UB memory initialized: local_region=1 regions=2 mode=one-sided bytes_per_region=2147483648
I20260924 12:43:53.873175 1836585 Database.h:82] ycsb initialization finished in 2378 milliseconds.
I20260924 12:43:53.874843 1836585 Coordinator.h:459] Coordinator 1 initializes UB inbox with 4096 entries of 8192 bytes
I20260924 12:43:53.874905 1836585 Coordinator.h:100] WAL Group Commiting off. Log to file _non_group_commit.txt using Blackhole Logger
I20260924 12:43:53.874914 1836585 Coordinator.h:104] Coordinator initializes 3 workers.
I20260924 12:43:53.875380 1836614 Coordinator.h:505] Listener 0 on coordinator 1 listening on 76.53.137.99:10010 tcp_no_delay 1 tcp_quick_ack 0
I20260924 12:43:53.875931 1836585 Coordinator.h:551] Coordinator 1 failed to connect 0(76.53.137.98:10010)'s listener 0, retry in 5 seconds.
I20260924 12:43:53.981282 1836614 Socket.h:69] Disabling nagle
I20260924 12:43:53.981307 1836614 Coordinator.h:520] Listener accepted connection from coordinator 0
I20260924 12:43:53.981312 1836614 Coordinator.h:523] Listener 0 on coordinator 1 exits.
I20260924 12:43:58.876853 1836585 Socket.h:69] Disabling nagle
I20260924 12:43:58.876880 1836585 Coordinator.h:560] Coordinator 1 connected to 0
I20260924 12:43:58.876909 1836585 Coordinator.h:572] Coordinator 1 connected to all peers.
I20260924 12:43:58.876919 1836585 Dispatcher.h:41] IncomingDispatcher 0 coord_id 1
I20260924 12:43:58.877017 1836585 Dispatcher.h:234] OutgoingDispatcher 0 coord_id 1
I20260924 12:43:58.877079 1836585 Coordinator.h:669] pinned thread to core 0
I20260924 12:43:58.877123 1836585 Coordinator.h:669] pinned thread to core 1
I20260924 12:43:58.877133 1836585 Coordinator.h:219] Coordinator starts to run 4 workers.
I20260924 12:43:58.877159 1836585 Coordinator.h:669] pinned thread to core 2
I20260924 12:43:58.877175 1836632 Dispatcher.h:63] Incoming Dispatcher started, numCoordinators = 2, numWorkers = 3, group id = 0, coordinator = 1
I20260924 12:43:58.877456 1836635 Executor.h:79] Executor 1 starts.
I20260924 12:43:58.877151 1836633 Dispatcher.h:246] Outgoing Dispatcher started, numCoordinators = 2, numWorkers = 4, group id = 0
I20260924 12:43:58.877306 1836585 Coordinator.h:669] pinned thread to core 3
I20260924 12:43:58.879334 1836585 Coordinator.h:669] pinned thread to core 4
I20260924 12:43:58.879637 1836637 Manager.h:232] Manager(worker id = 3) on the non-coordinator node started.
I20260924 12:43:58.879644 1836636 Executor.h:79] Executor 2 starts.
I20260924 12:43:58.877210 1836634 Executor.h:79] Executor 0 starts.
I20260924 12:43:59.879494 1836585 Coordinator.h:310] commit: 28810 abort: 58 (0/58/0), persistence latency 0, txn latency 0, queued lock latency 0, lock latency 0, active_txns 0, n_failed_read_lock 0, n_failed_write_lock 0, n_failed_cmd_not_ready 0, n_failed_no_cmd 0, network size: 0, avg network size: 0, si_in_serializable: 0 0 %, local: 0 %, local_access: 252055, local_cxl_access: 0 (0%), remote_access: 36338, remote_access_with_req: 0 (0%), data_move_in: 0, data_move_out: 0
I20260924 12:44:00.879722 1836585 Coordinator.h:310] commit: 29192 abort: 74 (0/74/0), persistence latency 0, txn latency 0, queued lock latency 0, lock latency 0, active_txns 0, n_failed_read_lock 0, n_failed_write_lock 0, n_failed_cmd_not_ready 0, n_failed_no_cmd 0, network size: 0, avg network size: 0, si_in_serializable: 0 0 %, local: 0 %, local_access: 255727, local_cxl_access: 0 (0%), remote_access: 36605, remote_access_with_req: 0 (0%), data_move_in: 0, data_move_out: 0
I20260924 12:44:01.879827 1836585 Coordinator.h:310] commit: 29340 abort: 61 (0/61/0), persistence latency 0, txn latency 0, queued lock latency 0, lock latency 0, active_txns 0, n_failed_read_lock 0, n_failed_write_lock 0, n_failed_cmd_not_ready 0, n_failed_no_cmd 0, network size: 0, avg network size: 0, si_in_serializable: 0 0 %, local: 0 %, local_access: 256952, local_cxl_access: 0 (0%), remote_access: 36754, remote_access_with_req: 0 (0%), data_move_in: 0, data_move_out: 0
I20260924 12:44:02.879963 1836585 Coordinator.h:310] commit: 29293 abort: 75 (0/75/0), persistence latency 0, txn latency 0, queued lock latency 0, lock latency 0, active_txns 0, n_failed_read_lock 0, n_failed_write_lock 0, n_failed_cmd_not_ready 0, n_failed_no_cmd 0, network size: 0, avg network size: 0, si_in_serializable: 0 0 %, local: 0 %, local_access: 256546, local_cxl_access: 0 (0%), remote_access: 36729, remote_access_with_req: 0 (0%), data_move_in: 0, data_move_out: 0
I20260924 12:44:03.880124 1836585 Coordinator.h:310] commit: 29739 abort: 72 (0/72/0), persistence latency 0, txn latency 0, queued lock latency 0, lock latency 0, active_txns 0, n_failed_read_lock 0, n_failed_write_lock 0, n_failed_cmd_not_ready 0, n_failed_no_cmd 0, network size: 0, avg network size: 0, si_in_serializable: 0 0 %, local: 0 %, local_access: 261048, local_cxl_access: 0 (0%), remote_access: 36728, remote_access_with_req: 0 (0%), data_move_in: 0, data_move_out: 0
I20260924 12:44:04.880234 1836585 Coordinator.h:310] commit: 29574 abort: 48 (0/48/0), persistence latency 0, txn latency 0, queued lock latency 0, lock latency 0, active_txns 0, n_failed_read_lock 0, n_failed_write_lock 0, n_failed_cmd_not_ready 0, n_failed_no_cmd 0, network size: 0, avg network size: 0, si_in_serializable: 0 0 %, local: 0 %, local_access: 259125, local_cxl_access: 0 (0%), remote_access: 36840, remote_access_with_req: 0 (0%), data_move_in: 0, data_move_out: 0
I20260924 12:44:05.880355 1836585 Coordinator.h:310] commit: 29254 abort: 57 (0/57/0), persistence latency 0, txn latency 0, queued lock latency 0, lock latency 0, active_txns 0, n_failed_read_lock 0, n_failed_write_lock 0, n_failed_cmd_not_ready 0, n_failed_no_cmd 0, network size: 0, avg network size: 0, si_in_serializable: 0 0 %, local: 0 %, local_access: 255625, local_cxl_access: 0 (0%), remote_access: 37197, remote_access_with_req: 0 (0%), data_move_in: 0, data_move_out: 0
I20260924 12:44:06.880573 1836585 Coordinator.h:310] commit: 29711 abort: 80 (0/80/0), persistence latency 0, txn latency 0, queued lock latency 0, lock latency 0, active_txns 0, n_failed_read_lock 0, n_failed_write_lock 0, n_failed_cmd_not_ready 0, n_failed_no_cmd 0, network size: 0, avg network size: 0, si_in_serializable: 0 0 %, local: 0 %, local_access: 260634, local_cxl_access: 0 (0%), remote_access: 36838, remote_access_with_req: 0 (0%), data_move_in: 0, data_move_out: 0
I20260924 12:44:07.880805 1836585 Coordinator.h:310] commit: 29648 abort: 89 (0/89/0), persistence latency 0, txn latency 0, queued lock latency 0, lock latency 0, active_txns 0, n_failed_read_lock 0, n_failed_write_lock 0, n_failed_cmd_not_ready 0, n_failed_no_cmd 0, network size: 0, avg network size: 0, si_in_serializable: 0 0 %, local: 0 %, local_access: 260015, local_cxl_access: 0 (0%), remote_access: 36931, remote_access_with_req: 0 (0%), data_move_in: 0, data_move_out: 0
I20260924 12:44:08.881027 1836585 Coordinator.h:310] commit: 29286 abort: 94 (0/94/0), persistence latency 0, txn latency 0, queued lock latency 0, lock latency 0, active_txns 0, n_failed_read_lock 0, n_failed_write_lock 0, n_failed_cmd_not_ready 0, n_failed_no_cmd 0, network size: 0, avg network size: 0, si_in_serializable: 0 0 %, local: 0 %, local_access: 256616, local_cxl_access: 0 (0%), remote_access: 36741, remote_access_with_req: 0 (0%), data_move_in: 0, data_move_out: 0
I20260924 12:44:09.881121 1836585 Coordinator.h:310] commit: 29579 abort: 64 (0/64/0), persistence latency 0, txn latency 0, queued lock latency 0, lock latency 0, active_txns 0, n_failed_read_lock 0, n_failed_write_lock 0, n_failed_cmd_not_ready 0, n_failed_no_cmd 0, network size: 0, avg network size: 0, si_in_serializable: 0 0 %, local: 0 %, local_access: 259092, local_cxl_access: 0 (0%), remote_access: 37050, remote_access_with_req: 0 (0%), data_move_in: 0, data_move_out: 0
I20260924 12:44:10.881210 1836585 Coordinator.h:310] commit: 30202 abort: 58 (0/58/0), persistence latency 0, txn latency 0, queued lock latency 0, lock latency 0, active_txns 0, n_failed_read_lock 0, n_failed_write_lock 0, n_failed_cmd_not_ready 0, n_failed_no_cmd 0, network size: 0, avg network size: 0, si_in_serializable: 0 0 %, local: 0 %, local_access: 265453, local_cxl_access: 0 (0%), remote_access: 36895, remote_access_with_req: 0 (0%), data_move_in: 0, data_move_out: 0
I20260924 12:44:11.881431 1836585 Coordinator.h:310] commit: 29240 abort: 92 (0/92/0), persistence latency 0, txn latency 0, queued lock latency 0, lock latency 0, active_txns 0, n_failed_read_lock 0, n_failed_write_lock 0, n_failed_cmd_not_ready 0, n_failed_no_cmd 0, network size: 0, avg network size: 0, si_in_serializable: 0 0 %, local: 0 %, local_access: 255614, local_cxl_access: 0 (0%), remote_access: 37238, remote_access_with_req: 0 (0%), data_move_in: 0, data_move_out: 0
I20260924 12:44:12.882565 1836585 Coordinator.h:310] commit: 29454 abort: 82 (0/82/0), persistence latency 0, txn latency 0, queued lock latency 0, lock latency 0, active_txns 0, n_failed_read_lock 0, n_failed_write_lock 0, n_failed_cmd_not_ready 0, n_failed_no_cmd 0, network size: 0, avg network size: 0, si_in_serializable: 0 0 %, local: 0 %, local_access: 258174, local_cxl_access: 0 (0%), remote_access: 36812, remote_access_with_req: 0 (0%), data_move_in: 0, data_move_out: 0
I20260924 12:44:13.882961 1836585 Coordinator.h:310] commit: 29531 abort: 69 (0/69/0), persistence latency 0, txn latency 0, queued lock latency 0, lock latency 0, active_txns 0, n_failed_read_lock 0, n_failed_write_lock 0, n_failed_cmd_not_ready 0, n_failed_no_cmd 0, network size: 0, avg network size: 0, si_in_serializable: 0 0 %, local: 0 %, local_access: 258656, local_cxl_access: 0 (0%), remote_access: 36975, remote_access_with_req: 0 (0%), data_move_in: 0, data_move_out: 0
I20260924 12:44:14.883061 1836585 Coordinator.h:310] commit: 29133 abort: 50 (0/50/0), persistence latency 0, txn latency 0, queued lock latency 0, lock latency 0, active_txns 0, n_failed_read_lock 0, n_failed_write_lock 0, n_failed_cmd_not_ready 0, n_failed_no_cmd 0, network size: 0, avg network size: 0, si_in_serializable: 0 0 %, local: 0 %, local_access: 254687, local_cxl_access: 0 (0%), remote_access: 36835, remote_access_with_req: 0 (0%), data_move_in: 0, data_move_out: 0
I20260924 12:44:15.883162 1836585 Coordinator.h:310] commit: 29435 abort: 114 (0/114/0), persistence latency 0, txn latency 0, queued lock latency 0, lock latency 0, active_txns 0, n_failed_read_lock 0, n_failed_write_lock 0, n_failed_cmd_not_ready 0, n_failed_no_cmd 0, network size: 0, avg network size: 0, si_in_serializable: 0 0 %, local: 0 %, local_access: 257966, local_cxl_access: 0 (0%), remote_access: 36947, remote_access_with_req: 0 (0%), data_move_in: 0, data_move_out: 0
I20260924 12:44:16.883307 1836585 Coordinator.h:310] commit: 29935 abort: 83 (0/83/0), persistence latency 0, txn latency 0, queued lock latency 0, lock latency 0, active_txns 0, n_failed_read_lock 0, n_failed_write_lock 0, n_failed_cmd_not_ready 0, n_failed_no_cmd 0, network size: 0, avg network size: 0, si_in_serializable: 0 0 %, local: 0 %, local_access: 262978, local_cxl_access: 0 (0%), remote_access: 36767, remote_access_with_req: 0 (0%), data_move_in: 0, data_move_out: 0
I20260924 12:44:17.883404 1836585 Coordinator.h:310] commit: 29752 abort: 65 (0/65/0), persistence latency 0, txn latency 0, queued lock latency 0, lock latency 0, active_txns 0, n_failed_read_lock 0, n_failed_write_lock 0, n_failed_cmd_not_ready 0, n_failed_no_cmd 0, network size: 0, avg network size: 0, si_in_serializable: 0 0 %, local: 0 %, local_access: 260676, local_cxl_access: 0 (0%), remote_access: 37148, remote_access_with_req: 0 (0%), data_move_in: 0, data_move_out: 0
I20260924 12:44:18.883497 1836585 Coordinator.h:310] commit: 29436 abort: 63 (0/63/0), persistence latency 0, txn latency 0, queued lock latency 0, lock latency 0, active_txns 0, n_failed_read_lock 0, n_failed_write_lock 0, n_failed_cmd_not_ready 0, n_failed_no_cmd 0, network size: 0, avg network size: 0, si_in_serializable: 0 0 %, local: 0 %, local_access: 257607, local_cxl_access: 0 (0%), remote_access: 37066, remote_access_with_req: 0 (0%), data_move_in: 0, data_move_out: 0
I20260924 12:44:19.883726 1836585 Coordinator.h:310] commit: 29726 abort: 68 (0/68/0), persistence latency 0, txn latency 0, queued lock latency 0, lock latency 0, active_txns 0, n_failed_read_lock 0, n_failed_write_lock 0, n_failed_cmd_not_ready 0, n_failed_no_cmd 0, network size: 0, avg network size: 0, si_in_serializable: 0 0 %, local: 0 %, local_access: 260539, local_cxl_access: 0 (0%), remote_access: 37052, remote_access_with_req: 0 (0%), data_move_in: 0, data_move_out: 0
I20260924 12:44:20.883844 1836585 Coordinator.h:310] commit: 29883 abort: 99 (0/99/0), persistence latency 0, txn latency 0, queued lock latency 0, lock latency 0, active_txns 0, n_failed_read_lock 0, n_failed_write_lock 0, n_failed_cmd_not_ready 0, n_failed_no_cmd 0, network size: 0, avg network size: 0, si_in_serializable: 0 0 %, local: 0 %, local_access: 262574, local_cxl_access: 0 (0%), remote_access: 36762, remote_access_with_req: 0 (0%), data_move_in: 0, data_move_out: 0
I20260924 12:44:21.883937 1836585 Coordinator.h:310] commit: 29514 abort: 67 (0/67/0), persistence latency 0, txn latency 0, queued lock latency 0, lock latency 0, active_txns 0, n_failed_read_lock 0, n_failed_write_lock 0, n_failed_cmd_not_ready 0, n_failed_no_cmd 0, network size: 0, avg network size: 0, si_in_serializable: 0 0 %, local: 0 %, local_access: 258152, local_cxl_access: 0 (0%), remote_access: 37321, remote_access_with_req: 0 (0%), data_move_in: 0, data_move_out: 0
I20260924 12:44:22.884156 1836585 Coordinator.h:310] commit: 29602 abort: 251 (0/251/0), persistence latency 0, txn latency 0, queued lock latency 0, lock latency 0, active_txns 0, n_failed_read_lock 0, n_failed_write_lock 0, n_failed_cmd_not_ready 0, n_failed_no_cmd 0, network size: 0, avg network size: 0, si_in_serializable: 0 0 %, local: 0 %, local_access: 260476, local_cxl_access: 0 (0%), remote_access: 36994, remote_access_with_req: 0 (0%), data_move_in: 0, data_move_out: 0
I20260924 12:44:23.884270 1836585 Coordinator.h:310] commit: 29647 abort: 64 (0/64/0), persistence latency 0, txn latency 0, queued lock latency 0, lock latency 0, active_txns 0, n_failed_read_lock 0, n_failed_write_lock 0, n_failed_cmd_not_ready 0, n_failed_no_cmd 0, network size: 0, avg network size: 0, si_in_serializable: 0 0 %, local: 0 %, local_access: 259648, local_cxl_access: 0 (0%), remote_access: 37148, remote_access_with_req: 0 (0%), data_move_in: 0, data_move_out: 0
I20260924 12:44:24.884368 1836585 Coordinator.h:310] commit: 30070 abort: 517 (0/517/0), persistence latency 0, txn latency 0, queued lock latency 0, lock latency 0, active_txns 0, n_failed_read_lock 0, n_failed_write_lock 0, n_failed_cmd_not_ready 0, n_failed_no_cmd 0, network size: 0, avg network size: 0, si_in_serializable: 0 0 %, local: 0 %, local_access: 268134, local_cxl_access: 0 (0%), remote_access: 37068, remote_access_with_req: 0 (0%), data_move_in: 0, data_move_out: 0
I20260924 12:44:25.884479 1836585 Coordinator.h:310] commit: 29840 abort: 72 (0/72/0), persistence latency 0, txn latency 0, queued lock latency 0, lock latency 0, active_txns 0, n_failed_read_lock 0, n_failed_write_lock 0, n_failed_cmd_not_ready 0, n_failed_no_cmd 0, network size: 0, avg network size: 0, si_in_serializable: 0 0 %, local: 0 %, local_access: 261284, local_cxl_access: 0 (0%), remote_access: 37461, remote_access_with_req: 0 (0%), data_move_in: 0, data_move_out: 0
I20260924 12:44:26.884572 1836585 Coordinator.h:310] commit: 29922 abort: 59 (0/59/0), persistence latency 0, txn latency 0, queued lock latency 0, lock latency 0, active_txns 0, n_failed_read_lock 0, n_failed_write_lock 0, n_failed_cmd_not_ready 0, n_failed_no_cmd 0, network size: 0, avg network size: 0, si_in_serializable: 0 0 %, local: 0 %, local_access: 262298, local_cxl_access: 0 (0%), remote_access: 37214, remote_access_with_req: 0 (0%), data_move_in: 0, data_move_out: 0
I20260924 12:44:27.884786 1836585 Coordinator.h:310] commit: 29955 abort: 114 (0/114/0), persistence latency 0, txn latency 0, queued lock latency 0, lock latency 0, active_txns 0, n_failed_read_lock 0, n_failed_write_lock 0, n_failed_cmd_not_ready 0, n_failed_no_cmd 0, network size: 0, avg network size: 0, si_in_serializable: 0 0 %, local: 0 %, local_access: 262718, local_cxl_access: 0 (0%), remote_access: 37434, remote_access_with_req: 0 (0%), data_move_in: 0, data_move_out: 0
I20260924 12:44:28.885006 1836585 Coordinator.h:310] commit: 29630 abort: 57 (0/57/0), persistence latency 0, txn latency 0, queued lock latency 0, lock latency 0, active_txns 0, n_failed_read_lock 0, n_failed_write_lock 0, n_failed_cmd_not_ready 0, n_failed_no_cmd 0, network size: 0, avg network size: 0, si_in_serializable: 0 0 %, local: 0 %, local_access: 259252, local_cxl_access: 0 (0%), remote_access: 37313, remote_access_with_req: 0 (0%), data_move_in: 0, data_move_out: 0
I20260924 12:44:29.885229 1836585 Coordinator.h:310] commit: 29860 abort: 76 (0/76/0), persistence latency 0, txn latency 0, queued lock latency 0, lock latency 0, active_txns 0, n_failed_read_lock 0, n_failed_write_lock 0, n_failed_cmd_not_ready 0, n_failed_no_cmd 0, network size: 0, avg network size: 0, si_in_serializable: 0 0 %, local: 0 %, local_access: 261839, local_cxl_access: 0 (0%), remote_access: 37142, remote_access_with_req: 0 (0%), data_move_in: 0, data_move_out: 0
I20260924 12:44:30.885326 1836585 Coordinator.h:310] commit: 29504 abort: 115 (0/115/0), persistence latency 0, txn latency 0, queued lock latency 0, lock latency 0, active_txns 0, n_failed_read_lock 0, n_failed_write_lock 0, n_failed_cmd_not_ready 0, n_failed_no_cmd 0, network size: 0, avg network size: 0, si_in_serializable: 0 0 %, local: 0 %, local_access: 258471, local_cxl_access: 0 (0%), remote_access: 37150, remote_access_with_req: 0 (0%), data_move_in: 0, data_move_out: 0
I20260924 12:44:31.885421 1836585 Coordinator.h:310] commit: 29982 abort: 81 (0/81/0), persistence latency 0, txn latency 0, queued lock latency 0, lock latency 0, active_txns 0, n_failed_read_lock 0, n_failed_write_lock 0, n_failed_cmd_not_ready 0, n_failed_no_cmd 0, network size: 0, avg network size: 0, si_in_serializable: 0 0 %, local: 0 %, local_access: 262950, local_cxl_access: 0 (0%), remote_access: 37309, remote_access_with_req: 0 (0%), data_move_in: 0, data_move_out: 0
I20260924 12:44:32.886601 1836585 Coordinator.h:310] commit: 29783 abort: 65 (0/65/0), persistence latency 0, txn latency 0, queued lock latency 0, lock latency 0, active_txns 0, n_failed_read_lock 0, n_failed_write_lock 0, n_failed_cmd_not_ready 0, n_failed_no_cmd 0, network size: 0, avg network size: 0, si_in_serializable: 0 0 %, local: 0 %, local_access: 261034, local_cxl_access: 0 (0%), remote_access: 37098, remote_access_with_req: 0 (0%), data_move_in: 0, data_move_out: 0
I20260924 12:44:33.887004 1836585 Coordinator.h:310] commit: 29700 abort: 90 (0/90/0), persistence latency 0, txn latency 0, queued lock latency 0, lock latency 0, active_txns 0, n_failed_read_lock 0, n_failed_write_lock 0, n_failed_cmd_not_ready 0, n_failed_no_cmd 0, network size: 0, avg network size: 0, si_in_serializable: 0 0 %, local: 0 %, local_access: 259910, local_cxl_access: 0 (0%), remote_access: 37507, remote_access_with_req: 0 (0%), data_move_in: 0, data_move_out: 0
I20260924 12:44:34.887101 1836585 Coordinator.h:310] commit: 30191 abort: 75 (0/75/0), persistence latency 0, txn latency 0, queued lock latency 0, lock latency 0, active_txns 0, n_failed_read_lock 0, n_failed_write_lock 0, n_failed_cmd_not_ready 0, n_failed_no_cmd 0, network size: 0, avg network size: 0, si_in_serializable: 0 0 %, local: 0 %, local_access: 265006, local_cxl_access: 0 (0%), remote_access: 37274, remote_access_with_req: 0 (0%), data_move_in: 0, data_move_out: 0
I20260924 12:44:35.887200 1836585 Coordinator.h:310] commit: 30012 abort: 45 (0/45/0), persistence latency 0, txn latency 0, queued lock latency 0, lock latency 0, active_txns 0, n_failed_read_lock 0, n_failed_write_lock 0, n_failed_cmd_not_ready 0, n_failed_no_cmd 0, network size: 0, avg network size: 0, si_in_serializable: 0 0 %, local: 0 %, local_access: 262935, local_cxl_access: 0 (0%), remote_access: 37372, remote_access_with_req: 0 (0%), data_move_in: 0, data_move_out: 0
I20260924 12:44:36.887333 1836585 Coordinator.h:310] commit: 29660 abort: 102 (0/102/0), persistence latency 0, txn latency 0, queued lock latency 0, lock latency 0, active_txns 0, n_failed_read_lock 0, n_failed_write_lock 0, n_failed_cmd_not_ready 0, n_failed_no_cmd 0, network size: 0, avg network size: 0, si_in_serializable: 0 0 %, local: 0 %, local_access: 259676, local_cxl_access: 0 (0%), remote_access: 37395, remote_access_with_req: 0 (0%), data_move_in: 0, data_move_out: 0
I20260924 12:44:37.887465 1836585 Coordinator.h:310] commit: 30052 abort: 89 (0/89/0), persistence latency 0, txn latency 0, queued lock latency 0, lock latency 0, active_txns 0, n_failed_read_lock 0, n_failed_write_lock 0, n_failed_cmd_not_ready 0, n_failed_no_cmd 0, network size: 0, avg network size: 0, si_in_serializable: 0 0 %, local: 0 %, local_access: 263492, local_cxl_access: 0 (0%), remote_access: 37418, remote_access_with_req: 0 (0%), data_move_in: 0, data_move_out: 0
I20260924 12:44:38.887558 1836585 Coordinator.h:310] commit: 30166 abort: 57 (0/57/0), persistence latency 0, txn latency 0, queued lock latency 0, lock latency 0, active_txns 0, n_failed_read_lock 0, n_failed_write_lock 0, n_failed_cmd_not_ready 0, n_failed_no_cmd 0, network size: 0, avg network size: 0, si_in_serializable: 0 0 %, local: 0 %, local_access: 264563, local_cxl_access: 0 (0%), remote_access: 37417, remote_access_with_req: 0 (0%), data_move_in: 0, data_move_out: 0
I20260924 12:44:39.887677 1836585 Coordinator.h:310] commit: 30070 abort: 75 (0/75/0), persistence latency 0, txn latency 0, queued lock latency 0, lock latency 0, active_txns 0, n_failed_read_lock 0, n_failed_write_lock 0, n_failed_cmd_not_ready 0, n_failed_no_cmd 0, network size: 0, avg network size: 0, si_in_serializable: 0 0 %, local: 0 %, local_access: 263835, local_cxl_access: 0 (0%), remote_access: 37246, remote_access_with_req: 0 (0%), data_move_in: 0, data_move_out: 0
I20260924 12:44:40.887894 1836585 Coordinator.h:310] commit: 29506 abort: 91 (0/91/0), persistence latency 0, txn latency 0, queued lock latency 0, lock latency 0, active_txns 0, n_failed_read_lock 0, n_failed_write_lock 0, n_failed_cmd_not_ready 0, n_failed_no_cmd 0, network size: 0, avg network size: 0, si_in_serializable: 0 0 %, local: 0 %, local_access: 258078, local_cxl_access: 0 (0%), remote_access: 37417, remote_access_with_req: 0 (0%), data_move_in: 0, data_move_out: 0
I20260924 12:44:41.888108 1836585 Coordinator.h:310] commit: 29921 abort: 72 (0/72/0), persistence latency 0, txn latency 0, queued lock latency 0, lock latency 0, active_txns 0, n_failed_read_lock 0, n_failed_write_lock 0, n_failed_cmd_not_ready 0, n_failed_no_cmd 0, network size: 0, avg network size: 0, si_in_serializable: 0 0 %, local: 0 %, local_access: 261912, local_cxl_access: 0 (0%), remote_access: 37689, remote_access_with_req: 0 (0%), data_move_in: 0, data_move_out: 0
I20260924 12:44:42.888327 1836585 Coordinator.h:310] commit: 29876 abort: 77 (0/77/0), persistence latency 0, txn latency 0, queued lock latency 0, lock latency 0, active_txns 0, n_failed_read_lock 0, n_failed_write_lock 0, n_failed_cmd_not_ready 0, n_failed_no_cmd 0, network size: 0, avg network size: 0, si_in_serializable: 0 0 %, local: 0 %, local_access: 261693, local_cxl_access: 0 (0%), remote_access: 37412, remote_access_with_req: 0 (0%), data_move_in: 0, data_move_out: 0
I20260924 12:44:43.888445 1836585 Coordinator.h:310] commit: 29971 abort: 84 (0/84/0), persistence latency 0, txn latency 0, queued lock latency 0, lock latency 0, active_txns 0, n_failed_read_lock 0, n_failed_write_lock 0, n_failed_cmd_not_ready 0, n_failed_no_cmd 0, network size: 0, avg network size: 0, si_in_serializable: 0 0 %, local: 0 %, local_access: 262740, local_cxl_access: 0 (0%), remote_access: 37415, remote_access_with_req: 0 (0%), data_move_in: 0, data_move_out: 0
I20260924 12:44:44.888672 1836585 Coordinator.h:310] commit: 29837 abort: 79 (0/79/0), persistence latency 0, txn latency 0, queued lock latency 0, lock latency 0, active_txns 0, n_failed_read_lock 0, n_failed_write_lock 0, n_failed_cmd_not_ready 0, n_failed_no_cmd 0, network size: 0, avg network size: 0, si_in_serializable: 0 0 %, local: 0 %, local_access: 261218, local_cxl_access: 0 (0%), remote_access: 37516, remote_access_with_req: 0 (0%), data_move_in: 0, data_move_out: 0
I20260924 12:44:45.888773 1836585 Coordinator.h:310] commit: 30426 abort: 71 (0/71/0), persistence latency 0, txn latency 0, queued lock latency 0, lock latency 0, active_txns 0, n_failed_read_lock 0, n_failed_write_lock 0, n_failed_cmd_not_ready 0, n_failed_no_cmd 0, network size: 0, avg network size: 0, si_in_serializable: 0 0 %, local: 0 %, local_access: 267166, local_cxl_access: 0 (0%), remote_access: 37515, remote_access_with_req: 0 (0%), data_move_in: 0, data_move_out: 0
I20260924 12:44:46.889004 1836585 Coordinator.h:310] commit: 30158 abort: 222 (0/222/0), persistence latency 0, txn latency 0, queued lock latency 0, lock latency 0, active_txns 0, n_failed_read_lock 0, n_failed_write_lock 0, n_failed_cmd_not_ready 0, n_failed_no_cmd 0, network size: 0, avg network size: 0, si_in_serializable: 0 0 %, local: 0 %, local_access: 265572, local_cxl_access: 0 (0%), remote_access: 37523, remote_access_with_req: 0 (0%), data_move_in: 0, data_move_out: 0
I20260924 12:44:47.889101 1836585 Coordinator.h:310] commit: 30308 abort: 109 (0/109/0), persistence latency 0, txn latency 0, queued lock latency 0, lock latency 0, active_txns 0, n_failed_read_lock 0, n_failed_write_lock 0, n_failed_cmd_not_ready 0, n_failed_no_cmd 0, network size: 0, avg network size: 0, si_in_serializable: 0 0 %, local: 0 %, local_access: 265968, local_cxl_access: 0 (0%), remote_access: 37628, remote_access_with_req: 0 (0%), data_move_in: 0, data_move_out: 0
I20260924 12:44:48.889319 1836585 Coordinator.h:310] commit: 30024 abort: 65 (0/65/0), persistence latency 0, txn latency 0, queued lock latency 0, lock latency 0, active_txns 0, n_failed_read_lock 0, n_failed_write_lock 0, n_failed_cmd_not_ready 0, n_failed_no_cmd 0, network size: 0, avg network size: 0, si_in_serializable: 0 0 %, local: 0 %, local_access: 262952, local_cxl_access: 0 (0%), remote_access: 37578, remote_access_with_req: 0 (0%), data_move_in: 0, data_move_out: 0
I20260924 12:44:49.889714 1836585 Coordinator.h:310] commit: 30487 abort: 65 (0/65/0), persistence latency 0, txn latency 0, queued lock latency 0, lock latency 0, active_txns 0, n_failed_read_lock 0, n_failed_write_lock 0, n_failed_cmd_not_ready 0, n_failed_no_cmd 0, network size: 0, avg network size: 0, si_in_serializable: 0 0 %, local: 0 %, local_access: 267479, local_cxl_access: 0 (0%), remote_access: 37760, remote_access_with_req: 0 (0%), data_move_in: 0, data_move_out: 0
I20260924 12:44:50.890620 1836585 Coordinator.h:310] commit: 30266 abort: 59 (0/59/0), persistence latency 0, txn latency 0, queued lock latency 0, lock latency 0, active_txns 0, n_failed_read_lock 0, n_failed_write_lock 0, n_failed_cmd_not_ready 0, n_failed_no_cmd 0, network size: 0, avg network size: 0, si_in_serializable: 0 0 %, local: 0 %, local_access: 265232, local_cxl_access: 0 (0%), remote_access: 37769, remote_access_with_req: 0 (0%), data_move_in: 0, data_move_out: 0
I20260924 12:44:51.890720 1836585 Coordinator.h:310] commit: 30375 abort: 107 (0/107/0), persistence latency 0, txn latency 0, queued lock latency 0, lock latency 0, active_txns 0, n_failed_read_lock 0, n_failed_write_lock 0, n_failed_cmd_not_ready 0, n_failed_no_cmd 0, network size: 0, avg network size: 0, si_in_serializable: 0 0 %, local: 0 %, local_access: 266438, local_cxl_access: 0 (0%), remote_access: 37852, remote_access_with_req: 0 (0%), data_move_in: 0, data_move_out: 0
I20260924 12:44:52.891188 1836585 Coordinator.h:310] commit: 30271 abort: 63 (0/63/0), persistence latency 0, txn latency 0, queued lock latency 0, lock latency 0, active_txns 0, n_failed_read_lock 0, n_failed_write_lock 0, n_failed_cmd_not_ready 0, n_failed_no_cmd 0, network size: 0, avg network size: 0, si_in_serializable: 0 0 %, local: 0 %, local_access: 265219, local_cxl_access: 0 (0%), remote_access: 37809, remote_access_with_req: 0 (0%), data_move_in: 0, data_move_out: 0
I20260924 12:44:53.891338 1836585 Coordinator.h:310] commit: 30565 abort: 85 (0/85/0), persistence latency 0, txn latency 0, queued lock latency 0, lock latency 0, active_txns 0, n_failed_read_lock 0, n_failed_write_lock 0, n_failed_cmd_not_ready 0, n_failed_no_cmd 0, network size: 0, avg network size: 0, si_in_serializable: 0 0 %, local: 0 %, local_access: 268231, local_cxl_access: 0 (0%), remote_access: 37867, remote_access_with_req: 0 (0%), data_move_in: 0, data_move_out: 0
I20260924 12:44:54.891464 1836585 Coordinator.h:310] commit: 29825 abort: 66 (0/66/0), persistence latency 0, txn latency 0, queued lock latency 0, lock latency 0, active_txns 0, n_failed_read_lock 0, n_failed_write_lock 0, n_failed_cmd_not_ready 0, n_failed_no_cmd 0, network size: 0, avg network size: 0, si_in_serializable: 0 0 %, local: 0 %, local_access: 260724, local_cxl_access: 0 (0%), remote_access: 37861, remote_access_with_req: 0 (0%), data_move_in: 0, data_move_out: 0
I20260924 12:44:55.891561 1836585 Coordinator.h:310] commit: 30565 abort: 49 (0/49/0), persistence latency 0, txn latency 0, queued lock latency 0, lock latency 0, active_txns 0, n_failed_read_lock 0, n_failed_write_lock 0, n_failed_cmd_not_ready 0, n_failed_no_cmd 0, network size: 0, avg network size: 0, si_in_serializable: 0 0 %, local: 0 %, local_access: 268095, local_cxl_access: 0 (0%), remote_access: 37826, remote_access_with_req: 0 (0%), data_move_in: 0, data_move_out: 0
I20260924 12:44:56.891655 1836585 Coordinator.h:310] commit: 30040 abort: 45 (0/45/0), persistence latency 0, txn latency 0, queued lock latency 0, lock latency 0, active_txns 0, n_failed_read_lock 0, n_failed_write_lock 0, n_failed_cmd_not_ready 0, n_failed_no_cmd 0, network size: 0, avg network size: 0, si_in_serializable: 0 0 %, local: 0 %, local_access: 262675, local_cxl_access: 0 (0%), remote_access: 37902, remote_access_with_req: 0 (0%), data_move_in: 0, data_move_out: 0
I20260924 12:44:57.891752 1836585 Coordinator.h:310] commit: 30546 abort: 74 (0/74/0), persistence latency 0, txn latency 0, queued lock latency 0, lock latency 0, active_txns 0, n_failed_read_lock 0, n_failed_write_lock 0, n_failed_cmd_not_ready 0, n_failed_no_cmd 0, network size: 0, avg network size: 0, si_in_serializable: 0 0 %, local: 0 %, local_access: 267807, local_cxl_access: 0 (0%), remote_access: 38006, remote_access_with_req: 0 (0%), data_move_in: 0, data_move_out: 0
I20260924 12:44:58.891848 1836585 Coordinator.h:310] commit: 30402 abort: 99 (0/99/0), persistence latency 0, txn latency 0, queued lock latency 0, lock latency 0, active_txns 0, n_failed_read_lock 0, n_failed_write_lock 0, n_failed_cmd_not_ready 0, n_failed_no_cmd 0, network size: 0, avg network size: 0, si_in_serializable: 0 0 %, local: 0 %, local_access: 266621, local_cxl_access: 0 (0%), remote_access: 37862, remote_access_with_req: 0 (0%), data_move_in: 0, data_move_out: 0
I20260924 12:44:58.891875 1836585 Coordinator.h:348] average commit: 30078.3 abort: 81.7333 (0/81.7333/0), abort_rate: 0.00270999, network size: 0, avg network size: 0, si_in_serializable: 0 0 %, local: 0 %, local_access: 7909531, local_cxl_access: 0 (0%), remote_access: 1126535, remote_access_with_req: 0 (0%), data_move_in: 0, data_move_out: 0
I20260924 12:44:58.891901 1836585 Executor.h:236] Worker 0 latency: 18 us (50%) 234 us (75%) 281 us (95%) 1006 us (99%). dist txn latency: 259 us (50%) 273 us (75%) 929 us (95%) 1136 us (99%)  avg 329 us . local txn latency: 12 us (50%) 20 us (75%) 95 us (95%) 140 us (99%)  avg 23 us. txn commit latency: 18 us (50%) 175 us (75%) 282 us (95%) 982 us (99%) avg 99 us.
 LOCAL txn stall 0 us,  local_work 19 us,  remote_work 0 us,  commit_work 0 us,  commit_prepare 0 us,  commit_persistence 0 us,  commit_write_back 0 us,  commit_replication 0 us,  commit_release_lock 0 us 
 DIST txn stall 0 us,  local_work 317 us,  remote_work 0 us,  commit_work 8 us,  commit_prepare 0 us,  commit_persistence 0 us,  commit_write_back 0 us,  commit_replication 0 us,  commit_release_lock 6 us 
I20260924 12:44:58.895630 1836585 Executor.h:267] message stats, type: 0 count: 0 total size: 0
I20260924 12:44:58.895638 1836585 Executor.h:267] message stats, type: 1 count: 0 total size: 0
I20260924 12:44:58.895642 1836585 Executor.h:267] message stats, type: 2 count: 0 total size: 0
I20260924 12:44:58.895645 1836585 Executor.h:267] message stats, type: 3 count: 0 total size: 0
I20260924 12:44:58.895649 1836585 Executor.h:267] message stats, type: 4 count: 0 total size: 0
I20260924 12:44:58.895653 1836585 Executor.h:267] message stats, type: 5 count: 0 total size: 0
I20260924 12:44:58.895656 1836585 Executor.h:267] message stats, type: 6 count: 0 total size: 0
I20260924 12:44:58.895660 1836585 Executor.h:267] message stats, type: 7 count: 0 total size: 0
I20260924 12:44:58.895663 1836585 Executor.h:267] message stats, type: 8 count: 0 total size: 0
I20260924 12:44:58.895668 1836585 Executor.h:267] message stats, type: 9 count: 0 total size: 0
I20260924 12:44:58.895670 1836585 Executor.h:267] message stats, type: 10 count: 0 total size: 0
I20260924 12:44:58.895674 1836585 Executor.h:267] message stats, type: 11 count: 0 total size: 0
I20260924 12:44:58.898891 1836637 Manager.h:234] Manager(worker id = 3) on the non-coordinator node exits.
I20260924 12:44:58.898886 1836634 Executor.h:231] Executor 0 exits.
I20260924 12:44:58.898886 1836636 Executor.h:231] Executor 2 exits.
I20260924 12:44:58.898886 1836635 Executor.h:231] Executor 1 exits.
I20260924 12:44:58.901084 1836585 Executor.h:236] Worker 1 latency: 18 us (50%) 236 us (75%) 284 us (95%) 992 us (99%). dist txn latency: 259 us (50%) 274 us (75%) 908 us (95%) 1130 us (99%)  avg 329 us . local txn latency: 12 us (50%) 20 us (75%) 96 us (95%) 142 us (99%)  avg 23 us. txn commit latency: 18 us (50%) 235 us (75%) 281 us (95%) 971 us (99%) avg 99 us.
 LOCAL txn stall 0 us,  local_work 19 us,  remote_work 0 us,  commit_work 0 us,  commit_prepare 0 us,  commit_persistence 0 us,  commit_write_back 0 us,  commit_replication 0 us,  commit_release_lock 0 us 
 DIST txn stall 0 us,  local_work 315 us,  remote_work 0 us,  commit_work 8 us,  commit_prepare 0 us,  commit_persistence 0 us,  commit_write_back 0 us,  commit_replication 0 us,  commit_release_lock 6 us 
I20260924 12:44:58.904716 1836585 Executor.h:236] Worker 2 latency: 16 us (50%) 150 us (75%) 281 us (95%) 969 us (99%). dist txn latency: 252 us (50%) 266 us (75%) 913 us (95%) 1133 us (99%)  avg 326 us . local txn latency: 10 us (50%) 17 us (75%) 96 us (95%) 136 us (99%)  avg 21 us. txn commit latency: 16 us (50%) 163 us (75%) 282 us (95%) 975 us (99%) avg 96 us.
 LOCAL txn stall 0 us,  local_work 18 us,  remote_work 0 us,  commit_work 0 us,  commit_prepare 0 us,  commit_persistence 0 us,  commit_write_back 0 us,  commit_replication 0 us,  commit_release_lock 0 us 
 DIST txn stall 0 us,  local_work 315 us,  remote_work 0 us,  commit_work 8 us,  commit_prepare 0 us,  commit_persistence 0 us,  commit_write_back 0 us,  commit_replication 0 us,  commit_release_lock 6 us 
I20260924 12:44:58.908561 1836585 CXLMemory.h:227] local CXL memory usage: size_index_usage: 0 size_metadata_usage: 0 size_data_usage: 0 size_transport_usage: 0 size_misc_usage: 0 total_size_hw_cc_usage: 0 total_usage: 0
I20260924 12:44:58.908607 1836633 Dispatcher.h:261] Handling coordinator message took 5
I20260924 12:44:59.908663 1836633 Dispatcher.h:292] Outgoing Dispatcher exits, network size: 252. msg_send_latency(50th) 0 msg_send_latency(75th) 0 msg_send_latency(95th) 0 msg_send_latency(99th) 0 msg_send_latency(avg) 0 msg_gen_to_sent_latency(50th) 0 msg_gen_to_sent_latency(75th) 0 msg_gen_to_sent_latency(95th) 0 msg_gen_to_sent_latency(99th) 0 msg_gen_to_queue_latency(50th) 0 msg_gen_to_queue_latency(75th) 0 msg_gen_to_queue_latency(95th) 0 msg_gen_to_queue_latency(99th) 0 msg_disp_ltc(50th) 0 msg_disp_ltc(75th) 0 msg_disp_ltc(95th) 0 msg_disp_ltc(99th) 0 msg_disp_ltc(100th) 0 send_ltc(50th) 0 send_ltc(75th) 0 send_ltc(95th) 0 send_ltc(99th) 0 send_ltc(100th) 0 send_ltc(avg) 0 sendto_cnt 3 network_size 252 network_msg_cnt 2 network_msg_group_size avg 0 50th 0 internal_network_size 0 internal_network_msg_cnt 0
I20260924 12:44:59.909524 1836632 Dispatcher.h:160] Incoming Dispatcher exits, network size: 132. socket_message_recv_latency(50th) 90 socket_message_recv_latency(75th) 90 socket_message_recv_latency(95th) 90 socket_message_recv_latency(99th) 90 internal_message_recv_latency(50th) 0 socket_message_recv_cnt 1 socket_read_syscall 0 internal_message_recv_cnt 0
I20260924 12:45:02.285272 1836585 Coordinator.h:420] Coordinator exits.
TIGON_RUN_END run_id=cmp_952_y_rw95_c25_r2 host_id=1 status=ok exit_code=0
