TIGON_RUN_META system=ub workload=ycsb run_id=cmp_001_y_rw95_c0_r1 host_id=1 repetition=1 mode=one-sided query=rmw transport=ubq partitions=2 workers=3 keys=300000 rw_ratio=95 zipf=0.7 cross_ratio=0 neworder_dist= payment_dist= warmup_seconds=5 run_seconds=10 total_seconds=15 logging=off
I20260924 11:21:42.930830 1805052 bench_ycsb.cpp:68] RW_RATIO = 95, ZIPF_THETA = 0.7, CROSS_RATIO = 0
I20260924 11:21:42.930927 1805052 bench_ycsb.cpp:69] checkpoint 0 to 
I20260924 11:21:42.930933 1805052 bench_ycsb.cpp:70] cross_part_num 2
I20260924 11:21:42.930936 1805052 bench_ycsb.cpp:71] lotus_sp_parallel_exec_commit 0
I20260924 11:21:42.930939 1805052 bench_ycsb.cpp:72] granules_per_partition 1
I20260924 11:21:42.930943 1805052 bench_ycsb.cpp:73] keysPerGranule 300000
I20260924 11:21:43.416868 1805052 UBMemory.cpp:138] UB memory initialized: local_region=1 regions=2 mode=one-sided bytes_per_region=2147483648
I20260924 11:21:45.892766 1805052 Database.h:82] ycsb initialization finished in 2475 milliseconds.
I20260924 11:21:45.893416 1805052 Coordinator.h:459] Coordinator 1 initializes UB inbox with 4096 entries of 8192 bytes
I20260924 11:21:45.893472 1805052 Coordinator.h:100] WAL Group Commiting off. Log to file _non_group_commit.txt using Blackhole Logger
I20260924 11:21:45.893481 1805052 Coordinator.h:104] Coordinator initializes 3 workers.
I20260924 11:21:45.895608 1805084 Coordinator.h:505] Listener 0 on coordinator 1 listening on 76.53.137.99:10010 tcp_no_delay 1 tcp_quick_ack 0
I20260924 11:21:45.895995 1805052 Coordinator.h:551] Coordinator 1 failed to connect 0(76.53.137.98:10010)'s listener 0, retry in 5 seconds.
I20260924 11:21:45.980698 1805084 Socket.h:69] Disabling nagle
I20260924 11:21:45.980726 1805084 Coordinator.h:520] Listener accepted connection from coordinator 0
I20260924 11:21:45.980731 1805084 Coordinator.h:523] Listener 0 on coordinator 1 exits.
I20260924 11:21:50.896588 1805052 Socket.h:69] Disabling nagle
I20260924 11:21:50.896622 1805052 Coordinator.h:560] Coordinator 1 connected to 0
I20260924 11:21:50.896647 1805052 Coordinator.h:572] Coordinator 1 connected to all peers.
I20260924 11:21:50.896657 1805052 Dispatcher.h:41] IncomingDispatcher 0 coord_id 1
I20260924 11:21:50.896674 1805052 Dispatcher.h:234] OutgoingDispatcher 0 coord_id 1
I20260924 11:21:50.896750 1805052 Coordinator.h:669] pinned thread to core 0
I20260924 11:21:50.896797 1805052 Coordinator.h:669] pinned thread to core 1
I20260924 11:21:50.896808 1805052 Coordinator.h:219] Coordinator starts to run 4 workers.
I20260924 11:21:50.896837 1805052 Coordinator.h:669] pinned thread to core 2
I20260924 11:21:50.896907 1805052 Coordinator.h:669] pinned thread to core 3
I20260924 11:21:50.896963 1805099 Executor.h:79] Executor 0 starts.
I20260924 11:21:50.896970 1805052 Coordinator.h:669] pinned thread to core 4
I20260924 11:21:50.896986 1805100 Executor.h:79] Executor 1 starts.
I20260924 11:21:50.896986 1805097 Dispatcher.h:63] Incoming Dispatcher started, numCoordinators = 2, numWorkers = 3, group id = 0, coordinator = 1
I20260924 11:21:50.896986 1805098 Dispatcher.h:246] Outgoing Dispatcher started, numCoordinators = 2, numWorkers = 4, group id = 0
I20260924 11:21:50.897389 1805102 Manager.h:232] Manager(worker id = 3) on the non-coordinator node started.
I20260924 11:21:50.897006 1805101 Executor.h:79] Executor 2 starts.
I20260924 11:21:51.897414 1805052 Coordinator.h:310] commit: 163717 abort: 440 (0/440/0), persistence latency 0, txn latency 0, queued lock latency 0, lock latency 0, active_txns 0, n_failed_read_lock 0, n_failed_write_lock 0, n_failed_cmd_not_ready 0, n_failed_no_cmd 0, network size: 0, avg network size: 0, si_in_serializable: 0 0 %, local: 0 %, local_access: 1639416, local_cxl_access: 0 (0%), remote_access: 0, remote_access_with_req: 0 (nan%), data_move_in: 0, data_move_out: 0
I20260924 11:21:52.899451 1805052 Coordinator.h:310] commit: 165959 abort: 450 (0/450/0), persistence latency 0, txn latency 0, queued lock latency 0, lock latency 0, active_txns 0, n_failed_read_lock 0, n_failed_write_lock 0, n_failed_cmd_not_ready 0, n_failed_no_cmd 0, network size: 0, avg network size: 0, si_in_serializable: 0 0 %, local: 0 %, local_access: 1661861, local_cxl_access: 0 (0%), remote_access: 0, remote_access_with_req: 0 (nan%), data_move_in: 0, data_move_out: 0
I20260924 11:21:53.899555 1805052 Coordinator.h:310] commit: 165533 abort: 462 (0/462/0), persistence latency 0, txn latency 0, queued lock latency 0, lock latency 0, active_txns 0, n_failed_read_lock 0, n_failed_write_lock 0, n_failed_cmd_not_ready 0, n_failed_no_cmd 0, network size: 0, avg network size: 0, si_in_serializable: 0 0 %, local: 0 %, local_access: 1657702, local_cxl_access: 0 (0%), remote_access: 0, remote_access_with_req: 0 (nan%), data_move_in: 0, data_move_out: 0
I20260924 11:21:54.899784 1805052 Coordinator.h:310] commit: 165248 abort: 461 (0/461/0), persistence latency 0, txn latency 0, queued lock latency 0, lock latency 0, active_txns 0, n_failed_read_lock 0, n_failed_write_lock 0, n_failed_cmd_not_ready 0, n_failed_no_cmd 0, network size: 0, avg network size: 0, si_in_serializable: 0 0 %, local: 0 %, local_access: 1654756, local_cxl_access: 0 (0%), remote_access: 0, remote_access_with_req: 0 (nan%), data_move_in: 0, data_move_out: 0
I20260924 11:21:55.899911 1805052 Coordinator.h:310] commit: 165886 abort: 447 (0/447/0), persistence latency 0, txn latency 0, queued lock latency 0, lock latency 0, active_txns 0, n_failed_read_lock 0, n_failed_write_lock 0, n_failed_cmd_not_ready 0, n_failed_no_cmd 0, network size: 0, avg network size: 0, si_in_serializable: 0 0 %, local: 0 %, local_access: 1661105, local_cxl_access: 0 (0%), remote_access: 0, remote_access_with_req: 0 (nan%), data_move_in: 0, data_move_out: 0
I20260924 11:21:56.900135 1805052 Coordinator.h:310] commit: 165644 abort: 429 (0/429/0), persistence latency 0, txn latency 0, queued lock latency 0, lock latency 0, active_txns 0, n_failed_read_lock 0, n_failed_write_lock 0, n_failed_cmd_not_ready 0, n_failed_no_cmd 0, network size: 0, avg network size: 0, si_in_serializable: 0 0 %, local: 0 %, local_access: 1658824, local_cxl_access: 0 (0%), remote_access: 0, remote_access_with_req: 0 (nan%), data_move_in: 0, data_move_out: 0
I20260924 11:21:57.900358 1805052 Coordinator.h:310] commit: 171102 abort: 451 (0/451/0), persistence latency 0, txn latency 0, queued lock latency 0, lock latency 0, active_txns 0, n_failed_read_lock 0, n_failed_write_lock 0, n_failed_cmd_not_ready 0, n_failed_no_cmd 0, network size: 0, avg network size: 0, si_in_serializable: 0 0 %, local: 0 %, local_access: 1713347, local_cxl_access: 0 (0%), remote_access: 0, remote_access_with_req: 0 (nan%), data_move_in: 0, data_move_out: 0
I20260924 11:21:58.900578 1805052 Coordinator.h:310] commit: 171185 abort: 487 (0/487/0), persistence latency 0, txn latency 0, queued lock latency 0, lock latency 0, active_txns 0, n_failed_read_lock 0, n_failed_write_lock 0, n_failed_cmd_not_ready 0, n_failed_no_cmd 0, network size: 0, avg network size: 0, si_in_serializable: 0 0 %, local: 0 %, local_access: 1714283, local_cxl_access: 0 (0%), remote_access: 0, remote_access_with_req: 0 (nan%), data_move_in: 0, data_move_out: 0
I20260924 11:21:59.900796 1805052 Coordinator.h:310] commit: 170359 abort: 473 (0/473/0), persistence latency 0, txn latency 0, queued lock latency 0, lock latency 0, active_txns 0, n_failed_read_lock 0, n_failed_write_lock 0, n_failed_cmd_not_ready 0, n_failed_no_cmd 0, network size: 0, avg network size: 0, si_in_serializable: 0 0 %, local: 0 %, local_access: 1706024, local_cxl_access: 0 (0%), remote_access: 0, remote_access_with_req: 0 (nan%), data_move_in: 0, data_move_out: 0
I20260924 11:22:00.901015 1805052 Coordinator.h:310] commit: 170200 abort: 452 (0/452/0), persistence latency 0, txn latency 0, queued lock latency 0, lock latency 0, active_txns 0, n_failed_read_lock 0, n_failed_write_lock 0, n_failed_cmd_not_ready 0, n_failed_no_cmd 0, network size: 0, avg network size: 0, si_in_serializable: 0 0 %, local: 0 %, local_access: 1704307, local_cxl_access: 0 (0%), remote_access: 0, remote_access_with_req: 0 (nan%), data_move_in: 0, data_move_out: 0
I20260924 11:22:01.901240 1805052 Coordinator.h:310] commit: 169876 abort: 463 (0/463/0), persistence latency 0, txn latency 0, queued lock latency 0, lock latency 0, active_txns 0, n_failed_read_lock 0, n_failed_write_lock 0, n_failed_cmd_not_ready 0, n_failed_no_cmd 0, network size: 0, avg network size: 0, si_in_serializable: 0 0 %, local: 0 %, local_access: 1701209, local_cxl_access: 0 (0%), remote_access: 0, remote_access_with_req: 0 (nan%), data_move_in: 0, data_move_out: 0
I20260924 11:22:02.901471 1805052 Coordinator.h:310] commit: 167000 abort: 468 (0/468/0), persistence latency 0, txn latency 0, queued lock latency 0, lock latency 0, active_txns 0, n_failed_read_lock 0, n_failed_write_lock 0, n_failed_cmd_not_ready 0, n_failed_no_cmd 0, network size: 0, avg network size: 0, si_in_serializable: 0 0 %, local: 0 %, local_access: 1672420, local_cxl_access: 0 (0%), remote_access: 0, remote_access_with_req: 0 (nan%), data_move_in: 0, data_move_out: 0
I20260924 11:22:03.902698 1805052 Coordinator.h:310] commit: 165149 abort: 487 (0/487/0), persistence latency 0, txn latency 0, queued lock latency 0, lock latency 0, active_txns 0, n_failed_read_lock 0, n_failed_write_lock 0, n_failed_cmd_not_ready 0, n_failed_no_cmd 0, network size: 0, avg network size: 0, si_in_serializable: 0 0 %, local: 0 %, local_access: 1654017, local_cxl_access: 0 (0%), remote_access: 0, remote_access_with_req: 0 (nan%), data_move_in: 0, data_move_out: 0
I20260924 11:22:04.902945 1805052 Coordinator.h:310] commit: 164600 abort: 455 (0/455/0), persistence latency 0, txn latency 0, queued lock latency 0, lock latency 0, active_txns 0, n_failed_read_lock 0, n_failed_write_lock 0, n_failed_cmd_not_ready 0, n_failed_no_cmd 0, network size: 0, avg network size: 0, si_in_serializable: 0 0 %, local: 0 %, local_access: 1648303, local_cxl_access: 0 (0%), remote_access: 0, remote_access_with_req: 0 (nan%), data_move_in: 0, data_move_out: 0
I20260924 11:22:05.903049 1805052 Coordinator.h:310] commit: 164939 abort: 457 (0/457/0), persistence latency 0, txn latency 0, queued lock latency 0, lock latency 0, active_txns 0, n_failed_read_lock 0, n_failed_write_lock 0, n_failed_cmd_not_ready 0, n_failed_no_cmd 0, network size: 0, avg network size: 0, si_in_serializable: 0 0 %, local: 0 %, local_access: 1651726, local_cxl_access: 0 (0%), remote_access: 0, remote_access_with_req: 0 (nan%), data_move_in: 0, data_move_out: 0
I20260924 11:22:05.903079 1805052 Coordinator.h:348] average commit: 168005 abort: 462.2 (0/462.2/0), abort_rate: 0.00274355, network size: 0, avg network size: 0, si_in_serializable: 0 0 %, local: 0 %, local_access: 16824460, local_cxl_access: 0 (0%), remote_access: 0, remote_access_with_req: 0 (nan%), data_move_in: 0, data_move_out: 0
I20260924 11:22:05.903105 1805052 Executor.h:236] Worker 0 latency: 11 us (50%) 18 us (75%) 54 us (95%) 109 us (99%). dist txn latency: 0 us (50%) 0 us (75%) 0 us (95%) 0 us (99%)  avg 0 us . local txn latency: 11 us (50%) 18 us (75%) 55 us (95%) 109 us (99%)  avg 18 us. txn commit latency: 10 us (50%) 18 us (75%) 55 us (95%) 109 us (99%) avg 17 us.
 LOCAL txn stall 0 us,  local_work 14 us,  remote_work 0 us,  commit_work 0 us,  commit_prepare 0 us,  commit_persistence 0 us,  commit_write_back 0 us,  commit_replication 0 us,  commit_release_lock 0 us 
 DIST txn stall 0 us,  local_work 0 us,  remote_work 0 us,  commit_work 0 us,  commit_prepare 0 us,  commit_persistence 0 us,  commit_write_back 0 us,  commit_replication 0 us,  commit_release_lock 0 us 
I20260924 11:22:05.908057 1805052 Executor.h:267] message stats, type: 0 count: 0 total size: 0
I20260924 11:22:05.908066 1805052 Executor.h:267] message stats, type: 1 count: 0 total size: 0
I20260924 11:22:05.908068 1805052 Executor.h:267] message stats, type: 2 count: 0 total size: 0
I20260924 11:22:05.908072 1805052 Executor.h:267] message stats, type: 3 count: 0 total size: 0
I20260924 11:22:05.908077 1805052 Executor.h:267] message stats, type: 4 count: 0 total size: 0
I20260924 11:22:05.908079 1805052 Executor.h:267] message stats, type: 5 count: 0 total size: 0
I20260924 11:22:05.908083 1805052 Executor.h:267] message stats, type: 6 count: 0 total size: 0
I20260924 11:22:05.908087 1805052 Executor.h:267] message stats, type: 7 count: 0 total size: 0
I20260924 11:22:05.908090 1805052 Executor.h:267] message stats, type: 8 count: 0 total size: 0
I20260924 11:22:05.908094 1805052 Executor.h:267] message stats, type: 9 count: 0 total size: 0
I20260924 11:22:05.908097 1805052 Executor.h:267] message stats, type: 10 count: 0 total size: 0
I20260924 11:22:05.908102 1805052 Executor.h:267] message stats, type: 11 count: 0 total size: 0
I20260924 11:22:05.918424 1805099 Executor.h:231] Executor 0 exits.
I20260924 11:22:05.918434 1805100 Executor.h:231] Executor 1 exits.
I20260924 11:22:05.918462 1805102 Manager.h:234] Manager(worker id = 3) on the non-coordinator node exits.
I20260924 11:22:05.918424 1805101 Executor.h:231] Executor 2 exits.
I20260924 11:22:05.921084 1805052 Executor.h:236] Worker 1 latency: 11 us (50%) 19 us (75%) 55 us (95%) 109 us (99%). dist txn latency: 0 us (50%) 0 us (75%) 0 us (95%) 0 us (99%)  avg 0 us . local txn latency: 11 us (50%) 19 us (75%) 56 us (95%) 110 us (99%)  avg 18 us. txn commit latency: 10 us (50%) 18 us (75%) 55 us (95%) 109 us (99%) avg 17 us.
 LOCAL txn stall 0 us,  local_work 14 us,  remote_work 0 us,  commit_work 0 us,  commit_prepare 0 us,  commit_persistence 0 us,  commit_write_back 0 us,  commit_replication 0 us,  commit_release_lock 0 us 
 DIST txn stall 0 us,  local_work 0 us,  remote_work 0 us,  commit_work 0 us,  commit_prepare 0 us,  commit_persistence 0 us,  commit_write_back 0 us,  commit_replication 0 us,  commit_release_lock 0 us 
I20260924 11:22:05.926059 1805052 Executor.h:236] Worker 2 latency: 10 us (50%) 16 us (75%) 36 us (95%) 103 us (99%). dist txn latency: 0 us (50%) 0 us (75%) 0 us (95%) 0 us (99%)  avg 0 us . local txn latency: 10 us (50%) 16 us (75%) 41 us (95%) 105 us (99%)  avg 15 us. txn commit latency: 10 us (50%) 16 us (75%) 42 us (95%) 105 us (99%) avg 15 us.
 LOCAL txn stall 0 us,  local_work 12 us,  remote_work 0 us,  commit_work 0 us,  commit_prepare 0 us,  commit_persistence 0 us,  commit_write_back 0 us,  commit_replication 0 us,  commit_release_lock 0 us 
 DIST txn stall 0 us,  local_work 0 us,  remote_work 0 us,  commit_work 0 us,  commit_prepare 0 us,  commit_persistence 0 us,  commit_write_back 0 us,  commit_replication 0 us,  commit_release_lock 0 us 
I20260924 11:22:05.932294 1805052 CXLMemory.h:227] local CXL memory usage: size_index_usage: 0 size_metadata_usage: 0 size_data_usage: 0 size_transport_usage: 0 size_misc_usage: 0 total_size_hw_cc_usage: 0 total_usage: 0
I20260924 11:22:05.932319 1805098 Dispatcher.h:261] Handling coordinator message took 6
I20260924 11:22:06.932528 1805098 Dispatcher.h:292] Outgoing Dispatcher exits, network size: 252. msg_send_latency(50th) 0 msg_send_latency(75th) 0 msg_send_latency(95th) 0 msg_send_latency(99th) 0 msg_send_latency(avg) 0 msg_gen_to_sent_latency(50th) 0 msg_gen_to_sent_latency(75th) 0 msg_gen_to_sent_latency(95th) 0 msg_gen_to_sent_latency(99th) 0 msg_gen_to_queue_latency(50th) 0 msg_gen_to_queue_latency(75th) 0 msg_gen_to_queue_latency(95th) 0 msg_gen_to_queue_latency(99th) 0 msg_disp_ltc(50th) 0 msg_disp_ltc(75th) 0 msg_disp_ltc(95th) 0 msg_disp_ltc(99th) 0 msg_disp_ltc(100th) 0 send_ltc(50th) 0 send_ltc(75th) 0 send_ltc(95th) 0 send_ltc(99th) 0 send_ltc(100th) 0 send_ltc(avg) 0 sendto_cnt 3 network_size 252 network_msg_cnt 2 network_msg_group_size avg 1 50th 2 internal_network_size 0 internal_network_msg_cnt 0
I20260924 11:22:06.932528 1805097 Dispatcher.h:160] Incoming Dispatcher exits, network size: 132. socket_message_recv_latency(50th) 0 socket_message_recv_latency(75th) 0 socket_message_recv_latency(95th) 0 socket_message_recv_latency(99th) 0 internal_message_recv_latency(50th) 0 socket_message_recv_cnt 0 socket_read_syscall 0 internal_message_recv_cnt 0
I20260924 11:22:09.480715 1805052 Coordinator.h:420] Coordinator exits.
TIGON_RUN_END run_id=cmp_001_y_rw95_c0_r1 host_id=1 status=ok exit_code=0
