TIGON_RUN_META system=ub workload=ycsb run_id=cmp_951_y_rw95_c0_r2 host_id=1 repetition=2 mode=one-sided query=rmw transport=ubq partitions=2 workers=3 keys=300000 rw_ratio=95 zipf=0.7 cross_ratio=0 neworder_dist= payment_dist= warmup_seconds=30 run_seconds=30 total_seconds=60 logging=off
I20260924 11:54:32.233196 1817865 bench_ycsb.cpp:68] RW_RATIO = 95, ZIPF_THETA = 0.7, CROSS_RATIO = 0
I20260924 11:54:32.233299 1817865 bench_ycsb.cpp:69] checkpoint 0 to 
I20260924 11:54:32.233307 1817865 bench_ycsb.cpp:70] cross_part_num 2
I20260924 11:54:32.233311 1817865 bench_ycsb.cpp:71] lotus_sp_parallel_exec_commit 0
I20260924 11:54:32.233316 1817865 bench_ycsb.cpp:72] granules_per_partition 1
I20260924 11:54:32.233320 1817865 bench_ycsb.cpp:73] keysPerGranule 300000
[2026-09-24 11:54:32.741 +08:00][ERROR][1817865][281473260310560][shm_ipc_command.cpp:183] IpcCallShmMap response error : 800
[2026-09-24 11:54:32.741 +08:00][ERROR][1817865][281473260310560][RackMemShm.cpp:322] Failed to mmap, name=ua1c28eda_one-sided_rmw_ubq_0, mapSize=2147483648, ret=800
[2026-09-24 11:54:32.741 +08:00][ERROR][1817865][281473260310560][mxmem_shmem.cpp:473] Failed to mmap shared memory, ret=800
[2026-09-24 11:54:32.844 +08:00][ERROR][1817865][281473260310560][shm_ipc_command.cpp:183] IpcCallShmMap response error : 800
[2026-09-24 11:54:32.844 +08:00][ERROR][1817865][281473260310560][RackMemShm.cpp:322] Failed to mmap, name=ua1c28eda_one-sided_rmw_ubq_0, mapSize=2147483648, ret=800
[2026-09-24 11:54:32.844 +08:00][ERROR][1817865][281473260310560][mxmem_shmem.cpp:473] Failed to mmap shared memory, ret=800
I20260924 11:54:32.996301 1817865 UBMemory.cpp:138] UB memory initialized: local_region=1 regions=2 mode=one-sided bytes_per_region=2147483648
I20260924 11:54:35.400862 1817865 Database.h:82] ycsb initialization finished in 2404 milliseconds.
I20260924 11:54:35.402788 1817865 Coordinator.h:459] Coordinator 1 initializes UB inbox with 4096 entries of 8192 bytes
I20260924 11:54:35.402868 1817865 Coordinator.h:100] WAL Group Commiting off. Log to file _non_group_commit.txt using Blackhole Logger
I20260924 11:54:35.402874 1817865 Coordinator.h:104] Coordinator initializes 3 workers.
I20260924 11:54:35.403403 1817911 Coordinator.h:505] Listener 0 on coordinator 1 listening on 76.53.137.99:10010 tcp_no_delay 1 tcp_quick_ack 0
I20260924 11:54:35.404299 1817865 Coordinator.h:551] Coordinator 1 failed to connect 0(76.53.137.98:10010)'s listener 0, retry in 5 seconds.
I20260924 11:54:35.532976 1817911 Socket.h:69] Disabling nagle
I20260924 11:54:35.533010 1817911 Coordinator.h:520] Listener accepted connection from coordinator 0
I20260924 11:54:35.533015 1817911 Coordinator.h:523] Listener 0 on coordinator 1 exits.
I20260924 11:54:40.405025 1817865 Socket.h:69] Disabling nagle
I20260924 11:54:40.405053 1817865 Coordinator.h:560] Coordinator 1 connected to 0
I20260924 11:54:40.405081 1817865 Coordinator.h:572] Coordinator 1 connected to all peers.
I20260924 11:54:40.405090 1817865 Dispatcher.h:41] IncomingDispatcher 0 coord_id 1
I20260924 11:54:40.405104 1817865 Dispatcher.h:234] OutgoingDispatcher 0 coord_id 1
I20260924 11:54:40.405169 1817865 Coordinator.h:669] pinned thread to core 0
I20260924 11:54:40.405198 1817936 Dispatcher.h:63] Incoming Dispatcher started, numCoordinators = 2, numWorkers = 3, group id = 0, coordinator = 1
I20260924 11:54:40.405215 1817865 Coordinator.h:669] pinned thread to core 1
I20260924 11:54:40.405316 1817865 Coordinator.h:219] Coordinator starts to run 4 workers.
I20260924 11:54:40.405318 1817937 Dispatcher.h:246] Outgoing Dispatcher started, numCoordinators = 2, numWorkers = 4, group id = 0
I20260924 11:54:40.405356 1817865 Coordinator.h:669] pinned thread to core 2
I20260924 11:54:40.405515 1817938 Executor.h:79] Executor 0 starts.
I20260924 11:54:40.407202 1817865 Coordinator.h:669] pinned thread to core 3
I20260924 11:54:40.407258 1817939 Executor.h:79] Executor 1 starts.
I20260924 11:54:40.407724 1817940 Executor.h:79] Executor 2 starts.
I20260924 11:54:40.407282 1817865 Coordinator.h:669] pinned thread to core 4
I20260924 11:54:40.408352 1817941 Manager.h:232] Manager(worker id = 3) on the non-coordinator node started.
I20260924 11:54:41.408273 1817865 Coordinator.h:310] commit: 165547 abort: 449 (0/449/0), persistence latency 0, txn latency 0, queued lock latency 0, lock latency 0, active_txns 0, n_failed_read_lock 0, n_failed_write_lock 0, n_failed_cmd_not_ready 0, n_failed_no_cmd 0, network size: 0, avg network size: 0, si_in_serializable: 0 0 %, local: 0 %, local_access: 1657646, local_cxl_access: 0 (0%), remote_access: 0, remote_access_with_req: 0 (nan%), data_move_in: 0, data_move_out: 0
I20260924 11:54:42.408504 1817865 Coordinator.h:310] commit: 166674 abort: 385 (0/385/0), persistence latency 0, txn latency 0, queued lock latency 0, lock latency 0, active_txns 0, n_failed_read_lock 0, n_failed_write_lock 0, n_failed_cmd_not_ready 0, n_failed_no_cmd 0, network size: 0, avg network size: 0, si_in_serializable: 0 0 %, local: 0 %, local_access: 1668697, local_cxl_access: 0 (0%), remote_access: 0, remote_access_with_req: 0 (nan%), data_move_in: 0, data_move_out: 0
I20260924 11:54:43.408597 1817865 Coordinator.h:310] commit: 167236 abort: 439 (0/439/0), persistence latency 0, txn latency 0, queued lock latency 0, lock latency 0, active_txns 0, n_failed_read_lock 0, n_failed_write_lock 0, n_failed_cmd_not_ready 0, n_failed_no_cmd 0, network size: 0, avg network size: 0, si_in_serializable: 0 0 %, local: 0 %, local_access: 1674553, local_cxl_access: 0 (0%), remote_access: 0, remote_access_with_req: 0 (nan%), data_move_in: 0, data_move_out: 0
I20260924 11:54:44.408702 1817865 Coordinator.h:310] commit: 166268 abort: 490 (0/490/0), persistence latency 0, txn latency 0, queued lock latency 0, lock latency 0, active_txns 0, n_failed_read_lock 0, n_failed_write_lock 0, n_failed_cmd_not_ready 0, n_failed_no_cmd 0, network size: 0, avg network size: 0, si_in_serializable: 0 0 %, local: 0 %, local_access: 1665061, local_cxl_access: 0 (0%), remote_access: 0, remote_access_with_req: 0 (nan%), data_move_in: 0, data_move_out: 0
I20260924 11:54:45.408823 1817865 Coordinator.h:310] commit: 167868 abort: 455 (0/455/0), persistence latency 0, txn latency 0, queued lock latency 0, lock latency 0, active_txns 0, n_failed_read_lock 0, n_failed_write_lock 0, n_failed_cmd_not_ready 0, n_failed_no_cmd 0, network size: 0, avg network size: 0, si_in_serializable: 0 0 %, local: 0 %, local_access: 1680917, local_cxl_access: 0 (0%), remote_access: 0, remote_access_with_req: 0 (nan%), data_move_in: 0, data_move_out: 0
I20260924 11:54:46.408936 1817865 Coordinator.h:310] commit: 166893 abort: 451 (0/451/0), persistence latency 0, txn latency 0, queued lock latency 0, lock latency 0, active_txns 0, n_failed_read_lock 0, n_failed_write_lock 0, n_failed_cmd_not_ready 0, n_failed_no_cmd 0, network size: 0, avg network size: 0, si_in_serializable: 0 0 %, local: 0 %, local_access: 1671312, local_cxl_access: 0 (0%), remote_access: 0, remote_access_with_req: 0 (nan%), data_move_in: 0, data_move_out: 0
I20260924 11:54:47.409158 1817865 Coordinator.h:310] commit: 167320 abort: 458 (0/458/0), persistence latency 0, txn latency 0, queued lock latency 0, lock latency 0, active_txns 0, n_failed_read_lock 0, n_failed_write_lock 0, n_failed_cmd_not_ready 0, n_failed_no_cmd 0, network size: 0, avg network size: 0, si_in_serializable: 0 0 %, local: 0 %, local_access: 1675502, local_cxl_access: 0 (0%), remote_access: 0, remote_access_with_req: 0 (nan%), data_move_in: 0, data_move_out: 0
I20260924 11:54:48.409379 1817865 Coordinator.h:310] commit: 167133 abort: 442 (0/442/0), persistence latency 0, txn latency 0, queued lock latency 0, lock latency 0, active_txns 0, n_failed_read_lock 0, n_failed_write_lock 0, n_failed_cmd_not_ready 0, n_failed_no_cmd 0, network size: 0, avg network size: 0, si_in_serializable: 0 0 %, local: 0 %, local_access: 1673609, local_cxl_access: 0 (0%), remote_access: 0, remote_access_with_req: 0 (nan%), data_move_in: 0, data_move_out: 0
I20260924 11:54:49.409736 1817865 Coordinator.h:310] commit: 167540 abort: 446 (0/446/0), persistence latency 0, txn latency 0, queued lock latency 0, lock latency 0, active_txns 0, n_failed_read_lock 0, n_failed_write_lock 0, n_failed_cmd_not_ready 0, n_failed_no_cmd 0, network size: 0, avg network size: 0, si_in_serializable: 0 0 %, local: 0 %, local_access: 1677678, local_cxl_access: 0 (0%), remote_access: 0, remote_access_with_req: 0 (nan%), data_move_in: 0, data_move_out: 0
I20260924 11:54:50.410781 1817865 Coordinator.h:310] commit: 166695 abort: 458 (0/458/0), persistence latency 0, txn latency 0, queued lock latency 0, lock latency 0, active_txns 0, n_failed_read_lock 0, n_failed_write_lock 0, n_failed_cmd_not_ready 0, n_failed_no_cmd 0, network size: 0, avg network size: 0, si_in_serializable: 0 0 %, local: 0 %, local_access: 1669129, local_cxl_access: 0 (0%), remote_access: 0, remote_access_with_req: 0 (nan%), data_move_in: 0, data_move_out: 0
I20260924 11:54:51.410876 1817865 Coordinator.h:310] commit: 168241 abort: 434 (0/434/0), persistence latency 0, txn latency 0, queued lock latency 0, lock latency 0, active_txns 0, n_failed_read_lock 0, n_failed_write_lock 0, n_failed_cmd_not_ready 0, n_failed_no_cmd 0, network size: 0, avg network size: 0, si_in_serializable: 0 0 %, local: 0 %, local_access: 1684539, local_cxl_access: 0 (0%), remote_access: 0, remote_access_with_req: 0 (nan%), data_move_in: 0, data_move_out: 0
I20260924 11:54:52.410969 1817865 Coordinator.h:310] commit: 166808 abort: 453 (0/453/0), persistence latency 0, txn latency 0, queued lock latency 0, lock latency 0, active_txns 0, n_failed_read_lock 0, n_failed_write_lock 0, n_failed_cmd_not_ready 0, n_failed_no_cmd 0, network size: 0, avg network size: 0, si_in_serializable: 0 0 %, local: 0 %, local_access: 1670477, local_cxl_access: 0 (0%), remote_access: 0, remote_access_with_req: 0 (nan%), data_move_in: 0, data_move_out: 0
I20260924 11:54:53.411064 1817865 Coordinator.h:310] commit: 167744 abort: 439 (0/439/0), persistence latency 0, txn latency 0, queued lock latency 0, lock latency 0, active_txns 0, n_failed_read_lock 0, n_failed_write_lock 0, n_failed_cmd_not_ready 0, n_failed_no_cmd 0, network size: 0, avg network size: 0, si_in_serializable: 0 0 %, local: 0 %, local_access: 1679630, local_cxl_access: 0 (0%), remote_access: 0, remote_access_with_req: 0 (nan%), data_move_in: 0, data_move_out: 0
I20260924 11:54:54.411574 1817865 Coordinator.h:310] commit: 166560 abort: 484 (0/484/0), persistence latency 0, txn latency 0, queued lock latency 0, lock latency 0, active_txns 0, n_failed_read_lock 0, n_failed_write_lock 0, n_failed_cmd_not_ready 0, n_failed_no_cmd 0, network size: 0, avg network size: 0, si_in_serializable: 0 0 %, local: 0 %, local_access: 1668095, local_cxl_access: 0 (0%), remote_access: 0, remote_access_with_req: 0 (nan%), data_move_in: 0, data_move_out: 0
I20260924 11:54:55.411808 1817865 Coordinator.h:310] commit: 167056 abort: 452 (0/452/0), persistence latency 0, txn latency 0, queued lock latency 0, lock latency 0, active_txns 0, n_failed_read_lock 0, n_failed_write_lock 0, n_failed_cmd_not_ready 0, n_failed_no_cmd 0, network size: 0, avg network size: 0, si_in_serializable: 0 0 %, local: 0 %, local_access: 1672835, local_cxl_access: 0 (0%), remote_access: 0, remote_access_with_req: 0 (nan%), data_move_in: 0, data_move_out: 0
I20260924 11:54:56.411901 1817865 Coordinator.h:310] commit: 166319 abort: 450 (0/450/0), persistence latency 0, txn latency 0, queued lock latency 0, lock latency 0, active_txns 0, n_failed_read_lock 0, n_failed_write_lock 0, n_failed_cmd_not_ready 0, n_failed_no_cmd 0, network size: 0, avg network size: 0, si_in_serializable: 0 0 %, local: 0 %, local_access: 1665582, local_cxl_access: 0 (0%), remote_access: 0, remote_access_with_req: 0 (nan%), data_move_in: 0, data_move_out: 0
I20260924 11:54:57.412025 1817865 Coordinator.h:310] commit: 167377 abort: 434 (0/434/0), persistence latency 0, txn latency 0, queued lock latency 0, lock latency 0, active_txns 0, n_failed_read_lock 0, n_failed_write_lock 0, n_failed_cmd_not_ready 0, n_failed_no_cmd 0, network size: 0, avg network size: 0, si_in_serializable: 0 0 %, local: 0 %, local_access: 1676009, local_cxl_access: 0 (0%), remote_access: 0, remote_access_with_req: 0 (nan%), data_move_in: 0, data_move_out: 0
I20260924 11:54:58.412122 1817865 Coordinator.h:310] commit: 166629 abort: 435 (0/435/0), persistence latency 0, txn latency 0, queued lock latency 0, lock latency 0, active_txns 0, n_failed_read_lock 0, n_failed_write_lock 0, n_failed_cmd_not_ready 0, n_failed_no_cmd 0, network size: 0, avg network size: 0, si_in_serializable: 0 0 %, local: 0 %, local_access: 1668529, local_cxl_access: 0 (0%), remote_access: 0, remote_access_with_req: 0 (nan%), data_move_in: 0, data_move_out: 0
I20260924 11:54:59.412345 1817865 Coordinator.h:310] commit: 167114 abort: 454 (0/454/0), persistence latency 0, txn latency 0, queued lock latency 0, lock latency 0, active_txns 0, n_failed_read_lock 0, n_failed_write_lock 0, n_failed_cmd_not_ready 0, n_failed_no_cmd 0, network size: 0, avg network size: 0, si_in_serializable: 0 0 %, local: 0 %, local_access: 1673486, local_cxl_access: 0 (0%), remote_access: 0, remote_access_with_req: 0 (nan%), data_move_in: 0, data_move_out: 0
I20260924 11:55:00.412565 1817865 Coordinator.h:310] commit: 166608 abort: 439 (0/439/0), persistence latency 0, txn latency 0, queued lock latency 0, lock latency 0, active_txns 0, n_failed_read_lock 0, n_failed_write_lock 0, n_failed_cmd_not_ready 0, n_failed_no_cmd 0, network size: 0, avg network size: 0, si_in_serializable: 0 0 %, local: 0 %, local_access: 1668344, local_cxl_access: 0 (0%), remote_access: 0, remote_access_with_req: 0 (nan%), data_move_in: 0, data_move_out: 0
I20260924 11:55:01.412784 1817865 Coordinator.h:310] commit: 167910 abort: 432 (0/432/0), persistence latency 0, txn latency 0, queued lock latency 0, lock latency 0, active_txns 0, n_failed_read_lock 0, n_failed_write_lock 0, n_failed_cmd_not_ready 0, n_failed_no_cmd 0, network size: 0, avg network size: 0, si_in_serializable: 0 0 %, local: 0 %, local_access: 1681351, local_cxl_access: 0 (0%), remote_access: 0, remote_access_with_req: 0 (nan%), data_move_in: 0, data_move_out: 0
I20260924 11:55:02.413004 1817865 Coordinator.h:310] commit: 166852 abort: 449 (0/449/0), persistence latency 0, txn latency 0, queued lock latency 0, lock latency 0, active_txns 0, n_failed_read_lock 0, n_failed_write_lock 0, n_failed_cmd_not_ready 0, n_failed_no_cmd 0, network size: 0, avg network size: 0, si_in_serializable: 0 0 %, local: 0 %, local_access: 1670815, local_cxl_access: 0 (0%), remote_access: 0, remote_access_with_req: 0 (nan%), data_move_in: 0, data_move_out: 0
I20260924 11:55:03.413247 1817865 Coordinator.h:310] commit: 167524 abort: 396 (0/396/0), persistence latency 0, txn latency 0, queued lock latency 0, lock latency 0, active_txns 0, n_failed_read_lock 0, n_failed_write_lock 0, n_failed_cmd_not_ready 0, n_failed_no_cmd 0, network size: 0, avg network size: 0, si_in_serializable: 0 0 %, local: 0 %, local_access: 1677282, local_cxl_access: 0 (0%), remote_access: 0, remote_access_with_req: 0 (nan%), data_move_in: 0, data_move_out: 0
I20260924 11:55:04.413506 1817865 Coordinator.h:310] commit: 165844 abort: 456 (0/456/0), persistence latency 0, txn latency 0, queued lock latency 0, lock latency 0, active_txns 0, n_failed_read_lock 0, n_failed_write_lock 0, n_failed_cmd_not_ready 0, n_failed_no_cmd 0, network size: 0, avg network size: 0, si_in_serializable: 0 0 %, local: 0 %, local_access: 1660812, local_cxl_access: 0 (0%), remote_access: 0, remote_access_with_req: 0 (nan%), data_move_in: 0, data_move_out: 0
I20260924 11:55:05.414688 1817865 Coordinator.h:310] commit: 166276 abort: 463 (0/463/0), persistence latency 0, txn latency 0, queued lock latency 0, lock latency 0, active_txns 0, n_failed_read_lock 0, n_failed_write_lock 0, n_failed_cmd_not_ready 0, n_failed_no_cmd 0, network size: 0, avg network size: 0, si_in_serializable: 0 0 %, local: 0 %, local_access: 1665053, local_cxl_access: 0 (0%), remote_access: 0, remote_access_with_req: 0 (nan%), data_move_in: 0, data_move_out: 0
I20260924 11:55:06.415380 1817865 Coordinator.h:310] commit: 165734 abort: 483 (0/483/0), persistence latency 0, txn latency 0, queued lock latency 0, lock latency 0, active_txns 0, n_failed_read_lock 0, n_failed_write_lock 0, n_failed_cmd_not_ready 0, n_failed_no_cmd 0, network size: 0, avg network size: 0, si_in_serializable: 0 0 %, local: 0 %, local_access: 1659784, local_cxl_access: 0 (0%), remote_access: 0, remote_access_with_req: 0 (nan%), data_move_in: 0, data_move_out: 0
I20260924 11:55:07.415488 1817865 Coordinator.h:310] commit: 167064 abort: 453 (0/453/0), persistence latency 0, txn latency 0, queued lock latency 0, lock latency 0, active_txns 0, n_failed_read_lock 0, n_failed_write_lock 0, n_failed_cmd_not_ready 0, n_failed_no_cmd 0, network size: 0, avg network size: 0, si_in_serializable: 0 0 %, local: 0 %, local_access: 1672978, local_cxl_access: 0 (0%), remote_access: 0, remote_access_with_req: 0 (nan%), data_move_in: 0, data_move_out: 0
I20260924 11:55:08.415616 1817865 Coordinator.h:310] commit: 165886 abort: 449 (0/449/0), persistence latency 0, txn latency 0, queued lock latency 0, lock latency 0, active_txns 0, n_failed_read_lock 0, n_failed_write_lock 0, n_failed_cmd_not_ready 0, n_failed_no_cmd 0, network size: 0, avg network size: 0, si_in_serializable: 0 0 %, local: 0 %, local_access: 1661175, local_cxl_access: 0 (0%), remote_access: 0, remote_access_with_req: 0 (nan%), data_move_in: 0, data_move_out: 0
I20260924 11:55:09.415714 1817865 Coordinator.h:310] commit: 166791 abort: 505 (0/505/0), persistence latency 0, txn latency 0, queued lock latency 0, lock latency 0, active_txns 0, n_failed_read_lock 0, n_failed_write_lock 0, n_failed_cmd_not_ready 0, n_failed_no_cmd 0, network size: 0, avg network size: 0, si_in_serializable: 0 0 %, local: 0 %, local_access: 1670497, local_cxl_access: 0 (0%), remote_access: 0, remote_access_with_req: 0 (nan%), data_move_in: 0, data_move_out: 0
I20260924 11:55:10.415951 1817865 Coordinator.h:310] commit: 166148 abort: 458 (0/458/0), persistence latency 0, txn latency 0, queued lock latency 0, lock latency 0, active_txns 0, n_failed_read_lock 0, n_failed_write_lock 0, n_failed_cmd_not_ready 0, n_failed_no_cmd 0, network size: 0, avg network size: 0, si_in_serializable: 0 0 %, local: 0 %, local_access: 1663732, local_cxl_access: 0 (0%), remote_access: 0, remote_access_with_req: 0 (nan%), data_move_in: 0, data_move_out: 0
I20260924 11:55:11.416087 1817865 Coordinator.h:310] commit: 166343 abort: 509 (0/509/0), persistence latency 0, txn latency 0, queued lock latency 0, lock latency 0, active_txns 0, n_failed_read_lock 0, n_failed_write_lock 0, n_failed_cmd_not_ready 0, n_failed_no_cmd 0, network size: 0, avg network size: 0, si_in_serializable: 0 0 %, local: 0 %, local_access: 1666085, local_cxl_access: 0 (0%), remote_access: 0, remote_access_with_req: 0 (nan%), data_move_in: 0, data_move_out: 0
I20260924 11:55:12.416206 1817865 Coordinator.h:310] commit: 165250 abort: 442 (0/442/0), persistence latency 0, txn latency 0, queued lock latency 0, lock latency 0, active_txns 0, n_failed_read_lock 0, n_failed_write_lock 0, n_failed_cmd_not_ready 0, n_failed_no_cmd 0, network size: 0, avg network size: 0, si_in_serializable: 0 0 %, local: 0 %, local_access: 1654742, local_cxl_access: 0 (0%), remote_access: 0, remote_access_with_req: 0 (nan%), data_move_in: 0, data_move_out: 0
I20260924 11:55:13.416435 1817865 Coordinator.h:310] commit: 166797 abort: 438 (0/438/0), persistence latency 0, txn latency 0, queued lock latency 0, lock latency 0, active_txns 0, n_failed_read_lock 0, n_failed_write_lock 0, n_failed_cmd_not_ready 0, n_failed_no_cmd 0, network size: 0, avg network size: 0, si_in_serializable: 0 0 %, local: 0 %, local_access: 1670239, local_cxl_access: 0 (0%), remote_access: 0, remote_access_with_req: 0 (nan%), data_move_in: 0, data_move_out: 0
I20260924 11:55:14.416664 1817865 Coordinator.h:310] commit: 165610 abort: 441 (0/441/0), persistence latency 0, txn latency 0, queued lock latency 0, lock latency 0, active_txns 0, n_failed_read_lock 0, n_failed_write_lock 0, n_failed_cmd_not_ready 0, n_failed_no_cmd 0, network size: 0, avg network size: 0, si_in_serializable: 0 0 %, local: 0 %, local_access: 1658353, local_cxl_access: 0 (0%), remote_access: 0, remote_access_with_req: 0 (nan%), data_move_in: 0, data_move_out: 0
I20260924 11:55:15.416762 1817865 Coordinator.h:310] commit: 166494 abort: 458 (0/458/0), persistence latency 0, txn latency 0, queued lock latency 0, lock latency 0, active_txns 0, n_failed_read_lock 0, n_failed_write_lock 0, n_failed_cmd_not_ready 0, n_failed_no_cmd 0, network size: 0, avg network size: 0, si_in_serializable: 0 0 %, local: 0 %, local_access: 1667288, local_cxl_access: 0 (0%), remote_access: 0, remote_access_with_req: 0 (nan%), data_move_in: 0, data_move_out: 0
I20260924 11:55:16.416985 1817865 Coordinator.h:310] commit: 165560 abort: 471 (0/471/0), persistence latency 0, txn latency 0, queued lock latency 0, lock latency 0, active_txns 0, n_failed_read_lock 0, n_failed_write_lock 0, n_failed_cmd_not_ready 0, n_failed_no_cmd 0, network size: 0, avg network size: 0, si_in_serializable: 0 0 %, local: 0 %, local_access: 1657979, local_cxl_access: 0 (0%), remote_access: 0, remote_access_with_req: 0 (nan%), data_move_in: 0, data_move_out: 0
I20260924 11:55:17.417207 1817865 Coordinator.h:310] commit: 166305 abort: 470 (0/470/0), persistence latency 0, txn latency 0, queued lock latency 0, lock latency 0, active_txns 0, n_failed_read_lock 0, n_failed_write_lock 0, n_failed_cmd_not_ready 0, n_failed_no_cmd 0, network size: 0, avg network size: 0, si_in_serializable: 0 0 %, local: 0 %, local_access: 1665556, local_cxl_access: 0 (0%), remote_access: 0, remote_access_with_req: 0 (nan%), data_move_in: 0, data_move_out: 0
I20260924 11:55:18.417430 1817865 Coordinator.h:310] commit: 165636 abort: 485 (0/485/0), persistence latency 0, txn latency 0, queued lock latency 0, lock latency 0, active_txns 0, n_failed_read_lock 0, n_failed_write_lock 0, n_failed_cmd_not_ready 0, n_failed_no_cmd 0, network size: 0, avg network size: 0, si_in_serializable: 0 0 %, local: 0 %, local_access: 1658825, local_cxl_access: 0 (0%), remote_access: 0, remote_access_with_req: 0 (nan%), data_move_in: 0, data_move_out: 0
I20260924 11:55:19.418642 1817865 Coordinator.h:310] commit: 166284 abort: 464 (0/464/0), persistence latency 0, txn latency 0, queued lock latency 0, lock latency 0, active_txns 0, n_failed_read_lock 0, n_failed_write_lock 0, n_failed_cmd_not_ready 0, n_failed_no_cmd 0, network size: 0, avg network size: 0, si_in_serializable: 0 0 %, local: 0 %, local_access: 1665207, local_cxl_access: 0 (0%), remote_access: 0, remote_access_with_req: 0 (nan%), data_move_in: 0, data_move_out: 0
I20260924 11:55:20.418738 1817865 Coordinator.h:310] commit: 165181 abort: 434 (0/434/0), persistence latency 0, txn latency 0, queued lock latency 0, lock latency 0, active_txns 0, n_failed_read_lock 0, n_failed_write_lock 0, n_failed_cmd_not_ready 0, n_failed_no_cmd 0, network size: 0, avg network size: 0, si_in_serializable: 0 0 %, local: 0 %, local_access: 1654003, local_cxl_access: 0 (0%), remote_access: 0, remote_access_with_req: 0 (nan%), data_move_in: 0, data_move_out: 0
I20260924 11:55:21.418963 1817865 Coordinator.h:310] commit: 166174 abort: 420 (0/420/0), persistence latency 0, txn latency 0, queued lock latency 0, lock latency 0, active_txns 0, n_failed_read_lock 0, n_failed_write_lock 0, n_failed_cmd_not_ready 0, n_failed_no_cmd 0, network size: 0, avg network size: 0, si_in_serializable: 0 0 %, local: 0 %, local_access: 1663918, local_cxl_access: 0 (0%), remote_access: 0, remote_access_with_req: 0 (nan%), data_move_in: 0, data_move_out: 0
I20260924 11:55:22.419059 1817865 Coordinator.h:310] commit: 165854 abort: 448 (0/448/0), persistence latency 0, txn latency 0, queued lock latency 0, lock latency 0, active_txns 0, n_failed_read_lock 0, n_failed_write_lock 0, n_failed_cmd_not_ready 0, n_failed_no_cmd 0, network size: 0, avg network size: 0, si_in_serializable: 0 0 %, local: 0 %, local_access: 1660813, local_cxl_access: 0 (0%), remote_access: 0, remote_access_with_req: 0 (nan%), data_move_in: 0, data_move_out: 0
I20260924 11:55:23.419154 1817865 Coordinator.h:310] commit: 164969 abort: 399 (0/399/0), persistence latency 0, txn latency 0, queued lock latency 0, lock latency 0, active_txns 0, n_failed_read_lock 0, n_failed_write_lock 0, n_failed_cmd_not_ready 0, n_failed_no_cmd 0, network size: 0, avg network size: 0, si_in_serializable: 0 0 %, local: 0 %, local_access: 1651769, local_cxl_access: 0 (0%), remote_access: 0, remote_access_with_req: 0 (nan%), data_move_in: 0, data_move_out: 0
I20260924 11:55:24.419287 1817865 Coordinator.h:310] commit: 164119 abort: 427 (0/427/0), persistence latency 0, txn latency 0, queued lock latency 0, lock latency 0, active_txns 0, n_failed_read_lock 0, n_failed_write_lock 0, n_failed_cmd_not_ready 0, n_failed_no_cmd 0, network size: 0, avg network size: 0, si_in_serializable: 0 0 %, local: 0 %, local_access: 1643417, local_cxl_access: 0 (0%), remote_access: 0, remote_access_with_req: 0 (nan%), data_move_in: 0, data_move_out: 0
I20260924 11:55:25.419384 1817865 Coordinator.h:310] commit: 166654 abort: 423 (0/423/0), persistence latency 0, txn latency 0, queued lock latency 0, lock latency 0, active_txns 0, n_failed_read_lock 0, n_failed_write_lock 0, n_failed_cmd_not_ready 0, n_failed_no_cmd 0, network size: 0, avg network size: 0, si_in_serializable: 0 0 %, local: 0 %, local_access: 1668768, local_cxl_access: 0 (0%), remote_access: 0, remote_access_with_req: 0 (nan%), data_move_in: 0, data_move_out: 0
I20260924 11:55:26.419607 1817865 Coordinator.h:310] commit: 165263 abort: 489 (0/489/0), persistence latency 0, txn latency 0, queued lock latency 0, lock latency 0, active_txns 0, n_failed_read_lock 0, n_failed_write_lock 0, n_failed_cmd_not_ready 0, n_failed_no_cmd 0, network size: 0, avg network size: 0, si_in_serializable: 0 0 %, local: 0 %, local_access: 1655191, local_cxl_access: 0 (0%), remote_access: 0, remote_access_with_req: 0 (nan%), data_move_in: 0, data_move_out: 0
I20260924 11:55:27.419706 1817865 Coordinator.h:310] commit: 166559 abort: 455 (0/455/0), persistence latency 0, txn latency 0, queued lock latency 0, lock latency 0, active_txns 0, n_failed_read_lock 0, n_failed_write_lock 0, n_failed_cmd_not_ready 0, n_failed_no_cmd 0, network size: 0, avg network size: 0, si_in_serializable: 0 0 %, local: 0 %, local_access: 1667930, local_cxl_access: 0 (0%), remote_access: 0, remote_access_with_req: 0 (nan%), data_move_in: 0, data_move_out: 0
I20260924 11:55:28.419936 1817865 Coordinator.h:310] commit: 165592 abort: 460 (0/460/0), persistence latency 0, txn latency 0, queued lock latency 0, lock latency 0, active_txns 0, n_failed_read_lock 0, n_failed_write_lock 0, n_failed_cmd_not_ready 0, n_failed_no_cmd 0, network size: 0, avg network size: 0, si_in_serializable: 0 0 %, local: 0 %, local_access: 1658256, local_cxl_access: 0 (0%), remote_access: 0, remote_access_with_req: 0 (nan%), data_move_in: 0, data_move_out: 0
I20260924 11:55:29.420153 1817865 Coordinator.h:310] commit: 166529 abort: 475 (0/475/0), persistence latency 0, txn latency 0, queued lock latency 0, lock latency 0, active_txns 0, n_failed_read_lock 0, n_failed_write_lock 0, n_failed_cmd_not_ready 0, n_failed_no_cmd 0, network size: 0, avg network size: 0, si_in_serializable: 0 0 %, local: 0 %, local_access: 1667779, local_cxl_access: 0 (0%), remote_access: 0, remote_access_with_req: 0 (nan%), data_move_in: 0, data_move_out: 0
I20260924 11:55:30.420266 1817865 Coordinator.h:310] commit: 165237 abort: 438 (0/438/0), persistence latency 0, txn latency 0, queued lock latency 0, lock latency 0, active_txns 0, n_failed_read_lock 0, n_failed_write_lock 0, n_failed_cmd_not_ready 0, n_failed_no_cmd 0, network size: 0, avg network size: 0, si_in_serializable: 0 0 %, local: 0 %, local_access: 1654553, local_cxl_access: 0 (0%), remote_access: 0, remote_access_with_req: 0 (nan%), data_move_in: 0, data_move_out: 0
I20260924 11:55:31.420485 1817865 Coordinator.h:310] commit: 166553 abort: 421 (0/421/0), persistence latency 0, txn latency 0, queued lock latency 0, lock latency 0, active_txns 0, n_failed_read_lock 0, n_failed_write_lock 0, n_failed_cmd_not_ready 0, n_failed_no_cmd 0, network size: 0, avg network size: 0, si_in_serializable: 0 0 %, local: 0 %, local_access: 1667661, local_cxl_access: 0 (0%), remote_access: 0, remote_access_with_req: 0 (nan%), data_move_in: 0, data_move_out: 0
I20260924 11:55:32.420706 1817865 Coordinator.h:310] commit: 165535 abort: 407 (0/407/0), persistence latency 0, txn latency 0, queued lock latency 0, lock latency 0, active_txns 0, n_failed_read_lock 0, n_failed_write_lock 0, n_failed_cmd_not_ready 0, n_failed_no_cmd 0, network size: 0, avg network size: 0, si_in_serializable: 0 0 %, local: 0 %, local_access: 1657477, local_cxl_access: 0 (0%), remote_access: 0, remote_access_with_req: 0 (nan%), data_move_in: 0, data_move_out: 0
I20260924 11:55:33.420920 1817865 Coordinator.h:310] commit: 165951 abort: 424 (0/424/0), persistence latency 0, txn latency 0, queued lock latency 0, lock latency 0, active_txns 0, n_failed_read_lock 0, n_failed_write_lock 0, n_failed_cmd_not_ready 0, n_failed_no_cmd 0, network size: 0, avg network size: 0, si_in_serializable: 0 0 %, local: 0 %, local_access: 1661723, local_cxl_access: 0 (0%), remote_access: 0, remote_access_with_req: 0 (nan%), data_move_in: 0, data_move_out: 0
I20260924 11:55:34.421017 1817865 Coordinator.h:310] commit: 165196 abort: 401 (0/401/0), persistence latency 0, txn latency 0, queued lock latency 0, lock latency 0, active_txns 0, n_failed_read_lock 0, n_failed_write_lock 0, n_failed_cmd_not_ready 0, n_failed_no_cmd 0, network size: 0, avg network size: 0, si_in_serializable: 0 0 %, local: 0 %, local_access: 1653862, local_cxl_access: 0 (0%), remote_access: 0, remote_access_with_req: 0 (nan%), data_move_in: 0, data_move_out: 0
I20260924 11:55:35.421234 1817865 Coordinator.h:310] commit: 166666 abort: 469 (0/469/0), persistence latency 0, txn latency 0, queued lock latency 0, lock latency 0, active_txns 0, n_failed_read_lock 0, n_failed_write_lock 0, n_failed_cmd_not_ready 0, n_failed_no_cmd 0, network size: 0, avg network size: 0, si_in_serializable: 0 0 %, local: 0 %, local_access: 1669078, local_cxl_access: 0 (0%), remote_access: 0, remote_access_with_req: 0 (nan%), data_move_in: 0, data_move_out: 0
I20260924 11:55:36.421458 1817865 Coordinator.h:310] commit: 165832 abort: 409 (0/409/0), persistence latency 0, txn latency 0, queued lock latency 0, lock latency 0, active_txns 0, n_failed_read_lock 0, n_failed_write_lock 0, n_failed_cmd_not_ready 0, n_failed_no_cmd 0, network size: 0, avg network size: 0, si_in_serializable: 0 0 %, local: 0 %, local_access: 1660445, local_cxl_access: 0 (0%), remote_access: 0, remote_access_with_req: 0 (nan%), data_move_in: 0, data_move_out: 0
I20260924 11:55:37.423349 1817865 Coordinator.h:310] commit: 166566 abort: 436 (0/436/0), persistence latency 0, txn latency 0, queued lock latency 0, lock latency 0, active_txns 0, n_failed_read_lock 0, n_failed_write_lock 0, n_failed_cmd_not_ready 0, n_failed_no_cmd 0, network size: 0, avg network size: 0, si_in_serializable: 0 0 %, local: 0 %, local_access: 1667813, local_cxl_access: 0 (0%), remote_access: 0, remote_access_with_req: 0 (nan%), data_move_in: 0, data_move_out: 0
I20260924 11:55:38.423571 1817865 Coordinator.h:310] commit: 166237 abort: 397 (0/397/0), persistence latency 0, txn latency 0, queued lock latency 0, lock latency 0, active_txns 0, n_failed_read_lock 0, n_failed_write_lock 0, n_failed_cmd_not_ready 0, n_failed_no_cmd 0, network size: 0, avg network size: 0, si_in_serializable: 0 0 %, local: 0 %, local_access: 1664315, local_cxl_access: 0 (0%), remote_access: 0, remote_access_with_req: 0 (nan%), data_move_in: 0, data_move_out: 0
I20260924 11:55:39.423789 1817865 Coordinator.h:310] commit: 166081 abort: 461 (0/461/0), persistence latency 0, txn latency 0, queued lock latency 0, lock latency 0, active_txns 0, n_failed_read_lock 0, n_failed_write_lock 0, n_failed_cmd_not_ready 0, n_failed_no_cmd 0, network size: 0, avg network size: 0, si_in_serializable: 0 0 %, local: 0 %, local_access: 1663210, local_cxl_access: 0 (0%), remote_access: 0, remote_access_with_req: 0 (nan%), data_move_in: 0, data_move_out: 0
I20260924 11:55:40.424013 1817865 Coordinator.h:310] commit: 165939 abort: 430 (0/430/0), persistence latency 0, txn latency 0, queued lock latency 0, lock latency 0, active_txns 0, n_failed_read_lock 0, n_failed_write_lock 0, n_failed_cmd_not_ready 0, n_failed_no_cmd 0, network size: 0, avg network size: 0, si_in_serializable: 0 0 %, local: 0 %, local_access: 1661646, local_cxl_access: 0 (0%), remote_access: 0, remote_access_with_req: 0 (nan%), data_move_in: 0, data_move_out: 0
I20260924 11:55:40.424055 1817865 Coordinator.h:348] average commit: 165899 abort: 443.367 (0/443.367/0), abort_rate: 0.00266539, network size: 0, avg network size: 0, si_in_serializable: 0 0 %, local: 0 %, local_access: 49837901, local_cxl_access: 0 (0%), remote_access: 0, remote_access_with_req: 0 (nan%), data_move_in: 0, data_move_out: 0
I20260924 11:55:40.430006 1817938 Executor.h:231] Executor 0 exits.
I20260924 11:55:40.430006 1817940 Executor.h:231] Executor 2 exits.
I20260924 11:55:40.430006 1817939 Executor.h:231] Executor 1 exits.
I20260924 11:55:40.430279 1817941 Manager.h:234] Manager(worker id = 3) on the non-coordinator node exits.
I20260924 11:55:40.424078 1817865 Executor.h:236] Worker 0 latency: 10 us (50%) 18 us (75%) 54 us (95%) 109 us (99%). dist txn latency: 0 us (50%) 0 us (75%) 0 us (95%) 0 us (99%)  avg 0 us . local txn latency: 10 us (50%) 18 us (75%) 51 us (95%) 109 us (99%)  avg 17 us. txn commit latency: 10 us (50%) 18 us (75%) 53 us (95%) 108 us (99%) avg 17 us.
 LOCAL txn stall 0 us,  local_work 14 us,  remote_work 0 us,  commit_work 0 us,  commit_prepare 0 us,  commit_persistence 0 us,  commit_write_back 0 us,  commit_replication 0 us,  commit_release_lock 0 us 
 DIST txn stall 0 us,  local_work 0 us,  remote_work 0 us,  commit_work 0 us,  commit_prepare 0 us,  commit_persistence 0 us,  commit_write_back 0 us,  commit_replication 0 us,  commit_release_lock 0 us 
I20260924 11:55:40.439811 1817865 Executor.h:267] message stats, type: 0 count: 0 total size: 0
I20260924 11:55:40.439826 1817865 Executor.h:267] message stats, type: 1 count: 0 total size: 0
I20260924 11:55:40.439829 1817865 Executor.h:267] message stats, type: 2 count: 0 total size: 0
I20260924 11:55:40.439833 1817865 Executor.h:267] message stats, type: 3 count: 0 total size: 0
I20260924 11:55:40.439837 1817865 Executor.h:267] message stats, type: 4 count: 0 total size: 0
I20260924 11:55:40.439841 1817865 Executor.h:267] message stats, type: 5 count: 0 total size: 0
I20260924 11:55:40.439844 1817865 Executor.h:267] message stats, type: 6 count: 0 total size: 0
I20260924 11:55:40.439847 1817865 Executor.h:267] message stats, type: 7 count: 0 total size: 0
I20260924 11:55:40.439851 1817865 Executor.h:267] message stats, type: 8 count: 0 total size: 0
I20260924 11:55:40.439855 1817865 Executor.h:267] message stats, type: 9 count: 0 total size: 0
I20260924 11:55:40.439858 1817865 Executor.h:267] message stats, type: 10 count: 0 total size: 0
I20260924 11:55:40.439862 1817865 Executor.h:267] message stats, type: 11 count: 0 total size: 0
I20260924 11:55:40.442057 1817865 Executor.h:236] Worker 1 latency: 11 us (50%) 18 us (75%) 52 us (95%) 109 us (99%). dist txn latency: 0 us (50%) 0 us (75%) 0 us (95%) 0 us (99%)  avg 0 us . local txn latency: 10 us (50%) 18 us (75%) 52 us (95%) 109 us (99%)  avg 17 us. txn commit latency: 10 us (50%) 18 us (75%) 52 us (95%) 109 us (99%) avg 17 us.
 LOCAL txn stall 0 us,  local_work 14 us,  remote_work 0 us,  commit_work 0 us,  commit_prepare 0 us,  commit_persistence 0 us,  commit_write_back 0 us,  commit_replication 0 us,  commit_release_lock 0 us 
 DIST txn stall 0 us,  local_work 0 us,  remote_work 0 us,  commit_work 0 us,  commit_prepare 0 us,  commit_persistence 0 us,  commit_write_back 0 us,  commit_replication 0 us,  commit_release_lock 0 us 
I20260924 11:55:40.457350 1817865 Executor.h:236] Worker 2 latency: 10 us (50%) 17 us (75%) 45 us (95%) 109 us (99%). dist txn latency: 0 us (50%) 0 us (75%) 0 us (95%) 0 us (99%)  avg 0 us . local txn latency: 10 us (50%) 17 us (75%) 43 us (95%) 109 us (99%)  avg 16 us. txn commit latency: 10 us (50%) 17 us (75%) 42 us (95%) 108 us (99%) avg 16 us.
 LOCAL txn stall 0 us,  local_work 13 us,  remote_work 0 us,  commit_work 0 us,  commit_prepare 0 us,  commit_persistence 0 us,  commit_write_back 0 us,  commit_replication 0 us,  commit_release_lock 0 us 
 DIST txn stall 0 us,  local_work 0 us,  remote_work 0 us,  commit_work 0 us,  commit_prepare 0 us,  commit_persistence 0 us,  commit_write_back 0 us,  commit_replication 0 us,  commit_release_lock 0 us 
I20260924 11:55:40.475404 1817865 CXLMemory.h:227] local CXL memory usage: size_index_usage: 0 size_metadata_usage: 0 size_data_usage: 0 size_transport_usage: 0 size_misc_usage: 0 total_size_hw_cc_usage: 0 total_usage: 0
I20260924 11:55:40.475436 1817937 Dispatcher.h:261] Handling coordinator message took 5
I20260924 11:55:41.475489 1817936 Dispatcher.h:160] Incoming Dispatcher exits, network size: 132. socket_message_recv_latency(50th) 38 socket_message_recv_latency(75th) 38 socket_message_recv_latency(95th) 38 socket_message_recv_latency(99th) 38 internal_message_recv_latency(50th) 0 socket_message_recv_cnt 1 socket_read_syscall 0 internal_message_recv_cnt 0
I20260924 11:55:41.475495 1817937 Dispatcher.h:292] Outgoing Dispatcher exits, network size: 252. msg_send_latency(50th) 0 msg_send_latency(75th) 0 msg_send_latency(95th) 0 msg_send_latency(99th) 0 msg_send_latency(avg) 0 msg_gen_to_sent_latency(50th) 0 msg_gen_to_sent_latency(75th) 0 msg_gen_to_sent_latency(95th) 0 msg_gen_to_sent_latency(99th) 0 msg_gen_to_queue_latency(50th) 0 msg_gen_to_queue_latency(75th) 0 msg_gen_to_queue_latency(95th) 0 msg_gen_to_queue_latency(99th) 0 msg_disp_ltc(50th) 0 msg_disp_ltc(75th) 0 msg_disp_ltc(95th) 0 msg_disp_ltc(99th) 0 msg_disp_ltc(100th) 0 send_ltc(50th) 0 send_ltc(75th) 0 send_ltc(95th) 0 send_ltc(99th) 0 send_ltc(100th) 0 send_ltc(avg) 0 sendto_cnt 3 network_size 252 network_msg_cnt 2 network_msg_group_size avg 0 50th 0 internal_network_size 0 internal_network_msg_cnt 0
I20260924 11:55:43.848690 1817865 Coordinator.h:420] Coordinator exits.
TIGON_RUN_END run_id=cmp_951_y_rw95_c0_r2 host_id=1 status=ok exit_code=0
